Command: rustup run 1.96.0 cargo check --locked --offline --tests
Started: 2026-09-24T17:14:39.869174+00:00
STDOUT:

STDERR:
warning: `/home/runner/work/_temp/upstream/.cargo/config` is deprecated in favor of `config.toml`
  |
  = help: if you need to support cargo 1.38 or earlier, you can symlink `config` to `config.toml`
   Compiling proc-macro2 v1.0.103
   Compiling quote v1.0.41
   Compiling unicode-ident v1.0.22
   Compiling serde_core v1.0.228
   Compiling serde v1.0.228
   Compiling libc v0.2.163
   Compiling autocfg v1.5.1
   Compiling serde_json v1.0.145
   Compiling num-traits v0.2.19
   Compiling syn v2.0.106
    Checking ryu v1.0.20
    Checking memchr v2.8.2
    Checking itoa v1.0.15
    Checking windows-link v0.2.1
    Checking unicode-segmentation v1.12.0
    Checking similar v3.1.1
    Checking windows-threading v0.2.1
    Checking console v0.16.3
    Checking iana-time-zone v0.1.65
    Checking chrono v0.4.45 (/home/runner/work/_temp/upstream)
    Checking similar-asserts v2.0.0
   Compiling serde_derive v1.0.228
    Checking bincode v1.3.3
    Checking windows-bindgen v0.66.0
    Finished `dev` profile [unoptimized + debuginfo] target(s) in 10.02s

Exit: 0
Timed out: False
