Command: rustup run 1.39.0 cargo check --locked --offline --tests
Started: 2026-09-24T00:47:52.152547+00:00
STDOUT:

STDERR:
    Checking rand_core v0.4.2
   Compiling autocfg v0.1.7
   Compiling libc v0.2.65
    Checking either v1.5.3
    Checking permutohedron v0.2.4
    Checking itertools v0.8.1 (/home/runner/work/_temp/upstream)
    Checking rand_core v0.3.1
    Checking rand_jitter v0.1.4
warning: use of deprecated item 'try': use the `?` operator instead
  --> src/format.rs:60:13
   |
60 |             try!(format(fst, &mut |disp: &fmt::Display| disp.fmt(f)));
   |             ^^^
   |
   = note: `#[warn(deprecated)]` on by default

warning: use of deprecated item 'try': use the `?` operator instead
  --> src/format.rs:64:21
   |
64 |                     try!(f.write_str(self.sep));
   |                     ^^^

warning: use of deprecated item 'try': use the `?` operator instead
  --> src/format.rs:66:17
   |
66 |                 try!(format(elt, &mut |disp: &fmt::Display| disp.fmt(f)));
   |                 ^^^

warning: use of deprecated item 'try': use the `?` operator instead
  --> src/format.rs:85:13
   |
85 |             try!(cb(&fst, f));
   |             ^^^

warning: use of deprecated item 'try': use the `?` operator instead
  --> src/format.rs:88:21
   |
88 |                     try!(f.write_str(self.sep));
   |                     ^^^

warning: use of deprecated item 'try': use the `?` operator instead
  --> src/format.rs:90:17
   |
90 |                 try!(cb(&elt, f));
   |                 ^^^

warning: use of deprecated item 'try': use the `?` operator instead
    --> src/lib.rs:1847:25
     |
1847 |             let mut x = try!(inner0(it, f));
     |                         ^^^

warning: trait objects without an explicit `dyn` are deprecated
  --> src/format.rs:32:34
   |
32 |           F: FnMut(I::Item, &mut FnMut(&fmt::Display) -> fmt::Result) -> fmt::Result
   |                                  ^^^^^^^^^^^^^^^^^^^^^^^^^^^^^^^^^^^ help: use `dyn`: `dyn FnMut(&fmt::Display) -> fmt::Result`
   |
   = note: `#[warn(bare_trait_objects)]` on by default

warning: trait objects without an explicit `dyn` are deprecated
  --> src/format.rs:32:41
   |
32 |           F: FnMut(I::Item, &mut FnMut(&fmt::Display) -> fmt::Result) -> fmt::Result
   |                                         ^^^^^^^^^^^^ help: use `dyn`: `dyn fmt::Display`

warning: trait objects without an explicit `dyn` are deprecated
  --> src/format.rs:51:34
   |
51 |           F: FnMut(I::Item, &mut FnMut(&fmt::Display) -> fmt::Result) -> fmt::Result
   |                                  ^^^^^^^^^^^^^^^^^^^^^^^^^^^^^^^^^^^ help: use `dyn`: `dyn FnMut(&fmt::Display) -> fmt::Result`

warning: trait objects without an explicit `dyn` are deprecated
  --> src/format.rs:51:41
   |
51 |           F: FnMut(I::Item, &mut FnMut(&fmt::Display) -> fmt::Result) -> fmt::Result
   |                                         ^^^^^^^^^^^^ help: use `dyn`: `dyn fmt::Display`

warning: trait objects without an explicit `dyn` are deprecated
  --> src/format.rs:60:43
   |
60 |             try!(format(fst, &mut |disp: &fmt::Display| disp.fmt(f)));
   |                                           ^^^^^^^^^^^^ help: use `dyn`: `dyn fmt::Display`

warning: trait objects without an explicit `dyn` are deprecated
  --> src/format.rs:66:47
   |
66 |                 try!(format(elt, &mut |disp: &fmt::Display| disp.fmt(f)));
   |                                               ^^^^^^^^^^^^ help: use `dyn`: `dyn fmt::Display`

warning: trait objects without an explicit `dyn` are deprecated
    --> src/lib.rs:1659:41
     |
1659 |               F: FnMut(Self::Item, &mut FnMut(&fmt::Display) -> fmt::Result) -> fmt::Result,
     |                                         ^^^^^^^^^^^^^^^^^^^^^^^^^^^^^^^^^^^ help: use `dyn`: `dyn FnMut(&fmt::Display) -> fmt::Result`

warning: trait objects without an explicit `dyn` are deprecated
    --> src/lib.rs:1659:48
     |
1659 |               F: FnMut(Self::Item, &mut FnMut(&fmt::Display) -> fmt::Result) -> fmt::Result,
     |                                                ^^^^^^^^^^^^ help: use `dyn`: `dyn fmt::Display`

    Checking rand_core v0.2.2
    Checking rand_hc v0.1.0
    Checking rand_xorshift v0.1.1
    Checking rand_isaac v0.1.1
   Compiling rand_chacha v0.1.1
   Compiling rand_pcg v0.1.2
   Compiling rand v0.6.5
    Checking rand v0.5.6
    Checking rand_os v0.1.3
    Checking quickcheck v0.7.2
warning: trait objects without an explicit `dyn` are deprecated
   --> tests/test_std.rs:201:41
    |
201 |     let mut it = Box::new(0..10) as Box<Iterator<Item=i32>>;
    |                                         ^^^^^^^^^^^^^^^^^^ help: use `dyn`: `dyn Iterator<Item=i32>`
    |
    = note: `#[warn(bare_trait_objects)]` on by default

warning: trait objects without an explicit `dyn` are deprecated
   --> tests/test_std.rs:206:22
    |
206 |         let jt: &mut Iterator<Item = i32> = &mut *it;
    |                      ^^^^^^^^^^^^^^^^^^^^ help: use `dyn`: `dyn Iterator<Item = i32>`

warning: trait objects without an explicit `dyn` are deprecated
  --> tests/quick.rs:89:29
   |
89 |     fn shrink(&self) -> Box<Iterator<Item=Self>> {
   |                             ^^^^^^^^^^^^^^^^^^^ help: use `dyn`: `dyn Iterator<Item=Self>`
   |
   = note: `#[warn(bare_trait_objects)]` on by default

warning: trait objects without an explicit `dyn` are deprecated
   --> tests/quick.rs:180:29
    |
180 |     fn shrink(&self) -> Box<Iterator<Item=Iter<T, HK>>>
    |                             ^^^^^^^^^^^^^^^^^^^^^^^^^^ help: use `dyn`: `dyn Iterator<Item=Iter<T, HK>>`

warning: trait objects without an explicit `dyn` are deprecated
    --> tests/quick.rs:1079:29
     |
1079 |     fn shrink(&self) -> Box<Iterator<Item = Self>> {
     |                             ^^^^^^^^^^^^^^^^^^^^^ help: use `dyn`: `dyn Iterator<Item = Self>`

    Finished dev [unoptimized + debuginfo] target(s) in 3.06s

Exit: 0
Timed out: False
