Command: rustup run 1.15.1 cargo test --test test fuzz_53 -- --nocapture --test-threads=1
Started: 2026-09-24T20:50:05.865129+00:00
STDOUT:

running 1 test
test fuzz_53 ... FAILED

failures:

failures:
    fuzz_53

test result: FAILED. 0 passed; 1 failed; 0 ignored; 0 measured


STDERR:
warning: only one of `license` or `license-file` is necessary
warning: unused manifest key: badges.travis-ci.repository
warning: unused manifest key: package.categories
warning: unused manifest key: package.categories
warning: unused manifest key: package.categories
   Compiling quick-xml v0.6.0 (file:///home/runner/work/_temp/upstream)
    Finished debug [unoptimized + debuginfo] target(s) in 1.64 secs
     Running /home/runner/work/_temp/build-20260924T204921Z-5b7de4e9/debug/deps/test-c55930549cb21938
thread 'fuzz_53' panicked at 'attempt to subtract with overflow', src/reader.rs:368
note: Run with `RUST_BACKTRACE=1` for a backtrace.
error: test failed

Exit: 101
Timed out: False
