Command: rustup run 1.15.1 cargo build
Started: 2026-09-24T20:49:44.310401+00:00
STDOUT:

STDERR:
warning: only one of `license` or `license-file` is necessary
warning: unused manifest key: badges.travis-ci.repository
warning: unused manifest key: package.categories
warning: unused manifest key: package.categories
warning: unused manifest key: package.categories
   Compiling gcc v0.3.43
   Compiling winapi-build v0.1.1
   Compiling backtrace v0.3.0
   Compiling from-ascii v0.0.1
   Compiling kernel32-sys v0.2.2
   Compiling dbghelp-sys v0.2.0
   Compiling rustc-demangle v0.1.4
   Compiling cfg-if v0.1.0
   Compiling libc v0.2.21
   Compiling winapi v0.2.8
   Compiling encoding_rs v0.4.0
   Compiling backtrace-sys v0.1.10
   Compiling error-chain v0.9.0
   Compiling quick-xml v0.6.0 (file:///home/runner/work/_temp/upstream)
    Finished debug [unoptimized + debuginfo] target(s) in 18.23 secs

Exit: 0
Timed out: False
