Command: rustup run 1.97.1 cargo check --locked --offline --tests
Started: 2026-09-24T23:29:10.760399+00:00
STDOUT:

STDERR:
warning: `/home/runner/work/_temp/upstream/.cargo/config` is deprecated in favor of `config.toml`
  |
  = help: if you need to support cargo 1.38 or earlier, you can symlink `config` to `config.toml`
    Checking rand_core v0.4.2
   Compiling autocfg v1.5.1
   Compiling libc v0.2.189
   Compiling proc-macro2 v1.0.107
    Checking rand_core v0.3.1
   Compiling serde_core v1.0.229
   Compiling autocfg v0.1.8
   Compiling rand_pcg v0.1.2
   Compiling rand_chacha v0.1.1
   Compiling quote v1.0.47
   Compiling unicode-ident v1.0.24
   Compiling rand v0.6.5
   Compiling serde v1.0.229
    Checking rand_hc v0.1.0
    Checking rand_xorshift v0.1.1
    Checking rand_isaac v0.1.1
    Checking rand_jitter v0.1.4
    Checking rand_os v0.1.3
    Checking foldhash v0.2.0
   Compiling syn v3.0.3
    Checking hashbrown v0.17.1
    Checking equivalent v1.0.2
    Checking either v1.17.0
    Checking quickcheck v0.8.5
    Checking indexmap v2.14.0
    Checking fixedbitset v0.5.7
   Compiling version_check v0.9.5
    Checking cfg-if v1.0.4
   Compiling ahash v0.7.8
    Checking rawpointer v0.2.1
    Checking defmac v0.2.1
    Checking rawslice v0.1.1
    Checking getrandom v0.2.17
    Checking once_cell v1.21.4
    Checking byteorder v1.5.0
    Checking unchecked-index v0.2.2
    Checking odds v0.4.0
    Checking bincode v1.3.3
    Checking fxhash v0.2.1
    Checking itertools v0.12.1
    Checking rand v0.5.6
   Compiling zmij v1.0.23
   Compiling serde_json v1.0.151
    Checking itertools v0.10.5
   Compiling serde_derive v1.0.229
    Checking itoa v1.0.18
    Checking memchr v2.8.3
    Checking petgraph-core v0.1.0 (/home/runner/work/_temp/upstream/crates/core)
    Checking petgraph v0.8.3 (/home/runner/work/_temp/upstream/crates/petgraph)
    Checking petgraph-serialization-tests v0.0.0 (/home/runner/work/_temp/upstream/serialization-tests)
    Finished `dev` profile [unoptimized + debuginfo] target(s) in 8.18s

Exit: 0
Timed out: False
