Command: rustup run 1.97.1 cargo fetch --locked
Started: 2026-09-24T23:29:10.073715+00:00
STDOUT:

STDERR:
warning: `/home/runner/work/_temp/upstream/.cargo/config` is deprecated in favor of `config.toml`
  |
  = help: if you need to support cargo 1.38 or earlier, you can symlink `config` to `config.toml`
 Downloading crates ...
  Downloaded serde_core v1.0.229 (registry `era`)
  Downloaded itertools v0.12.1 (registry `era`)
  Downloaded syn v3.0.3 (registry `era`)
  Downloaded zmij v1.0.23 (registry `era`)
  Downloaded serde_derive v1.0.229 (registry `era`)
  Downloaded serde_json v1.0.151 (registry `era`)
  Downloaded fixedbitset v0.5.7 (registry `era`)
  Downloaded quote v1.0.47 (registry `era`)
  Downloaded rand_core v0.3.1 (registry `era`)
  Downloaded fuchsia-cprng v0.1.1 (registry `era`)
  Downloaded unicode-ident v1.0.24 (registry `era`)
  Downloaded hashbrown v0.17.1 (registry `era`)
  Downloaded serde v1.0.229 (registry `era`)
  Downloaded rand_hc v0.1.0 (registry `era`)
  Downloaded rand_pcg v0.1.2 (registry `era`)
  Downloaded rand v0.6.5 (registry `era`)
  Downloaded rdrand v0.4.0 (registry `era`)
  Downloaded pest_generator v2.9.0 (registry `era`)
  Downloaded itoa v1.0.18 (registry `era`)
  Downloaded crossbeam-deque v0.8.7 (registry `era`)
  Downloaded pest_derive v2.9.0 (registry `era`)
  Downloaded wasi v0.11.1+wasi-snapshot-preview1 (registry `era`)
  Downloaded cfg-if v1.0.4 (registry `era`)
  Downloaded bitflags v1.3.2 (registry `era`)
  Downloaded memchr v2.8.3 (registry `era`)
  Downloaded rand_jitter v0.1.4 (registry `era`)
  Downloaded crossbeam-utils v0.8.22 (registry `era`)
  Downloaded byteorder v1.5.0 (registry `era`)
  Downloaded either v1.17.0 (registry `era`)
  Downloaded version_check v0.9.5 (registry `era`)
  Downloaded rawpointer v0.2.1 (registry `era`)
  Downloaded dot-parser v0.5.1 (registry `era`)
  Downloaded syn v2.0.119 (registry `era`)
  Downloaded ahash v0.7.8 (registry `era`)
  Downloaded crossbeam-epoch v0.9.20 (registry `era`)
  Downloaded ucd-trie v0.1.7 (registry `era`)
  Downloaded cloudabi v0.0.3 (registry `era`)
  Downloaded pest v2.9.0 (registry `era`)
  Downloaded foldhash v0.2.0 (registry `era`)
  Downloaded equivalent v1.0.2 (registry `era`)
  Downloaded litrs v0.4.2 (registry `era`)
  Downloaded rand_core v0.4.2 (registry `era`)
  Downloaded pest_meta v2.9.0 (registry `era`)
  Downloaded defmac v0.2.1 (registry `era`)
  Downloaded rand_isaac v0.1.1 (registry `era`)
  Downloaded rand_chacha v0.1.1 (registry `era`)
  Downloaded bincode v1.3.3 (registry `era`)
  Downloaded once_cell v1.21.4 (registry `era`)
  Downloaded proc-macro2 v1.0.107 (registry `era`)
  Downloaded rand v0.5.6 (registry `era`)
  Downloaded itertools v0.10.5 (registry `era`)
  Downloaded autocfg v1.5.1 (registry `era`)
  Downloaded dot-parser-macros v0.5.1 (registry `era`)
  Downloaded quickcheck v0.8.5 (registry `era`)
  Downloaded rand_xorshift v0.1.1 (registry `era`)
  Downloaded unchecked-index v0.2.2 (registry `era`)
  Downloaded fxhash v0.2.1 (registry `era`)
  Downloaded rawslice v0.1.1 (registry `era`)
  Downloaded getrandom v0.2.17 (registry `era`)
  Downloaded autocfg v0.1.8 (registry `era`)
  Downloaded rayon v1.12.0 (registry `era`)
  Downloaded odds v0.4.0 (registry `era`)
  Downloaded indexmap v2.14.0 (registry `era`)
  Downloaded rayon-core v1.13.0 (registry `era`)
  Downloaded libc v0.2.189 (registry `era`)
  Downloaded winapi v0.3.9 (registry `era`)
  Downloaded rand_os v0.1.3 (registry `era`)
  Downloaded winapi-i686-pc-windows-gnu v0.4.0 (registry `era`)
  Downloaded winapi-x86_64-pc-windows-gnu v0.4.0 (registry `era`)

Exit: 0
Timed out: False
