Command: rustup run 1.60.0 cargo test --locked --offline --lib ord::map::test::range_iter_big -- --exact --nocapture --test-threads=1
Started: 2026-09-24T00:21:01.187560+00:00
STDOUT:

running 1 test
test ord::map::test::range_iter_big ... FAILED

failures:

failures:
    ord::map::test::range_iter_big

test result: FAILED. 0 passed; 1 failed; 0 ignored; 0 measured; 105 filtered out; finished in 0.22s


STDERR:
   Compiling im v15.0.0 (/home/runner/work/_temp/upstream)
warning: panic message is not a string literal
    --> src/vector/mod.rs:2532:43
     |
2532 |             assert!(!input.ptr_eq(&inp2), len);
     |                                           ^^^
     |
     = note: `#[warn(non_fmt_panics)]` on by default
     = note: this usage of assert!() is deprecated; it will be a hard error in Rust 2021
     = note: for more information, see <https://doc.rust-lang.org/nightly/edition-guide/rust-2021/panic-macro-consistency.html>
help: add a "{}" format string to Display the message
     |
2532 |             assert!(!input.ptr_eq(&inp2), "{}", len);
     |                                           +++++

warning: `im` (lib test) generated 1 warning
    Finished test [unoptimized + debuginfo] target(s) in 10.53s
     Running unittests (/home/runner/work/_temp/build-20260924T001836Z-83b683bd/debug/deps/im-1f5c2f16462d67ac)
thread 'main' panicked at 'assertion failed: `(left == right)`

[1mDiff[0m [31m< left[0m / [32mright >[0m :
[31m<[0m[31m0[0m
[32m>[0m[1;48;5;22;32m1[0m[32m0[0m[1;48;5;22;32m207[0m

', src/ord/map.rs:2397:13
note: run with `RUST_BACKTRACE=1` environment variable to display a backtrace
error: test failed, to rerun pass '--lib'

Exit: 101
Timed out: False
