Command: rustup run 1.60.0 cargo test --locked --offline --lib ord::map::test::range_iter_big -- --exact --nocapture --test-threads=1
Started: 2026-09-24T00:20:37.334469+00:00
STDOUT:

running 1 test
test ord::map::test::range_iter_big ... ok

test result: ok. 1 passed; 0 failed; 0 ignored; 0 measured; 105 filtered out; finished in 2.11s


STDERR:
   Compiling cfg-if v1.0.0
   Compiling lazy_static v1.4.0
   Compiling scopeguard v1.1.0
   Compiling remove_dir_all v0.5.3
   Compiling ppv-lite86 v0.2.16
   Compiling fastrand v1.7.0
   Compiling fnv v1.0.7
   Compiling bit-vec v0.6.3
   Compiling quick-error v1.2.3
   Compiling difference v2.0.0
   Compiling regex-syntax v0.6.25
   Compiling ansi_term v0.11.0
   Compiling ryu v1.0.9
   Compiling bitflags v1.3.2
   Compiling byteorder v1.4.3
   Compiling either v1.6.1
   Compiling itoa v1.0.1
   Compiling metrohash v1.0.6
   Compiling im v15.0.0 (/home/runner/work/_temp/upstream)
   Compiling bit-set v0.5.2
   Compiling pretty_assertions v0.6.1
   Compiling libc v0.2.124
   Compiling crossbeam-utils v0.8.8
   Compiling typenum v1.15.0
   Compiling serde v1.0.136
   Compiling memoffset v0.6.5
   Compiling num-traits v0.2.14
   Compiling crossbeam-channel v0.5.4
   Compiling getrandom v0.1.16
   Compiling tempfile v3.3.0
   Compiling wait-timeout v0.2.0
   Compiling num_cpus v1.13.1
   Compiling crossbeam-epoch v0.9.8
   Compiling bitmaps v2.1.0
   Compiling rand_core v0.5.1
   Compiling rusty-fork v0.3.0
   Compiling crossbeam-deque v0.8.1
   Compiling rand_chacha v0.2.2
   Compiling rand_pcg v0.2.1
   Compiling rand_xorshift v0.2.0
   Compiling rand_xoshiro v0.4.0
   Compiling rayon-core v1.9.2
   Compiling rand v0.7.3
   Compiling serde_json v1.0.79
   Compiling rayon v1.5.2
   Compiling sized-chunks v0.6.5
   Compiling proptest v0.10.1
warning: panic message is not a string literal
    --> src/vector/mod.rs:2532:43
     |
2532 |             assert!(!input.ptr_eq(&inp2), len);
     |                                           ^^^
     |
     = note: `#[warn(non_fmt_panics)]` on by default
     = note: this usage of assert!() is deprecated; it will be a hard error in Rust 2021
     = note: for more information, see <https://doc.rust-lang.org/nightly/edition-guide/rust-2021/panic-macro-consistency.html>
help: add a "{}" format string to Display the message
     |
2532 |             assert!(!input.ptr_eq(&inp2), "{}", len);
     |                                           +++++

warning: `im` (lib test) generated 1 warning
    Finished test [unoptimized + debuginfo] target(s) in 21.60s
     Running unittests (/home/runner/work/_temp/build-20260924T001836Z-83b683bd/debug/deps/im-1f5c2f16462d67ac)

Exit: 0
Timed out: False
