Command: rustup run 1.60.0 cargo fetch --locked
Started: 2026-09-24T00:20:22.523866+00:00
STDOUT:

STDERR:
 Downloading crates ...
  Downloaded version_check v0.9.4 (registry `era`)
  Downloaded autocfg v1.1.0 (registry `era`)
  Downloaded hermit-abi v0.1.19 (registry `era`)
  Downloaded ctor v0.1.22 (registry `era`)
  Downloaded pretty_assertions v0.6.1 (registry `era`)
  Downloaded rand_xoshiro v0.4.0 (registry `era`)
  Downloaded serde v1.0.136 (registry `era`)
  Downloaded byteorder v1.4.3 (registry `era`)
  Downloaded rusty-fork v0.3.0 (registry `era`)
  Downloaded wasi v0.9.0+wasi-snapshot-preview1 (registry `era`)
  Downloaded bitflags v1.3.2 (registry `era`)
  Downloaded remove_dir_all v0.5.3 (registry `era`)
  Downloaded ansi_term v0.11.0 (registry `era`)
  Downloaded proc-macro2 v0.4.30 (registry `era`)
  Downloaded memchr v2.4.1 (registry `era`)
  Downloaded num_cpus v1.13.1 (registry `era`)
  Downloaded env_logger v0.7.1 (registry `era`)
  Downloaded ppv-lite86 v0.2.16 (registry `era`)
  Downloaded quote v1.0.18 (registry `era`)
  Downloaded sized-chunks v0.6.5 (registry `era`)
  Downloaded rand_hc v0.2.0 (registry `era`)
  Downloaded syn v0.15.44 (registry `era`)
  Downloaded fnv v1.0.7 (registry `era`)
  Downloaded typenum v1.15.0 (registry `era`)
  Downloaded unicode-xid v0.1.0 (registry `era`)
  Downloaded rand_chacha v0.2.2 (registry `era`)
  Downloaded bitmaps v2.1.0 (registry `era`)
  Downloaded wait-timeout v0.2.0 (registry `era`)
  Downloaded unicode-xid v0.2.2 (registry `era`)
  Downloaded bit-set v0.5.2 (registry `era`)
  Downloaded quick-error v1.2.3 (registry `era`)
  Downloaded scopeguard v1.1.0 (registry `era`)
  Downloaded cfg-if v1.0.0 (registry `era`)
  Downloaded instant v0.1.12 (registry `era`)
  Downloaded either v1.6.1 (registry `era`)
  Downloaded quote v0.6.13 (registry `era`)
  Downloaded memoffset v0.6.5 (registry `era`)
  Downloaded rand_xorshift v0.2.0 (registry `era`)
  Downloaded fastrand v1.7.0 (registry `era`)
  Downloaded output_vt100 v0.1.3 (registry `era`)
  Downloaded rand_pcg v0.2.1 (registry `era`)
  Downloaded itoa v1.0.1 (registry `era`)
  Downloaded refpool v0.4.3 (registry `era`)
  Downloaded lazy_static v1.4.0 (registry `era`)
  Downloaded bit-vec v0.6.3 (registry `era`)
  Downloaded quickcheck v0.9.2 (registry `era`)
  Downloaded tempfile v3.3.0 (registry `era`)
  Downloaded redox_syscall v0.2.13 (registry `era`)
  Downloaded proc-macro2 v1.0.37 (registry `era`)
  Downloaded log v0.4.16 (registry `era`)
  Downloaded getrandom v0.1.16 (registry `era`)
  Downloaded crossbeam-deque v0.8.1 (registry `era`)
  Downloaded arbitrary v0.4.7 (registry `era`)
  Downloaded num-traits v0.2.14 (registry `era`)
  Downloaded rand_core v0.5.1 (registry `era`)
  Downloaded crossbeam-utils v0.8.8 (registry `era`)
  Downloaded metrohash v1.0.6 (registry `era`)
  Downloaded rayon-core v1.9.2 (registry `era`)
  Downloaded crossbeam-epoch v0.9.8 (registry `era`)
  Downloaded ryu v1.0.9 (registry `era`)
  Downloaded proptest-derive v0.2.0 (registry `era`)
  Downloaded crossbeam-channel v0.5.4 (registry `era`)
  Downloaded aho-corasick v0.7.18 (registry `era`)
  Downloaded rand v0.7.3 (registry `era`)
  Downloaded serde_json v1.0.79 (registry `era`)
  Downloaded difference v2.0.0 (registry `era`)
  Downloaded rayon v1.5.2 (registry `era`)
  Downloaded proptest v0.10.1 (registry `era`)
  Downloaded syn v1.0.92 (registry `era`)
  Downloaded regex v1.5.5 (registry `era`)
  Downloaded regex-syntax v0.6.25 (registry `era`)
  Downloaded libc v0.2.124 (registry `era`)
  Downloaded winapi v0.3.9 (registry `era`)
  Downloaded winapi-i686-pc-windows-gnu v0.4.0 (registry `era`)
  Downloaded winapi-x86_64-pc-windows-gnu v0.4.0 (registry `era`)

Exit: 0
Timed out: False
