Command: rustup run 1.93.1 cargo check --locked --offline --tests
Started: 2026-09-24T00:34:47.156458+00:00
STDOUT:

STDERR:
warning: both `/home/runner/work/_temp/upstream/.cargo/config` and `/home/runner/work/_temp/upstream/.cargo/config.toml` exist. Using `/home/runner/work/_temp/upstream/.cargo/config`
   Compiling serde_core v1.0.228
   Compiling proc-macro2 v1.0.106
   Compiling unicode-ident v1.0.23
   Compiling quote v1.0.44
    Checking anstyle v1.0.13
    Checking utf8parse v0.2.2
    Checking anstyle-parse v0.2.7
    Checking colorchoice v1.0.4
    Checking is_terminal_polyfill v1.70.2
    Checking anstyle-query v1.1.5
   Compiling serde v1.0.228
    Checking anstream v0.6.21
    Checking snapbox-macros v0.4.0
   Compiling autocfg v1.5.0
    Checking normalize-line-endings v0.3.0
    Checking similar v2.7.0
   Compiling num-traits v0.2.19
    Checking snapbox v0.6.24
   Compiling syn v2.0.115
    Checking regex-syntax v0.8.9
    Checking memchr v2.8.0
    Checking toml_datetime v1.0.0+spec-1.1.0 (/home/runner/work/_temp/upstream/crates/toml_datetime)
    Checking winnow v0.7.14
    Checking toml_writer v1.0.6+spec-1.1.0 (/home/runner/work/_temp/upstream/crates/toml_writer)
   Compiling libc v0.2.181
   Compiling zmij v1.0.21
   Compiling typeid v1.0.3
    Checking hashbrown v0.16.1
    Checking equivalent v1.0.2
   Compiling crossbeam-utils v0.8.21
    Checking lexarg-parser v0.0.2
    Checking indexmap v2.11.4
    Checking lexarg-error v0.0.2
    Checking serde_spanned v1.0.4 (/home/runner/work/_temp/upstream/crates/serde_spanned)
    Checking toml_parser v1.0.7+spec-1.1.0 (/home/runner/work/_temp/upstream/crates/toml_parser)
   Compiling rustix v1.1.3
    Checking cfg-if v1.0.4
   Compiling erased-serde v0.4.9
   Compiling serde_json v1.0.149
    Checking lexarg v0.0.2
    Checking aho-corasick v1.1.4
   Compiling getrandom v0.3.4
    Checking bitflags v2.10.0
    Checking json-write v0.0.2
    Checking linux-raw-sys v0.11.0
    Checking itoa v1.0.17
    Checking regex-automata v0.4.14
   Compiling serde_derive v1.0.228
    Checking libtest-json v0.0.2
    Checking crossbeam-epoch v0.9.18
    Checking libtest-lexarg v0.0.3
    Checking bstr v1.12.1
   Compiling include_dir_macros v0.7.4
    Checking log v0.4.29
    Checking same-file v1.0.6
    Checking walkdir v2.5.0
    Checking globset v0.4.18
    Checking include_dir v0.7.4
    Checking serde-untagged v0.1.9
    Checking libtest2-harness v0.0.3
    Checking crossbeam-deque v0.8.6
    Checking toml v1.0.0+spec-1.1.0 (/home/runner/work/_temp/upstream/crates/toml)
    Checking chrono v0.4.43
    Checking ryu v1.0.23
    Checking ignore v0.4.25
    Checking libtest2-mimic v0.0.4
    Checking toml-test-data v2.4.0
   Compiling zerocopy v0.8.39
    Checking rand_core v0.9.5
    Checking fastrand v2.3.0
    Checking once_cell v1.21.3
    Checking toml-test v2.0.4
    Checking wait-timeout v0.2.1
    Checking tempfile v3.25.0
    Checking bit-vec v0.8.0
    Checking toml-test-harness v1.4.0
    Checking fnv v1.0.7
    Checking quick-error v1.2.3
    Checking bit-set v0.8.0
    Checking rand_xorshift v0.4.0
    Checking rusty-fork v0.3.1
    Checking rand v0.9.2
    Checking lazy_static v1.5.0
    Checking unarray v0.1.4
    Checking either v1.15.0
    Checking toml_edit v0.25.0+spec-1.1.0 (/home/runner/work/_temp/upstream/crates/toml_edit)
    Checking itertools v0.14.0
    Checking toml v0.5.11
    Checking terminal_size v0.4.3
    Checking clap_lex v1.0.0
   Compiling divan-macros v0.1.16
    Checking clap_builder v4.5.58
    Checking condtype v1.3.0
    Checking regex-lite v0.1.9
    Checking lexopt v0.3.1
    Checking clap v4.5.58
    Checking divan v0.1.16
    Checking toml_benchmarks v0.0.0 (/home/runner/work/_temp/upstream/crates/benchmarks)
    Checking ppv-lite86 v0.2.21
    Checking rand_chacha v0.9.0
    Checking proptest v1.8.0
    Checking serde_toml v0.0.1 (/home/runner/work/_temp/upstream/crates/serde_toml)
    Finished `dev` profile [unoptimized + debuginfo] target(s) in 11.58s

Exit: 0
Timed out: False
