Command: rustup run 1.88.0 cargo fetch --locked
Started: 2026-09-24T00:30:31.735988+00:00
STDOUT:

STDERR:
warning: `/home/runner/work/_temp/upstream/.cargo/config` is deprecated in favor of `config.toml`
note: if you need to support cargo 1.38 or earlier, you can symlink `config` to `config.toml`
 Downloading crates ...
  Downloaded unicode-bidi v0.3.18 (registry `era`)
  Downloaded crossbeam-epoch v0.9.18 (registry `era`)
  Downloaded aho-corasick v1.1.3 (registry `era`)
  Downloaded clap v4.3.24 (registry `era`)
  Downloaded crossbeam-utils v0.8.21 (registry `era`)
  Downloaded number_prefix v0.4.0 (registry `era`)
  Downloaded anstyle v1.0.8 (registry `era`)
  Downloaded cfg-if v1.0.1 (registry `era`)
  Downloaded half v2.2.1 (registry `era`)
  Downloaded rand_chacha v0.3.1 (registry `era`)
  Downloaded bit-set v0.8.0 (registry `era`)
  Downloaded num-traits v0.2.19 (registry `era`)
  Downloaded getrandom v0.2.16 (registry `era`)
  Downloaded quote v1.0.40 (registry `era`)
  Downloaded wait-timeout v0.2.1 (registry `era`)
  Downloaded wasi v0.11.1+wasi-snapshot-preview1 (registry `era`)
  Downloaded linux-raw-sys v0.9.4 (registry `era`)
  Downloaded console v0.15.8 (registry `era`)
  Downloaded itertools v0.10.5 (registry `era`)
  Downloaded adler2 v2.0.1 (registry `era`)
  Downloaded embedded-io v0.4.0 (registry `era`)
  Downloaded windows-targets v0.52.6 (registry `era`)
  Downloaded pkg-config v0.3.32 (registry `era`)
  Downloaded crossbeam-deque v0.8.6 (registry `era`)
  Downloaded rand_xorshift v0.3.0 (registry `era`)
  Downloaded once_cell v1.21.3 (registry `era`)
  Downloaded thiserror-impl v2.0.12 (registry `era`)
  Downloaded errno v0.3.13 (registry `era`)
  Downloaded bitflags v2.9.1 (registry `era`)
  Downloaded instant v0.1.13 (registry `era`)
  Downloaded critical-section v1.2.0 (registry `era`)
  Downloaded shlex v1.3.0 (registry `era`)
  Downloaded itoa v1.0.15 (registry `era`)
  Downloaded bumpalo v3.14.0 (registry `era`)
  Downloaded rustversion v1.0.21 (registry `era`)
  Downloaded ciborium-io v0.2.2 (registry `era`)
  Downloaded anes v0.1.6 (registry `era`)
  Downloaded ciborium v0.2.2 (registry `era`)
  Downloaded criterion-plot v0.5.0 (registry `era`)
  Downloaded clap_builder v4.3.24 (registry `era`)
  Downloaded unicode-normalization v0.1.24 (registry `era`)
  Downloaded rayon v1.10.0 (registry `era`)
  Downloaded rayon-core v1.12.1 (registry `era`)
  Downloaded regex-automata v0.4.9 (registry `era`)
  Downloaded openssl-sys v0.9.109 (registry `era`)
  Downloaded hash32 v0.2.1 (registry `era`)
  Downloaded semver v1.0.26 (registry `era`)
  Downloaded windows-targets v0.53.2 (registry `era`)
  Downloaded url v2.5.4 (registry `era`)
  Downloaded scopeguard v1.2.0 (registry `era`)
  Downloaded lock_api v0.4.13 (registry `era`)
  Downloaded quick-error v1.2.3 (registry `era`)
  Downloaded wasi v0.14.2+wasi-0.2.4 (registry `era`)
  Downloaded either v1.15.0 (registry `era`)
  Downloaded postcard v1.1.3 (registry `era`)
  Downloaded libz-sys v1.1.22 (registry `era`)
  Downloaded encode_unicode v0.3.6 (registry `era`)
  Downloaded byteorder v1.5.0 (registry `era`)
  Downloaded autocfg v1.5.0 (registry `era`)
  Downloaded getrandom v0.3.3 (registry `era`)
  Downloaded portable-atomic v1.11.1 (registry `era`)
  Downloaded flate2 v1.0.35 (registry `era`)
  Downloaded git2 v0.20.2 (registry `era`)
  Downloaded syn v2.0.104 (registry `era`)
  Downloaded serde_json v1.0.141 (registry `era`)
  Downloaded unicode-width v0.1.14 (registry `era`)
  Downloaded oorandom v11.1.5 (registry `era`)
  Downloaded zip v0.6.6 (registry `era`)
  Downloaded proptest v1.6.0 (registry `era`)
  Downloaded zerocopy v0.8.26 (registry `era`)
  Downloaded tinyvec_macros v0.1.1 (registry `era`)
  Downloaded idna_adapter v1.1.0 (registry `era`)
  Downloaded cast v0.3.0 (registry `era`)
  Downloaded windows_aarch64_gnullvm v0.52.6 (registry `era`)
  Downloaded criterion v0.5.1 (registry `era`)
  Downloaded tinyvec v1.9.0 (registry `era`)
  Downloaded wasm-bindgen-macro-support v0.2.100 (registry `era`)
  Downloaded regex-syntax v0.8.5 (registry `era`)
  Downloaded rustix v1.0.8 (registry `era`)
  Downloaded crunchy v0.2.4 (registry `era`)
  Downloaded is-terminal v0.4.16 (registry `era`)
  Downloaded windows_x86_64_gnullvm v0.52.6 (registry `era`)
  Downloaded hermit-abi v0.5.2 (registry `era`)
  Downloaded cc v1.2.30 (registry `era`)
  Downloaded js-sys v0.3.77 (registry `era`)
  Downloaded smallvec v1.15.1 (registry `era`)
  Downloaded same-file v1.0.6 (registry `era`)
  Downloaded openssl-probe v0.1.6 (registry `era`)
  Downloaded plotters-svg v0.3.7 (registry `era`)
  Downloaded windows_aarch64_gnullvm v0.53.0 (registry `era`)
  Downloaded idna v1.0.3 (registry `era`)
  Downloaded ciborium-ll v0.2.2 (registry `era`)
  Downloaded windows_i686_gnullvm v0.53.0 (registry `era`)
  Downloaded libc v0.2.174 (registry `era`)
  Downloaded windows_aarch64_msvc v0.52.6 (registry `era`)
  Downloaded windows_x86_64_gnu v0.52.6 (registry `era`)
  Downloaded windows_x86_64_msvc v0.52.6 (registry `era`)
  Downloaded plotters v0.3.7 (registry `era`)
  Downloaded regex v1.11.1 (registry `era`)
  Downloaded windows_x86_64_gnullvm v0.53.0 (registry `era`)
  Downloaded windows_i686_msvc v0.53.0 (registry `era`)
  Downloaded windows_aarch64_msvc v0.53.0 (registry `era`)
  Downloaded windows_x86_64_msvc v0.53.0 (registry `era`)
  Downloaded plotters-backend v0.3.7 (registry `era`)
  Downloaded web-sys v0.3.77 (registry `era`)
  Downloaded windows_i686_gnu v0.52.6 (registry `era`)
  Downloaded wasm-bindgen-shared v0.2.100 (registry `era`)
  Downloaded windows_i686_gnu v0.53.0 (registry `era`)
  Downloaded jobserver v0.1.33 (registry `era`)
  Downloaded windows_i686_gnullvm v0.52.6 (registry `era`)
  Downloaded vcpkg v0.2.15 (registry `era`)
  Downloaded libgit2-sys v0.18.2+1.9.1 (registry `era`)
  Downloaded tinytemplate v1.2.1 (registry `era`)
  Downloaded proc-macro2 v1.0.95 (registry `era`)
  Downloaded itertools v0.14.0 (registry `era`)
  Downloaded idna_mapping v1.1.0 (registry `era`)
  Downloaded memchr v2.7.5 (registry `era`)
  Downloaded log v0.4.27 (registry `era`)
  Downloaded unicode-joining-type v1.0.0 (registry `era`)
  Downloaded utf8_iter v1.0.4 (registry `era`)
  Downloaded miniz_oxide v0.8.9 (registry `era`)
  Downloaded bytemuck v1.23.1 (registry `era`)
  Downloaded wasm-bindgen-backend v0.2.100 (registry `era`)
  Downloaded wasm-bindgen-macro v0.2.100 (registry `era`)
  Downloaded walkdir v2.5.0 (registry `era`)
  Downloaded tempfile v3.20.0 (registry `era`)
  Downloaded unicode-ident v1.0.18 (registry `era`)
  Downloaded clap_lex v0.5.0 (registry `era`)
  Downloaded wasm-bindgen v0.2.100 (registry `era`)
  Downloaded form_urlencoded v1.2.1 (registry `era`)
  Downloaded crc32fast v1.5.0 (registry `era`)
  Downloaded winapi-util v0.1.9 (registry `era`)
  Downloaded percent-encoding v2.3.1 (registry `era`)
  Downloaded atomic-polyfill v1.0.3 (registry `era`)
  Downloaded cobs v0.3.0 (registry `era`)
  Downloaded zerocopy-derive v0.8.26 (registry `era`)
  Downloaded spin v0.9.8 (registry `era`)
  Downloaded rand v0.8.5 (registry `era`)
  Downloaded ryu v1.0.20 (registry `era`)
  Downloaded thiserror v2.0.12 (registry `era`)
  Downloaded unarray v0.1.4 (registry `era`)
  Downloaded indicatif v0.17.8 (registry `era`)
  Downloaded embedded-io v0.6.1 (registry `era`)
  Downloaded rustc_version v0.4.1 (registry `era`)
  Downloaded stable_deref_trait v1.2.0 (registry `era`)
  Downloaded heapless v0.7.17 (registry `era`)
  Downloaded bit-vec v0.8.0 (registry `era`)
  Downloaded lazy_static v1.5.0 (registry `era`)
  Downloaded ppv-lite86 v0.2.21 (registry `era`)
  Downloaded rand_core v0.6.4 (registry `era`)
  Downloaded rusty-fork v0.3.0 (registry `era`)
  Downloaded wit-bindgen-rt v0.39.0 (registry `era`)
  Downloaded windows-sys v0.60.2 (registry `era`)
  Downloaded fnv v1.0.7 (registry `era`)
  Downloaded r-efi v5.3.0 (registry `era`)
  Downloaded serde_derive v1.0.219 (registry `era`)
  Downloaded windows_x86_64_gnu v0.53.0 (registry `era`)
  Downloaded windows_i686_msvc v0.52.6 (registry `era`)
  Downloaded serde v1.0.219 (registry `era`)
  Downloaded fastrand v2.3.0 (registry `era`)
  Downloaded windows-sys v0.52.0 (registry `era`)
  Downloaded windows-sys v0.59.0 (registry `era`)
  Downloaded openssl-src v300.5.1+3.5.1 (registry `era`)

Exit: 0
Timed out: False
