Command: rustup run 1.88.0 cargo check --locked --offline --tests
Started: 2026-09-24T00:30:34.088236+00:00
STDOUT:

STDERR:
warning: `/home/runner/work/_temp/upstream/.cargo/config` is deprecated in favor of `config.toml`
note: if you need to support cargo 1.38 or earlier, you can symlink `config` to `config.toml`
   Compiling proc-macro2 v1.0.95
   Compiling libc v0.2.174
   Compiling unicode-ident v1.0.18
   Compiling autocfg v1.5.0
    Checking cfg-if v1.0.1
   Compiling semver v1.0.26
   Compiling zerocopy v0.8.26
   Compiling lock_api v0.4.13
   Compiling quote v1.0.40
   Compiling getrandom v0.3.3
   Compiling syn v2.0.104
   Compiling serde v1.0.219
   Compiling rustix v1.0.8
    Checking getrandom v0.2.16
    Checking rand_core v0.6.4
   Compiling rustc_version v0.4.1
    Checking byteorder v1.5.0
    Checking linux-raw-sys v0.9.4
    Checking scopeguard v1.2.0
   Compiling thiserror v2.0.12
    Checking bitflags v2.9.1
   Compiling heapless v0.7.17
   Compiling num-traits v0.2.19
    Checking fastrand v2.3.0
    Checking once_cell v1.21.3
    Checking ppv-lite86 v0.2.21
    Checking spin v0.9.8
    Checking hash32 v0.2.1
    Checking rand_chacha v0.3.1
    Checking wait-timeout v0.2.1
    Checking quick-error v1.2.3
    Checking fnv v1.0.7
   Compiling serde_json v1.0.141
    Checking bit-vec v0.8.0
    Checking stable_deref_trait v1.2.0
    Checking tempfile v3.20.0
    Checking bit-set v0.8.0
    Checking rand v0.8.5
   Compiling serde_derive v1.0.219
   Compiling thiserror-impl v2.0.12
    Checking rusty-fork v0.3.0
    Checking rand_xorshift v0.3.0
    Checking bytemuck v1.23.1
    Checking itoa v1.0.15
    Checking memchr v2.7.5
    Checking ryu v1.0.20
    Checking unarray v0.1.4
    Checking regex-syntax v0.8.5
    Checking lazy_static v1.5.0
    Checking roaring v0.11.1 (/home/runner/work/_temp/upstream/roaring)
    Checking cobs v0.3.0
    Checking proptest v1.6.0
    Checking postcard v1.1.3
    Finished `dev` profile [unoptimized + debuginfo] target(s) in 9.60s

Exit: 0
Timed out: False
