Command: rustup run 1.47.0 cargo test --locked --offline --lib tests::regression_stream_rare_byte_prefilter -- --exact --nocapture --test-threads=1
Started: 2026-09-24T17:33:02.092497+00:00
STDOUT:

running 1 test
test tests::regression_stream_rare_byte_prefilter ... FAILED

failures:

failures:
    tests::regression_stream_rare_byte_prefilter

test result: FAILED. 0 passed; 1 failed; 0 ignored; 0 measured; 87 filtered out


STDERR:
   Compiling aho-corasick v0.7.13 (/home/runner/work/_temp/upstream)
warning: associated function is never used: `prefilter`
    --> src/ahocorasick.rs:1080:8
     |
1080 |     fn prefilter(&self) -> Option<&dyn Prefilter> {
     |        ^^^^^^^^^
     |
     = note: `#[warn(dead_code)]` on by default

warning: associated function is never used: `use_prefilter`
    --> src/ahocorasick.rs:1088:8
     |
1088 |     fn use_prefilter(&self) -> bool {
     |        ^^^^^^^^^^^^^

warning: associated function is never used: `prefilter`
  --> src/dfa.rs:46:12
   |
46 |     pub fn prefilter(&self) -> Option<&dyn Prefilter> {
   |            ^^^^^^^^^

warning: associated function is never used: `disabled`
   --> src/prefilter.rs:206:12
    |
206 |     pub fn disabled() -> PrefilterState {
    |            ^^^^^^^^

warning: 4 warnings emitted

    Finished test [unoptimized + debuginfo] target(s) in 2.56s
     Running /home/runner/work/_temp/build-20260924T173159Z-1a31cbbb/debug/deps/aho_corasick-27ee78961377ddcf
thread 'main' panicked at 'NOT FOUND!!!!', src/tests.rs:1223:14
note: run with `RUST_BACKTRACE=1` environment variable to display a backtrace
error: test failed, to rerun pass '--lib'

Exit: 101
Timed out: False
