Command: rustup run 1.89.0 cargo test --locked --offline --lib tests::test_clone_unbounded -- --exact --nocapture --test-threads=1
Started: 2026-09-24T00:24:33.643992+00:00
STDOUT:

running 1 test
test tests::test_clone_unbounded ... FAILED

failures:

failures:
    tests::test_clone_unbounded

test result: FAILED. 0 passed; 1 failed; 0 ignored; 0 measured; 46 filtered out; finished in 0.00s


STDERR:
warning: `/home/runner/work/_temp/upstream/.cargo/config` is deprecated in favor of `config.toml`
note: if you need to support cargo 1.38 or earlier, you can symlink `config` to `config.toml`
warning: no edition set: defaulting to the 2015 edition while 2021 is compatible with `rust-version`
   Compiling lru v0.16.0 (/home/runner/work/_temp/upstream)
warning: method `is_unbounded` is never used
   --> src/lib.rs:302:8
    |
244 | impl<K: Hash + Eq, V, S: BuildHasher> LruCache<K, V, S> {
    | ------------------------------------------------------- method in this implementation
...
302 |     fn is_unbounded(&self) -> bool {
    |        ^^^^^^^^^^^^
    |
    = note: `#[warn(dead_code)]` on by default

warning: `lru` (lib test) generated 1 warning
    Finished `test` profile [unoptimized + debuginfo] target(s) in 0.86s
     Running unittests src/lib.rs (/home/runner/work/_temp/build-20260924T001931Z-089913b9/debug/deps/lru-94d7815dc290e806)

thread 'tests::test_clone_unbounded' panicked at /home/runner/.cargo/registry/src/127.0.0.1-c7c6edfa776b7429/hashbrown-0.15.5/src/raw/mod.rs:37:40:
Hash table capacity overflow
note: run with `RUST_BACKTRACE=1` environment variable to display a backtrace
error: test failed, to rerun pass `--lib`

Exit: 101
Timed out: False
