Command: rustup run 1.89.0 cargo test --locked --offline --lib tests::test_clone_unbounded -- --exact --nocapture --test-threads=1
Started: 2026-09-24T00:24:32.121121+00:00
STDOUT:

running 1 test
test tests::test_clone_unbounded ... ok

test result: ok. 1 passed; 0 failed; 0 ignored; 0 measured; 46 filtered out; finished in 0.00s


STDERR:
warning: `/home/runner/work/_temp/upstream/.cargo/config` is deprecated in favor of `config.toml`
note: if you need to support cargo 1.38 or earlier, you can symlink `config` to `config.toml`
warning: no edition set: defaulting to the 2015 edition while 2021 is compatible with `rust-version`
   Compiling equivalent v1.0.2
   Compiling allocator-api2 v0.2.21
   Compiling foldhash v0.1.5
   Compiling stats_alloc v0.1.10
   Compiling scoped_threadpool v0.1.9
   Compiling hashbrown v0.15.5
   Compiling lru v0.16.0 (/home/runner/work/_temp/upstream)
    Finished `test` profile [unoptimized + debuginfo] target(s) in 1.47s
     Running unittests src/lib.rs (/home/runner/work/_temp/build-20260924T001931Z-089913b9/debug/deps/lru-94d7815dc290e806)

Exit: 0
Timed out: False
