Command: rustup run 1.53.0 cargo test --locked --offline --lib tests::check_duration_normalize -- --exact --nocapture --test-threads=1
Started: 2026-09-24T15:41:05.062748+00:00
STDOUT:

running 0 tests

test result: ok. 0 passed; 0 failed; 0 ignored; 0 measured; 407 filtered out; finished in 0.00s


STDERR:
   Compiling cfg-if v1.0.0
   Compiling lazy_static v1.4.0
   Compiling scopeguard v1.1.0
   Compiling ppv-lite86 v0.2.10
   Compiling itoa v0.4.7
   Compiling regex-syntax v0.6.25
   Compiling unicode-width v0.1.8
   Compiling regex-automata v0.1.10
   Compiling remove_dir_all v0.5.3
   Compiling plotters-backend v0.3.2
   Compiling same-file v1.0.6
   Compiling bit-vec v0.6.3
   Compiling fnv v1.0.7
   Compiling quick-error v1.2.3
   Compiling half v1.7.1
   Compiling byteorder v1.4.3
   Compiling quick-error v2.0.1
   Compiling oorandom v11.1.3
   Compiling bytes v1.0.1
   Compiling itertools v0.9.0
   Compiling textwrap v0.11.0
   Compiling plotters-svg v0.3.1
   Compiling walkdir v2.3.2
   Compiling bit-set v0.5.2
   Compiling libc v0.2.97
   Compiling crossbeam-utils v0.8.5
   Compiling serde v1.0.126
   Compiling memchr v2.4.0
   Compiling ryu v1.0.5
   Compiling bitflags v1.2.1
   Compiling log v0.4.14
   Compiling memoffset v0.6.4
   Compiling num-traits v0.2.14
   Compiling crossbeam-channel v0.5.1
   Compiling regex v1.5.4
   Compiling getrandom v0.2.3
   Compiling num_cpus v1.13.0
   Compiling wait-timeout v0.2.0
   Compiling atty v0.2.14
   Compiling clap v2.33.3
   Compiling csv-core v0.1.10
   Compiling env_logger v0.8.4
   Compiling crossbeam-epoch v0.9.5
   Compiling plotters v0.3.1
   Compiling rand_core v0.6.3
   Compiling bstr v0.2.16
   Compiling serde_json v1.0.64
   Compiling serde_cbor v0.11.1
   Compiling crossbeam-deque v0.8.0
   Compiling prost-derive v0.7.0 (/home/runner/work/_temp/upstream/prost-derive)
warning: an associated function with this name may be added to the standard library in the future
   --> prost-derive/src/lib.rs:109:14
    |
109 |             .intersperse(quote!(|));
    |              ^^^^^^^^^^^
    |
    = note: `#[warn(unstable_name_collisions)]` on by default
    = warning: once this associated item is added to the standard library, the ambiguity may cause an error or change in behavior!
    = note: for more information, see issue #48919 <https://github.com/rust-lang/rust/issues/48919>
    = help: call with fully qualified syntax `itertools::Itertools::intersperse(...)` to keep using the current method

   Compiling rand_chacha v0.3.1
   Compiling rand_xorshift v0.3.0
   Compiling csv v1.1.6
   Compiling tinytemplate v1.2.1
   Compiling rayon-core v1.9.1
   Compiling cast v0.2.7
   Compiling rand v0.8.4
warning: 1 warning emitted

   Compiling rayon v1.5.1
   Compiling criterion-plot v0.4.3
   Compiling tempfile v3.2.0
   Compiling rusty-fork v0.3.0
   Compiling proptest v1.0.0
   Compiling criterion v0.3.4
   Compiling prost v0.7.0 (/home/runner/work/_temp/upstream)
    Finished test [unoptimized + debuginfo] target(s) in 1m 06s
     Running unittests (/home/runner/work/_temp/build-20260924T153930Z-2b789439/debug/deps/prost-c3bcd55365d8b263)

Exit: 0
Timed out: False
