Command: rustup run 1.53.0 cargo check --locked --offline --tests
Started: 2026-09-24T15:40:41.270822+00:00
STDOUT:

STDERR:
    Checking cfg-if v1.0.0
   Compiling libc v0.2.97
   Compiling autocfg v1.0.1
    Checking lazy_static v1.4.0
   Compiling crossbeam-utils v0.8.5
   Compiling serde v1.0.126
   Compiling semver v1.0.3
   Compiling proc-macro2 v1.0.27
   Compiling crossbeam-epoch v0.9.5
   Compiling memchr v2.4.0
   Compiling unicode-xid v0.2.2
   Compiling ryu v1.0.5
    Checking either v1.6.1
   Compiling rayon-core v1.9.1
    Checking scopeguard v1.1.0
   Compiling syn v1.0.73
    Checking ppv-lite86 v0.2.10
   Compiling bitflags v1.2.1
    Checking itoa v0.4.7
   Compiling serde_json v1.0.64
    Checking plotters-backend v0.3.2
   Compiling anyhow v1.0.41
    Checking regex-syntax v0.6.25
    Checking remove_dir_all v0.5.3
    Checking regex-automata v0.1.10
   Compiling log v0.4.14
    Checking unicode-width v0.1.8
   Compiling serde_derive v1.0.126
    Checking same-file v1.0.6
    Checking bit-vec v0.6.3
    Checking half v1.7.1
    Checking fnv v1.0.7
    Checking quick-error v1.2.3
    Checking quick-error v2.0.1
    Checking byteorder v1.4.3
    Checking oorandom v11.1.3
    Checking bytes v1.0.1
   Compiling memoffset v0.6.4
   Compiling num-traits v0.2.14
   Compiling rayon v1.5.1
    Checking itertools v0.9.0
    Checking itertools v0.10.1
    Checking plotters-svg v0.3.1
    Checking textwrap v0.11.0
    Checking walkdir v2.3.2
    Checking bit-set v0.5.2
    Checking regex v1.5.4
    Checking crossbeam-channel v0.5.1
   Compiling rustc_version v0.4.0
    Checking getrandom v0.2.3
    Checking num_cpus v1.13.0
    Checking wait-timeout v0.2.0
    Checking atty v0.2.14
   Compiling quote v1.0.9
    Checking csv-core v0.1.10
    Checking clap v2.33.3
    Checking env_logger v0.8.4
    Checking rand_core v0.6.3
   Compiling cast v0.2.7
    Checking bstr v0.2.16
    Checking serde_cbor v0.11.1
    Checking rand_chacha v0.3.1
    Checking rand_xorshift v0.3.0
    Checking plotters v0.3.1
    Checking crossbeam-deque v0.8.0
    Checking csv v1.1.6
    Checking tinytemplate v1.2.1
    Checking rand v0.8.4
    Checking criterion-plot v0.4.3
    Checking tempfile v3.2.0
    Checking rusty-fork v0.3.0
    Checking proptest v1.0.0
   Compiling prost-derive v0.7.0 (/home/runner/work/_temp/upstream/prost-derive)
warning: an associated function with this name may be added to the standard library in the future
   --> prost-derive/src/lib.rs:109:14
    |
109 |             .intersperse(quote!(|));
    |              ^^^^^^^^^^^
    |
    = note: `#[warn(unstable_name_collisions)]` on by default
    = warning: once this associated item is added to the standard library, the ambiguity may cause an error or change in behavior!
    = note: for more information, see issue #48919 <https://github.com/rust-lang/rust/issues/48919>
    = help: call with fully qualified syntax `itertools::Itertools::intersperse(...)` to keep using the current method

warning: 1 warning emitted

    Checking criterion v0.3.4
    Checking prost v0.7.0 (/home/runner/work/_temp/upstream)
    Finished dev [unoptimized + debuginfo] target(s) in 23.67s

Exit: 0
Timed out: False
