Command: rustup run 1.76.0 cargo test --locked --offline --lib nfa::thompson::compiler::tests::compile_yes_reverse_unanchored_prefix_with_start_anchor -- --exact --nocapture --test-threads=1
Started: 2026-09-24T20:51:01.860779+00:00
STDOUT:

running 0 tests

test result: ok. 0 passed; 0 failed; 0 ignored; 0 measured; 0 filtered out; finished in 0.00s


STDERR:
   Compiling memchr v2.7.1
   Compiling libc v0.2.153
   Compiling equivalent v1.0.1
   Compiling serde v1.0.197
   Compiling hashbrown v0.14.3
   Compiling cfg-if v1.0.0
   Compiling getrandom v0.2.12
   Compiling indexmap v2.2.5
   Compiling winnow v0.5.40
   Compiling rand_core v0.6.4
   Compiling rand v0.8.5
   Compiling anyhow v1.0.80
   Compiling atty v0.2.14
   Compiling aho-corasick v1.1.2
   Compiling toml_datetime v0.6.5
   Compiling serde_spanned v0.6.5
   Compiling toml_edit v0.19.15
   Compiling bstr v1.9.1
   Compiling humantime v2.1.0
   Compiling log v0.4.21
   Compiling regex-syntax v0.8.2 (/home/runner/work/_temp/upstream/regex-syntax)
   Compiling termcolor v1.4.1
   Compiling toml v0.7.8
   Compiling regex-automata v0.4.5 (/home/runner/work/_temp/upstream/regex-automata)
   Compiling regex-test v0.1.0 (/home/runner/work/_temp/upstream/regex-test)
   Compiling env_logger v0.9.3
   Compiling quickcheck v1.0.3
   Compiling doc-comment v0.3.3
   Compiling once_cell v1.19.0
   Compiling regex v1.10.3 (/home/runner/work/_temp/upstream)
    Finished test [optimized + debuginfo] target(s) in 28.39s
     Running unittests src/lib.rs (/home/runner/work/_temp/build-20260924T204717Z-65ca173e/debug/deps/regex-21d4169dafdfef22)

Exit: 0
Timed out: False
