Command: rustup run 1.76.0 cargo check --locked --offline --tests
Started: 2026-09-24T20:50:52.582224+00:00
STDOUT:

STDERR:
   Compiling proc-macro2 v1.0.78
   Compiling unicode-ident v1.0.12
   Compiling libc v0.2.153
   Compiling serde v1.0.197
    Checking memchr v2.7.1
    Checking hashbrown v0.14.3
    Checking cfg-if v1.0.0
    Checking equivalent v1.0.1
   Compiling anyhow v1.0.80
    Checking winnow v0.5.40
   Compiling quote v1.0.35
   Compiling syn v2.0.52
    Checking indexmap v2.2.5
    Checking getrandom v0.2.12
    Checking rand_core v0.6.4
    Checking aho-corasick v1.1.2
   Compiling doc-comment v0.3.3
    Checking regex-syntax v0.8.2 (/home/runner/work/_temp/upstream/regex-syntax)
    Checking rand v0.8.5
    Checking atty v0.2.14
    Checking termcolor v1.4.1
    Checking log v0.4.21
    Checking humantime v2.1.0
    Checking quickcheck v1.0.3
    Checking env_logger v0.9.3
    Checking once_cell v1.19.0
   Compiling serde_derive v1.0.197
    Checking regex-automata v0.4.5 (/home/runner/work/_temp/upstream/regex-automata)
    Checking regex v1.10.3 (/home/runner/work/_temp/upstream)
    Checking serde_spanned v0.6.5
    Checking toml_datetime v0.6.5
    Checking bstr v1.9.1
    Checking toml_edit v0.19.15
    Checking toml v0.7.8
    Checking regex-test v0.1.0 (/home/runner/work/_temp/upstream/regex-test)
    Finished dev [optimized + debuginfo] target(s) in 9.06s

Exit: 0
Timed out: False
