Command: rustup run 1.81.0 cargo check --locked --offline --tests
Started: 2026-09-24T20:57:56.058901+00:00
STDOUT:

STDERR:
warning: `/home/runner/work/_temp/upstream/.cargo/config` is deprecated in favor of `config.toml`
note: if you need to support cargo 1.38 or earlier, you can symlink `config` to `config.toml`
   Compiling proc-macro2 v1.0.86
   Compiling unicode-ident v1.0.13
   Compiling anyhow v1.0.89
   Compiling rustix v0.38.37
   Compiling either v1.13.0
   Compiling itertools v0.13.0
   Compiling prettyplease v0.2.22
   Compiling libc v0.2.158
   Compiling hashbrown v0.14.5
   Compiling quote v1.0.37
   Compiling syn v2.0.77
   Compiling equivalent v1.0.1
   Compiling bytes v1.7.2
   Compiling bitflags v2.6.0
   Compiling linux-raw-sys v0.4.14
   Compiling log v0.4.22
   Compiling regex-syntax v0.8.4
   Compiling indexmap v2.5.0
   Compiling fastrand v2.1.1
   Compiling once_cell v1.19.0
   Compiling fixedbitset v0.4.2
   Compiling cfg-if v1.0.0
   Compiling petgraph v0.6.5
   Compiling regex-automata v0.4.7
   Compiling tempfile v3.12.0
   Compiling multimap v0.10.0
   Compiling heck v0.5.0
   Compiling env_filter v0.1.2
   Compiling regex v1.10.6
   Compiling env_logger v0.11.5
    Checking memchr v2.7.4
   Compiling prost-derive v0.13.2 (/home/runner/work/_temp/upstream/prost-derive)
   Compiling jobserver v0.1.32
   Compiling shlex v1.3.0
   Compiling cc v1.1.21
   Compiling version_check v0.9.5
   Compiling unicase v2.7.0
   Compiling cmake v0.1.51
   Compiling prost v0.13.2 (/home/runner/work/_temp/upstream/prost)
   Compiling serde v1.0.210
   Compiling autocfg v1.3.0
   Compiling prost-types v0.13.2 (/home/runner/work/_temp/upstream/prost-types)
   Compiling libm v0.2.8
   Compiling pulldown-cmark v0.12.1
   Compiling num-traits v0.2.19
   Compiling serde_derive v1.0.210
   Compiling zerocopy-derive v0.7.35
   Compiling prost-build v0.13.2 (/home/runner/work/_temp/upstream/prost-build)
    Checking getrandom v0.2.15
    Checking byteorder v1.5.0
    Checking zerocopy v0.7.35
   Compiling protobuf v0.0.0 (/home/runner/work/_temp/upstream/protobuf)
    Checking rand_core v0.6.4
   Compiling serde_json v1.0.128
error: failed to run custom build command for `protobuf v0.0.0 (/home/runner/work/_temp/upstream/protobuf)`

Caused by:
  process didn't exit successfully: `/home/runner/work/_temp/build-20260924T205300Z-5b9d5b1f/debug/build/protobuf-3f111555892eef9b/build-script-build` (exit status: 1)
  --- stderr
  Error: protobuf sources are not checked out; Try `git submodule update --init --recursive`
warning: build failed, waiting for other jobs to finish...

Exit: 101
Timed out: False
