Command: rustup run 1.97.1 cargo test --locked --offline --lib dsatur_coloring_empty_graph_uses_zero_colors -- --exact --nocapture --test-threads=1
Started: 2026-09-24T20:56:35.339461+00:00
STDOUT:

running 0 tests

test result: ok. 0 passed; 0 failed; 0 ignored; 0 measured; 104 filtered out; finished in 0.00s


running 0 tests

test result: ok. 0 passed; 0 failed; 0 ignored; 0 measured; 1 filtered out; finished in 0.00s


running 0 tests

test result: ok. 0 passed; 0 failed; 0 ignored; 0 measured; 0 filtered out; finished in 0.00s


STDERR:
warning: `/home/runner/work/_temp/upstream/.cargo/config` is deprecated in favor of `config.toml`
  |
  = help: if you need to support cargo 1.38 or earlier, you can symlink `config` to `config.toml`
   Compiling quickcheck v0.8.5
   Compiling petgraph v0.8.3 (/home/runner/work/_temp/upstream/crates/petgraph)
   Compiling petgraph-serialization-tests v0.0.0 (/home/runner/work/_temp/upstream/serialization-tests)
    Finished `test` profile [unoptimized + debuginfo] target(s) in 4.35s
     Running unittests src/lib.rs (/home/runner/work/_temp/build-20260924T204700Z-584d9f7c/debug/deps/petgraph-51f5d80552f796ba)
     Running unittests src/lib.rs (/home/runner/work/_temp/build-20260924T204700Z-584d9f7c/debug/deps/petgraph_core-337d4710aeb6b368)
     Running unittests src/lib.rs (/home/runner/work/_temp/build-20260924T204700Z-584d9f7c/debug/deps/petgraph_serialization_tests-bce14d3cc3a9d6bd)

Exit: 0
Timed out: False
