Command: rustup run 1.39.0 cargo test --locked --offline --lib tests::jaro_same_one_character -- --exact --nocapture --test-threads=1
Started: 2026-09-24T01:32:25.902595+00:00
STDOUT:

running 1 test
test tests::jaro_same_one_character ... FAILED

failures:

failures:
    tests::jaro_same_one_character

test result: FAILED. 0 passed; 1 failed; 0 ignored; 0 measured; 85 filtered out


STDERR:
   Compiling strsim v0.9.2 (/home/runner/work/_temp/upstream)
    Finished dev [unoptimized + debuginfo] target(s) in 0.87s
     Running /home/runner/work/_temp/build-20260924T013150Z-6cab0b53/debug/deps/strsim-4c9467575237fd6b
thread 'main' panicked at 'assertion failed: `(left == right)`
  left: `1.0`,
 right: `0.0`', src/lib.rs:496:9
note: run with `RUST_BACKTRACE=1` environment variable to display a backtrace.
error: test failed, to rerun pass '--lib'

Exit: 101
Timed out: False
