Command: rustup run 1.72.0 cargo test --locked --offline --lib datetime::tests::nano_roundrip -- --exact --nocapture --test-threads=1
Started: 2026-09-24T17:10:01.255080+00:00
STDOUT:

running 1 test
test datetime::tests::nano_roundrip ... nanos: -9223372036854775808
nanos: -9223372036854775807
nanos: -9223372036854775806
nanos: -9223372035854775809
nanos: -9223372035854775808
nanos: -9223372035854775807
nanos: -1000000001
nanos: -1000000000
nanos: -999999999
nanos: 0
nanos: 999999999
nanos: 1000000000
nanos: 1000000001
nanos: 9223372035854775806
nanos: 9223372035854775807
nanos: 9223372035854775808
nanos: 9223372036854775805
nanos: 9223372036854775806
nanos: 9223372036854775807
ok

test result: ok. 1 passed; 0 failed; 0 ignored; 0 measured; 213 filtered out; finished in 0.00s


STDERR:
   Compiling serde v1.0.188
   Compiling ryu v1.0.15
   Compiling itoa v1.0.9
   Compiling num-traits v0.2.16
   Compiling iana-time-zone v0.1.57
   Compiling serde_json v1.0.107
   Compiling bincode v1.3.3
   Compiling chrono v0.4.30 (/home/runner/work/_temp/upstream)
    Finished test [unoptimized + debuginfo] target(s) in 6.53s
     Running unittests src/lib.rs (/home/runner/work/_temp/build-20260924T170549Z-ce15220f/debug/deps/chrono-39e32fff9df92469)

Exit: 0
Timed out: False
