Command: rustup run 1.79.0 cargo fetch --locked
Started: 2026-09-23T17:03:44.922386+00:00
STDOUT:

STDERR:
warning: `/home/runner/work/_temp/upstream/.cargo/config` is deprecated in favor of `config.toml`
note: if you need to support cargo 1.38 or earlier, you can symlink `config` to `config.toml`
 Downloading crates ...
  Downloaded tempfile v3.10.1 (registry `era`)
  Downloaded quote v1.0.36 (registry `era`)
  Downloaded thiserror-impl v1.0.61 (registry `era`)
  Downloaded is_terminal_polyfill v1.70.0 (registry `era`)
  Downloaded colorchoice v1.0.1 (registry `era`)
  Downloaded thiserror v1.0.61 (registry `era`)
  Downloaded anstyle-parse v0.2.4 (registry `era`)
  Downloaded anstyle-wincon v3.0.3 (registry `era`)
  Downloaded heck v0.5.0 (registry `era`)
  Downloaded unicode-ident v1.0.12 (registry `era`)
  Downloaded proc-macro2 v1.0.86 (registry `era`)
  Downloaded anstyle-query v1.1.0 (registry `era`)
  Downloaded windows-targets v0.52.6 (registry `era`)
  Downloaded clap_derive v4.5.8 (registry `era`)
  Downloaded clap v4.5.8 (registry `era`)
  Downloaded strsim v0.11.1 (registry `era`)
  Downloaded cfg-if v1.0.0 (registry `era`)
  Downloaded derive_arbitrary v1.3.2 (registry `era`)
  Downloaded arbitrary v1.3.2 (registry `era`)
  Downloaded clap_lex v0.7.1 (registry `era`)
  Downloaded form_urlencoded v1.2.1 (registry `era`)
  Downloaded fastrand v2.1.0 (registry `era`)
  Downloaded errno v0.3.9 (registry `era`)
  Downloaded anyhow v1.0.86 (registry `era`)
  Downloaded clap_builder v4.5.8 (registry `era`)
  Downloaded scopeguard v1.2.0 (registry `era`)
  Downloaded doxygen-rs v0.4.2 (registry `era`)
  Downloaded ppv-lite86 v0.2.17 (registry `era`)
  Downloaded rand_chacha v0.3.1 (registry `era`)
  Downloaded anstyle v1.0.7 (registry `era`)
  Downloaded heed-traits v0.20.0 (registry `era`)
  Downloaded phf_shared v0.11.2 (registry `era`)
  Downloaded percent-encoding v2.3.1 (registry `era`)
  Downloaded phf_generator v0.11.2 (registry `era`)
  Downloaded tinyvec_macros v0.1.1 (registry `era`)
  Downloaded lazy_static v1.5.0 (registry `era`)
  Downloaded num_cpus v1.16.0 (registry `era`)
  Downloaded heed-types v0.20.1 (registry `era`)
  Downloaded phf_macros v0.11.2 (registry `era`)
  Downloaded utf8parse v0.2.2 (registry `era`)
  Downloaded bitflags v2.6.0 (registry `era`)
  Downloaded env_filter v0.1.0 (registry `era`)
  Downloaded siphasher v0.3.11 (registry `era`)
  Downloaded page_size v0.6.0 (registry `era`)
  Downloaded linked-hash-map v0.5.6 (registry `era`)
  Downloaded either v1.13.0 (registry `era`)
  Downloaded instant-distance v0.6.1 (registry `era`)
  Downloaded anstream v0.6.14 (registry `era`)
  Downloaded humantime v2.1.0 (registry `era`)
  Downloaded ordered-float v4.2.1 (registry `era`)
  Downloaded crossbeam-utils v0.8.20 (registry `era`)
  Downloaded crossbeam-queue v0.3.11 (registry `era`)
  Downloaded ordered-float v3.9.2 (registry `era`)
  Downloaded parking_lot v0.12.3 (registry `era`)
  Downloaded tinyvec v1.7.0 (registry `era`)
  Downloaded env_logger v0.11.3 (registry `era`)
  Downloaded unicode-bidi v0.3.15 (registry `era`)
  Downloaded similar v2.5.0 (registry `era`)
  Downloaded url v2.5.2 (registry `era`)
  Downloaded cc v1.0.105 (registry `era`)
  Downloaded memchr v2.7.4 (registry `era`)
  Downloaded unicode-normalization v0.1.23 (registry `era`)
  Downloaded syn v2.0.69 (registry `era`)
  Downloaded insta v1.39.0 (registry `era`)
  Downloaded aho-corasick v1.1.3 (registry `era`)
  Downloaded regex v1.10.5 (registry `era`)
  Downloaded regex-syntax v0.8.4 (registry `era`)
  Downloaded regex-automata v0.4.7 (registry `era`)
  Downloaded heed v0.20.3 (registry `era`)
  Downloaded lmdb-master-sys v0.2.2 (registry `era`)
  Downloaded windows_i686_msvc v0.52.6 (registry `era`)
  Downloaded libc v0.2.155 (registry `era`)
  Downloaded winapi v0.3.9 (registry `era`)
  Downloaded windows_aarch64_msvc v0.52.6 (registry `era`)
  Downloaded windows_i686_gnu v0.52.6 (registry `era`)
  Downloaded linux-raw-sys v0.4.14 (registry `era`)
  Downloaded windows_x86_64_gnu v0.52.6 (registry `era`)
  Downloaded windows_x86_64_msvc v0.52.6 (registry `era`)
  Downloaded rustix v0.38.34 (registry `era`)
  Downloaded windows-sys v0.52.0 (registry `era`)
  Downloaded windows_aarch64_gnullvm v0.52.6 (registry `era`)
  Downloaded windows_i686_gnullvm v0.52.6 (registry `era`)
  Downloaded winapi-i686-pc-windows-gnu v0.4.0 (registry `era`)
  Downloaded winapi-x86_64-pc-windows-gnu v0.4.0 (registry `era`)
  Downloaded windows_x86_64_gnullvm v0.52.6 (registry `era`)
  Downloaded idna v0.5.0 (registry `era`)
  Downloaded rayon v1.10.0 (registry `era`)
  Downloaded roaring v0.10.6 (registry `era`)
  Downloaded encode_unicode v0.3.6 (registry `era`)
  Downloaded rayon-core v1.12.1 (registry `era`)
  Downloaded serde v1.0.204 (registry `era`)
  Downloaded rand v0.8.5 (registry `era`)
  Downloaded memmap2 v0.9.4 (registry `era`)
  Downloaded once_cell v1.19.0 (registry `era`)
  Downloaded console v0.15.8 (registry `era`)
  Downloaded num-traits v0.2.19 (registry `era`)
  Downloaded getrandom v0.2.15 (registry `era`)
  Downloaded crossbeam-epoch v0.9.18 (registry `era`)
  Downloaded serde_derive v1.0.204 (registry `era`)
  Downloaded bytemuck v1.16.1 (registry `era`)
  Downloaded rand_core v0.6.4 (registry `era`)
  Downloaded byteorder v1.5.0 (registry `era`)
  Downloaded phf v0.11.2 (registry `era`)
  Downloaded synchronoise v1.0.1 (registry `era`)
  Downloaded hermit-abi v0.3.9 (registry `era`)
  Downloaded lock_api v0.4.12 (registry `era`)
  Downloaded redox_syscall v0.5.2 (registry `era`)
  Downloaded smallvec v1.13.2 (registry `era`)
  Downloaded parking_lot_core v0.9.10 (registry `era`)
  Downloaded wasi v0.11.0+wasi-snapshot-preview1 (registry `era`)
  Downloaded bytemuck_derive v1.7.0 (registry `era`)
  Downloaded log v0.4.22 (registry `era`)
  Downloaded autocfg v1.3.0 (registry `era`)
  Downloaded crossbeam-deque v0.8.5 (registry `era`)

Exit: 0
Timed out: False
