Command: rustup run 1.79.0 cargo check --locked --offline --tests
Started: 2026-09-23T17:03:46.294526+00:00
STDOUT:

STDERR:
warning: `/home/runner/work/_temp/upstream/.cargo/config` is deprecated in favor of `config.toml`
note: if you need to support cargo 1.38 or earlier, you can symlink `config` to `config.toml`
   Compiling proc-macro2 v1.0.86
   Compiling unicode-ident v1.0.12
   Compiling libc v0.2.155
   Compiling crossbeam-utils v0.8.20
   Compiling autocfg v1.3.0
   Compiling siphasher v0.3.11
   Compiling rand_core v0.6.4
   Compiling phf_shared v0.11.2
   Compiling rand v0.8.5
   Compiling quote v1.0.36
    Checking cfg-if v1.0.0
   Compiling serde v1.0.204
   Compiling syn v2.0.69
   Compiling phf_generator v0.11.2
   Compiling num-traits v0.2.19
    Checking memchr v2.7.4
    Checking utf8parse v0.2.2
    Checking anstyle-parse v0.2.4
    Checking getrandom v0.2.15
    Checking crossbeam-epoch v0.9.18
    Checking aho-corasick v1.1.3
   Compiling lock_api v0.4.12
    Checking anstyle-query v1.1.0
   Compiling parking_lot_core v0.9.10
   Compiling cc v1.0.105
    Checking is_terminal_polyfill v1.70.0
    Checking colorchoice v1.0.1
    Checking regex-syntax v0.8.4
   Compiling rayon-core v1.12.1
    Checking anstyle v1.0.7
    Checking regex-automata v0.4.7
    Checking anstream v0.6.14
    Checking bitflags v2.6.0
    Checking crossbeam-deque v0.8.5
    Checking smallvec v1.13.2
   Compiling rustix v0.38.34
    Checking scopeguard v1.2.0
    Checking ppv-lite86 v0.2.17
    Checking byteorder v1.5.0
    Checking rand_chacha v0.3.1
    Checking crossbeam-queue v0.3.11
   Compiling anyhow v1.0.86
    Checking linux-raw-sys v0.4.14
    Checking regex v1.10.5
    Checking lazy_static v1.5.0
    Checking heed-traits v0.20.0
   Compiling thiserror v1.0.61
    Checking either v1.13.0
   Compiling heck v0.5.0
    Checking log v0.4.22
    Checking clap_lex v0.7.1
    Checking strsim v0.11.1
    Checking env_filter v0.1.0
   Compiling phf_macros v0.11.2
   Compiling bytemuck_derive v1.7.0
   Compiling thiserror-impl v1.0.61
    Checking clap_builder v4.5.8
   Compiling phf v0.11.2
   Compiling doxygen-rs v0.4.2
   Compiling lmdb-master-sys v0.2.2
   Compiling clap_derive v4.5.8
   Compiling derive_arbitrary v1.3.2
    Checking bytemuck v1.16.1
    Checking rayon v1.10.0
    Checking heed-types v0.20.1
    Checking console v0.15.8
    Checking synchronoise v1.0.1
    Checking parking_lot v0.12.3
    Checking ordered-float v3.9.2
    Checking page_size v0.6.0
    Checking num_cpus v1.16.0
    Checking linked-hash-map v0.5.6
    Checking once_cell v1.19.0
    Checking similar v2.5.0
    Checking humantime v2.1.0
    Checking fastrand v2.1.0
    Checking env_logger v0.11.3
    Checking tempfile v3.10.1
    Checking heed v0.20.3
    Checking instant-distance v0.6.1
    Checking clap v4.5.8
    Checking insta v1.39.0
    Checking arbitrary v1.3.2
    Checking roaring v0.10.6
    Checking ordered-float v4.2.1
    Checking memmap2 v0.9.4
    Checking arroy v0.4.0 (/home/runner/work/_temp/upstream)
error[E0412]: cannot find type `UnalignedF32Slice` in this scope
  --> src/spaces/simple_sse.rs:17:49
   |
17 | pub(crate) unsafe fn euclid_similarity_sse(v1: &UnalignedF32Slice, v2: &UnalignedF32Slice) -> f32 {
   |                                                 ^^^^^^^^^^^^^^^^^ not found in this scope

error[E0412]: cannot find type `UnalignedF32Slice` in this scope
  --> src/spaces/simple_sse.rs:17:73
   |
17 | pub(crate) unsafe fn euclid_similarity_sse(v1: &UnalignedF32Slice, v2: &UnalignedF32Slice) -> f32 {
   |                                                                         ^^^^^^^^^^^^^^^^^ not found in this scope

error[E0412]: cannot find type `UnalignedF32Slice` in this scope
  --> src/spaces/simple_sse.rs:61:46
   |
61 | pub(crate) unsafe fn dot_similarity_sse(v1: &UnalignedF32Slice, v2: &UnalignedF32Slice) -> f32 {
   |                                              ^^^^^^^^^^^^^^^^^ not found in this scope

error[E0412]: cannot find type `UnalignedF32Slice` in this scope
  --> src/spaces/simple_sse.rs:61:70
   |
61 | pub(crate) unsafe fn dot_similarity_sse(v1: &UnalignedF32Slice, v2: &UnalignedF32Slice) -> f32 {
   |                                                                      ^^^^^^^^^^^^^^^^^ not found in this scope

error[E0412]: cannot find type `UnalignedF32Slice` in this scope
  --> src/spaces/simple_avx.rs:17:49
   |
17 | pub(crate) unsafe fn euclid_similarity_avx(v1: &UnalignedF32Slice, v2: &UnalignedF32Slice) -> f32 {
   |                                                 ^^^^^^^^^^^^^^^^^ not found in this scope

error[E0412]: cannot find type `UnalignedF32Slice` in this scope
  --> src/spaces/simple_avx.rs:17:73
   |
17 | pub(crate) unsafe fn euclid_similarity_avx(v1: &UnalignedF32Slice, v2: &UnalignedF32Slice) -> f32 {
   |                                                                         ^^^^^^^^^^^^^^^^^ not found in this scope

error[E0412]: cannot find type `UnalignedF32Slice` in this scope
  --> src/spaces/simple_avx.rs:66:46
   |
66 | pub(crate) unsafe fn dot_similarity_avx(v1: &UnalignedF32Slice, v2: &UnalignedF32Slice) -> f32 {
   |                                              ^^^^^^^^^^^^^^^^^ not found in this scope

error[E0412]: cannot find type `UnalignedF32Slice` in this scope
  --> src/spaces/simple_avx.rs:66:70
   |
66 | pub(crate) unsafe fn dot_similarity_avx(v1: &UnalignedF32Slice, v2: &UnalignedF32Slice) -> f32 {
   |                                                                      ^^^^^^^^^^^^^^^^^ not found in this scope

warning: unused import: `crate::unaligned_vector::UnalignedVector`
 --> src/spaces/simple_sse.rs:7:5
  |
7 | use crate::unaligned_vector::UnalignedVector;
  |     ^^^^^^^^^^^^^^^^^^^^^^^^^^^^^^^^^^^^^^^^
  |
  = note: `#[warn(unused_imports)]` on by default

warning: unused import: `crate::unaligned_vector::UnalignedVector`
 --> src/spaces/simple_avx.rs:4:5
  |
4 | use crate::unaligned_vector::UnalignedVector;
  |     ^^^^^^^^^^^^^^^^^^^^^^^^^^^^^^^^^^^^^^^^

error[E0433]: failed to resolve: use of undeclared type `UnalignedF32Slice`
   --> src/spaces/simple_sse.rs:127:22
    |
127 |             let v1 = UnalignedF32Slice::from_slice(&v1[..]);
    |                      ^^^^^^^^^^^^^^^^^ use of undeclared type `UnalignedF32Slice`

error[E0433]: failed to resolve: use of undeclared type `UnalignedF32Slice`
   --> src/spaces/simple_sse.rs:128:22
    |
128 |             let v2 = UnalignedF32Slice::from_slice(&v2[..]);
    |                      ^^^^^^^^^^^^^^^^^ use of undeclared type `UnalignedF32Slice`

error[E0433]: failed to resolve: use of undeclared type `UnalignedF32Slice`
   --> src/spaces/simple_avx.rs:129:22
    |
129 |             let v1 = UnalignedF32Slice::from_slice(&v1[..]);
    |                      ^^^^^^^^^^^^^^^^^ use of undeclared type `UnalignedF32Slice`

error[E0433]: failed to resolve: use of undeclared type `UnalignedF32Slice`
   --> src/spaces/simple_avx.rs:130:22
    |
130 |             let v2 = UnalignedF32Slice::from_slice(&v2[..]);
    |                      ^^^^^^^^^^^^^^^^^ use of undeclared type `UnalignedF32Slice`

Some errors have detailed explanations: E0412, E0433.
For more information about an error, try `rustc --explain E0412`.
warning: `arroy` (lib test) generated 2 warnings
error: could not compile `arroy` (lib test) due to 12 previous errors; 2 warnings emitted

Exit: 101
Timed out: False
