Command: rustup run 1.61.0 cargo test --locked --offline --test max_size test_vec_edge_cases -- --nocapture --test-threads=1
Started: 2026-09-24T00:24:20.174037+00:00
STDOUT:

running 1 test
test test_vec_edge_cases ... ok

test result: ok. 1 passed; 0 failed; 0 ignored; 0 measured; 3 filtered out; finished in 0.00s


STDERR:
   Compiling scopeguard v1.1.0
   Compiling byteorder v1.4.3
   Compiling stable_deref_trait v1.2.0
   Compiling postcard-cobs v0.1.5-pre
   Compiling postcard-derive v0.1.0 (/home/runner/work/_temp/upstream/postcard-derive)
   Compiling serde v1.0.137
   Compiling lock_api v0.4.7
   Compiling hash32 v0.2.1
   Compiling spin v0.9.3
   Compiling heapless v0.7.13
   Compiling postcard v0.7.3 (/home/runner/work/_temp/upstream)
    Finished test [unoptimized + debuginfo] target(s) in 2.83s
     Running tests/max_size.rs (/home/runner/work/_temp/build-20260924T002234Z-66baf75d/debug/deps/max_size-d8786a65578249ea)

Exit: 0
Timed out: False
