Command: rustup run 1.61.0 cargo check --locked --offline --tests
Started: 2026-09-24T00:24:10.367161+00:00
STDOUT:

STDERR:
   Compiling proc-macro2 v1.0.39
   Compiling unicode-ident v1.0.0
   Compiling syn v1.0.95
   Compiling semver v1.0.9
   Compiling autocfg v1.1.0
   Compiling serde_derive v1.0.137
    Checking scopeguard v1.1.0
   Compiling serde v1.0.137
    Checking byteorder v1.4.3
    Checking stable_deref_trait v1.2.0
    Checking postcard-cobs v0.1.5-pre
    Checking hash32 v0.2.1
   Compiling lock_api v0.4.7
   Compiling rustc_version v0.4.0
    Checking spin v0.9.3
   Compiling quote v1.0.18
   Compiling heapless v0.7.13
   Compiling postcard-derive v0.1.0 (/home/runner/work/_temp/upstream/postcard-derive)
    Checking postcard v0.7.3 (/home/runner/work/_temp/upstream)
    Finished dev [unoptimized + debuginfo] target(s) in 9.71s

Exit: 0
Timed out: False
