Command: rustup run 1.32.0 cargo test --locked --lib vector_issue -- --exact --nocapture --test-threads=1
Started: 2026-09-25T06:06:41.291355+00:00
STDOUT:

running 0 tests

test result: ok. 0 passed; 0 failed; 0 ignored; 0 measured; 2 filtered out


STDERR:
   Compiling void v1.0.2
   Compiling static_assertions v0.2.5
   Compiling cfg-if v0.1.6
   Compiling itoa v0.4.3
   Compiling bencher v0.1.5
   Compiling dtoa v0.4.3
   Compiling lazy_static v1.2.0
   Compiling unreachable v1.0.0
   Compiling num-traits v0.2.6
   Compiling ryu v0.2.7
   Compiling stackvector v1.0.2
   Compiling lexical-core v0.4.0 (/home/runner/work/_temp/upstream/lexical-core)
   Compiling approx v0.3.1
   Compiling lexical v2.1.0 (/home/runner/work/_temp/upstream)
    Finished dev [unoptimized + debuginfo] target(s) in 4.71s
     Running /home/runner/work/_temp/build-20260925T060600Z-3942a309/debug/deps/lexical-190c43c7c79fb20b

Exit: 0
Timed out: False
