Command: rustup run 1.98.1 cargo check --locked --offline --tests -p turso_core
Started: 2026-09-25T17:40:19.732433+00:00
STDOUT:

STDERR:
warning: both `/home/runner/work/_temp/upstream/.cargo/config` and `/home/runner/work/_temp/upstream/.cargo/config.toml` exist. Using `/home/runner/work/_temp/upstream/.cargo/config`
   Compiling proc-macro2 v1.0.107
   Compiling unicode-ident v1.0.24
   Compiling quote v1.0.47
    Checking cfg-if v1.0.4
   Compiling libc v0.2.189
   Compiling shlex v2.0.1
   Compiling find-msvc-tools v0.1.12
    Checking memchr v2.8.3
   Compiling cc v1.4.6
   Compiling autocfg v1.5.1
   Compiling version_check v0.9.5
   Compiling syn v2.0.119
   Compiling syn v3.0.5
   Compiling num-traits v0.2.19
    Checking stable_deref_trait v1.2.1
    Checking bitflags v2.13.2
    Checking getrandom v0.2.17
   Compiling zerocopy v0.8.57
   Compiling serde_core v1.0.229
   Compiling rustix v1.1.4
   Compiling generic-array v0.14.7
    Checking rand_core v0.10.1
   Compiling getrandom v0.4.3
    Checking linux-raw-sys v0.12.1
    Checking once_cell v1.21.4
   Compiling synstructure v0.13.2
    Checking typenum v1.20.1
   Compiling zerovec-derive v0.11.6
   Compiling zerofrom-derive v0.1.7
   Compiling yoke-derive v0.8.2
   Compiling zerocopy-derive v0.8.57
    Checking pin-project-lite v0.2.17
   Compiling serde v1.0.229
   Compiling semver v1.0.28
    Checking zerofrom v0.1.8
   Compiling zmij v1.0.23
    Checking itoa v1.0.18
    Checking anstyle v1.0.14
    Checking yoke v0.8.3
   Compiling rustc_version v0.4.1
    Checking zerovec v0.11.8
   Compiling serde_derive v1.0.229
   Compiling displaydoc v0.2.7
    Checking aho-corasick v1.1.5
    Checking regex-syntax v0.8.11
   Compiling cfg_aliases v0.2.2
   Compiling crossbeam-utils v0.8.23
   Compiling serde_json v1.0.151
    Checking regex-automata v0.4.18
    Checking rand_core v0.6.4
    Checking writeable v0.6.4
   Compiling getrandom v0.3.4
   Compiling crossbeam-epoch v0.9.21
    Checking futures-sink v0.3.34
    Checking lazy_static v1.5.0
    Checking futures-core v0.3.34
    Checking crypto-common v0.1.7
    Checking futures-channel v0.3.34
    Checking terminal_size v0.4.4
   Compiling futures-macro v0.3.34
   Compiling crossbeam-deque v0.8.8
    Checking clap_lex v1.1.0
    Checking futures-io v0.3.34
    Checking futures-task v0.3.34
    Checking smallvec v1.16.1
    Checking slab v0.4.12
    Checking clap_builder v4.6.6
    Checking futures-util v0.3.34
   Compiling nix v0.31.3
    Checking tinystr v0.8.4
   Compiling rustversion v1.0.23
    Checking litemap v0.8.3
   Compiling rayon-core v1.13.0
    Checking either v1.18.0
    Checking log v0.4.34
   Compiling anyhow v1.0.104
    Checking icu_locale_core v2.3.0
    Checking clap v4.6.6
    Checking half v2.7.1
    Checking potential_utf v0.1.6
    Checking zerotrie v0.2.5
   Compiling bytemuck_derive v1.12.1
    Checking approx v0.5.1
   Compiling codspeed v4.7.0
    Checking ciborium-io v0.2.2
    Checking plotters-backend v0.3.7
    Checking plotters-svg v0.3.7
    Checking futures-executor v0.3.34
    Checking ciborium-ll v0.2.2
    Checking futures v0.3.34
    Checking statrs v0.18.0
    Checking icu_provider v2.3.1
    Checking bytemuck v1.25.2
    Checking itertools v0.10.5
    Checking regex v1.13.1
    Checking colored v2.2.0
    Checking is-terminal v0.4.17
    Checking cast v0.3.0
   Compiling equivalent v1.0.2
    Checking glob v0.3.4
    Checking sha1_smol v1.0.1
   Compiling hashbrown v0.17.1
   Compiling winnow v1.0.4
   Compiling icu_locale_fallback_data v2.3.0
    Checking utf8_iter v1.0.4
    Checking same-file v1.0.6
    Checking icu_collections v2.3.0
    Checking walkdir v2.5.0
   Compiling indexmap v2.14.2
   Compiling toml_parser v1.1.3+spec-1.1.0
    Checking uuid v1.26.1
    Checking criterion-plot v0.5.0
    Checking rayon v1.12.0
    Checking ciborium v0.2.2
    Checking plotters v0.3.7
    Checking tinytemplate v1.2.1
    Checking inout v0.1.4
    Checking tracing-core v0.1.36
   Compiling ahash v0.8.12
   Compiling icu_normalizer_data v2.3.0
   Compiling libm v0.2.16
    Checking oorandom v11.1.5
   Compiling pkg-config v0.3.34
    Checking cpufeatures v0.3.1
    Checking anes v0.1.6
    Checking utf8parse v0.2.2
   Compiling vcpkg v0.2.15
   Compiling object v0.37.3
    Checking cpufeatures v0.2.17
    Checking scopeguard v1.2.0
   Compiling cpp_demangle v0.4.5
    Checking subtle v2.6.1
   Compiling toml_datetime v1.1.1+spec-1.1.0
    Checking universal-hash v0.5.1
   Compiling toml_edit v0.25.15+spec-1.1.0
   Compiling libsqlite3-sys v0.35.0
    Checking lock_api v0.4.14
    Checking anstyle-parse v1.0.0
    Checking chacha20 v0.10.2
    Checking cipher v0.4.4
    Checking debugid v0.8.0
   Compiling rstest_macros v0.18.2
   Compiling divan-macros v0.1.17
   Compiling equator-macro v0.4.2
   Compiling tracing-attributes v0.1.31
   Compiling findshlibs v0.10.2
   Compiling libmimalloc-sys v0.1.49
    Checking memmap2 v0.9.11
   Compiling memoffset v0.9.1
    Checking gimli v0.32.3
    Checking arrayvec v0.7.8
   Compiling thiserror v2.0.20
    Checking adler2 v2.0.1
    Checking foldhash v0.1.5
   Compiling heck v0.5.0
    Checking anstyle-query v1.1.5
    Checking is_terminal_polyfill v1.70.2
   Compiling symbolic-demangle v12.18.3
   Compiling icu_locale_data v2.3.0
   Compiling icu_collator_data v2.3.0
   Compiling parking_lot_core v0.9.12
    Checking colorchoice v1.0.5
    Checking rustc-demangle v0.1.28
    Checking opaque-debug v0.3.1
   Compiling thiserror v1.0.69
    Checking polyval v0.6.2
    Checking anstream v1.0.0
   Compiling strum_macros v0.26.4
    Checking addr2line v0.25.1
    Checking hashbrown v0.15.5
    Checking miniz_oxide v0.8.9
    Checking num-format v0.4.4
   Compiling itertools v0.14.0
    Checking tracing v0.1.44
    Checking symbolic-common v12.18.3
    Checking equator v0.4.2
    Checking icu_locale_fallback v2.3.0
    Checking rand v0.10.2
   Compiling proc-macro-crate v3.5.0
    Checking tracing-log v0.2.0
    Checking rgb v0.8.53
    Checking env_filter v2.0.0
    Checking rand_core v0.9.5
    Checking matchers v0.2.0
    Checking sharded-slab v0.1.7
    Checking ppv-lite86 v0.2.21
   Compiling crc32c v0.6.8
   Compiling branches v0.4.6
   Compiling turso_macros v0.8.0-pre.11 (/home/runner/work/_temp/upstream/macros)
   Compiling thiserror-impl v1.0.69
   Compiling miette-derive v7.6.0
   Compiling thiserror-impl v2.0.20
   Compiling test-log-core v0.2.21
    Checking num-integer v0.1.47
   Compiling aegis v0.9.15
   Compiling simsimd v6.5.16
   Compiling uncased v0.9.10
   Compiling bigdecimal v0.4.10
    Checking quick-xml v0.26.0
    Checking thread_local v1.1.10
    Checking write16 v1.0.0
   Compiling codspeed-criterion-compat v4.7.0
    Checking iana-time-zone v0.1.65
    Checking nu-ansi-term v0.50.3
    Checking regex-lite v0.1.9
    Checking unicode-width v0.1.14
   Compiling turso_ext v0.8.0-pre.11 (/home/runner/work/_temp/upstream/extensions/core)
    Checking bitflags v1.3.2
    Checking str_stack v0.1.1
    Checking fastrand v2.5.0
    Checking condtype v1.3.0
   Compiling relative-path v1.9.3
    Checking utf16_iter v1.0.5
   Compiling pprof v0.14.1
   Compiling codspeed-divan-compat v4.7.0
    Checking icu_normalizer v2.3.0
    Checking codspeed-divan-compat-walltime v4.7.0
    Checking tempfile v3.27.0
    Checking inferno v0.11.21
    Checking nix v0.26.4
    Checking miette v7.6.0
    Checking tracing-subscriber v0.3.23
    Checking chrono v0.4.45
    Checking num-bigint v0.4.8
   Compiling test-log-macros v0.2.21
    Checking backtrace v0.3.76
    Checking rand_chacha v0.9.0
    Checking env_logger v0.11.11
   Compiling codspeed-divan-compat-macros v4.7.0
    Checking strum v0.26.3
    Checking aligned-vec v0.6.4
    Checking hashlink v0.10.0
    Checking ghash v0.5.1
    Checking codspeed-criterion-compat-walltime v4.7.0
    Checking ctr v0.9.2
    Checking aes v0.8.4
    Checking spin v0.10.1
    Checking criterion v0.5.1
    Checking icu_properties v2.3.0
    Checking aead v0.5.2
   Compiling turso_core v0.8.0-pre.11 (/home/runner/work/_temp/upstream/core)
   Compiling aristo-macros v0.4.1
    Checking siphasher v1.0.3
    Checking byteorder v1.5.0
    Checking softaes v0.1.5
    Checking fallible-iterator v0.3.0
    Checking futures-timer v3.0.4
    Checking fallible-streaming-iterator v0.1.9
    Checking rstest v0.18.2
    Checking rusqlite v0.37.0
    Checking roaring v0.11.5
    Checking fastbloom v0.14.1
    Checking aristo v0.4.1
    Checking icu_collator v2.3.1
    Checking aes-gcm v0.10.3
    Checking parking_lot v0.12.5
    Checking icu_locale v2.3.1
    Checking intrusive-collections v0.9.7
    Checking turso_parser v0.8.0-pre.11 (/home/runner/work/_temp/upstream/sqlite/parser)
    Checking test-log v0.2.21
    Checking mimalloc v0.1.52
    Checking rand v0.9.5
    Checking quickcheck v1.1.0
    Checking twox-hash v2.1.4
    Checking arc-swap v1.9.2
    Checking rapidhash v4.5.1
    Checking pack1 v1.1.0
    Checking polling v3.11.0
   Compiling quickcheck_macros v1.2.0
    Checking memory-stats v1.2.0
    Checking libloading v0.8.9
   Compiling pastey v0.2.3
    Checking ryu v1.0.23
    Checking allocator-api2 v0.4.0
    Checking simdutf8 v0.1.5
    Checking rustc-hash v2.1.3
    Checking bumpalo v3.20.3
    Checking sorted-vec v0.8.11
    Checking cfg_block v0.1.1
    Checking hex v0.4.3
warning: unused import: `log_write`
   --> core/mvcc/persistent_storage/logical_log.rs:262:29
    |
262 | pub(crate) use serializer::{log_write, LogBufferWrite, LogChunkStream, LogSerializer};
    |                             ^^^^^^^^^
    |
    = note: `#[warn(unused_imports)]` (part of `#[warn(unused)]`) on by default

warning: unused import: `super::ptrmap::*`
    --> core/storage/pager.rs:6619:9
     |
6619 |     use super::ptrmap::*;
     |         ^^^^^^^^^^^^^^^^

warning: unnecessary parentheses around closure body
   --> core/vdbe/blob_io_tests.rs:830:46
    |
830 |         let repl: Vec<u8> = (0..len).map(|i| (255 - (i as u8))).collect();
    |                                              ^               ^
    |
    = note: `#[warn(unused_parens)]` (part of `#[warn(unused)]`) on by default
help: remove these parentheses
    |
830 -         let repl: Vec<u8> = (0..len).map(|i| (255 - (i as u8))).collect();
830 +         let repl: Vec<u8> = (0..len).map(|i| 255 - (i as u8)).collect();
    |

warning: unused import: `HashMap`
 --> core/vdbe/statement_lifecycle_tests.rs:2:24
  |
2 | use std::collections::{HashMap, HashSet};
  |                        ^^^^^^^

warning: methods `register_deleter` and `check_merge_admissible` are never used
   --> core/index_method/backing_store.rs:355:19
    |
263 | impl BackingStore {
    | ----------------- methods in this implementation
...
355 |     pub(crate) fn register_deleter(&self) -> Result<()> {
    |                   ^^^^^^^^^^^^^^^^
...
364 |     pub(crate) fn check_merge_admissible(&self) -> Result<()> {
    |                   ^^^^^^^^^^^^^^^^^^^^^^
    |
    = note: `#[warn(dead_code)]` (part of `#[warn(unused)]`) on by default

warning: method `indexbtree_move_to_unpacked` is never used
    --> core/storage/btree.rs:2128:8
     |
1169 | impl BTreeCursor {
     | ---------------- method in this implementation
...
2128 |     fn indexbtree_move_to_unpacked(
     |        ^^^^^^^^^^^^^^^^^^^^^^^^^^^

warning: function pointer comparisons do not produce meaningful results since their addresses are not guaranteed to be unique
   --> core/types.rs:724:5
    |
719 | #[derive(Debug, Clone, PartialEq)]
    |                        --------- in this derive macro expansion
...
724 |     pub step_fn: StepFunction,
    |     ^^^^^^^^^^^^^^^^^^^^^^^^^
    |
    = note: the address of the same function can vary between different codegen units
    = note: furthermore, different functions could have the same address after being merged together
    = note: for more information visit <https://doc.rust-lang.org/nightly/core/ptr/fn.fn_addr_eq.html>
    = note: `#[warn(unpredictable_function_pointer_comparisons)]` on by default

warning: function pointer comparisons do not produce meaningful results since their addresses are not guaranteed to be unique
   --> core/types.rs:725:5
    |
719 | #[derive(Debug, Clone, PartialEq)]
    |                        --------- in this derive macro expansion
...
725 |     pub finalize_fn: FinalizeFunction,
    |     ^^^^^^^^^^^^^^^^^^^^^^^^^^^^^^^^^
    |
    = note: the address of the same function can vary between different codegen units
    = note: furthermore, different functions could have the same address after being merged together
    = note: for more information visit <https://doc.rust-lang.org/nightly/core/ptr/fn.fn_addr_eq.html>

warning: function pointer comparisons do not produce meaningful results since their addresses are not guaranteed to be unique
   --> core/types.rs:726:5
    |
719 | #[derive(Debug, Clone, PartialEq)]
    |                        --------- in this derive macro expansion
...
726 |     pub aggregate_destructor: Option<ContextDestructor>,
    |     ^^^^^^^^^^^^^^^^^^^^^^^^^^^^^^^^^^^^^^^^^^^^^^^^^^^
    |
    = note: the address of the same function can vary between different codegen units
    = note: furthermore, different functions could have the same address after being merged together
    = note: for more information visit <https://doc.rust-lang.org/nightly/core/ptr/fn.fn_addr_eq.html>

warning: function pointer comparisons do not produce meaningful results since their addresses are not guaranteed to be unique
   --> core/types.rs:727:5
    |
719 | #[derive(Debug, Clone, PartialEq)]
    |                        --------- in this derive macro expansion
...
727 |     pub value_destructor: Option<ValueDestructor>,
    |     ^^^^^^^^^^^^^^^^^^^^^^^^^^^^^^^^^^^^^^^^^^^^^
    |
    = note: the address of the same function can vary between different codegen units
    = note: furthermore, different functions could have the same address after being merged together
    = note: for more information visit <https://doc.rust-lang.org/nightly/core/ptr/fn.fn_addr_eq.html>

warning: hiding a lifetime that's elided elsewhere is confusing
  --> core/vector/operations/slice.rs:73:32
   |
73 |     fn float32_vec_from(slice: &[f32]) -> Vector {
   |                                ^^^^^^     ^^^^^^ the same lifetime is hidden here
   |                                |
   |                                the lifetime is elided here
   |
   = help: the same lifetime is referred to in inconsistent ways, making the signature confusing
   = note: `#[warn(mismatched_lifetime_syntaxes)]` on by default
help: use `'_` for type paths
   |
73 |     fn float32_vec_from(slice: &[f32]) -> Vector<'_> {
   |                                                 ++++

warning: hiding a lifetime that's elided elsewhere is confusing
  --> core/vector/operations/text.rs:69:56
   |
69 | pub fn vector_from_text(vector_type: VectorType, text: &str) -> Result<Vector> {
   |                                                        ^^^^            ^^^^^^ the same lifetime is hidden here
   |                                                        |
   |                                                        the lifetime is elided here
   |
   = help: the same lifetime is referred to in inconsistent ways, making the signature confusing
help: use `'_` for type paths
   |
69 | pub fn vector_from_text(vector_type: VectorType, text: &str) -> Result<Vector<'_>> {
   |                                                                              ++++

warning: specialization is experimental
  --> core/alloc/collections/iterator.rs:43:5
   |
43 |     default fn try_from_result_iter(iter: I) -> Result<Self, TryReserveError> {
   |     ^^^^^^^
   |
   = note: see issue #31844 <https://github.com/rust-lang/rust/issues/31844> for more information
   = warning: unstable syntax can change at any point in the future, causing a hard error!
   = note: for more information, see issue #154045 <https://github.com/rust-lang/rust/issues/154045>

warning: `turso_core` (lib test) generated 13 warnings (run `cargo fix --lib -p turso_core --tests` to apply 6 suggestions)
    Finished `dev` profile [unoptimized + debuginfo] target(s) in 55.37s

Exit: 0
Timed out: False
