Command: rustup run 1.42.0 cargo test --locked --offline --test test_buf_mut test_vec_advance_mut -- --nocapture --test-threads=1
Started: 2026-09-24T23:21:58.973514+00:00
STDOUT:

running 1 test
test test_vec_advance_mut ... ok

test result: ok. 1 passed; 0 failed; 0 ignored; 0 measured; 7 filtered out


STDERR:
   Compiling cfg-if v0.1.10
   Compiling scoped-tls v0.1.2
   Compiling bytes v0.5.4 (/home/runner/work/_temp/upstream)
   Compiling libc v0.2.68
   Compiling serde v1.0.105
   Compiling log v0.4.8
   Compiling generator v0.6.20
   Compiling loom v0.2.15
   Compiling serde_test v1.0.105
    Finished test [unoptimized + debuginfo] target(s) in 6.63s
     Running /home/runner/work/_temp/build-20260924T232041Z-c8c5efe2/debug/deps/test_buf_mut-c6a5020d6387dd1b
thread 'main' panicked at 'cannot advance past `remaining_mut`: 12 <= 8', <::core::macros::panic macros>:5:50
note: run with `RUST_BACKTRACE=1` environment variable to display a backtrace

Exit: 0
Timed out: False
