Command: rustup run 1.62.1 cargo test --locked --offline --lib repr::boxed::capacity::tests::test_all_valid_32bit_values -- --exact --nocapture --test-threads=1
Started: 2026-09-24T17:48:19.462080+00:00
STDOUT:

running 0 tests

test result: ok. 0 passed; 0 failed; 0 ignored; 0 measured; 0 filtered out; finished in 0.00s


running 1 test
test repr::boxed::capacity::tests::test_all_valid_32bit_values ... ok

test result: ok. 1 passed; 0 failed; 0 ignored; 0 measured; 156 filtered out; finished in 0.41s


running 0 tests

test result: ok. 0 passed; 0 failed; 0 ignored; 0 measured; 0 filtered out; finished in 0.00s


STDERR:
   Compiling compact_str v0.5.0 (/home/runner/work/_temp/upstream/compact_str)
   Compiling compact_str-fuzz v0.0.0 (/home/runner/work/_temp/upstream/fuzz)
   Compiling benches v0.1.0 (/home/runner/work/_temp/upstream/bench)
    Finished test [unoptimized + debuginfo] target(s) in 5.52s
     Running unittests src/lib.rs (/home/runner/work/_temp/build-20260924T174537Z-2895e6f0/debug/deps/benches-b234e1645826af98)
     Running unittests src/lib.rs (/home/runner/work/_temp/build-20260924T174537Z-2895e6f0/debug/deps/compact_str-1fc795648b1bb9f7)
     Running unittests src/lib.rs (/home/runner/work/_temp/build-20260924T174537Z-2895e6f0/debug/deps/compact_str_fuzz-af0d91a90c639b44)

Exit: 0
Timed out: False
