Command: rustup run 1.62.1 cargo test --locked --offline --lib repr::boxed::capacity::tests::test_all_valid_32bit_values -- --exact --nocapture --test-threads=1
Started: 2026-09-24T17:47:55.272777+00:00
STDOUT:

running 0 tests

test result: ok. 0 passed; 0 failed; 0 ignored; 0 measured; 0 filtered out; finished in 0.00s


running 1 test
test repr::boxed::capacity::tests::test_all_valid_32bit_values ... ok

test result: ok. 1 passed; 0 failed; 0 ignored; 0 measured; 156 filtered out; finished in 0.41s


running 0 tests

test result: ok. 0 passed; 0 failed; 0 ignored; 0 measured; 0 filtered out; finished in 0.00s


STDERR:
   Compiling cfg-if v1.0.0
   Compiling once_cell v1.13.0
   Compiling ryu v1.0.10
   Compiling itoa v1.0.2
   Compiling scopeguard v1.1.0
   Compiling lazy_static v1.4.0
   Compiling either v1.7.0
   Compiling regex-syntax v0.6.27
   Compiling bitflags v1.3.2
   Compiling bytes v1.2.0
   Compiling unicode-width v0.1.9
   Compiling ppv-lite86 v0.2.16
   Compiling plotters-backend v0.3.4
   Compiling regex-automata v0.1.10
   Compiling half v1.8.2
   Compiling cast v0.3.0
   Compiling itoa v0.4.8
   Compiling same-file v1.0.6
   Compiling static_assertions v1.1.0
   Compiling oorandom v11.1.3
   Compiling quick-error v2.0.1
   Compiling byteorder v1.4.3
   Compiling iai v0.1.1
   Compiling itertools v0.10.3
   Compiling textwrap v0.11.0
   Compiling plotters-svg v0.3.2
   Compiling walkdir v2.3.2
   Compiling libc v0.2.126
   Compiling crossbeam-utils v0.8.11
   Compiling memchr v2.5.0
   Compiling clap v2.34.0
   Compiling memoffset v0.6.5
   Compiling num-traits v0.2.15
   Compiling regex v1.6.0
   Compiling getrandom v0.2.7
   Compiling num_cpus v1.13.1
   Compiling atty v0.2.14
   Compiling criterion-plot v0.4.5
   Compiling crossbeam-channel v0.5.6
   Compiling castaway v0.2.2
   Compiling smartstring v1.0.1
   Compiling crossbeam-epoch v0.9.10
   Compiling csv-core v0.1.10
   Compiling plotters v0.3.2
   Compiling rand_core v0.6.3
   Compiling compact_str v0.5.0 (/home/runner/work/_temp/upstream/compact_str)
   Compiling crossbeam-deque v0.8.2
   Compiling rand_chacha v0.3.1
   Compiling rand_xorshift v0.3.0
   Compiling rayon-core v1.9.3
   Compiling serde v1.0.140
   Compiling arbitrary v1.1.3
   Compiling rand v0.8.5
   Compiling rayon v1.5.3
   Compiling compact_str-fuzz v0.0.0 (/home/runner/work/_temp/upstream/fuzz)
   Compiling proptest v1.0.0
   Compiling bstr v0.2.17
   Compiling serde_json v1.0.82
   Compiling serde_cbor v0.11.2
   Compiling smol_str v0.1.23
   Compiling csv v1.1.6
   Compiling tinytemplate v1.2.1
   Compiling criterion v0.3.6
   Compiling benches v0.1.0 (/home/runner/work/_temp/upstream/bench)
    Finished test [unoptimized + debuginfo] target(s) in 23.57s
     Running unittests src/lib.rs (/home/runner/work/_temp/build-20260924T174537Z-2895e6f0/debug/deps/benches-b234e1645826af98)
     Running unittests src/lib.rs (/home/runner/work/_temp/build-20260924T174537Z-2895e6f0/debug/deps/compact_str-1fc795648b1bb9f7)
     Running unittests src/lib.rs (/home/runner/work/_temp/build-20260924T174537Z-2895e6f0/debug/deps/compact_str_fuzz-af0d91a90c639b44)

Exit: 0
Timed out: False
