Command: rustup run 1.62.1 cargo fetch --locked
Started: 2026-09-24T17:47:32.639985+00:00
STDOUT:

STDERR:
 Downloading crates ...
  Downloaded quote v1.0.20 (registry `era`)
  Downloaded byteorder v1.4.3 (registry `era`)
  Downloaded cast v0.3.0 (registry `era`)
  Downloaded csv-core v0.1.10 (registry `era`)
  Downloaded proc-macro2 v1.0.40 (registry `era`)
  Downloaded unicode-ident v1.0.2 (registry `era`)
  Downloaded strsim v0.10.0 (registry `era`)
  Downloaded log v0.4.17 (registry `era`)
  Downloaded itoa v0.4.8 (registry `era`)
  Downloaded regex-automata v0.1.10 (registry `era`)
  Downloaded memchr v2.5.0 (registry `era`)
  Downloaded memmap v0.7.0 (registry `era`)
  Downloaded getrandom v0.2.7 (registry `era`)
  Downloaded wasm-bindgen v0.2.81 (registry `era`)
  Downloaded itertools v0.10.3 (registry `era`)
  Downloaded js-sys v0.3.58 (registry `era`)
  Downloaded hermit-abi v0.1.19 (registry `era`)
  Downloaded oorandom v11.1.3 (registry `era`)
  Downloaded plotters-svg v0.3.2 (registry `era`)
  Downloaded wasm-bindgen-shared v0.2.81 (registry `era`)
  Downloaded plotters-backend v0.3.4 (registry `era`)
  Downloaded wasm-bindgen-backend v0.2.81 (registry `era`)
  Downloaded xdg v2.4.1 (registry `era`)
  Downloaded derive_arbitrary v1.1.3 (registry `era`)
  Downloaded wasm-bindgen-macro-support v0.2.81 (registry `era`)
  Downloaded bumpalo v3.10.0 (registry `era`)
  Downloaded clap_lex v0.2.4 (registry `era`)
  Downloaded wasm-bindgen-macro v0.2.81 (registry `era`)
  Downloaded num_cpus v1.13.1 (registry `era`)
  Downloaded quickcheck_macros v1.0.0 (registry `era`)
  Downloaded rustc_version v0.4.0 (registry `era`)
  Downloaded quickcheck v1.0.3 (registry `era`)
  Downloaded static_assertions v1.1.0 (registry `era`)
  Downloaded autocfg v1.1.0 (registry `era`)
  Downloaded crossbeam-utils v0.8.11 (registry `era`)
  Downloaded arbitrary v1.1.3 (registry `era`)
  Downloaded rand_chacha v0.3.1 (registry `era`)
  Downloaded cfg-if v1.0.0 (registry `era`)
  Downloaded itoa v1.0.2 (registry `era`)
  Downloaded markup-proc-macro v0.13.1 (registry `era`)
  Downloaded dirs v4.0.0 (registry `era`)
  Downloaded scopeguard v1.1.0 (registry `era`)
  Downloaded same-file v1.0.6 (registry `era`)
  Downloaded structmeta v0.1.5 (registry `era`)
  Downloaded lazy_static v1.4.0 (registry `era`)
  Downloaded structmeta-derive v0.1.5 (registry `era`)
  Downloaded dirs-sys v0.3.7 (registry `era`)
  Downloaded redox_users v0.4.3 (registry `era`)
  Downloaded either v1.7.0 (registry `era`)
  Downloaded memoffset v0.6.5 (registry `era`)
  Downloaded rand_xorshift v0.3.0 (registry `era`)
  Downloaded version_check v0.9.4 (registry `era`)
  Downloaded winapi-util v0.1.5 (registry `era`)
  Downloaded smol_str v0.1.23 (registry `era`)
  Downloaded atty v0.2.14 (registry `era`)
  Downloaded web-sys v0.3.58 (registry `era`)
  Downloaded castaway v0.2.2 (registry `era`)
  Downloaded crossbeam-deque v0.8.2 (registry `era`)
  Downloaded criterion-plot v0.4.5 (registry `era`)
  Downloaded csv v1.1.6 (registry `era`)
  Downloaded quick-error v2.0.1 (registry `era`)
  Downloaded semver v1.0.12 (registry `era`)
  Downloaded tinytemplate v1.2.1 (registry `era`)
  Downloaded redox_syscall v0.2.15 (registry `era`)
  Downloaded termcolor v1.1.3 (registry `era`)
  Downloaded unicode-width v0.1.9 (registry `era`)
  Downloaded os_str_bytes v6.2.0 (registry `era`)
  Downloaded iai v0.1.1 (registry `era`)
  Downloaded thiserror v1.0.31 (registry `era`)
  Downloaded smartstring v1.0.1 (registry `era`)
  Downloaded once_cell v1.13.0 (registry `era`)
  Downloaded thiserror-impl v1.0.31 (registry `era`)
  Downloaded textwrap v0.11.0 (registry `era`)
  Downloaded rustversion v1.0.8 (registry `era`)
  Downloaded rand_core v0.6.3 (registry `era`)
  Downloaded test-strategy v0.2.0 (registry `era`)
  Downloaded wasi v0.11.0+wasi-snapshot-preview1 (registry `era`)
  Downloaded bitflags v1.3.2 (registry `era`)
  Downloaded cc v1.0.73 (registry `era`)
  Downloaded ppv-lite86 v0.2.16 (registry `era`)
  Downloaded markup v0.13.1 (registry `era`)
  Downloaded walkdir v2.3.2 (registry `era`)
  Downloaded ryu v1.0.10 (registry `era`)
  Downloaded half v1.8.2 (registry `era`)
  Downloaded serde_derive v1.0.140 (registry `era`)
  Downloaded crossbeam-epoch v0.9.10 (registry `era`)
  Downloaded serde_cbor v0.11.2 (registry `era`)
  Downloaded num-traits v0.2.15 (registry `era`)
  Downloaded textwrap v0.15.0 (registry `era`)
  Downloaded rayon-core v1.9.3 (registry `era`)
  Downloaded bytes v1.2.0 (registry `era`)
  Downloaded indexmap v1.9.1 (registry `era`)
  Downloaded serde v1.0.140 (registry `era`)
  Downloaded compact_str v0.5.1 (registry `era`)
  Downloaded crossbeam-channel v0.5.6 (registry `era`)
  Downloaded libfuzzer-sys v0.4.3 (registry `era`)
  Downloaded hashbrown v0.12.3 (registry `era`)
  Downloaded rand v0.8.5 (registry `era`)
  Downloaded bstr v0.2.17 (registry `era`)
  Downloaded clap v2.34.0 (registry `era`)
  Downloaded criterion v0.3.6 (registry `era`)
  Downloaded rayon v1.5.3 (registry `era`)
  Downloaded serde_json v1.0.82 (registry `era`)
  Downloaded plotters v0.3.2 (registry `era`)
  Downloaded proptest v1.0.0 (registry `era`)
  Downloaded syn v1.0.98 (registry `era`)
  Downloaded clap v3.2.14 (registry `era`)
  Downloaded regex v1.6.0 (registry `era`)
  Downloaded regex-syntax v0.6.27 (registry `era`)
  Downloaded honggfuzz v0.5.54 (registry `era`)
  Downloaded libc v0.2.126 (registry `era`)
  Downloaded winapi v0.3.9 (registry `era`)
  Downloaded winapi-i686-pc-windows-gnu v0.4.0 (registry `era`)
  Downloaded winapi-x86_64-pc-windows-gnu v0.4.0 (registry `era`)
  Downloaded afl v0.12.4 (registry `era`)

Exit: 0
Timed out: False
