Command: rustup run 1.62.1 cargo check --locked --offline --tests
Started: 2026-09-24T17:47:34.318363+00:00
STDOUT:

STDERR:
   Compiling proc-macro2 v1.0.40
   Compiling quote v1.0.20
   Compiling unicode-ident v1.0.2
   Compiling syn v1.0.98
   Compiling autocfg v1.1.0
   Compiling serde_derive v1.0.140
   Compiling serde v1.0.140
    Checking cfg-if v1.0.0
   Compiling libc v0.2.126
    Checking ryu v1.0.10
    Checking itoa v1.0.2
   Compiling rustversion v1.0.8
   Compiling crossbeam-utils v0.8.11
    Checking once_cell v1.13.0
    Checking bytes v1.2.0
   Compiling rayon-core v1.9.3
    Checking scopeguard v1.1.0
   Compiling memchr v2.5.0
   Compiling serde_json v1.0.82
    Checking lazy_static v1.4.0
    Checking either v1.7.0
    Checking bitflags v1.3.2
    Checking regex-syntax v0.6.27
    Checking plotters-backend v0.3.4
    Checking unicode-width v0.1.9
    Checking ppv-lite86 v0.2.16
   Compiling version_check v0.9.4
    Checking regex-automata v0.1.10
    Checking itoa v0.4.8
    Checking same-file v1.0.6
    Checking cast v0.3.0
    Checking half v1.8.2
    Checking quick-error v2.0.1
    Checking byteorder v1.4.3
    Checking static_assertions v1.1.0
    Checking oorandom v11.1.3
    Checking iai v0.1.1
   Compiling memoffset v0.6.5
   Compiling crossbeam-epoch v0.9.10
   Compiling num-traits v0.2.15
   Compiling rayon v1.5.3
    Checking itertools v0.10.3
    Checking textwrap v0.11.0
    Checking plotters-svg v0.3.2
    Checking walkdir v2.3.2
   Compiling smartstring v1.0.1
    Checking clap v2.34.0
    Checking regex v1.6.0
    Checking crossbeam-channel v0.5.6
    Checking criterion-plot v0.4.5
    Checking getrandom v0.2.7
    Checking num_cpus v1.13.1
    Checking atty v0.2.14
    Checking csv-core v0.1.10
    Checking castaway v0.2.2
    Checking rand_core v0.6.3
    Checking plotters v0.3.2
    Checking crossbeam-deque v0.8.2
    Checking compact_str v0.5.0 (/home/runner/work/_temp/upstream/compact_str)
    Checking rand_chacha v0.3.1
    Checking rand_xorshift v0.3.0
    Checking rand v0.8.5
    Checking proptest v1.0.0
   Compiling structmeta-derive v0.1.5
   Compiling derive_arbitrary v1.1.3
   Compiling quickcheck_macros v1.0.0
    Checking arbitrary v1.1.3
    Checking compact_str-fuzz v0.0.0 (/home/runner/work/_temp/upstream/fuzz)
   Compiling structmeta v0.1.5
   Compiling test-strategy v0.2.0
    Checking compact_str v0.5.1
    Checking bstr v0.2.17
    Checking serde_cbor v0.11.2
    Checking smol_str v0.1.23
    Checking bytes v0.1.0 (/home/runner/work/_temp/upstream/examples/bytes)
    Checking macros v0.1.0 (/home/runner/work/_temp/upstream/examples/macros)
    Checking traits v0.1.0 (/home/runner/work/_temp/upstream/examples/traits)
    Checking csv v1.1.6
    Checking tinytemplate v1.2.1
    Checking serde v0.1.0 (/home/runner/work/_temp/upstream/examples/serde)
    Checking criterion v0.3.6
    Checking benches v0.1.0 (/home/runner/work/_temp/upstream/bench)
    Finished dev [unoptimized + debuginfo] target(s) in 20.79s

Exit: 0
Timed out: False
