Command: rustup run 1.49.0 cargo test --locked --offline --lib impls::test_cows_regression -- --exact --nocapture --test-threads=1
Started: 2026-09-23T22:43:12.278824+00:00
STDOUT:

running 1 test
test impls::test_cows_regression ... ok

test result: ok. 1 passed; 0 failed; 0 ignored; 0 measured; 59 filtered out


STDERR:
   Compiling cfg-if v1.0.0
   Compiling regex-syntax v0.6.22
   Compiling byteorder v1.4.2
   Compiling lazy_static v1.4.0
   Compiling unicode-segmentation v1.7.1
   Compiling libc v0.2.85
   Compiling memchr v2.3.4
   Compiling regex-automata v0.1.9
   Compiling getrandom v0.2.2
   Compiling rand_core v0.6.1
   Compiling rand v0.8.3
   Compiling quickcheck v1.0.3
   Compiling regex v1.4.3
   Compiling ucd-parse v0.1.8
   Compiling bstr v0.2.14 (/home/runner/work/_temp/upstream)
    Finished test [unoptimized + debuginfo] target(s) in 5.92s
     Running /home/runner/work/_temp/build-20260923T224210Z-e821a73d/debug/deps/bstr-11999c287a5eddc6

Exit: 0
Timed out: False
