Command: rustup run 1.60.0 cargo test --locked --offline --lib tests::test_forbid_response_with_invalid_char_between_header_name_and_colon -- --exact --nocapture --test-threads=1
Started: 2026-09-24T20:50:02.534975+00:00
STDOUT:

running 1 test
test tests::test_forbid_response_with_invalid_char_between_header_name_and_colon ... FAILED

failures:

failures:
    tests::test_forbid_response_with_invalid_char_between_header_name_and_colon

test result: FAILED. 0 passed; 1 failed; 0 ignored; 0 measured; 64 filtered out; finished in 0.00s


STDERR:
   Compiling httparse v1.7.0 (/home/runner/work/_temp/upstream)
    Finished test [unoptimized + debuginfo] target(s) in 0.69s
     Running unittests (/home/runner/work/_temp/build-20260924T204815Z-f8bb389b/debug/deps/httparse-66e89dd7c99a3acd)
thread 'main' panicked at 'assertion failed: `(left == right)`
  left: `Ok(Complete(77))`,
 right: `Err(HeaderName)`', src/lib.rs:1916:9
note: run with `RUST_BACKTRACE=1` environment variable to display a backtrace
error: test failed, to rerun pass '--lib'

Exit: 101
Timed out: False
