Command: rustup run 1.60.0 cargo fetch --locked
Started: 2026-09-24T20:49:37.812603+00:00
STDOUT:

STDERR:
 Downloading crates ...
  Downloaded crossbeam-deque v0.8.1 (registry `era`)
  Downloaded crossbeam-epoch v0.9.8 (registry `era`)
  Downloaded scopeguard v1.1.0 (registry `era`)
  Downloaded memoffset v0.6.5 (registry `era`)
  Downloaded crossbeam-channel v0.5.4 (registry `era`)
  Downloaded plotters-backend v0.3.2 (registry `era`)
  Downloaded atty v0.2.14 (registry `era`)
  Downloaded cast v0.2.7 (registry `era`)
  Downloaded wasm-bindgen-macro v0.2.80 (registry `era`)
  Downloaded oorandom v11.1.3 (registry `era`)
  Downloaded plotters-svg v0.3.1 (registry `era`)
  Downloaded itoa v1.0.1 (registry `era`)
  Downloaded wasm-bindgen-shared v0.2.80 (registry `era`)
  Downloaded hermit-abi v0.1.19 (registry `era`)
  Downloaded either v1.6.1 (registry `era`)
  Downloaded itoa v0.4.8 (registry `era`)
  Downloaded num_cpus v1.13.1 (registry `era`)
  Downloaded same-file v1.0.6 (registry `era`)
  Downloaded rustc_version v0.4.0 (registry `era`)
  Downloaded winapi-util v0.1.5 (registry `era`)
  Downloaded lazy_static v1.4.0 (registry `era`)
  Downloaded unicode-xid v0.2.2 (registry `era`)
  Downloaded autocfg v1.1.0 (registry `era`)
  Downloaded cfg-if v1.0.0 (registry `era`)
  Downloaded unicode-width v0.1.9 (registry `era`)
  Downloaded quote v1.0.18 (registry `era`)
  Downloaded wasm-bindgen-macro-support v0.2.80 (registry `era`)
  Downloaded tinytemplate v1.2.1 (registry `era`)
  Downloaded textwrap v0.11.0 (registry `era`)
  Downloaded semver v1.0.7 (registry `era`)
  Downloaded csv-core v0.1.10 (registry `era`)
  Downloaded walkdir v2.3.2 (registry `era`)
  Downloaded wasm-bindgen-backend v0.2.80 (registry `era`)
  Downloaded criterion-plot v0.4.4 (registry `era`)
  Downloaded proc-macro2 v1.0.37 (registry `era`)
  Downloaded log v0.4.16 (registry `era`)
  Downloaded bitflags v1.3.2 (registry `era`)
  Downloaded half v1.8.2 (registry `era`)
  Downloaded ryu v1.0.9 (registry `era`)
  Downloaded num-traits v0.2.14 (registry `era`)
  Downloaded crossbeam-utils v0.8.8 (registry `era`)
  Downloaded serde_cbor v0.11.2 (registry `era`)
  Downloaded serde_derive v1.0.136 (registry `era`)
  Downloaded memchr v2.4.1 (registry `era`)
  Downloaded bumpalo v3.9.1 (registry `era`)
  Downloaded rayon-core v1.9.2 (registry `era`)
  Downloaded js-sys v0.3.57 (registry `era`)
  Downloaded serde v1.0.136 (registry `era`)
  Downloaded itertools v0.10.3 (registry `era`)
  Downloaded regex-automata v0.1.10 (registry `era`)
  Downloaded criterion v0.3.5 (registry `era`)
  Downloaded serde_json v1.0.79 (registry `era`)
  Downloaded wasm-bindgen v0.2.80 (registry `era`)
  Downloaded rayon v1.5.2 (registry `era`)
  Downloaded clap v2.34.0 (registry `era`)
  Downloaded syn v1.0.91 (registry `era`)
  Downloaded regex v1.5.5 (registry `era`)
  Downloaded regex-syntax v0.6.25 (registry `era`)
  Downloaded bstr v0.2.17 (registry `era`)
  Downloaded libc v0.2.124 (registry `era`)
  Downloaded web-sys v0.3.57 (registry `era`)
  Downloaded csv v1.1.6 (registry `era`)
  Downloaded winapi v0.3.9 (registry `era`)
  Downloaded winapi-x86_64-pc-windows-gnu v0.4.0 (registry `era`)
  Downloaded winapi-i686-pc-windows-gnu v0.4.0 (registry `era`)
  Downloaded plotters v0.3.1 (registry `era`)

Exit: 0
Timed out: False
