Command: rustup run 1.60.0 cargo check --locked --offline --tests
Started: 2026-09-24T20:49:38.872102+00:00
STDOUT:

STDERR:
   Compiling autocfg v1.1.0
    Checking lazy_static v1.4.0
   Compiling semver v1.0.7
   Compiling crossbeam-utils v0.8.8
   Compiling serde v1.0.136
    Checking cfg-if v1.0.0
   Compiling libc v0.2.124
   Compiling memchr v2.4.1
   Compiling proc-macro2 v1.0.37
   Compiling rayon-core v1.9.2
   Compiling unicode-xid v0.2.2
    Checking scopeguard v1.1.0
    Checking ryu v1.0.9
   Compiling syn v1.0.91
    Checking either v1.6.1
   Compiling serde_json v1.0.79
   Compiling serde_derive v1.0.136
    Checking itoa v1.0.1
    Checking unicode-width v0.1.9
    Checking regex-automata v0.1.10
    Checking plotters-backend v0.3.2
    Checking regex-syntax v0.6.25
    Checking itoa v0.4.8
    Checking half v1.8.2
   Compiling httparse v1.7.0 (/home/runner/work/_temp/upstream)
    Checking bitflags v1.3.2
    Checking same-file v1.0.6
    Checking oorandom v11.1.3
   Compiling memoffset v0.6.5
   Compiling crossbeam-epoch v0.9.8
   Compiling num-traits v0.2.14
   Compiling rayon v1.5.2
    Checking itertools v0.10.3
    Checking textwrap v0.11.0
    Checking plotters-svg v0.3.1
    Checking walkdir v2.3.2
    Checking clap v2.34.0
    Checking regex v1.5.5
   Compiling rustc_version v0.4.0
    Checking crossbeam-channel v0.5.4
    Checking num_cpus v1.13.1
    Checking atty v0.2.14
    Checking csv-core v0.1.10
   Compiling quote v1.0.18
   Compiling cast v0.2.7
    Checking crossbeam-deque v0.8.1
    Checking bstr v0.2.17
    Checking serde_cbor v0.11.2
    Checking plotters v0.3.1
    Checking csv v1.1.6
    Checking criterion-plot v0.4.4
    Checking tinytemplate v1.2.1
    Checking criterion v0.3.5
    Finished dev [unoptimized + debuginfo] target(s) in 12.32s

Exit: 0
Timed out: False
