Command: rustup run 1.27.0 cargo test --locked --lib test::test_f16_to_f32 -- --exact --nocapture --test-threads=1
Started: 2026-09-24T00:18:34.552157+00:00
STDOUT:

running 1 test
test test::test_f16_to_f32 ... FAILED

failures:

failures:
    test::test_f16_to_f32

test result: FAILED. 0 passed; 1 failed; 0 ignored; 0 measured; 5 filtered out


STDERR:
   Compiling half v1.1.0 (file:///home/runner/work/_temp/upstream)
    Finished dev [unoptimized + debuginfo] target(s) in 0.46s
     Running /home/runner/work/_temp/build-20260924T001757Z-474a4bc6/debug/deps/half-01d05106ce1b8d31
thread 'test::test_f16_to_f32' panicked at 'assertion failed: `(left == right)`
  left: `0.00000005966285`,
 right: `0.000000059604645`', src/lib.rs:1015:9
note: Run with `RUST_BACKTRACE=1` for a backtrace.
error: test failed, to rerun pass '--lib'

Exit: 101
Timed out: False
