Command: rustup run 1.54.0 cargo test --locked --offline --test test_edit test_insert_values -- --nocapture --test-threads=1
Started: 2026-09-25T11:49:00.216569+00:00
STDOUT:

running 1 test
test tests::test_insert_values ... FAILED

failures:

failures:
    tests::test_insert_values

test result: FAILED. 0 passed; 1 failed; 0 ignored; 0 measured; 21 filtered out; finished in 0.00s


STDERR:
   Compiling toml_edit v0.2.1 (/home/runner/work/_temp/upstream)
    Finished test [optimized + debuginfo] target(s) in 22.93s
     Running tests/test_edit.rs (/home/runner/work/_temp/build-20260925T114611Z-c6871e3a/debug/deps/test_edit-f5e6cdb99dbc1ff2)
thread 'main' panicked at 'assertion failed: `(left == right)`

[1mDiff[0m [31m< left[0m / [32mright >[0m :
 
 [tbl]
 key1 = "value1"
 key2 = 42
[31m<key3 = 8.1415926[0m
[32m>key3 = 8.1415926[0m[1;48;5;22;32me0[0m
 
         [tbl.son]
 

', tests/test_edit.rs:62:13
note: run with `RUST_BACKTRACE=1` environment variable to display a backtrace
error: test failed, to rerun pass '--test test_edit'

Exit: 101
Timed out: False
