Command: rustup run 1.94.0 cargo fetch --locked
Started: 2026-09-24T00:36:51.201258+00:00
STDOUT:

STDERR:
warning: both `/home/runner/work/_temp/upstream/.cargo/config` and `/home/runner/work/_temp/upstream/.cargo/config.toml` exist. Using `/home/runner/work/_temp/upstream/.cargo/config`
 Downloading crates ...
  Downloaded unicode-ident v1.0.24 (registry `era`)
  Downloaded quote v1.0.45 (registry `era`)
  Downloaded wasm-bindgen-test-macro v0.3.64 (registry `era`)
  Downloaded wasm-bindgen-test-shared v0.2.114 (registry `era`)
  Downloaded wasm-bindgen-futures v0.4.64 (registry `era`)
  Downloaded block-buffer v0.10.4 (registry `era`)
  Downloaded proc-macro2 v1.0.106 (registry `era`)
  Downloaded version_check v0.9.5 (registry `era`)
  Downloaded windows-link v0.2.1 (registry `era`)
  Downloaded autocfg v1.5.0 (registry `era`)
  Downloaded proc-macro-crate v3.5.0 (registry `era`)
  Downloaded bytemuck_derive v1.10.2 (registry `era`)
  Downloaded id-arena v2.3.0 (registry `era`)
  Downloaded unicode-xid v0.2.6 (registry `era`)
  Downloaded windows-targets v0.48.5 (registry `era`)
  Downloaded futures-task v0.3.32 (registry `era`)
  Downloaded atomic v0.6.1 (registry `era`)
  Downloaded cfg_aliases v0.2.1 (registry `era`)
  Downloaded cfg-if v1.0.4 (registry `era`)
  Downloaded serde_spanned v1.1.0 (registry `era`)
  Downloaded cpufeatures v0.3.0 (registry `era`)
  Downloaded same-file v1.0.6 (registry `era`)
  Downloaded generic-array v0.14.7 (registry `era`)
  Downloaded wasm-bindgen-shared v0.2.114 (registry `era`)
  Downloaded heck v0.5.0 (registry `era`)
  Downloaded md-5 v0.10.6 (registry `era`)
  Downloaded target-triple v1.0.0 (registry `era`)
  Downloaded equivalent v1.0.2 (registry `era`)
  Downloaded itoa v1.0.18 (registry `era`)
  Downloaded leb128fmt v0.1.0 (registry `era`)
  Downloaded futures-core v0.3.32 (registry `era`)
  Downloaded wasm-bindgen-macro v0.2.114 (registry `era`)
  Downloaded cast v0.3.0 (registry `era`)
  Downloaded toml_edit v0.25.8+spec-1.1.0 (registry `era`)
  Downloaded crypto-common v0.1.7 (registry `era`)
  Downloaded toml_writer v1.1.0+spec-1.1.0 (registry `era`)
  Downloaded wit-bindgen-rust-macro v0.51.0 (registry `era`)
  Downloaded wasm-bindgen-test v0.3.64 (registry `era`)
  Downloaded borsh-derive v1.6.1 (registry `era`)
  Downloaded sha1_smol v1.0.1 (registry `era`)
  Downloaded erased-serde v0.3.31 (registry `era`)
  Downloaded semver v1.0.27 (registry `era`)
  Downloaded serde_test v1.0.177 (registry `era`)
  Downloaded digest v0.10.7 (registry `era`)
  Downloaded termcolor v1.4.1 (registry `era`)
  Downloaded arbitrary v1.4.2 (registry `era`)
  Downloaded toml_parser v1.1.0+spec-1.1.0 (registry `era`)
  Downloaded bytemuck v1.25.0 (registry `era`)
  Downloaded glob v0.3.3 (registry `era`)
  Downloaded once_cell v1.21.4 (registry `era`)
  Downloaded bitflags v2.11.0 (registry `era`)
  Downloaded chacha20 v0.10.0 (registry `era`)
  Downloaded borsh v1.6.1 (registry `era`)
  Downloaded wasm-bindgen-macro-support v0.2.114 (registry `era`)
  Downloaded log v0.4.29 (registry `era`)
  Downloaded r-efi v6.0.0 (registry `era`)
  Downloaded typenum v1.19.0 (registry `era`)
  Downloaded wit-bindgen v0.51.0 (registry `era`)
  Downloaded indexmap v2.13.0 (registry `era`)
  Downloaded cc v1.2.57 (registry `era`)
  Downloaded js-sys v0.3.91 (registry `era`)
  Downloaded wasip2 v1.0.1+wasi-0.2.4 (registry `era`)
  Downloaded hashbrown v0.15.5 (registry `era`)
  Downloaded libm v0.2.16 (registry `era`)
  Downloaded winnow v1.0.0 (registry `era`)
  Downloaded futures-util v0.3.32 (registry `era`)
  Downloaded wit-parser v0.244.0 (registry `era`)
  Downloaded serde_json v1.0.149 (registry `era`)
  Downloaded syn v2.0.117 (registry `era`)
  Downloaded wasmparser v0.244.0 (registry `era`)
  Downloaded wit-component v0.244.0 (registry `era`)
  Downloaded zerocopy v0.8.47 (registry `era`)
  Downloaded wasip3 v0.4.0+wasi-0.3.0-rc-2026-01-06 (registry `era`)
  Downloaded windows_aarch64_gnullvm v0.48.5 (registry `era`)
  Downloaded windows_x86_64_gnullvm v0.48.5 (registry `era`)
  Downloaded hashbrown v0.16.1 (registry `era`)
  Downloaded rand v0.10.0 (registry `era`)
  Downloaded memchr v2.8.0 (registry `era`)
  Downloaded serde v1.0.228 (registry `era`)
  Downloaded zerocopy-derive v0.8.47 (registry `era`)
  Downloaded bumpalo v3.20.2 (registry `era`)
  Downloaded slog v2.8.2 (registry `era`)
  Downloaded toml v1.1.0+spec-1.1.0 (registry `era`)
  Downloaded wit-bindgen v0.46.0 (registry `era`)
  Downloaded prettyplease v0.2.37 (registry `era`)
  Downloaded wasm-encoder v0.244.0 (registry `era`)
  Downloaded web-sys v0.3.91 (registry `era`)
  Downloaded getrandom v0.4.2 (registry `era`)
  Downloaded serde_core v1.0.228 (registry `era`)
  Downloaded wit-bindgen-core v0.51.0 (registry `era`)
  Downloaded minicov v0.3.8 (registry `era`)
  Downloaded num-traits v0.2.19 (registry `era`)
  Downloaded serde_derive v1.0.228 (registry `era`)
  Downloaded wasm-bindgen v0.2.114 (registry `era`)
  Downloaded pin-project-lite v0.2.17 (registry `era`)
  Downloaded windows_aarch64_msvc v0.48.5 (registry `era`)
  Downloaded windows_x86_64_msvc v0.48.5 (registry `era`)
  Downloaded windows_i686_gnu v0.48.5 (registry `era`)
  Downloaded windows_x86_64_gnu v0.48.5 (registry `era`)
  Downloaded anyhow v1.0.102 (registry `era`)
  Downloaded libc v0.2.183 (registry `era`)
  Downloaded windows_i686_msvc v0.48.5 (registry `era`)
  Downloaded wit-bindgen-rust v0.51.0 (registry `era`)
  Downloaded zmij v1.0.21 (registry `era`)
  Downloaded winapi-util v0.1.11 (registry `era`)
  Downloaded walkdir v2.5.0 (registry `era`)
  Downloaded trybuild v1.0.116 (registry `era`)
  Downloaded wasm-metadata v0.244.0 (registry `era`)
  Downloaded find-msvc-tools v0.1.9 (registry `era`)
  Downloaded slab v0.4.12 (registry `era`)
  Downloaded toml_datetime v1.1.0+spec-1.1.0 (registry `era`)
  Downloaded foldhash v0.1.5 (registry `era`)
  Downloaded rand_core v0.10.0 (registry `era`)
  Downloaded nu-ansi-term v0.50.3 (registry `era`)
  Downloaded rustversion v1.0.22 (registry `era`)
  Downloaded async-trait v0.1.89 (registry `era`)
  Downloaded oorandom v11.1.5 (registry `era`)
  Downloaded shlex v1.3.0 (registry `era`)
  Downloaded windows-sys v0.61.2 (registry `era`)
  Downloaded windows-sys v0.48.0 (registry `era`)

Exit: 0
Timed out: False
