Command: rustup run 1.48.0 cargo test --locked --offline --lib pop_if_empty_in_bounds -- --exact --nocapture --test-threads=1
Started: 2026-09-24T00:48:26.149875+00:00
STDOUT:

running 0 tests

test result: ok. 0 passed; 0 failed; 0 ignored; 0 measured; 0 filtered out


running 0 tests

test result: ok. 0 passed; 0 failed; 0 ignored; 0 measured; 0 filtered out


running 0 tests

test result: ok. 0 passed; 0 failed; 0 ignored; 0 measured; 1 filtered out


running 0 tests

test result: ok. 0 passed; 0 failed; 0 ignored; 0 measured; 0 filtered out


running 0 tests

test result: ok. 0 passed; 0 failed; 0 ignored; 0 measured; 0 filtered out


STDERR:
   Compiling url v2.2.0 (/home/runner/work/_temp/upstream/url)
    Finished test [unoptimized + debuginfo] target(s) in 0.41s
     Running /home/runner/work/_temp/build-20260924T004727Z-84040b50/debug/deps/data_url-7ed3987768d1cbe4
     Running /home/runner/work/_temp/build-20260924T004727Z-84040b50/debug/deps/form_urlencoded-750e2138a8433c69
     Running /home/runner/work/_temp/build-20260924T004727Z-84040b50/debug/deps/idna-5bd79aec67c2d9f4
     Running /home/runner/work/_temp/build-20260924T004727Z-84040b50/debug/deps/percent_encoding-2b75b546f2e6427e
     Running /home/runner/work/_temp/build-20260924T004727Z-84040b50/debug/deps/url-5b6c892a1ee358aa

Exit: 0
Timed out: False
