Command: rustup run 1.59.0 cargo check --locked --offline --tests
Started: 2026-09-24T18:13:21.896004+00:00
STDOUT:

STDERR:
   Compiling autocfg v1.1.0
   Compiling libc v0.2.120
    Checking cfg-if v1.0.0
    Checking lazy_static v1.4.0
   Compiling crossbeam-utils v0.8.8
   Compiling semver v1.0.6
   Compiling serde v1.0.136
   Compiling memchr v2.4.1
   Compiling proc-macro2 v1.0.36
   Compiling unicode-xid v0.2.2
    Checking scopeguard v1.1.0
   Compiling rayon-core v1.9.1
    Checking ryu v1.0.9
    Checking either v1.6.1
   Compiling syn v1.0.89
   Compiling serde_json v1.0.79
    Checking bitflags v1.3.2
    Checking unicode-width v0.1.9
    Checking itoa v1.0.1
   Compiling serde_derive v1.0.136
    Checking regex-automata v0.1.10
    Checking remove_dir_all v0.5.3
    Checking fastrand v1.7.0
    Checking regex-syntax v0.6.25
    Checking plotters-backend v0.3.2
    Checking ppv-lite86 v0.2.16
    Checking same-file v1.0.6
    Checking fnv v1.0.7
    Checking bit-vec v0.6.3
    Checking quick-error v1.2.3
    Checking half v1.8.2
    Checking itoa v0.4.8
    Checking str_indices v0.3.1
    Checking quick-error v2.0.1
    Checking byteorder v1.4.3
    Checking oorandom v11.1.3
    Checking smallvec v1.8.0
    Checking unicode-segmentation v1.9.0
   Compiling memoffset v0.6.5
   Compiling crossbeam-epoch v0.9.8
   Compiling num-traits v0.2.14
   Compiling rayon v1.5.1
    Checking itertools v0.10.3
    Checking textwrap v0.11.0
    Checking plotters-svg v0.3.1
    Checking walkdir v2.3.2
    Checking bit-set v0.5.2
    Checking ropey v1.4.0 (/home/runner/work/_temp/upstream)
    Checking clap v2.34.0
    Checking crossbeam-channel v0.5.3
   Compiling rustc_version v0.4.0
    Checking regex v1.5.5
    Checking getrandom v0.2.5
    Checking num_cpus v1.13.1
    Checking wait-timeout v0.2.0
    Checking tempfile v3.3.0
    Checking atty v0.2.14
    Checking csv-core v0.1.10
   Compiling quote v1.0.15
   Compiling cast v0.2.7
    Checking plotters v0.3.1
    Checking rand_core v0.6.3
    Checking rusty-fork v0.3.0
    Checking crossbeam-deque v0.8.1
    Checking rand_chacha v0.3.1
    Checking rand_xorshift v0.3.0
    Checking bstr v0.2.17
    Checking serde_cbor v0.11.2
    Checking rand v0.8.5
    Checking criterion-plot v0.4.4
    Checking csv v1.1.6
    Checking tinytemplate v1.2.1
    Checking proptest v1.0.0
    Checking criterion v0.3.5
    Finished dev [unoptimized + debuginfo] target(s) in 17.02s

Exit: 0
Timed out: False
