Command: rustup run 1.82.0 cargo check --locked --offline --tests
Started: 2026-09-24T00:22:56.802146+00:00
STDOUT:

STDERR:
warning: `/home/runner/work/_temp/upstream/.cargo/config` is deprecated in favor of `config.toml`
note: if you need to support cargo 1.38 or earlier, you can symlink `config` to `config.toml`
warning: ignoring `resolver` config table without `-Zmsrv-policy`
   Compiling proc-macro2 v1.0.89
   Compiling unicode-ident v1.0.13
   Compiling libc v0.2.161
   Compiling crossbeam-utils v0.8.20
   Compiling serde v1.0.214
    Checking memchr v2.7.4
   Compiling quote v1.0.37
   Compiling autocfg v1.4.0
   Compiling syn v2.0.85
    Checking crossbeam-epoch v0.9.18
    Checking ryu v1.0.18
   Compiling num-traits v0.2.19
    Checking cfg-if v1.0.0
    Checking either v1.13.0
   Compiling serde_json v1.0.132
    Checking itoa v1.0.11
    Checking byteorder v1.5.0
   Compiling rayon-core v1.12.1
    Checking getrandom v0.2.15
    Checking crossbeam-deque v0.8.5
    Checking plotters-backend v0.3.7
    Checking regex-syntax v0.8.5
    Checking unicode-width v0.1.14
    Checking textwrap v0.11.0
    Checking plotters-svg v0.3.7
    Checking rand_core v0.6.4
    Checking regex-automata v0.4.8
    Checking itertools v0.10.5
    Checking csv-core v0.1.11
   Compiling httparse v1.9.5 (/home/runner/work/_temp/upstream)
    Checking bitflags v1.3.2
    Checking cast v0.3.0
    Checking same-file v1.0.6
    Checking half v1.8.3
    Checking walkdir v2.5.0
    Checking regex v1.11.1
    Checking serde_cbor v0.11.2
    Checking criterion-plot v0.4.5
    Checking clap v2.34.0
    Checking csv v1.3.0
    Checking plotters v0.3.7
    Checking tinytemplate v1.2.1
    Checking rayon v1.10.0
   Compiling zerocopy-derive v0.7.35
   Compiling serde_derive v1.0.214
    Checking atty v0.2.14
    Checking oorandom v11.1.4
    Checking lazy_static v1.5.0
    Checking zerocopy v0.7.35
    Checking ppv-lite86 v0.2.20
    Checking rand_chacha v0.3.1
    Checking rand v0.8.5
    Checking criterion v0.3.6
    Finished `dev` profile [unoptimized + debuginfo] target(s) in 9.95s

Exit: 0
Timed out: False
