Command: rustup run 1.82.0 cargo fetch --locked
Started: 2026-09-24T00:22:55.543573+00:00
STDOUT:

STDERR:
warning: `/home/runner/work/_temp/upstream/.cargo/config` is deprecated in favor of `config.toml`
note: if you need to support cargo 1.38 or earlier, you can symlink `config` to `config.toml`
warning: ignoring `resolver` config table without `-Zmsrv-policy`
 Downloading crates ...
  Downloaded cfg-if v1.0.0 (registry `era`)
  Downloaded rand_chacha v0.3.1 (registry `era`)
  Downloaded ppv-lite86 v0.2.20 (registry `era`)
  Downloaded wasi v0.11.0+wasi-snapshot-preview1 (registry `era`)
  Downloaded itoa v1.0.11 (registry `era`)
  Downloaded rand_core v0.6.4 (registry `era`)
  Downloaded getrandom v0.2.15 (registry `era`)
  Downloaded plotters-backend v0.3.7 (registry `era`)
  Downloaded rayon-core v1.12.1 (registry `era`)
  Downloaded rand v0.8.5 (registry `era`)
  Downloaded autocfg v1.4.0 (registry `era`)
  Downloaded wasm-bindgen-backend v0.2.95 (registry `era`)
  Downloaded wasm-bindgen-macro v0.2.95 (registry `era`)
  Downloaded windows-targets v0.52.6 (registry `era`)
  Downloaded hermit-abi v0.1.19 (registry `era`)
  Downloaded atty v0.2.14 (registry `era`)
  Downloaded bitflags v1.3.2 (registry `era`)
  Downloaded cast v0.3.0 (registry `era`)
  Downloaded walkdir v2.5.0 (registry `era`)
  Downloaded csv-core v0.1.11 (registry `era`)
  Downloaded textwrap v0.11.0 (registry `era`)
  Downloaded aho-corasick v1.1.3 (registry `era`)
  Downloaded criterion-plot v0.4.5 (registry `era`)
  Downloaded js-sys v0.3.72 (registry `era`)
  Downloaded half v1.8.3 (registry `era`)
  Downloaded ryu v1.0.18 (registry `era`)
  Downloaded memchr v2.7.4 (registry `era`)
  Downloaded zerocopy v0.7.35 (registry `era`)
  Downloaded unicode-width v0.1.14 (registry `era`)
  Downloaded plotters v0.3.7 (registry `era`)
  Downloaded serde_json v1.0.132 (registry `era`)
  Downloaded itertools v0.10.5 (registry `era`)
  Downloaded rayon v1.10.0 (registry `era`)
  Downloaded clap v2.34.0 (registry `era`)
  Downloaded regex v1.11.1 (registry `era`)
  Downloaded criterion v0.3.6 (registry `era`)
  Downloaded serde v1.0.214 (registry `era`)
  Downloaded windows_x86_64_gnullvm v0.52.6 (registry `era`)
  Downloaded syn v2.0.85 (registry `era`)
  Downloaded once_cell v1.20.2 (registry `era`)
  Downloaded serde_derive v1.0.214 (registry `era`)
  Downloaded proc-macro2 v1.0.89 (registry `era`)
  Downloaded regex-syntax v0.8.5 (registry `era`)
  Downloaded unicode-ident v1.0.13 (registry `era`)
  Downloaded num-traits v0.2.19 (registry `era`)
  Downloaded windows_aarch64_gnullvm v0.52.6 (registry `era`)
  Downloaded windows_i686_gnullvm v0.52.6 (registry `era`)
  Downloaded log v0.4.22 (registry `era`)
  Downloaded crossbeam-utils v0.8.20 (registry `era`)
  Downloaded serde_cbor v0.11.2 (registry `era`)
  Downloaded byteorder v1.5.0 (registry `era`)
  Downloaded quote v1.0.37 (registry `era`)
  Downloaded zerocopy-derive v0.7.35 (registry `era`)
  Downloaded wasm-bindgen v0.2.95 (registry `era`)
  Downloaded crossbeam-epoch v0.9.18 (registry `era`)
  Downloaded regex-automata v0.4.8 (registry `era`)
  Downloaded web-sys v0.3.72 (registry `era`)
  Downloaded tinytemplate v1.2.1 (registry `era`)
  Downloaded lazy_static v1.5.0 (registry `era`)
  Downloaded bumpalo v3.16.0 (registry `era`)
  Downloaded libc v0.2.161 (registry `era`)
  Downloaded wasm-bindgen-shared v0.2.95 (registry `era`)
  Downloaded wasm-bindgen-macro-support v0.2.95 (registry `era`)
  Downloaded either v1.13.0 (registry `era`)
  Downloaded crossbeam-deque v0.8.5 (registry `era`)
  Downloaded same-file v1.0.6 (registry `era`)
  Downloaded windows_aarch64_msvc v0.52.6 (registry `era`)
  Downloaded csv v1.3.0 (registry `era`)
  Downloaded windows_i686_gnu v0.52.6 (registry `era`)
  Downloaded windows_x86_64_gnu v0.52.6 (registry `era`)
  Downloaded windows_x86_64_msvc v0.52.6 (registry `era`)
  Downloaded oorandom v11.1.4 (registry `era`)
  Downloaded windows_i686_msvc v0.52.6 (registry `era`)
  Downloaded plotters-svg v0.3.7 (registry `era`)
  Downloaded winapi-util v0.1.9 (registry `era`)
  Downloaded winapi v0.3.9 (registry `era`)
  Downloaded windows-sys v0.59.0 (registry `era`)
  Downloaded winapi-x86_64-pc-windows-gnu v0.4.0 (registry `era`)
  Downloaded winapi-i686-pc-windows-gnu v0.4.0 (registry `era`)

Exit: 0
Timed out: False
