Command: rustup run 1.70.0 cargo test --locked --offline --lib format::strftime::tests::test_parse_only_timezone_offset_permissive_no_panic -- --exact --nocapture --test-threads=1
Started: 2026-09-24T18:16:06.998159+00:00
STDOUT:

running 1 test
test format::strftime::tests::test_parse_only_timezone_offset_permissive_no_panic ... ok

test result: ok. 1 passed; 0 failed; 0 ignored; 0 measured; 177 filtered out; finished in 0.00s


STDERR:
   Compiling serde v1.0.164
   Compiling libc v0.2.146
   Compiling ryu v1.0.13
   Compiling itoa v1.0.6
   Compiling doc-comment v0.3.3
   Compiling num-traits v0.2.15
   Compiling iana-time-zone v0.1.57
   Compiling time v0.1.45
   Compiling serde_json v1.0.96
   Compiling bincode v1.3.3
   Compiling chrono v0.4.26 (/home/runner/work/_temp/upstream)
    Finished test [unoptimized + debuginfo] target(s) in 5.99s
     Running unittests src/lib.rs (/home/runner/work/_temp/build-20260924T181243Z-cc90c3ac/debug/deps/chrono-8712f857b65be768)

Exit: 0
Timed out: False
