Command: rustup run 1.70.0 cargo check --locked --offline --tests
Started: 2026-09-24T18:15:59.273183+00:00
STDOUT:

STDERR:
   Compiling proc-macro2 v1.0.60
   Compiling libc v0.2.146
   Compiling autocfg v1.1.0
   Compiling quote v1.0.28
   Compiling unicode-ident v1.0.9
   Compiling serde v1.0.164
   Compiling num-traits v0.2.15
   Compiling serde_json v1.0.96
   Compiling doc-comment v0.3.3
    Checking time v0.1.45
   Compiling syn v2.0.18
    Checking iana-time-zone v0.1.57
    Checking ryu v1.0.13
    Checking itoa v1.0.6
    Checking chrono v0.4.26 (/home/runner/work/_temp/upstream)
    Checking bincode v1.3.3
   Compiling serde_derive v1.0.164
    Finished dev [unoptimized + debuginfo] target(s) in 7.59s

Exit: 0
Timed out: False
