Command: rustup run 1.51.0 cargo test --locked --offline --test issues issue_next -- --nocapture --test-threads=1
Started: 2026-09-23T22:31:16.960066+00:00
STDOUT:

running 1 test
test issue_next ... FAILED

failures:

failures:
    issue_next

test result: FAILED. 0 passed; 1 failed; 0 ignored; 0 measured; 7 filtered out; finished in 0.00s


STDERR:
   Compiling bincode v1.3.3
   Compiling bitvec v0.22.3 (/home/runner/work/_temp/upstream)
    Finished test [unoptimized + debuginfo] target(s) in 3.51s
     Running /home/runner/work/_temp/build-20260923T222921Z-823622b3/debug/deps/issues-930680c6b6c2fa4a
thread 'main' panicked at 'assertion failed: `(left == right)`
  left: `0`,
 right: `1`', tests/issues.rs:335:5
note: run with `RUST_BACKTRACE=1` environment variable to display a backtrace
error: test failed, to rerun pass '--test issues'

Exit: 101
Timed out: False
