Command: rustup run 1.65.0 cargo test --locked --offline --test hash hash_1 -- --nocapture --test-threads=1
Started: 2026-09-24T01:03:46.540619+00:00
STDOUT:

running 1 test
test hash_1 ... ok

test result: ok. 1 passed; 0 failed; 0 ignored; 0 measured; 2 filtered out; finished in 0.00s


STDERR:
   Compiling ropey v1.5.0 (/home/runner/work/_temp/upstream)
warning: unused import: `Rope`
 --> tests/hash.rs:5:13
  |
5 | use ropey::{Rope, RopeBuilder};
  |             ^^^^
  |
  = note: `#[warn(unused_imports)]` on by default

warning: `ropey` (test "hash") generated 1 warning
    Finished test [unoptimized + debuginfo] target(s) in 1.08s
     Running tests/hash.rs (/home/runner/work/_temp/build-20260924T010122Z-4b447db3/debug/deps/hash-d9ba965167782c2d)

Exit: 0
Timed out: False
