Command: rustup run 1.44.1 cargo test --locked --offline --lib iter::tests::test_next_8_just_right -- --exact --nocapture --test-threads=1
Started: 2026-09-24T20:49:06.538744+00:00
STDOUT:

running 1 test
test iter::tests::test_next_8_just_right ... ok

test result: ok. 1 passed; 0 failed; 0 ignored; 0 measured; 34 filtered out


STDERR:
   Compiling httparse v1.3.4 (/home/runner/work/_temp/upstream)
   Compiling libc v0.2.71
warning: use of deprecated item 'try': use the `?` operator instead
   --> build.rs:138:21
    |
138 |         let major = try!(num.parse::<u32>().map_err(|e| e.to_string()));
    |                     ^^^
    |
    = note: `#[warn(deprecated)]` on by default

warning: use of deprecated item 'try': use the `?` operator instead
   --> build.rs:147:21
    |
147 |         let minor = try!(num.parse::<u32>().map_err(|e| e.to_string()));
    |                     ^^^

warning: use of deprecated item 'try': use the `?` operator instead
   --> build.rs:156:21
    |
156 |         let patch = try!(num.parse::<u32>().map_err(|e| e.to_string()));
    |                     ^^^

warning: 3 warnings emitted

   Compiling pico-sys v0.0.1
    Finished test [unoptimized + debuginfo] target(s) in 1.41s
     Running /home/runner/work/_temp/build-20260924T204811Z-54471b0a/debug/deps/httparse-6da3e6f4b9ebdcc9

Exit: 0
Timed out: False
