Command: rustup run 1.73.0 cargo test --locked --offline --lib fuzz::many_zero_to_many_reps -- --exact --nocapture --test-threads=1
Started: 2026-09-24T23:23:43.736971+00:00
STDOUT:

running 0 tests

test result: ok. 0 passed; 0 failed; 0 ignored; 0 measured; 0 filtered out; finished in 0.00s


STDERR:
   Compiling memchr v2.6.4
   Compiling libc v0.2.149
   Compiling cfg-if v1.0.0
   Compiling serde v1.0.189
   Compiling equivalent v1.0.1
   Compiling hashbrown v0.14.1
   Compiling indexmap v2.0.2
   Compiling getrandom v0.2.10
   Compiling winnow v0.5.17
   Compiling rand_core v0.6.4
   Compiling rand v0.8.5
   Compiling anyhow v1.0.75
   Compiling aho-corasick v1.1.2
   Compiling toml_datetime v0.6.3
   Compiling serde_spanned v0.6.3
   Compiling toml_edit v0.19.15
   Compiling bstr v1.7.0
   Compiling atty v0.2.14
   Compiling regex-syntax v0.8.2 (/home/runner/work/_temp/upstream/regex-syntax)
   Compiling log v0.4.20
   Compiling humantime v2.1.0
   Compiling toml v0.7.8
   Compiling termcolor v1.3.0
   Compiling env_logger v0.9.3
   Compiling regex-automata v0.4.2 (/home/runner/work/_temp/upstream/regex-automata)
   Compiling regex-test v0.1.0 (/home/runner/work/_temp/upstream/regex-test)
   Compiling quickcheck v1.0.3
   Compiling doc-comment v0.3.3
   Compiling once_cell v1.18.0
   Compiling regex v1.10.1 (/home/runner/work/_temp/upstream)
    Finished test [optimized + debuginfo] target(s) in 23.24s
     Running unittests src/lib.rs (/home/runner/work/_temp/build-20260924T232019Z-8b20bf9d/debug/deps/regex-6b7e86e1387e4984)

Exit: 0
Timed out: False
