Command: rustup run 1.73.0 cargo check --locked --offline --tests
Started: 2026-09-24T23:23:35.847211+00:00
STDOUT:

STDERR:
   Compiling proc-macro2 v1.0.69
   Compiling unicode-ident v1.0.12
   Compiling serde v1.0.189
   Compiling libc v0.2.149
    Checking memchr v2.6.4
    Checking hashbrown v0.14.1
    Checking equivalent v1.0.1
    Checking cfg-if v1.0.0
    Checking winnow v0.5.17
   Compiling quote v1.0.33
    Checking indexmap v2.0.2
   Compiling syn v2.0.38
    Checking getrandom v0.2.10
   Compiling anyhow v1.0.75
    Checking rand_core v0.6.4
    Checking aho-corasick v1.1.2
    Checking regex-syntax v0.8.2 (/home/runner/work/_temp/upstream/regex-syntax)
   Compiling doc-comment v0.3.3
    Checking rand v0.8.5
    Checking atty v0.2.14
    Checking log v0.4.20
    Checking humantime v2.1.0
    Checking termcolor v1.3.0
    Checking quickcheck v1.0.3
    Checking env_logger v0.9.3
    Checking once_cell v1.18.0
   Compiling serde_derive v1.0.189
    Checking regex-automata v0.4.2 (/home/runner/work/_temp/upstream/regex-automata)
    Checking regex v1.10.1 (/home/runner/work/_temp/upstream)
    Checking serde_spanned v0.6.3
    Checking toml_datetime v0.6.3
    Checking bstr v1.7.0
    Checking toml_edit v0.19.15
    Checking toml v0.7.8
    Checking regex-test v0.1.0 (/home/runner/work/_temp/upstream/regex-test)
    Finished dev [optimized + debuginfo] target(s) in 7.72s

Exit: 0
Timed out: False
