Command: rustup run 1.41.0 cargo test --locked --offline --lib error::tests::test_display -- --exact --nocapture --test-threads=1
Started: 2026-09-24T00:19:18.902630+00:00
STDOUT:

running 1 test
test error::tests::test_display ... FAILED

failures:

failures:
    error::tests::test_display

test result: FAILED. 0 passed; 1 failed; 0 ignored; 0 measured; 13 filtered out


STDERR:
   Compiling hex v0.4.0 (/home/runner/work/_temp/upstream)
    Finished test [unoptimized + debuginfo] target(s) in 0.29s
     Running /home/runner/work/_temp/build-20260924T001749Z-6b1a9211/debug/deps/hex-0fb61ff4e34b5cd5
thread 'main' panicked at 'assertion failed: `(left == right)`

[1mDiff[0m [31m< left[0m / [32mright >[0m :
[31m<[0m[31m"Invalid character \'\[0m[31mn\' at position 5"[0m
[32m>[0m[32m"Invalid character \'\[0m[1;48;5;22;32m\[0m[32mn\' at position 5"[0m

', src/error.rs:42:9
note: run with `RUST_BACKTRACE=1` environment variable to display a backtrace.
error: test failed, to rerun pass '--lib'

Exit: 101
Timed out: False
