Command: rustup run 1.96.0 cargo test --locked --offline --lib format::formatting::tests::test_offset_minute_rounding_no_24h_rollover -- --exact --nocapture --test-threads=1
Started: 2026-09-24T17:26:54.334008+00:00
STDOUT:

running 1 test
test format::formatting::tests::test_offset_minute_rounding_no_24h_rollover ... FAILED

failures:

failures:
    format::formatting::tests::test_offset_minute_rounding_no_24h_rollover

test result: FAILED. 0 passed; 1 failed; 0 ignored; 0 measured; 290 filtered out; finished in 0.00s


STDERR:
warning: `/home/runner/work/_temp/upstream/.cargo/config` is deprecated in favor of `config.toml`
  |
  = help: if you need to support cargo 1.38 or earlier, you can symlink `config` to `config.toml`
   Compiling chrono v0.4.45 (/home/runner/work/_temp/upstream)
    Finished `test` profile [unoptimized + debuginfo] target(s) in 3.15s
     Running unittests src/lib.rs (/home/runner/work/_temp/build-20260924T171823Z-a030e7aa/debug/deps/chrono-29cedbb33911a60f)

thread 'format::formatting::tests::test_offset_minute_rounding_no_24h_rollover' (3593) panicked at src/format/formatting.rs:977:13:
assertion `left == right` failed: offset 86399s formatted incorrectly
  left: "+24:00"
 right: "+23:59"
note: run with `RUST_BACKTRACE=1` environment variable to display a backtrace
error: test failed, to rerun pass `--lib`

Exit: 101
Timed out: False
