Command: rustup run 1.73.0 cargo check --locked --offline --tests
Started: 2026-09-24T00:23:58.542231+00:00
STDOUT:

STDERR:
   Compiling libc v0.2.149
    Checking cfg-if v1.0.0
   Compiling rustix v0.38.20
    Checking linux-raw-sys v0.4.10
   Compiling autocfg v1.1.0
    Checking bitflags v2.4.1
   Compiling num-traits v0.2.17
    Checking fastrand v2.0.1
    Checking ppv-lite86 v0.2.17
    Checking quick-error v1.2.3
   Compiling doc-comment v0.3.3
    Checking bit-vec v0.6.3
    Checking getrandom v0.2.10
    Checking wait-timeout v0.2.0
    Checking fnv v1.0.7
    Checking rand_core v0.6.4
    Checking bit-set v0.5.3
    Checking byteorder v1.5.0
    Checking rand_chacha v0.3.1
    Checking rand v0.8.5
    Checking rand_xorshift v0.3.0
    Checking regex-syntax v0.6.29
    Checking quick-error v2.0.1
    Checking lazy_static v1.4.0
    Checking bitflags v1.3.2
    Checking tempfile v3.8.0
    Checking minimal-lexical v0.2.1
    Checking memchr v2.6.4
    Checking rusty-fork v0.3.0
    Checking nom v7.1.2 (/home/runner/work/_temp/upstream)
    Checking proptest v1.0.0
    Finished dev [unoptimized + debuginfo] target(s) in 7.39s

Exit: 0
Timed out: False
