Command: rustup run 1.71.0 cargo fetch --locked
Started: 2026-09-24T00:33:23.050612+00:00
STDOUT:

STDERR:
 Downloading crates ...
  Downloaded trybuild v1.0.82 (registry `era`)
  Downloaded same-file v1.0.6 (registry `era`)
  Downloaded itertools v0.10.5 (registry `era`)
  Downloaded oorandom v11.1.3 (registry `era`)
  Downloaded memchr v2.5.0 (registry `era`)
  Downloaded cc v1.0.79 (registry `era`)
  Downloaded anes v0.1.6 (registry `era`)
  Downloaded ciborium-io v0.2.1 (registry `era`)
  Downloaded quickcheck_macros v1.0.0 (registry `era`)
  Downloaded cfg-if v1.0.0 (registry `era`)
  Downloaded itoa v1.0.9 (registry `era`)
  Downloaded serde v1.0.178 (registry `era`)
  Downloaded termcolor v1.2.0 (registry `era`)
  Downloaded ciborium-ll v0.2.1 (registry `era`)
  Downloaded cast v0.3.0 (registry `era`)
  Downloaded num_threads v0.1.6 (registry `era`)
  Downloaded winapi-util v0.1.5 (registry `era`)
  Downloaded wasm-bindgen-backend v0.2.87 (registry `era`)
  Downloaded hermit-abi v0.3.2 (registry `era`)
  Downloaded wasm-bindgen-shared v0.2.87 (registry `era`)
  Downloaded half v1.8.2 (registry `era`)
  Downloaded criterion-plot v0.5.0 (registry `era`)
  Downloaded ciborium v0.2.1 (registry `era`)
  Downloaded clap v4.3.19 (registry `era`)
  Downloaded js-sys v0.3.64 (registry `era`)
  Downloaded bumpalo v3.13.0 (registry `era`)
  Downloaded aho-corasick v1.0.2 (registry `era`)
  Downloaded clap_builder v4.3.19 (registry `era`)
  Downloaded criterion v0.5.1 (registry `era`)
  Downloaded rand v0.8.5 (registry `era`)
  Downloaded wasm-bindgen v0.2.87 (registry `era`)
  Downloaded serde_json v1.0.104 (registry `era`)
  Downloaded basic-toml v0.1.4 (registry `era`)
  Downloaded once_cell v1.18.0 (registry `era`)
  Downloaded bitflags v2.3.3 (registry `era`)
  Downloaded regex v1.9.1 (registry `era`)
  Downloaded syn v2.0.27 (registry `era`)
  Downloaded num-traits v0.2.16 (registry `era`)
  Downloaded rustix v0.38.4 (registry `era`)
  Downloaded windows_x86_64_gnullvm v0.48.0 (registry `era`)
  Downloaded windows_aarch64_gnullvm v0.48.0 (registry `era`)
  Downloaded serde_derive v1.0.178 (registry `era`)
  Downloaded regex-syntax v0.7.4 (registry `era`)
  Downloaded log v0.4.19 (registry `era`)
  Downloaded quickcheck v1.0.3 (registry `era`)
  Downloaded ryu v1.0.15 (registry `era`)
  Downloaded proc-macro2 v1.0.66 (registry `era`)
  Downloaded wasm-bindgen-macro-support v0.2.87 (registry `era`)
  Downloaded wasm-bindgen-macro v0.2.87 (registry `era`)
  Downloaded getrandom v0.2.10 (registry `era`)
  Downloaded quote v1.0.32 (registry `era`)
  Downloaded errno v0.3.2 (registry `era`)
  Downloaded regex-automata v0.3.4 (registry `era`)
  Downloaded is-terminal v0.4.9 (registry `era`)
  Downloaded either v1.9.0 (registry `era`)
  Downloaded windows_i686_gnu v0.48.0 (registry `era`)
  Downloaded tinytemplate v1.2.1 (registry `era`)
  Downloaded windows_aarch64_msvc v0.48.0 (registry `era`)
  Downloaded windows_x86_64_msvc v0.48.0 (registry `era`)
  Downloaded windows_x86_64_gnu v0.48.0 (registry `era`)
  Downloaded libc v0.2.147 (registry `era`)
  Downloaded windows_i686_msvc v0.48.0 (registry `era`)
  Downloaded walkdir v2.3.3 (registry `era`)
  Downloaded unicode-ident v1.0.11 (registry `era`)
  Downloaded windows-targets v0.48.1 (registry `era`)
  Downloaded deranged v0.3.6 (registry `era`)
  Downloaded glob v0.3.1 (registry `era`)
  Downloaded anstyle v1.0.1 (registry `era`)
  Downloaded errno-dragonfly v0.1.2 (registry `era`)
  Downloaded autocfg v1.1.0 (registry `era`)
  Downloaded syn v1.0.109 (registry `era`)
  Downloaded wasi v0.11.0+wasi-snapshot-preview1 (registry `era`)
  Downloaded serde_test v1.0.176 (registry `era`)
  Downloaded clap_lex v0.5.0 (registry `era`)
  Downloaded linux-raw-sys v0.4.3 (registry `era`)
  Downloaded rand_core v0.6.4 (registry `era`)
  Downloaded winapi v0.3.9 (registry `era`)
  Downloaded windows-sys v0.48.0 (registry `era`)
  Downloaded winapi-i686-pc-windows-gnu v0.4.0 (registry `era`)
  Downloaded winapi-x86_64-pc-windows-gnu v0.4.0 (registry `era`)

Exit: 0
Timed out: False
