Command: rustup run 1.90.0 cargo test --locked --offline --lib dfa::api::universal_start_search -- --exact --nocapture --test-threads=1
Started: 2026-09-24T23:25:48.220701+00:00
STDOUT:

running 0 tests

test result: ok. 0 passed; 0 failed; 0 ignored; 0 measured; 7 filtered out; finished in 0.00s


STDERR:
warning: `/home/runner/work/_temp/upstream/.cargo/config` is deprecated in favor of `config.toml`
note: if you need to support cargo 1.38 or earlier, you can symlink `config` to `config.toml`
   Compiling serde_core v1.0.228
   Compiling libc v0.2.177
   Compiling memchr v2.7.6
   Compiling equivalent v1.0.2
   Compiling cfg-if v1.0.3
   Compiling hashbrown v0.16.0
   Compiling indexmap v2.11.4
   Compiling getrandom v0.2.16
   Compiling winnow v0.7.13
   Compiling rand_core v0.6.4
   Compiling rand v0.8.5
   Compiling anyhow v1.0.100
   Compiling serde v1.0.228
   Compiling atty v0.2.14
   Compiling aho-corasick v1.1.3
   Compiling toml_datetime v0.6.8
   Compiling serde_spanned v0.6.8
   Compiling toml_edit v0.22.24
   Compiling bstr v1.10.0
   Compiling regex-syntax v0.8.6 (/home/runner/work/_temp/upstream/regex-syntax)
   Compiling termcolor v1.4.1
   Compiling humantime v2.3.0
   Compiling toml v0.8.20
   Compiling log v0.4.28
   Compiling env_logger v0.9.3
   Compiling regex-test v0.1.1 (/home/runner/work/_temp/upstream/regex-test)
   Compiling regex-automata v0.4.11 (/home/runner/work/_temp/upstream/regex-automata)
   Compiling quickcheck v1.0.3
   Compiling doc-comment v0.3.3
   Compiling regex v1.11.3 (/home/runner/work/_temp/upstream)
warning: hiding a lifetime that's elided elsewhere is confusing
    --> src/regex/bytes.rs:1684:22
     |
1684 |     pub fn get_match(&self) -> Match {
     |                      ^^^^^     ----- the same lifetime is hidden here
     |                      |
     |                      the lifetime is elided here
     |
     = help: the same lifetime is referred to in inconsistent ways, making the signature confusing
     = note: `#[warn(mismatched_lifetime_syntaxes)]` on by default
help: use `'_` for type paths
     |
1684 |     pub fn get_match(&self) -> Match<'_> {
     |                                     ++++

warning: hiding a lifetime that's elided elsewhere is confusing
    --> src/regex/string.rs:1695:22
     |
1695 |     pub fn get_match(&self) -> Match {
     |                      ^^^^^     ----- the same lifetime is hidden here
     |                      |
     |                      the lifetime is elided here
     |
     = help: the same lifetime is referred to in inconsistent ways, making the signature confusing
help: use `'_` for type paths
     |
1695 |     pub fn get_match(&self) -> Match<'_> {
     |                                     ++++

warning: `regex` (lib test) generated 2 warnings
    Finished `test` profile [optimized + debuginfo] target(s) in 21.78s
     Running unittests src/lib.rs (/home/runner/work/_temp/build-20260924T232004Z-e3fc7648/debug/deps/regex-c3b72f8bac8721e5)

Exit: 0
Timed out: False
