Command: rustup run 1.90.0 cargo test --locked --offline --lib dfa::api::universal_start_search -- --exact --nocapture --test-threads=1
Started: 2026-09-24T23:26:10.846990+00:00
STDOUT:

running 0 tests

test result: ok. 0 passed; 0 failed; 0 ignored; 0 measured; 7 filtered out; finished in 0.00s


STDERR:
warning: `/home/runner/work/_temp/upstream/.cargo/config` is deprecated in favor of `config.toml`
note: if you need to support cargo 1.38 or earlier, you can symlink `config` to `config.toml`
   Compiling regex v1.11.3 (/home/runner/work/_temp/upstream)
warning: hiding a lifetime that's elided elsewhere is confusing
    --> src/regex/bytes.rs:1684:22
     |
1684 |     pub fn get_match(&self) -> Match {
     |                      ^^^^^     ----- the same lifetime is hidden here
     |                      |
     |                      the lifetime is elided here
     |
     = help: the same lifetime is referred to in inconsistent ways, making the signature confusing
     = note: `#[warn(mismatched_lifetime_syntaxes)]` on by default
help: use `'_` for type paths
     |
1684 |     pub fn get_match(&self) -> Match<'_> {
     |                                     ++++

warning: hiding a lifetime that's elided elsewhere is confusing
    --> src/regex/string.rs:1695:22
     |
1695 |     pub fn get_match(&self) -> Match {
     |                      ^^^^^     ----- the same lifetime is hidden here
     |                      |
     |                      the lifetime is elided here
     |
     = help: the same lifetime is referred to in inconsistent ways, making the signature confusing
help: use `'_` for type paths
     |
1695 |     pub fn get_match(&self) -> Match<'_> {
     |                                     ++++

warning: `regex` (lib test) generated 2 warnings
    Finished `test` profile [optimized + debuginfo] target(s) in 0.33s
     Running unittests src/lib.rs (/home/runner/work/_temp/build-20260924T232004Z-e3fc7648/debug/deps/regex-c3b72f8bac8721e5)

Exit: 0
Timed out: False
