Command: rustup run 1.22.0 cargo test --locked --lib iter::tests::lines_01 -- --exact --nocapture --test-threads=1
Started: 2026-09-25T11:44:46.191837+00:00
STDOUT:

running 1 test
test iter::tests::lines_01 ... Node size: 352
ok

test result: ok. 1 passed; 0 failed; 0 ignored; 0 measured; 40 filtered out


STDERR:
   Compiling unicode-segmentation v1.2.0
   Compiling nodrop v0.1.12
   Compiling smallvec v0.5.0
   Compiling libc v0.2.34
   Compiling arrayvec v0.4.6
   Compiling rand v0.3.18
   Compiling btree_rope v0.1.0 (file:///home/runner/work/_temp/upstream)
warning: unused import: `slice::RopeSlice`
   --> src/iter.rs:257:9
    |
257 |     use slice::RopeSlice;
    |         ^^^^^^^^^^^^^^^^
    |
    = note: #[warn(unused_imports)] on by default

    Finished dev [unoptimized + debuginfo] target(s) in 3.19 secs
     Running /home/runner/work/_temp/build-20260925T114408Z-a1749dc8/debug/deps/btree_rope-b29dfec30062dffd

Exit: 0
Timed out: False
