Command: rustup run 1.98.1 cargo test --locked --offline --test test_buf try_get_int_sign_extends -- --nocapture --test-threads=1
Started: 2026-09-24T21:00:04.622182+00:00
STDOUT:

running 1 test
test try_get_int_sign_extends ... FAILED

failures:

failures:
    try_get_int_sign_extends

test result: FAILED. 0 passed; 1 failed; 0 ignored; 0 measured; 875 filtered out; finished in 0.00s


STDERR:
warning: `/home/runner/work/_temp/upstream/.cargo/config` is deprecated in favor of `config.toml`
  |
  = help: if you need to support cargo 1.38 or earlier, you can symlink `config` to `config.toml`
   Compiling bytes v1.12.1 (/home/runner/work/_temp/upstream)
    Finished `test` profile [unoptimized + debuginfo] target(s) in 3.32s
     Running tests/test_buf.rs (/home/runner/work/_temp/build-20260924T205208Z-f34be821/debug/deps/test_buf-0ec9378771fde79b)

thread 'try_get_int_sign_extends' (3021) panicked at tests/test_buf.rs:468:5:
assertion `left == right` failed
  left: Ok(16777215)
 right: Ok(-1)
note: run with `RUST_BACKTRACE=1` environment variable to display a backtrace
error: test failed, to rerun pass `--test test_buf`

Exit: 101
Timed out: False
