Command: rustup run 1.98.1 cargo fetch --locked
Started: 2026-09-24T20:59:49.803985+00:00
STDOUT:

STDERR:
warning: `/home/runner/work/_temp/upstream/.cargo/config` is deprecated in favor of `config.toml`
  |
  = help: if you need to support cargo 1.38 or earlier, you can symlink `config` to `config.toml`
 Downloading crates ...
  Downloaded serde_test v1.0.177 (registry `era`)
  Downloaded serde_derive v1.0.229 (registry `era`)
  Downloaded serde v1.0.229 (registry `era`)
  Downloaded serde_core v1.0.229 (registry `era`)
  Downloaded windows-strings v0.1.0 (registry `era`)
  Downloaded cfg-if v1.0.4 (registry `era`)
  Downloaded windows-interface v0.58.0 (registry `era`)
  Downloaded lazy_static v1.5.0 (registry `era`)
  Downloaded matchers v0.1.0 (registry `era`)
  Downloaded windows-implement v0.58.0 (registry `era`)
  Downloaded windows-targets v0.52.6 (registry `era`)
  Downloaded windows-result v0.2.0 (registry `era`)
  Downloaded thread_local v1.1.7 (registry `era`)
  Downloaded scoped-tls v1.0.0 (registry `era`)
  Downloaded overload v0.1.1 (registry `era`)
  Downloaded pin-project-lite v0.2.17 (registry `era`)
  Downloaded nu-ansi-term v0.46.0 (registry `era`)
  Downloaded tracing-log v0.1.4 (registry `era`)
  Downloaded quote v1.0.40 (registry `era`)
  Downloaded rustversion v1.0.23 (registry `era`)
  Downloaded valuable v0.1.1 (registry `era`)
  Downloaded once_cell v1.17.2 (registry `era`)
  Downloaded smallvec v1.16.0 (registry `era`)
  Downloaded generator v0.8.2 (registry `era`)
  Downloaded unicode-ident v1.0.22 (registry `era`)
  Downloaded tracing-core v0.1.32 (registry `era`)
  Downloaded log v0.4.18 (registry `era`)
  Downloaded proc-macro2 v1.0.101 (registry `era`)
  Downloaded sharded-slab v0.1.7 (registry `era`)
  Downloaded windows-core v0.58.0 (registry `era`)
  Downloaded tracing v0.1.40 (registry `era`)
  Downloaded loom v0.7.2 (registry `era`)
  Downloaded regex-automata v0.1.10 (registry `era`)
  Downloaded tracing-subscriber v0.3.17 (registry `era`)
  Downloaded portable-atomic v1.15.0 (registry `era`)
  Downloaded syn v3.0.4 (registry `era`)
  Downloaded regex v1.7.3 (registry `era`)
  Downloaded syn v2.0.56 (registry `era`)
  Downloaded regex-syntax v0.6.29 (registry `era`)
  Downloaded windows_aarch64_gnullvm v0.52.6 (registry `era`)
  Downloaded windows_x86_64_gnullvm v0.52.6 (registry `era`)
  Downloaded windows_i686_gnullvm v0.52.6 (registry `era`)
  Downloaded windows_aarch64_msvc v0.52.6 (registry `era`)
  Downloaded libc v0.2.163 (registry `era`)
  Downloaded windows_x86_64_gnu v0.52.6 (registry `era`)
  Downloaded windows_x86_64_msvc v0.52.6 (registry `era`)
  Downloaded windows_i686_gnu v0.52.6 (registry `era`)
  Downloaded windows_i686_msvc v0.52.6 (registry `era`)
  Downloaded winapi v0.3.9 (registry `era`)
  Downloaded winapi-i686-pc-windows-gnu v0.4.0 (registry `era`)
  Downloaded winapi-x86_64-pc-windows-gnu v0.4.0 (registry `era`)
  Downloaded windows v0.58.0 (registry `era`)

Exit: 0
Timed out: False
