Command: rustup run 1.44.0 cargo test --locked --offline --lib naive::datetime::serde::test_serde_bincode_optional -- --exact --nocapture --test-threads=1
Started: 2026-09-24T20:47:28.395675+00:00
STDOUT:

running 0 tests

test result: ok. 0 passed; 0 failed; 0 ignored; 0 measured; 102 filtered out


STDERR:
   Compiling chrono v0.4.11 (/home/runner/work/_temp/upstream)
warning: unnecessary parentheses around const expression
   --> src/naive/internals.rs:167:24
    |
167 | static MDL_TO_OL: [i8; (MAX_MDL as usize + 1)] = [
    |                        ^^^^^^^^^^^^^^^^^^^^^^ help: remove these parentheses
    |
    = note: `#[warn(unused_parens)]` on by default

warning: unnecessary parentheses around const expression
   --> src/naive/internals.rs:222:24
    |
222 | static OL_TO_MDL: [u8; (MAX_OL as usize + 1)] = [
    |                        ^^^^^^^^^^^^^^^^^^^^^ help: remove these parentheses

warning: 2 warnings emitted

    Finished test [unoptimized + debuginfo] target(s) in 0.98s
     Running /home/runner/work/_temp/build-20260924T204545Z-7296874b/debug/deps/chrono-dd92cc8433f4fe55

Exit: 0
Timed out: False
