Command: rustup run 1.44.0 cargo test --locked --offline --lib naive::datetime::serde::test_serde_bincode_optional -- --exact --nocapture --test-threads=1
Started: 2026-09-24T20:47:02.958902+00:00
STDOUT:

running 0 tests

test result: ok. 0 passed; 0 failed; 0 ignored; 0 measured; 102 filtered out


STDERR:
   Compiling lazy_static v1.4.0
   Compiling cfg-if v0.1.10
   Compiling scopeguard v1.1.0
   Compiling either v1.5.3
   Compiling itoa v0.4.5
   Compiling unicode-width v0.1.7
   Compiling same-file v1.0.6
   Compiling regex-syntax v0.6.18
   Compiling oorandom v11.1.1
   Compiling textwrap v0.11.0
   Compiling itertools v0.9.0
   Compiling walkdir v2.3.1
   Compiling libc v0.2.71
   Compiling serde v1.0.111
   Compiling byteorder v1.3.4
   Compiling maybe-uninit v2.0.0
   Compiling ryu v1.0.5
   Compiling memchr v2.3.3
   Compiling bitflags v1.2.1
   Compiling doc-comment v0.3.3
   Compiling crossbeam-utils v0.7.2
   Compiling num-traits v0.2.11
   Compiling memoffset v0.5.4
   Compiling num_cpus v1.13.0
   Compiling atty v0.2.14
   Compiling time v0.1.43
   Compiling regex-automata v0.1.9
   Compiling regex v1.3.9
   Compiling clap v2.33.1
   Compiling csv-core v0.1.10
   Compiling crossbeam-queue v0.2.2
   Compiling crossbeam-epoch v0.8.2
   Compiling plotters v0.2.15
   Compiling num-traits v0.1.43
   Compiling num-integer v0.1.42
   Compiling crossbeam-deque v0.7.3
   Compiling num-iter v0.1.40
   Compiling cast v0.2.3
   Compiling serde_json v1.0.53
   Compiling bstr v0.2.13
   Compiling bincode v0.8.0
   Compiling rayon-core v1.7.0
   Compiling criterion-plot v0.4.2
   Compiling csv v1.1.3
   Compiling tinytemplate v1.1.0
   Compiling rayon v1.3.0
   Compiling criterion v0.3.2
   Compiling chrono v0.4.11 (/home/runner/work/_temp/upstream)
warning: unnecessary parentheses around const expression
   --> src/naive/internals.rs:167:24
    |
167 | static MDL_TO_OL: [i8; (MAX_MDL as usize + 1)] = [
    |                        ^^^^^^^^^^^^^^^^^^^^^^ help: remove these parentheses
    |
    = note: `#[warn(unused_parens)]` on by default

warning: unnecessary parentheses around const expression
   --> src/naive/internals.rs:222:24
    |
222 | static OL_TO_MDL: [u8; (MAX_OL as usize + 1)] = [
    |                        ^^^^^^^^^^^^^^^^^^^^^ help: remove these parentheses

warning: 2 warnings emitted

    Finished test [unoptimized + debuginfo] target(s) in 25.37s
     Running /home/runner/work/_temp/build-20260924T204545Z-7296874b/debug/deps/chrono-dd92cc8433f4fe55

Exit: 0
Timed out: False
