Command: rustup run 1.54.0 cargo test --locked --offline --lib parser::tests::floats -- --exact --nocapture --test-threads=1
Started: 2026-09-25T11:47:49.544861+00:00
STDOUT:

running 1 test
test parser::tests::floats ... ok

test result: ok. 1 passed; 0 failed; 0 ignored; 0 measured; 16 filtered out; finished in 0.00s


STDERR:
   Compiling toml_edit v0.2.1 (/home/runner/work/_temp/upstream)
    Finished test [optimized + debuginfo] target(s) in 5.83s
     Running unittests (/home/runner/work/_temp/build-20260925T114550Z-4633a84e/debug/deps/toml_edit-0ba0e55355575925)
[src/parser/mod.rs:167] expected = 1.0
[src/parser/mod.rs:167] v = 1.0
[src/parser/mod.rs:167] expected = 3.1419
[src/parser/mod.rs:167] v = 3.1419
[src/parser/mod.rs:167] expected = -0.01
[src/parser/mod.rs:167] v = -0.01
[src/parser/mod.rs:167] expected = 50000000000000000000000.0
[src/parser/mod.rs:167] v = 50000000000000000000000.0
[src/parser/mod.rs:167] expected = 1000000.0
[src/parser/mod.rs:167] v = 1000000.0
[src/parser/mod.rs:167] expected = -0.02
[src/parser/mod.rs:167] v = -0.02
[src/parser/mod.rs:167] expected = 0.0000000000000000000000000000000006626
[src/parser/mod.rs:167] v = 0.0000000000000000000000000000000006626
[src/parser/mod.rs:167] expected = 9224617.445991227
[src/parser/mod.rs:167] v = 9224617.445991227
[src/parser/mod.rs:167] expected = -179769313486231570000000000000000000000000000000000000000000000000000000000000000000000000000000000000000000000000000000000000000000000000000000000000000000000000000000000000000000000000000000000000000000000000000000000000000000000000000000000000000000000000000000000000000000000000000000000000000000000000000.0
[src/parser/mod.rs:167] v = -179769313486231570000000000000000000000000000000000000000000000000000000000000000000000000000000000000000000000000000000000000000000000000000000000000000000000000000000000000000000000000000000000000000000000000000000000000000000000000000000000000000000000000000000000000000000000000000000000000000000000000000.0
[src/parser/mod.rs:167] expected = 179769313486231570000000000000000000000000000000000000000000000000000000000000000000000000000000000000000000000000000000000000000000000000000000000000000000000000000000000000000000000000000000000000000000000000000000000000000000000000000000000000000000000000000000000000000000000000000000000000000000000000000.0
[src/parser/mod.rs:167] v = 179769313486231570000000000000000000000000000000000000000000000000000000000000000000000000000000000000000000000000000000000000000000000000000000000000000000000000000000000000000000000000000000000000000000000000000000000000000000000000000000000000000000000000000000000000000000000000000000000000000000000000000.0

Exit: 0
Timed out: False
