Command: rustup run 1.54.0 cargo check --locked --offline --tests
Started: 2026-09-25T11:46:49.188097+00:00
STDOUT:

STDERR:
   Compiling autocfg v1.0.1
   Compiling proc-macro2 v1.0.28
   Compiling unicode-xid v0.2.2
   Compiling libc v0.2.100
   Compiling syn v1.0.75
    Checking lazy_static v1.4.0
    Checking cfg-if v1.0.0
   Compiling crossbeam-utils v0.8.5
   Compiling version_check v0.9.3
   Compiling memchr v2.4.1
   Compiling crossbeam-epoch v0.9.5
   Compiling anyhow v1.0.43
   Compiling proc-macro-hack v0.5.19
   Compiling rayon-core v1.9.1
   Compiling serde_derive v1.0.128
    Checking scopeguard v1.1.0
   Compiling log v0.4.14
   Compiling unicode-segmentation v1.8.0
   Compiling ryu v1.0.5
   Compiling serde v1.0.128
    Checking unicode-width v0.1.8
   Compiling maybe-uninit v2.0.0
    Checking regex-syntax v0.6.25
    Checking ansi_term v0.11.0
    Checking cfg-if v0.1.10
    Checking strsim v0.8.0
    Checking bitflags v1.3.2
   Compiling serde_json v1.0.66
    Checking vec_map v0.8.2
    Checking same-file v1.0.6
    Checking glob v0.3.0
    Checking either v1.6.1
    Checking itoa v0.4.8
    Checking fnv v1.0.7
    Checking once_cell v1.8.0
    Checking termcolor v1.1.2
    Checking bytes v1.0.1
    Checking ansi_term v0.12.1
    Checking diff v0.1.12
    Checking linked-hash-map v0.5.4
   Compiling memoffset v0.6.4
   Compiling num-traits v0.2.14
   Compiling num-integer v0.1.44
   Compiling crossbeam-utils v0.7.2
   Compiling rayon v1.5.1
   Compiling proc-macro-error-attr v1.0.4
   Compiling proc-macro-error v1.0.4
    Checking textwrap v0.11.0
   Compiling heck v0.3.3
    Checking walkdir v2.3.2
    Checking thread_local v1.1.3
    Checking pretty_assertions v0.7.2
   Compiling quote v1.0.9
    Checking crossbeam-channel v0.5.1
    Checking num_cpus v1.13.0
    Checking atty v0.2.14
    Checking time v0.1.44
    Checking aho-corasick v0.7.18
    Checking bstr v0.2.16
    Checking combine v4.6.0
    Checking clap v2.33.3
    Checking crossbeam-channel v0.4.4
    Checking regex v1.5.4
    Checking crossbeam-deque v0.8.1
    Checking chrono v0.4.19
    Checking globset v0.4.8
    Checking ignore v0.4.18
    Checking toml_edit v0.2.1 (/home/runner/work/_temp/upstream)
   Compiling structopt-derive v0.4.15
   Compiling include_dir_impl v0.6.1
    Checking include_dir v0.6.1
    Checking toml-test-data v1.0.0
    Checking structopt v0.3.22
    Checking libtest-mimic v0.3.0
    Checking toml-test v0.2.4
    Checking toml-test-harness v0.2.0
    Finished dev [optimized + debuginfo] target(s) in 15.97s

Exit: 0
Timed out: False
