Command: rustup run 1.29.1 cargo test --locked --lib str_utils::tests::ends_with_line_break_01 -- --exact --nocapture --test-threads=1
Started: 2026-09-24T18:00:17.926095+00:00
STDOUT:

running 1 test
test str_utils::tests::ends_with_line_break_01 ... ok

test result: ok. 1 passed; 0 failed; 0 ignored; 0 measured; 234 filtered out


STDERR:
   Compiling rand_core v0.3.0
   Compiling libc v0.2.43
   Compiling cfg-if v0.1.5
   Compiling remove_dir_all v0.5.1
   Compiling ucd-util v0.1.1
   Compiling bit-vec v0.5.0
   Compiling quick-error v1.2.2
   Compiling void v1.0.2
   Compiling fnv v1.0.6
   Compiling bitflags v1.0.4
   Compiling byteorder v1.2.6
   Compiling unicode-segmentation v1.2.1
   Compiling bencher v0.1.5
   Compiling rand_core v0.2.2
   Compiling regex-syntax v0.6.2
   Compiling unreachable v1.0.0
   Compiling bit-set v0.5.0
   Compiling wait-timeout v0.1.5
   Compiling num-traits v0.2.6
   Compiling rand v0.5.5
   Compiling smallvec v0.6.5
   Compiling lazy_static v1.1.0
   Compiling tempfile v3.0.4
   Compiling rusty-fork v0.2.1
   Compiling proptest v0.8.7
   Compiling ropey v0.9.1 (file:///home/runner/work/_temp/upstream)
    Finished dev [unoptimized + debuginfo] target(s) in 18.14s
     Running /home/runner/work/_temp/build-20260924T175909Z-8f715fc8/debug/deps/ropey-0a02bde11483be6e

Exit: 0
Timed out: False
