Command: rustup run 1.64.0 cargo check --locked --offline --tests
Started: 2026-09-24T00:26:43.703075+00:00
STDOUT:

STDERR:
   Compiling autocfg v1.1.0
   Compiling libc v0.2.137
    Checking cfg-if v1.0.0
   Compiling crossbeam-utils v0.8.12
   Compiling serde v1.0.147
   Compiling proc-macro2 v1.0.47
   Compiling memchr v2.5.0
   Compiling rayon-core v1.9.3
   Compiling quote v1.0.21
   Compiling unicode-ident v1.0.5
    Checking scopeguard v1.1.0
    Checking lazy_static v1.4.0
   Compiling serde_json v1.0.87
   Compiling syn v1.0.103
    Checking ryu v1.0.11
    Checking either v1.8.0
    Checking bitflags v1.3.2
    Checking ppv-lite86 v0.2.16
    Checking unicode-width v0.1.10
    Checking regex-automata v0.1.10
    Checking remove_dir_all v0.5.3
    Checking plotters-backend v0.3.4
    Checking regex-syntax v0.6.27
   Compiling serde_derive v1.0.147
    Checking itoa v1.0.4
    Checking fastrand v1.8.0
    Checking itoa v0.4.8
    Checking quick-error v1.2.3
    Checking bit-vec v0.6.3
    Checking cast v0.3.0
    Checking fnv v1.0.7
    Checking same-file v1.0.6
    Checking half v1.8.2
    Checking smallvec v1.10.0
    Checking oorandom v11.1.3
    Checking byteorder v1.4.3
    Checking str_indices v0.4.0
    Checking quick-error v2.0.1
    Checking unicode-segmentation v1.10.0
   Compiling memoffset v0.6.5
   Compiling crossbeam-epoch v0.9.11
   Compiling num-traits v0.2.15
   Compiling rayon v1.5.3
    Checking itertools v0.10.5
    Checking textwrap v0.11.0
    Checking plotters-svg v0.3.3
    Checking bit-set v0.5.3
    Checking walkdir v2.3.2
    Checking ropey v1.5.0 (/home/runner/work/_temp/upstream)
    Checking clap v2.34.0
    Checking crossbeam-channel v0.5.6
    Checking regex v1.6.0
    Checking getrandom v0.2.8
    Checking num_cpus v1.13.1
    Checking wait-timeout v0.2.0
    Checking tempfile v3.3.0
    Checking atty v0.2.14
    Checking criterion-plot v0.4.5
    Checking csv-core v0.1.10
    Checking rand_core v0.6.4
    Checking rusty-fork v0.3.0
    Checking bstr v0.2.17
    Checking serde_cbor v0.11.2
    Checking plotters v0.3.4
    Checking rand_chacha v0.3.1
    Checking rand_xorshift v0.3.0
    Checking crossbeam-deque v0.8.2
    Checking csv v1.1.6
    Checking tinytemplate v1.2.1
    Checking rand v0.8.5
    Checking proptest v1.0.0
    Checking criterion v0.3.6
    Finished dev [unoptimized + debuginfo] target(s) in 11.74s

Exit: 0
Timed out: False
