Command: rustup run 1.93.1 cargo test --locked --offline --lib hir::translate::tests::class_unicode_gencat -- --exact --nocapture --test-threads=1
Started: 2026-09-24T01:03:19.399155+00:00
STDOUT:

running 0 tests

test result: ok. 0 passed; 0 failed; 0 ignored; 0 measured; 7 filtered out; finished in 0.00s


STDERR:
warning: `/home/runner/work/_temp/upstream/.cargo/config` is deprecated in favor of `config.toml`
  |
  = help: if you need to support cargo 1.38 or earlier, you can symlink `config` to `config.toml`
   Compiling serde_core v1.0.228
   Compiling memchr v2.8.0
   Compiling libc v0.2.182
   Compiling hashbrown v0.16.1
   Compiling cfg-if v1.0.4
   Compiling equivalent v1.0.2
   Compiling indexmap v2.11.4
   Compiling getrandom v0.2.17
   Compiling winnow v0.7.14
   Compiling rand_core v0.6.4
   Compiling rand v0.8.5
   Compiling anyhow v1.0.100
   Compiling atty v0.2.14
   Compiling aho-corasick v1.1.4
   Compiling serde v1.0.228
   Compiling log v0.4.28
   Compiling toml_datetime v0.6.8
   Compiling serde_spanned v0.6.8
   Compiling toml_edit v0.22.24
   Compiling bstr v1.10.0
   Compiling regex-syntax v0.8.9 (/home/runner/work/_temp/upstream/regex-syntax)
   Compiling humantime v2.3.0
   Compiling termcolor v1.4.1
   Compiling toml v0.8.20
   Compiling regex-test v0.1.1 (/home/runner/work/_temp/upstream/regex-test)
   Compiling regex-automata v0.4.14 (/home/runner/work/_temp/upstream/regex-automata)
   Compiling env_logger v0.9.3
   Compiling quickcheck v1.0.3
   Compiling doc-comment v0.3.4
   Compiling regex v1.12.3 (/home/runner/work/_temp/upstream)
    Finished `test` profile [optimized + debuginfo] target(s) in 25.74s
     Running unittests src/lib.rs (/home/runner/work/_temp/build-20260924T005724Z-4798a36c/debug/deps/regex-7598ae89b7ca6913)

Exit: 0
Timed out: False
