Command: rustup run 1.67.1 cargo test --locked --offline --test decimal_tests it_does_not_round_decimals_to_too_many_dp -- --nocapture --test-threads=1
Started: 2026-09-24T00:29:39.405026+00:00
STDOUT:

running 1 test
test it_does_not_round_decimals_to_too_many_dp ... FAILED

failures:

failures:
    it_does_not_round_decimals_to_too_many_dp

test result: FAILED. 0 passed; 1 failed; 0 ignored; 0 measured; 442 filtered out; finished in 0.00s


STDERR:
   Compiling rust_decimal v1.28.1 (/home/runner/work/_temp/upstream)
   Compiling rust_decimal_macros v1.28.1 (/home/runner/work/_temp/upstream/macros)
    Finished test [unoptimized + debuginfo] target(s) in 3.14s
     Running tests/decimal_tests.rs (/home/runner/work/_temp/build-20260924T002703Z-9c929e0d/debug/deps/decimal_tests-543f621cd4851aa1)
thread 'it_does_not_round_decimals_to_too_many_dp' panicked at 'assertion failed: `(left == right)`
  left: `32`,
 right: `28`', tests/decimal_tests.rs:2479:5
note: run with `RUST_BACKTRACE=1` environment variable to display a backtrace
error: test failed, to rerun pass `--test decimal_tests`

Exit: 101
Timed out: False
