Command: rustup run 1.67.1 cargo fetch --locked
Started: 2026-09-24T00:29:08.938351+00:00
STDOUT:

STDERR:
 Downloading crates ...
  Downloaded bitflags v1.3.2 (registry `era`)
  Downloaded async-stream-impl v0.3.3 (registry `era`)
  Downloaded tracing v0.1.37 (registry `era`)
  Downloaded proc-macro-error-attr v1.0.4 (registry `era`)
  Downloaded pear_codegen v0.2.3 (registry `era`)
  Downloaded pq-sys v0.4.7 (registry `era`)
  Downloaded rend v0.3.6 (registry `era`)
  Downloaded http-body v0.4.5 (registry `era`)
  Downloaded csv-core v0.1.10 (registry `era`)
  Downloaded form_urlencoded v1.1.0 (registry `era`)
  Downloaded tinyvec_macros v0.1.1 (registry `era`)
  Downloaded percent-encoding v1.0.1 (registry `era`)
  Downloaded pkg-config v0.3.26 (registry `era`)
  Downloaded diesel_derives v1.4.1 (registry `era`)
  Downloaded version-sync v0.9.4 (registry `era`)
  Downloaded pin-project-lite v0.2.9 (registry `era`)
  Downloaded pulldown-cmark v0.8.0 (registry `era`)
  Downloaded atty v0.2.14 (registry `era`)
  Downloaded tinytemplate v1.2.1 (registry `era`)
  Downloaded tokio-util v0.7.5 (registry `era`)
  Downloaded unicase v2.6.0 (registry `era`)
  Downloaded unicode-bidi v0.3.10 (registry `era`)
  Downloaded semver v1.0.16 (registry `era`)
  Downloaded tracing-core v0.1.30 (registry `era`)
  Downloaded same-file v1.0.6 (registry `era`)
  Downloaded ghash v0.5.0 (registry `era`)
  Downloaded cfg-if v1.0.0 (registry `era`)
  Downloaded lazy_static v1.4.0 (registry `era`)
  Downloaded futures-core v0.3.26 (registry `era`)
  Downloaded hermit-abi v0.1.19 (registry `era`)
  Downloaded generic-array v0.14.6 (registry `era`)
  Downloaded tokio-postgres v0.7.7 (registry `era`)
  Downloaded criterion-plot v0.5.0 (registry `era`)
  Downloaded serde v1.0.152 (registry `era`)
  Downloaded async-stream v0.3.3 (registry `era`)
  Downloaded figment v0.10.8 (registry `era`)
  Downloaded md-5 v0.10.5 (registry `era`)
  Downloaded tracing-attributes v0.1.23 (registry `era`)
  Downloaded scoped-tls v1.0.1 (registry `era`)
  Downloaded futures-macro v0.3.26 (registry `era`)
  Downloaded itoa v0.4.8 (registry `era`)
  Downloaded lock_api v0.4.9 (registry `era`)
  Downloaded windows-targets v0.42.1 (registry `era`)
  Downloaded clap_lex v0.2.4 (registry `era`)
  Downloaded tokio-macros v1.8.2 (registry `era`)
  Downloaded indexmap v1.9.2 (registry `era`)
  Downloaded valuable v0.1.0 (registry `era`)
  Downloaded bytecheck v0.6.9 (registry `era`)
  Downloaded async-trait v0.1.64 (registry `era`)
  Downloaded quote v1.0.23 (registry `era`)
  Downloaded oorandom v11.1.3 (registry `era`)
  Downloaded binascii v0.1.4 (registry `era`)
  Downloaded byteorder v1.4.3 (registry `era`)
  Downloaded yansi v0.5.1 (registry `era`)
  Downloaded overload v0.1.1 (registry `era`)
  Downloaded ciborium v0.2.0 (registry `era`)
  Downloaded toml v0.5.11 (registry `era`)
  Downloaded slab v0.4.7 (registry `era`)
  Downloaded phf v0.11.1 (registry `era`)
  Downloaded tempfile v3.3.0 (registry `era`)
  Downloaded matches v0.1.10 (registry `era`)
  Downloaded inout v0.1.3 (registry `era`)
  Downloaded parking_lot v0.12.1 (registry `era`)
  Downloaded proc-macro2-diagnostics v0.9.1 (registry `era`)
  Downloaded itoa v1.0.5 (registry `era`)
  Downloaded atomic v0.5.1 (registry `era`)
  Downloaded percent-encoding v2.2.0 (registry `era`)
  Downloaded anes v0.1.6 (registry `era`)
  Downloaded mime v0.3.16 (registry `era`)
  Downloaded multer v2.0.4 (registry `era`)
  Downloaded ptr_meta v0.1.4 (registry `era`)
  Downloaded bytes v1.4.0 (registry `era`)
  Downloaded bytecheck_derive v0.6.9 (registry `era`)
  Downloaded signal-hook-registry v1.4.0 (registry `era`)
  Downloaded arbitrary v1.2.3 (registry `era`)
  Downloaded arrayvec v0.7.2 (registry `era`)
  Downloaded digest v0.10.6 (registry `era`)
  Downloaded once_cell v1.17.0 (registry `era`)
  Downloaded mio v0.8.5 (registry `era`)
  Downloaded hashbrown v0.12.3 (registry `era`)
  Downloaded walkdir v2.3.2 (registry `era`)
  Downloaded ryu v1.0.12 (registry `era`)
  Downloaded bincode v1.3.3 (registry `era`)
  Downloaded polyval v0.6.0 (registry `era`)
  Downloaded want v0.3.0 (registry `era`)
  Downloaded unicode-ident v1.0.6 (registry `era`)
  Downloaded winapi-util v0.1.5 (registry `era`)
  Downloaded fnv v1.0.7 (registry `era`)
  Downloaded ptr_meta_derive v0.1.4 (registry `era`)
  Downloaded rkyv_derive v0.7.39 (registry `era`)
  Downloaded postgres v0.19.4 (registry `era`)
  Downloaded mysqlclient-sys v0.2.5 (registry `era`)
  Downloaded rand v0.8.5 (registry `era`)
  Downloaded tower-service v0.3.2 (registry `era`)
  Downloaded cast v0.3.0 (registry `era`)
  Downloaded httpdate v1.0.2 (registry `era`)
  Downloaded cookie v0.16.2 (registry `era`)
  Downloaded rocket_http v0.5.0-rc.2 (registry `era`)
  Downloaded glob v0.3.1 (registry `era`)
  Downloaded termcolor v1.2.0 (registry `era`)
  Downloaded proc-macro2 v1.0.51 (registry `era`)
  Downloaded time v0.3.17 (registry `era`)
  Downloaded devise_core v0.3.1 (registry `era`)
  Downloaded try-lock v0.2.4 (registry `era`)
  Downloaded typenum v1.16.0 (registry `era`)
  Downloaded ref-cast v1.0.14 (registry `era`)
  Downloaded version_check v0.9.4 (registry `era`)
  Downloaded postgres-protocol v0.6.4 (registry `era`)
  Downloaded block-buffer v0.10.3 (registry `era`)
  Downloaded ahash v0.7.6 (registry `era`)
  Downloaded pear v0.2.3 (registry `era`)
  Downloaded rustversion v1.0.11 (registry `era`)
  Downloaded proc-macro-error v1.0.4 (registry `era`)
  Downloaded devise v0.3.1 (registry `era`)
  Downloaded tracing-subscriber v0.3.16 (registry `era`)
  Downloaded tinyvec v1.6.0 (registry `era`)
  Downloaded spin v0.9.5 (registry `era`)
  Downloaded trybuild v1.0.77 (registry `era`)
  Downloaded regex v1.7.1 (registry `era`)
  Downloaded os_str_bytes v6.4.1 (registry `era`)
  Downloaded ctr v0.9.2 (registry `era`)
  Downloaded num-traits v0.2.15 (registry `era`)
  Downloaded basic-toml v0.1.1 (registry `era`)
  Downloaded remove_dir_all v0.5.3 (registry `era`)
  Downloaded uncased v0.9.7 (registry `era`)
  Downloaded futures-channel v0.3.26 (registry `era`)
  Downloaded aead v0.5.1 (registry `era`)
  Downloaded sha2 v0.10.6 (registry `era`)
  Downloaded redox_syscall v0.2.16 (registry `era`)
  Downloaded wasi v0.11.0+wasi-snapshot-preview1 (registry `era`)
  Downloaded seahash v4.1.0 (registry `era`)
  Downloaded cipher v0.4.3 (registry `era`)
  Downloaded stable-pattern v0.1.0 (registry `era`)
  Downloaded parking_lot_core v0.9.7 (registry `era`)
  Downloaded pin-utils v0.1.0 (registry `era`)
  Downloaded stringprep v0.1.2 (registry `era`)
  Downloaded ahash v0.8.3 (registry `era`)
  Downloaded half v1.8.2 (registry `era`)
  Downloaded futures-sink v0.3.26 (registry `era`)
  Downloaded autocfg v1.1.0 (registry `era`)
  Downloaded httparse v1.8.0 (registry `era`)
  Downloaded generator v0.7.2 (registry `era`)
  Downloaded url v2.3.1 (registry `era`)
  Downloaded ref-cast-impl v1.0.14 (registry `era`)
  Downloaded url v1.7.2 (registry `era`)
  Downloaded serde_derive v1.0.152 (registry `era`)
  Downloaded opaque-debug v0.3.0 (registry `era`)
  Downloaded proc-macro-crate v0.1.5 (registry `era`)
  Downloaded ciborium-ll v0.2.0 (registry `era`)
  Downloaded rand_chacha v0.3.1 (registry `era`)
  Downloaded getrandom v0.2.8 (registry `era`)
  Downloaded windows_x86_64_gnullvm v0.42.1 (registry `era`)
  Downloaded sharded-slab v0.1.4 (registry `era`)
  Downloaded cc v1.0.79 (registry `era`)
  Downloaded ppv-lite86 v0.2.17 (registry `era`)
  Downloaded base64 v0.13.1 (registry `era`)
  Downloaded memchr v2.5.0 (registry `era`)
  Downloaded universal-hash v0.5.0 (registry `era`)
  Downloaded loom v0.5.6 (registry `era`)
  Downloaded fallible-iterator v0.2.0 (registry `era`)
  Downloaded crypto-common v0.1.6 (registry `era`)
  Downloaded itertools v0.10.5 (registry `era`)
  Downloaded thread_local v1.1.4 (registry `era`)
  Downloaded time-core v0.1.0 (registry `era`)
  Downloaded futures-io v0.3.26 (registry `era`)
  Downloaded rkyv v0.7.39 (registry `era`)
  Downloaded fastrand v1.8.0 (registry `era`)
  Downloaded siphasher v0.3.10 (registry `era`)
  Downloaded num_cpus v1.15.0 (registry `era`)
  Downloaded nu-ansi-term v0.46.0 (registry `era`)
  Downloaded cpufeatures v0.2.5 (registry `era`)
  Downloaded matchers v0.1.0 (registry `era`)
  Downloaded hermit-abi v0.2.6 (registry `era`)
  Downloaded smallvec v1.10.0 (registry `era`)
  Downloaded phf_shared v0.11.1 (registry `era`)
  Downloaded ubyte v0.10.3 (registry `era`)
  Downloaded futures-task v0.3.26 (registry `era`)
  Downloaded ciborium-io v0.2.0 (registry `era`)
  Downloaded hashbrown v0.13.2 (registry `era`)
  Downloaded rocket_codegen v0.5.0-rc.2 (registry `era`)
  Downloaded futures v0.3.26 (registry `era`)
  Downloaded unicode-normalization v0.1.22 (registry `era`)
  Downloaded instant v0.1.12 (registry `era`)
  Downloaded subtle v2.4.1 (registry `era`)
  Downloaded scopeguard v1.1.0 (registry `era`)
  Downloaded rand_core v0.6.4 (registry `era`)
  Downloaded hmac v0.12.1 (registry `era`)
  Downloaded tokio-stream v0.1.11 (registry `era`)
  Downloaded serde_json v1.0.93 (registry `era`)
  Downloaded criterion v0.4.0 (registry `era`)
  Downloaded devise_codegen v0.3.1 (registry `era`)
  Downloaded textwrap v0.16.0 (registry `era`)
  Downloaded state v0.5.3 (registry `era`)
  Downloaded base64 v0.20.0 (registry `era`)
  Downloaded socket2 v0.4.7 (registry `era`)
  Downloaded unicode-xid v0.2.4 (registry `era`)
  Downloaded tracing-log v0.1.3 (registry `era`)
  Downloaded postgres-types v0.2.4 (registry `era`)
  Downloaded borsh-derive-internal v0.10.1 (registry `era`)
  Downloaded syn v1.0.107 (registry `era`)
  Downloaded either v1.8.1 (registry `era`)
  Downloaded inlinable_string v0.1.15 (registry `era`)
  Downloaded time-macros v0.2.6 (registry `era`)
  Downloaded diesel_derives v2.0.1 (registry `era`)
  Downloaded aes v0.8.2 (registry `era`)
  Downloaded http v0.2.8 (registry `era`)
  Downloaded log v0.4.17 (registry `era`)
  Downloaded hkdf v0.12.3 (registry `era`)
  Downloaded diesel v1.4.8 (registry `era`)
  Downloaded borsh-schema-derive-internal v0.10.1 (registry `era`)
  Downloaded futures-util v0.3.26 (registry `era`)
  Downloaded borsh-derive v0.10.1 (registry `era`)
  Downloaded borsh v0.10.1 (registry `era`)
  Downloaded aes-gcm v0.10.1 (registry `era`)
  Downloaded regex-automata v0.1.10 (registry `era`)
  Downloaded vcpkg v0.2.15 (registry `era`)
  Downloaded hyper v0.14.24 (registry `era`)
  Downloaded windows_x86_64_msvc v0.39.0 (registry `era`)
  Downloaded idna v0.1.5 (registry `era`)
  Downloaded idna v0.3.0 (registry `era`)
  Downloaded clap v3.2.23 (registry `era`)
  Downloaded diesel v2.0.3 (registry `era`)
  Downloaded bstr v0.2.17 (registry `era`)
  Downloaded windows_i686_gnu v0.42.1 (registry `era`)
  Downloaded windows_i686_gnu v0.39.0 (registry `era`)
  Downloaded rocket v0.5.0-rc.2 (registry `era`)
  Downloaded regex-syntax v0.6.28 (registry `era`)
  Downloaded windows_aarch64_gnullvm v0.42.1 (registry `era`)
  Downloaded libc v0.2.139 (registry `era`)
  Downloaded windows_aarch64_msvc v0.39.0 (registry `era`)
  Downloaded tokio v1.25.0 (registry `era`)
  Downloaded windows_x86_64_msvc v0.42.1 (registry `era`)
  Downloaded windows_aarch64_msvc v0.42.1 (registry `era`)
  Downloaded windows_i686_msvc v0.42.1 (registry `era`)
  Downloaded windows_i686_msvc v0.39.0 (registry `era`)
  Downloaded windows_x86_64_gnu v0.42.1 (registry `era`)
  Downloaded windows_x86_64_gnu v0.39.0 (registry `era`)
  Downloaded csv v1.1.6 (registry `era`)
  Downloaded winapi v0.3.9 (registry `era`)
  Downloaded encoding_rs v0.8.32 (registry `era`)
  Downloaded windows-sys v0.45.0 (registry `era`)
  Downloaded winapi-i686-pc-windows-gnu v0.4.0 (registry `era`)
  Downloaded windows-sys v0.42.0 (registry `era`)
  Downloaded winapi-x86_64-pc-windows-gnu v0.4.0 (registry `era`)
  Downloaded windows v0.39.0 (registry `era`)

Exit: 0
Timed out: False
