Command: rustup run 1.35.0 cargo test --locked --lib test::test_cmp -- --exact --nocapture --test-threads=1
Started: 2026-09-24T00:22:15.694615+00:00
STDOUT:

running 1 test
test test::test_cmp ... FAILED

failures:

failures:
    test::test_cmp

test result: FAILED. 0 passed; 1 failed; 0 ignored; 0 measured; 34 filtered out


STDERR:
   Compiling num-rational v0.2.1 (/home/runner/work/_temp/upstream)
    Finished dev [unoptimized + debuginfo] target(s) in 0.78s
     Running /home/runner/work/_temp/build-20260924T002141Z-6999d93b/debug/deps/num_rational-dd24f41ad44fd04f
thread 'main' panicked at 'assertion failed: `(left == right)`
  left: `Ratio { numer: 0, denom: 1 }`,
 right: `Ratio { numer: 0, denom: 2 }`', src/lib.rs:1451:9
note: Run with `RUST_BACKTRACE=1` environment variable to display a backtrace.
error: test failed, to rerun pass '--lib'

Exit: 101
Timed out: False
