Command: rustup run 1.95.0 cargo test --locked --offline --lib repr::heap::test::test_realloc_shrink_to_min_heap_gap -- --exact --nocapture --test-threads=1
Started: 2026-09-24T17:56:24.868192+00:00
STDOUT:

running 0 tests

test result: ok. 0 passed; 0 failed; 0 ignored; 0 measured; 0 filtered out; finished in 0.00s


running 0 tests

test result: ok. 0 passed; 0 failed; 0 ignored; 0 measured; 2 filtered out; finished in 0.00s


running 0 tests

test result: ok. 0 passed; 0 failed; 0 ignored; 0 measured; 1 filtered out; finished in 0.00s


running 0 tests

test result: ok. 0 passed; 0 failed; 0 ignored; 0 measured; 3 filtered out; finished in 0.00s


STDERR:
warning: `/home/runner/work/_temp/upstream/.cargo/config` is deprecated in favor of `config.toml`
  |
  = help: if you need to support cargo 1.38 or earlier, you can symlink `config` to `config.toml`
   Compiling compact_str v0.9.0 (/home/runner/work/_temp/upstream/compact_str)
   Compiling compact_str v0.9.0
   Compiling compact_str v0.6.1
   Compiling example-sqlx v0.1.0 (/home/runner/work/_temp/upstream/examples/sqlx)
   Compiling example-diesel v0.1.0 (/home/runner/work/_temp/upstream/examples/diesel)
   Compiling compact_str-fuzz v0.0.0 (/home/runner/work/_temp/upstream/fuzz)
   Compiling benches v0.1.0 (/home/runner/work/_temp/upstream/bench)
    Finished `test` profile [unoptimized + debuginfo] target(s) in 1.52s
     Running unittests src/lib.rs (/home/runner/work/_temp/build-20260924T174620Z-9280e005/debug/deps/benches-39c734839c632f8f)
     Running unittests src/lib.rs (/home/runner/work/_temp/build-20260924T174620Z-9280e005/debug/deps/compact_str_fuzz-55fbf5f081868acc)
     Running unittests src/lib.rs (/home/runner/work/_temp/build-20260924T174620Z-9280e005/debug/deps/example_diesel-ab915185cfa65fa3)
     Running unittests src/lib.rs (/home/runner/work/_temp/build-20260924T174620Z-9280e005/debug/deps/example_sqlx-13a90728d9c35ccb)

Exit: 0
Timed out: False
