Command: rustup run 1.95.0 cargo test --locked --offline --lib repr::heap::test::test_realloc_shrink_to_min_heap_gap -- --exact --nocapture --test-threads=1
Started: 2026-09-24T17:55:35.722498+00:00
STDOUT:

running 0 tests

test result: ok. 0 passed; 0 failed; 0 ignored; 0 measured; 0 filtered out; finished in 0.00s


running 0 tests

test result: ok. 0 passed; 0 failed; 0 ignored; 0 measured; 2 filtered out; finished in 0.00s


running 0 tests

test result: ok. 0 passed; 0 failed; 0 ignored; 0 measured; 1 filtered out; finished in 0.00s


running 0 tests

test result: ok. 0 passed; 0 failed; 0 ignored; 0 measured; 3 filtered out; finished in 0.00s


STDERR:
warning: `/home/runner/work/_temp/upstream/.cargo/config` is deprecated in favor of `config.toml`
  |
  = help: if you need to support cargo 1.38 or earlier, you can symlink `config` to `config.toml`
   Compiling serde_core v1.0.228
   Compiling cfg-if v1.0.4
   Compiling libc v0.2.186
   Compiling scopeguard v1.2.0
   Compiling zerofrom v0.1.8
   Compiling lock_api v0.4.14
   Compiling stable_deref_trait v1.2.1
   Compiling yoke v0.8.2
   Compiling equivalent v1.0.2
   Compiling zerovec v0.11.6
   Compiling const-oid v0.9.6
   Compiling typenum v1.20.0
   Compiling pin-project-lite v0.2.17
   Compiling tinystr v0.8.3
   Compiling memchr v2.8.1
   Compiling writeable v0.6.3
   Compiling generic-array v0.14.7
   Compiling litemap v0.8.2
   Compiling icu_locale_core v2.2.0
   Compiling libm v0.2.16
   Compiling crypto-common v0.1.7
   Compiling block-buffer v0.10.4
   Compiling potential_utf v0.1.5
   Compiling zerotrie v0.2.4
   Compiling subtle v2.6.1
   Compiling serde v1.0.228
   Compiling hashbrown v0.17.1
   Compiling futures-core v0.3.32
   Compiling utf8_iter v1.0.4
   Compiling smallvec v1.15.1
   Compiling icu_collections v2.2.0
   Compiling num-traits v0.2.19
   Compiling digest v0.10.7
   Compiling icu_provider v2.2.0
   Compiling itoa v1.0.18
   Compiling icu_normalizer_data v2.2.0
   Compiling getrandom v0.2.17
   Compiling icu_properties_data v2.2.0
   Compiling zmij v1.0.21
   Compiling rand_core v0.6.4
   Compiling bytes v1.11.1
   Compiling serde_json v1.0.150
   Compiling icu_properties v2.2.0
   Compiling once_cell v1.21.4
   Compiling futures-sink v0.3.32
   Compiling crossbeam-utils v0.8.21
   Compiling zeroize v1.8.2
   Compiling zerocopy v0.8.48
   Compiling thiserror v2.0.18
   Compiling parking_lot_core v0.9.12
   Compiling socket2 v0.6.3
   Compiling mio v1.2.0
   Compiling futures-task v0.3.32
   Compiling futures-io v0.3.32
   Compiling percent-encoding v2.3.2
   Compiling parking_lot v0.12.5
   Compiling form_urlencoded v1.2.2
   Compiling indexmap v2.14.0
   Compiling cpufeatures v0.2.17
   Compiling tracing-core v0.1.36
   Compiling spin v0.9.8
   Compiling parking v2.2.1
   Compiling allocator-api2 v0.2.21
   Compiling foldhash v0.1.5
   Compiling hashbrown v0.15.5
   Compiling base64ct v1.8.3
   Compiling crc-catalog v2.5.0
   Compiling crc v3.4.0
   Compiling pem-rfc7468 v0.7.0
   Compiling crossbeam-queue v0.3.12
   Compiling base64 v0.22.1
   Compiling hashlink v0.10.0
   Compiling der v0.7.10
   Compiling num-integer v0.1.46
   Compiling icu_normalizer v2.2.0
   Compiling either v1.16.0
   Compiling tinyvec_macros v0.1.1
   Compiling ryu v1.0.23
   Compiling tinyvec v1.11.0
   Compiling idna_adapter v1.2.2
   Compiling spki v0.7.3
   Compiling num-iter v0.1.45
   Compiling ppv-lite86 v0.2.21
   Compiling lazy_static v1.5.0
   Compiling futures-channel v0.3.32
   Compiling atoi v2.0.0
   Compiling futures-util v0.3.32
   Compiling rand_chacha v0.3.1
   Compiling unicode-normalization v0.1.25
   Compiling pkcs8 v0.10.2
   Compiling idna v1.1.0
   Compiling tokio v1.52.3
   Compiling concurrent-queue v2.5.0
   Compiling hmac v0.12.1
   Compiling unicode-properties v0.1.4
   Compiling unicode-bidi v0.3.18
   Compiling hkdf v0.12.4
   Compiling tracing v0.1.44
   Compiling stringprep v0.1.5
   Compiling event-listener v5.4.1
   Compiling url v2.5.8
   Compiling pkcs1 v0.7.5
   Compiling rand v0.8.6
   Compiling sha2 v0.10.9
   Compiling futures-intrusive v0.5.0
   Compiling signature v2.2.0
   Compiling md-5 v0.10.6
   Compiling whoami v1.6.1
   Compiling slab v0.4.12
   Compiling hex v0.4.3
   Compiling byteorder v1.5.0
   Compiling dotenvy v0.15.7
   Compiling tokio-stream v0.1.18
   Compiling sqlx-core v0.8.6
   Compiling log v0.4.30
   Compiling num-bigint-dig v0.8.6
   Compiling serde_urlencoded v0.7.1
   Compiling flume v0.11.1
   Compiling sha1 v0.10.6
   Compiling bitflags v2.11.1
   Compiling home v0.5.12
   Compiling downcast-rs v2.0.2
   Compiling rsa v0.9.10
   Compiling castaway v0.2.4
   Compiling futures-executor v0.3.32
   Compiling static_assertions v1.1.0
   Compiling toml_edit v0.23.10+spec-1.0.0
   Compiling sqlx-mysql v0.8.6
   Compiling sqlx-sqlite v0.8.6
   Compiling libsqlite3-sys v0.30.1
   Compiling sqlx-postgres v0.8.6
   Compiling hashbrown v0.16.1
   Compiling foldhash v0.2.0
   Compiling spin v0.10.0
   Compiling dsl_auto_type v0.2.0
   Compiling bevy_platform v0.17.3
   Compiling bevy_macro_utils v0.17.3
   Compiling typeid v1.0.3
   Compiling sqlx-macros-core v0.8.6
   Compiling thread_local v1.1.9
   Compiling disqualified v1.0.0
   Compiling diesel_derives v2.3.9
   Compiling bevy_utils v0.17.3
   Compiling bevy_reflect_derive v0.17.3
   Compiling sqlx-macros v0.8.6
   Compiling erased-serde v0.4.10
   Compiling derive_more v2.1.1
   Compiling half v2.7.1
   Compiling linux-raw-sys v0.12.1
   Compiling bevy_ptr v0.17.3
   Compiling ciborium-io v0.2.2
   Compiling clap_lex v1.1.0
   Compiling anstyle v1.0.14
   Compiling regex-syntax v0.8.10
   Compiling inventory v0.3.24
   Compiling bevy_reflect v0.17.3
   Compiling clap_builder v4.6.0
   Compiling sqlx v0.8.6
   Compiling regex-automata v0.4.14
   Compiling ciborium-ll v0.2.2
   Compiling rustix v1.1.4
   Compiling utoipa v5.5.0
   Compiling diesel v2.3.9
   Compiling getrandom v0.4.2
   Compiling itertools v0.10.5
   Compiling same-file v1.0.6
   Compiling fastrand v2.4.1
   Compiling cast v0.3.0
   Compiling criterion-plot v0.5.0
   Compiling tempfile v3.27.0
   Compiling compact_str v0.9.0 (/home/runner/work/_temp/upstream/compact_str)
   Compiling walkdir v2.5.0
   Compiling ciborium v0.2.2
   Compiling regex v1.12.3
   Compiling clap v4.6.1
   Compiling tinytemplate v1.2.1
   Compiling is-terminal v0.4.17
   Compiling anes v0.1.6
   Compiling oorandom v11.1.5
   Compiling criterion v0.5.1
   Compiling arbitrary v1.4.2
   Compiling smartstring v1.0.1
   Compiling compact_str v0.6.1
   Compiling rand_distr v0.4.3
   Compiling smol_str v0.2.2
   Compiling iai v0.1.1
   Compiling compact_str-fuzz v0.0.0 (/home/runner/work/_temp/upstream/fuzz)
   Compiling benches v0.1.0 (/home/runner/work/_temp/upstream/bench)
   Compiling compact_str v0.9.0
   Compiling example-sqlx v0.1.0 (/home/runner/work/_temp/upstream/examples/sqlx)
   Compiling example-diesel v0.1.0 (/home/runner/work/_temp/upstream/examples/diesel)
    Finished `test` profile [unoptimized + debuginfo] target(s) in 48.96s
     Running unittests src/lib.rs (/home/runner/work/_temp/build-20260924T174620Z-9280e005/debug/deps/benches-39c734839c632f8f)
     Running unittests src/lib.rs (/home/runner/work/_temp/build-20260924T174620Z-9280e005/debug/deps/compact_str_fuzz-55fbf5f081868acc)
     Running unittests src/lib.rs (/home/runner/work/_temp/build-20260924T174620Z-9280e005/debug/deps/example_diesel-ab915185cfa65fa3)
     Running unittests src/lib.rs (/home/runner/work/_temp/build-20260924T174620Z-9280e005/debug/deps/example_sqlx-13a90728d9c35ccb)

Exit: 0
Timed out: False
