Command: rustup run 1.95.0 cargo check --locked --offline --tests
Started: 2026-09-24T17:54:32.897583+00:00
STDOUT:

STDERR:
warning: `/home/runner/work/_temp/upstream/.cargo/config` is deprecated in favor of `config.toml`
  |
  = help: if you need to support cargo 1.38 or earlier, you can symlink `config` to `config.toml`
   Compiling proc-macro2 v1.0.106
   Compiling unicode-ident v1.0.24
   Compiling quote v1.0.45
   Compiling serde_core v1.0.228
   Compiling serde v1.0.228
   Compiling libc v0.2.186
   Compiling version_check v0.9.5
   Compiling generic-array v0.14.7
    Checking cfg-if v1.0.4
   Compiling syn v2.0.117
   Compiling autocfg v1.5.1
   Compiling libm v0.2.16
   Compiling parking_lot_core v0.9.12
   Compiling num-traits v0.2.19
   Compiling scopeguard v1.2.0
   Compiling lock_api v0.4.14
   Compiling zmij v1.0.21
   Compiling crossbeam-utils v0.8.21
   Compiling icu_normalizer_data v2.2.0
   Compiling icu_properties_data v2.2.0
   Compiling serde_json v1.0.150
   Compiling equivalent v1.0.2
   Compiling thiserror v2.0.18
   Compiling stable_deref_trait v1.2.1
   Compiling hashbrown v0.17.1
   Compiling const-oid v0.9.6
   Compiling typenum v1.20.0
   Compiling zerocopy v0.8.48
   Compiling indexmap v2.14.0
    Checking pin-project-lite v0.2.17
    Checking futures-core v0.3.32
    Checking memchr v2.8.1
    Checking itoa v1.0.18
   Compiling synstructure v0.13.2
   Compiling crypto-common v0.1.7
   Compiling block-buffer v0.10.4
   Compiling subtle v2.6.1
   Compiling digest v0.10.7
   Compiling writeable v0.6.3
   Compiling litemap v0.8.2
   Compiling find-msvc-tools v0.1.9
   Compiling shlex v1.3.0
   Compiling utf8_iter v1.0.4
    Checking zeroize v1.8.2
   Compiling serde_derive v1.0.228
   Compiling zerofrom-derive v0.1.7
   Compiling yoke-derive v0.8.2
   Compiling zerovec-derive v0.11.3
   Compiling displaydoc v0.2.5
   Compiling zerofrom v0.1.8
   Compiling thiserror-impl v2.0.18
   Compiling yoke v0.8.2
   Compiling zerovec v0.11.6
   Compiling zerocopy-derive v0.8.48
   Compiling tinystr v0.8.3
   Compiling icu_locale_core v2.2.0
   Compiling potential_utf v0.1.5
   Compiling zerotrie v0.2.4
   Compiling tracing-attributes v0.1.31
    Checking smallvec v1.15.1
   Compiling icu_provider v2.2.0
   Compiling icu_collections v2.2.0
   Compiling parking_lot v0.12.5
   Compiling cc v1.2.62
   Compiling pkg-config v0.3.33
    Checking futures-io v0.3.32
   Compiling vcpkg v0.2.15
    Checking bytes v1.11.1
    Checking getrandom v0.2.17
   Compiling futures-sink v0.3.32
    Checking slab v0.4.12
    Checking parking v2.2.1
   Compiling rand_core v0.6.4
   Compiling icu_properties v2.2.0
   Compiling icu_normalizer v2.2.0
    Checking concurrent-queue v2.5.0
   Compiling either v1.16.0
   Compiling base64ct v1.8.3
   Compiling percent-encoding v2.3.2
   Compiling num-bigint-dig v0.8.6
    Checking once_cell v1.21.4
   Compiling form_urlencoded v1.2.2
   Compiling pem-rfc7468 v0.7.0
   Compiling idna_adapter v1.2.2
    Checking ppv-lite86 v0.2.21
   Compiling spin v0.9.8
   Compiling mio v1.2.0
   Compiling socket2 v0.6.3
    Checking ryu v1.0.23
   Compiling cpufeatures v0.2.17
   Compiling rustversion v1.0.22
   Compiling allocator-api2 v0.2.21
   Compiling foldhash v0.1.5
   Compiling futures-task v0.3.32
   Compiling hashbrown v0.15.5
   Compiling futures-util v0.3.32
   Compiling tokio v1.52.3
   Compiling tracing-core v0.1.36
    Checking rand_chacha v0.3.1
   Compiling idna v1.1.0
   Compiling der v0.7.10
    Checking crossbeam-queue v0.3.12
   Compiling tinyvec_macros v0.1.1
   Compiling log v0.4.30
    Checking downcast-rs v2.0.2
   Compiling crc-catalog v2.5.0
   Compiling crc v3.4.0
   Compiling tracing v0.1.44
   Compiling spki v0.7.3
   Compiling event-listener v5.4.1
   Compiling tinyvec v1.11.0
   Compiling url v2.5.8
   Compiling tokio-stream v0.1.18
   Compiling rand v0.8.6
   Compiling hashlink v0.10.0
   Compiling sha2 v0.10.9
   Compiling num-integer v0.1.46
   Compiling futures-intrusive v0.5.0
   Compiling tokio-macros v2.7.0
    Checking bitflags v2.11.1
   Compiling base64 v0.22.1
   Compiling sqlx-core v0.8.6
    Checking castaway v0.2.4
   Compiling num-iter v0.1.45
   Compiling unicode-normalization v0.1.25
   Compiling pkcs8 v0.10.2
   Compiling lazy_static v1.5.0
   Compiling atoi v2.0.0
   Compiling futures-channel v0.3.32
   Compiling libsqlite3-sys v0.30.1
   Compiling hmac v0.12.1
   Compiling heck v0.5.0
   Compiling ident_case v1.0.1
   Compiling unicode-bidi v0.3.18
    Checking static_assertions v1.1.0
   Compiling fnv v1.0.7
   Compiling unicode-properties v0.1.4
   Compiling strsim v0.11.1
   Compiling darling_core v0.21.3
   Compiling stringprep v0.1.5
   Compiling hkdf v0.12.4
   Compiling pkcs1 v0.7.5
   Compiling signature v2.2.0
   Compiling md-5 v0.10.6
   Compiling byteorder v1.5.0
   Compiling whoami v1.6.1
   Compiling dotenvy v0.15.7
   Compiling winnow v1.0.3
   Compiling hex v0.4.3
   Compiling toml_parser v1.1.2+spec-1.1.0
   Compiling darling_macro v0.21.3
   Compiling serde_urlencoded v0.7.1
   Compiling rsa v0.9.10
   Compiling futures-executor v0.3.32
   Compiling sha1 v0.10.6
   Compiling flume v0.11.1
   Compiling winnow v0.7.15
   Compiling unicode-segmentation v1.13.2
   Compiling home v0.5.12
   Compiling toml_datetime v0.7.5+spec-1.1.0
   Compiling sqlx-postgres v0.8.6
   Compiling toml_edit v0.23.10+spec-1.0.0
   Compiling convert_case v0.10.0
   Compiling sqlx-mysql v0.8.6
   Compiling sqlx-sqlite v0.8.6
   Compiling darling v0.21.3
    Checking hashbrown v0.16.1
   Compiling diesel_derives v2.3.9
   Compiling typeid v1.0.3
    Checking foldhash v0.2.0
    Checking spin v0.10.0
   Compiling unicode-xid v0.2.6
    Checking bevy_platform v0.17.3
   Compiling derive_more-impl v2.1.1
   Compiling dsl_auto_type v0.2.0
   Compiling sqlx-macros-core v0.8.6
   Compiling bevy_macro_utils v0.17.3
   Compiling diesel_table_macro_syntax v0.3.0
   Compiling erased-serde v0.4.10
   Compiling sqlx-macros v0.8.6
    Checking derive_more v2.1.1
    Checking thread_local v1.1.9
    Checking disqualified v1.0.0
    Checking fastrand v2.4.1
    Checking bevy_utils v0.17.3
   Compiling bevy_reflect_derive v0.17.3
   Compiling assert_type_match v0.1.1
    Checking sqlx v0.8.6
   Compiling variadics_please v1.1.0
    Checking bevy_ptr v0.17.3
    Checking inventory v0.3.24
   Compiling utoipa-gen v5.5.0
   Compiling getrandom v0.4.2
   Compiling rustix v1.1.4
    Checking futures-lite v2.6.1
    Checking half v2.7.1
   Compiling slotmap v1.1.1
    Checking clap_lex v1.1.0
    Checking ciborium-io v0.2.2
    Checking regex-syntax v0.8.10
    Checking bevy_reflect v0.17.3
    Checking diesel v2.3.9
    Checking async-task v4.7.1
    Checking anstyle v1.0.14
    Checking linux-raw-sys v0.12.1
    Checking clap_builder v4.6.0
    Checking async-executor v1.14.0
    Checking regex-automata v0.4.14
    Checking ciborium-ll v0.2.2
    Checking itertools v0.10.5
   Compiling smartstring v1.0.1
    Checking utoipa v5.5.0
    Checking cast v0.3.0
    Checking same-file v1.0.6
    Checking atomic-waker v1.1.2
    Checking bevy_tasks v0.17.3
    Checking walkdir v2.5.0
    Checking tempfile v3.27.0
    Checking regex v1.12.3
    Checking criterion-plot v0.5.0
    Checking ciborium v0.2.2
    Checking clap v4.6.1
   Compiling bevy_ecs_macros v0.17.3
    Checking tinytemplate v1.2.1
   Compiling derive_arbitrary v1.4.2
    Checking compact_str v0.9.0 (/home/runner/work/_temp/upstream/compact_str)
    Checking is-terminal v0.4.17
    Checking anes v0.1.6
    Checking nonmax v0.5.5
    Checking oorandom v11.1.5
    Checking bumpalo v3.20.3
    Checking fixedbitset v0.5.7
    Checking criterion v0.5.1
    Checking arbitrary v1.4.2
    Checking bevy_ecs v0.17.3
    Checking compact_str v0.6.1
    Checking rand_distr v0.4.3
    Checking iai v0.1.1
    Checking smol_str v0.2.2
    Checking benches v0.1.0 (/home/runner/work/_temp/upstream/bench)
    Checking example-utoipa v0.1.0 (/home/runner/work/_temp/upstream/examples/utoipa)
    Checking compact_str-fuzz v0.0.0 (/home/runner/work/_temp/upstream/fuzz)
    Checking compact_str v0.9.0
    Checking example-bytes v0.1.0 (/home/runner/work/_temp/upstream/examples/bytes)
    Checking example-traits v0.1.0 (/home/runner/work/_temp/upstream/examples/traits)
    Checking example-macros v0.1.0 (/home/runner/work/_temp/upstream/examples/macros)
    Checking example-serde v0.1.0 (/home/runner/work/_temp/upstream/examples/serde)
    Checking example-diesel v0.1.0 (/home/runner/work/_temp/upstream/examples/diesel)
    Checking example-sqlx v0.1.0 (/home/runner/work/_temp/upstream/examples/sqlx)
    Checking example-bevy v0.1.0 (/home/runner/work/_temp/upstream/examples/bevy-reflect)
    Finished `dev` profile [unoptimized + debuginfo] target(s) in 1m 02s

Exit: 0
Timed out: False
