Command: rustup run 1.71.1 cargo test --locked --offline --test decimal_tests test_is_integer -- --nocapture --test-threads=1
Started: 2026-09-24T00:31:23.217175+00:00
STDOUT:

running 1 test
test test_is_integer ... FAILED

failures:

failures:
    test_is_integer

test result: FAILED. 0 passed; 1 failed; 0 ignored; 0 measured; 444 filtered out; finished in 0.00s


STDERR:
warning: Both `/home/runner/work/_temp/upstream/.cargo/config` and `/home/runner/work/_temp/upstream/.cargo/config.toml` exist. Using `/home/runner/work/_temp/upstream/.cargo/config`
   Compiling rust_decimal v1.31.0 (/home/runner/work/_temp/upstream)
   Compiling rust_decimal_macros v1.31.0 (/home/runner/work/_temp/upstream/macros)
    Finished test [unoptimized + debuginfo] target(s) in 4.04s
     Running tests/decimal_tests.rs (/home/runner/work/_temp/build-20260924T002652Z-73f3bd5f/debug/deps/decimal_tests-38cd4f65bac9a407)
thread 'test_is_integer' panicked at 'assertion failed: `(left == right)`
  left: `true`,
 right: `false`: value: 0.4000000000', tests/decimal_tests.rs:3660:9
note: run with `RUST_BACKTRACE=1` environment variable to display a backtrace
error: test failed, to rerun pass `--test decimal_tests`

Exit: 101
Timed out: False
