Command: rustup run 1.71.1 cargo check --locked --offline --tests
Started: 2026-09-24T00:30:45.190409+00:00
STDOUT:

STDERR:
warning: Both `/home/runner/work/_temp/upstream/.cargo/config` and `/home/runner/work/_temp/upstream/.cargo/config.toml` exist. Using `/home/runner/work/_temp/upstream/.cargo/config`
   Compiling proc-macro2 v1.0.66
   Compiling unicode-ident v1.0.11
   Compiling serde v1.0.185
   Compiling libc v0.2.147
   Compiling autocfg v1.1.0
   Compiling memchr v2.5.0
   Compiling num-traits v0.2.16
    Checking tinyvec_macros v0.1.1
   Compiling futures-core v0.3.28
   Compiling quote v1.0.33
   Compiling version_check v0.9.4
   Compiling syn v2.0.29
    Checking tinyvec v1.6.0
   Compiling unicase v2.7.0
   Compiling futures-task v0.3.28
    Checking itoa v1.0.9
    Checking cfg-if v1.0.0
   Compiling serde_json v1.0.105
    Checking ryu v1.0.15
   Compiling rustix v0.38.8
    Checking unicode-normalization v0.1.22
    Checking getrandom v0.2.10
    Checking futures-sink v0.3.28
    Checking bitflags v2.4.0
    Checking unicode-bidi v0.3.13
   Compiling pulldown-cmark v0.8.0
   Compiling futures-util v0.3.28
    Checking half v1.8.2
    Checking ciborium-io v0.2.1
    Checking anstyle v1.0.1
    Checking clap_lex v0.5.0
    Checking regex-syntax v0.7.4
    Checking pin-project-lite v0.2.12
    Checking percent-encoding v2.3.0
   Compiling futures-channel v0.3.28
    Checking linux-raw-sys v0.4.5
   Compiling semver v1.0.18
   Compiling syn v1.0.109
   Compiling rust_decimal v1.31.0 (/home/runner/work/_temp/upstream)
    Checking either v1.9.0
    Checking itertools v0.10.5
    Checking regex-automata v0.3.6
    Checking form_urlencoded v1.2.0
    Checking clap_builder v4.3.24
    Checking ciborium-ll v0.2.1
    Checking idna v0.4.0
    Checking rand_core v0.6.4
    Checking ppv-lite86 v0.2.17
   Compiling serde_derive v1.0.185
    Checking same-file v1.0.6
    Checking pin-utils v0.1.0
    Checking cast v0.3.0
    Checking bitflags v1.3.2
   Compiling arrayvec v0.7.4
    Checking criterion-plot v0.5.0
    Checking rand_chacha v0.3.1
    Checking walkdir v2.3.3
   Compiling tokio-macros v2.1.0
    Checking clap v4.3.24
    Checking url v2.4.0
    Checking regex v1.9.3
    Checking is-terminal v0.4.9
    Checking csv-core v0.1.10
    Checking num_cpus v1.16.0
    Checking futures-io v0.3.28
    Checking oorandom v11.1.3
    Checking anes v0.1.6
    Checking once_cell v1.18.0
    Checking futures v0.3.28
    Checking tokio v1.32.0
   Compiling rust_decimal_macros v1.31.0 (/home/runner/work/_temp/upstream/macros)
    Checking rand v0.8.5
    Checking bytes v1.4.0
    Checking toml v0.5.11
    Checking ciborium v0.2.1
    Checking bincode v1.3.3
    Checking csv v1.2.2
    Checking tinytemplate v1.2.1
    Checking version-sync v0.9.4
    Checking criterion v0.5.1
    Finished dev [unoptimized + debuginfo] target(s) in 14.60s

Exit: 0
Timed out: False
