Command: rustup run 1.90.0 cargo generate-lockfile
Started: 2026-09-23T23:04:09.854776+00:00
STDOUT:

STDERR:
warning: `/home/runner/work/_temp/upstream/.cargo/config` is deprecated in favor of `config.toml`
note: if you need to support cargo 1.38 or earlier, you can symlink `config` to `config.toml`
    Updating `era` index
     Locking 90 packages to latest Rust 1.57.0 compatible versions
      Adding arbitrary v1.1.6 (available: v1.3.0, requires Rust 1.63.0)
      Adding bumpalo v3.12.0 (available: v3.13.0, requires Rust 1.60.0)
      Adding derive_arbitrary v1.1.6 (available: v1.3.1, requires Rust 1.63.0)
      Adding log v0.4.18 (available: v0.4.20, requires Rust 1.60.0)
      Adding once_cell v1.17.2 (available: v1.18.0, requires Rust 1.60)
      Adding rayon v1.7.0 (requires Rust 1.59)
      Adding rayon-core v1.11.0 (requires Rust 1.59)
      Adding scoped-tls v1.0.0 (available: v1.0.1, requires Rust 1.59)
      Adding time v0.1.45 (available: v0.3.13)
      Adding wasi v0.10.0+wasi-snapshot-preview1 (available: v0.10.2+wasi-snapshot-preview1)

Exit: 0
Timed out: False
