Command: rustup run 1.33.0 cargo test --locked --lib vector::test::split -- --exact --nocapture --test-threads=1
Started: 2026-09-25T17:21:03.447089+00:00
STDOUT:

running 1 test
test vector::test::split ... ok

test result: ok. 1 passed; 0 failed; 0 ignored; 0 measured; 91 filtered out


STDERR:
   Compiling rand_core v0.4.0
   Compiling spin v0.5.0
   Compiling nodrop v0.1.13
   Compiling cfg-if v0.1.7
   Compiling scopeguard v0.3.3
   Compiling memoffset v0.2.1
   Compiling remove_dir_all v0.5.1
   Compiling ucd-util v0.1.3
   Compiling fnv v1.0.6
   Compiling bit-vec v0.5.0
   Compiling quick-error v1.2.2
   Compiling bitflags v1.0.4
   Compiling itoa v0.4.3
   Compiling either v1.5.1
   Compiling ansi_term v0.11.0
   Compiling difference v2.0.0
   Compiling metrohash v1.0.6
   Compiling crossbeam-utils v0.2.2
   Compiling lazy_static v1.3.0
   Compiling rand_core v0.3.1
   Compiling rand_jitter v0.1.3
   Compiling regex-syntax v0.6.5
   Compiling bit-set v0.5.0
   Compiling libc v0.2.50
   Compiling arrayvec v0.4.10
   Compiling serde v1.0.89
   Compiling byteorder v1.3.1
   Compiling num-traits v0.2.6
   Compiling ryu v0.2.7
   Compiling typenum v1.10.0
   Compiling rand_isaac v0.1.1
   Compiling rand_hc v0.1.0
   Compiling rand_xorshift v0.1.1
   Compiling pretty_assertions v0.6.1
   Compiling rand_pcg v0.1.2
   Compiling rand_chacha v0.1.1
   Compiling crossbeam-epoch v0.3.1
   Compiling rand_os v0.1.3
   Compiling num_cpus v1.10.0
   Compiling wait-timeout v0.1.5
   Compiling sized-chunks v0.1.1
   Compiling rand v0.6.5
   Compiling crossbeam-deque v0.2.0
   Compiling rayon-core v1.4.1
   Compiling rayon v1.0.3
   Compiling tempfile v3.0.7
   Compiling rusty-fork v0.2.1
   Compiling serde_json v1.0.39
   Compiling proptest v0.9.1
   Compiling im v12.3.2 (/home/runner/work/_temp/upstream)
    Finished dev [unoptimized + debuginfo] target(s) in 29.56s
     Running /home/runner/work/_temp/build-20260925T172003Z-271dabff/debug/deps/im-aab7cc79f61fb02e

Exit: 0
Timed out: False
