Command: rustup run 1.33.0 cargo check --locked --tests
Started: 2026-09-25T17:20:46.449193+00:00
STDOUT:

STDERR:
   Compiling libc v0.2.50
   Compiling autocfg v0.1.2
   Compiling arrayvec v0.4.10
    Checking rand_core v0.4.0
    Checking spin v0.5.0
    Checking nodrop v0.1.13
    Checking cfg-if v0.1.7
   Compiling semver-parser v0.7.0
    Checking scopeguard v0.3.3
    Checking memoffset v0.2.1
   Compiling typenum v1.10.0
   Compiling byteorder v1.3.1
   Compiling rayon-core v1.4.1
   Compiling ryu v0.2.7
   Compiling num-traits v0.2.6
    Checking remove_dir_all v0.5.1
   Compiling serde v1.0.89
    Checking fnv v1.0.6
    Checking bit-vec v0.5.0
    Checking ucd-util v0.1.3
   Compiling rayon v1.0.3
    Checking quick-error v1.2.2
    Checking either v1.5.1
    Checking itoa v0.4.3
    Checking bitflags v1.0.4
    Checking ansi_term v0.11.0
    Checking difference v2.0.0
    Checking metrohash v1.0.6
    Checking rand_core v0.3.1
    Checking rand_jitter v0.1.3
   Compiling rand_chacha v0.1.1
   Compiling rand_pcg v0.1.2
   Compiling rand v0.6.5
    Checking crossbeam-utils v0.2.2
    Checking lazy_static v1.3.0
   Compiling semver v0.9.0
    Checking regex-syntax v0.6.5
    Checking bit-set v0.5.0
    Checking rand_xorshift v0.1.1
    Checking rand_hc v0.1.0
    Checking rand_isaac v0.1.1
    Checking pretty_assertions v0.6.1
   Compiling rustc_version v0.2.3
    Checking crossbeam-epoch v0.3.1
    Checking rand_os v0.1.3
    Checking num_cpus v1.10.0
    Checking wait-timeout v0.1.5
    Checking sized-chunks v0.1.1
   Compiling im v12.3.2 (/home/runner/work/_temp/upstream)
    Checking crossbeam-deque v0.2.0
    Checking tempfile v3.0.7
    Checking rusty-fork v0.2.1
    Checking proptest v0.9.1
    Checking serde_json v1.0.39
    Finished dev [unoptimized + debuginfo] target(s) in 16.85s

Exit: 0
Timed out: False
