Command: rustup run 1.67.0 cargo check --locked --offline --tests
Started: 2026-09-24T00:33:50.548910+00:00
STDOUT:

STDERR:
   Compiling libc v0.2.139
   Compiling autocfg v1.1.0
    Checking cfg-if v1.0.0
   Compiling crossbeam-utils v0.8.14
   Compiling serde v1.0.152
   Compiling memchr v2.5.0
   Compiling memoffset v0.7.1
   Compiling crossbeam-epoch v0.9.13
   Compiling libm v0.2.6
   Compiling proc-macro2 v1.0.51
    Checking getrandom v0.2.8
   Compiling num-traits v0.2.15
    Checking scopeguard v1.1.0
   Compiling quote v1.0.23
   Compiling unicode-ident v1.0.6
    Checking rand_core v0.6.4
    Checking either v1.8.1
    Checking lazy_static v1.4.0
    Checking ryu v1.0.12
   Compiling rayon-core v1.10.2
   Compiling serde_json v1.0.92
   Compiling syn v1.0.107
    Checking crossbeam-deque v0.8.2
    Checking crossbeam-channel v0.5.6
    Checking num_cpus v1.15.0
    Checking unicode-width v0.1.10
    Checking itoa v1.0.5
    Checking fastrand v1.8.0
   Compiling serde_derive v1.0.152
    Checking remove_dir_all v0.5.3
    Checking bitflags v1.3.2
    Checking regex-syntax v0.6.28
    Checking regex-automata v0.1.10
    Checking plotters-backend v0.3.4
    Checking ppv-lite86 v0.2.17
    Checking bstr v0.2.17
    Checking plotters-svg v0.3.3
    Checking rand_chacha v0.3.1
    Checking tempfile v3.3.0
    Checking textwrap v0.11.0
    Checking itertools v0.10.5
    Checking csv-core v0.1.10
    Checking wait-timeout v0.2.0
    Checking cast v0.3.0
    Checking bit-vec v0.6.3
    Checking quick-error v1.2.3
   Compiling doc-comment v0.3.3
    Checking same-file v1.0.6
    Checking itoa v0.4.8
    Checking half v1.8.2
    Checking fnv v1.0.7
    Checking rusty-fork v0.3.0
    Checking serde_cbor v0.11.2
    Checking criterion-plot v0.4.5
    Checking csv v1.1.6
    Checking walkdir v2.3.2
    Checking bit-set v0.5.3
    Checking regex v1.7.1
    Checking tinytemplate v1.2.1
    Checking clap v2.34.0
    Checking rayon v1.6.1
    Checking rand v0.8.5
    Checking plotters v0.3.4
    Checking rand_xorshift v0.3.0
    Checking atty v0.2.14
    Checking byteorder v1.4.3
    Checking unarray v0.1.4
    Checking quick-error v2.0.1
    Checking oorandom v11.1.3
    Checking proptest v1.1.0
    Checking lexopt v0.3.0
    Checking winnow v0.2.0 (/home/runner/work/_temp/upstream)
    Checking criterion v0.3.6
    Finished dev [unoptimized + debuginfo] target(s) in 17.47s

Exit: 0
Timed out: False
