Command: rustup run 1.74.0 cargo test --locked --offline --lib punycode::huge_encode -- --exact --nocapture --test-threads=1
Started: 2026-09-24T23:24:05.014734+00:00
STDOUT:

running 0 tests

test result: ok. 0 passed; 0 failed; 0 ignored; 0 measured; 0 filtered out; finished in 0.00s


running 0 tests

test result: ok. 0 passed; 0 failed; 0 ignored; 0 measured; 0 filtered out; finished in 0.00s


running 1 test
test punycode::huge_encode ... ignored, slow

test result: ok. 0 passed; 0 failed; 1 ignored; 0 measured; 1 filtered out; finished in 0.00s


running 0 tests

test result: ok. 0 passed; 0 failed; 0 ignored; 0 measured; 0 filtered out; finished in 0.00s


running 0 tests

test result: ok. 0 passed; 0 failed; 0 ignored; 0 measured; 1 filtered out; finished in 0.00s


STDERR:
   Compiling tinyvec_macros v0.1.1
   Compiling libc v0.2.150
   Compiling cfg-if v1.0.0
   Compiling serde v1.0.192
   Compiling tinyvec v1.6.0
   Compiling ryu v1.0.15
   Compiling itoa v1.0.9
   Compiling unicode-width v0.1.11
   Compiling getopts v0.2.21
   Compiling dirs-sys-next v0.1.2
   Compiling dirs-next v2.0.0
   Compiling term v0.7.0
   Compiling unicode-normalization v0.1.22
   Compiling num_cpus v1.16.0
   Compiling percent-encoding v2.3.0 (/home/runner/work/_temp/upstream/percent_encoding)
   Compiling unicode-bidi v0.3.13
   Compiling tester v0.9.1
   Compiling bencher v0.1.5
   Compiling idna v0.4.0 (/home/runner/work/_temp/upstream/idna)
   Compiling form_urlencoded v1.2.0 (/home/runner/work/_temp/upstream/form_urlencoded)
   Compiling assert_matches v1.5.0
   Compiling serde_json v1.0.108
   Compiling data-url v0.3.0 (/home/runner/work/_temp/upstream/data-url)
   Compiling url v2.4.1 (/home/runner/work/_temp/upstream/url)
    Finished test [unoptimized + debuginfo] target(s) in 4.33s
     Running unittests src/lib.rs (/home/runner/work/_temp/build-20260924T232029Z-53412dca/debug/deps/data_url-cfc073d59318f5a5)
     Running unittests src/lib.rs (/home/runner/work/_temp/build-20260924T232029Z-53412dca/debug/deps/form_urlencoded-61d5e79bdd6c5316)
     Running unittests src/lib.rs (/home/runner/work/_temp/build-20260924T232029Z-53412dca/debug/deps/idna-4df9333c2e8c4ccc)
     Running unittests src/lib.rs (/home/runner/work/_temp/build-20260924T232029Z-53412dca/debug/deps/percent_encoding-72601d77e420deaa)
     Running unittests src/lib.rs (/home/runner/work/_temp/build-20260924T232029Z-53412dca/debug/deps/url-a824dcfc23f82c94)

Exit: 0
Timed out: False
