Command: rustup run 1.74.0 cargo check --locked --offline --tests
Started: 2026-09-24T23:23:57.597647+00:00
STDOUT:

STDERR:
   Compiling proc-macro2 v1.0.69
   Compiling unicode-ident v1.0.12
   Compiling libc v0.2.150
   Compiling serde v1.0.192
    Checking tinyvec_macros v0.1.1
    Checking tinyvec v1.6.0
   Compiling serde_json v1.0.108
    Checking itoa v1.0.9
    Checking unicode-bidi v0.3.13
   Compiling quote v1.0.33
    Checking ryu v1.0.15
   Compiling syn v2.0.39
    Checking unicode-normalization v0.1.22
    Checking dirs-sys-next v0.1.2
    Checking cfg-if v1.0.0
    Checking bencher v0.1.5
    Checking dirs-next v2.0.0
    Checking unicode-width v0.1.11
    Checking getopts v0.2.21
    Checking term v0.7.0
    Checking num_cpus v1.16.0
    Checking percent-encoding v2.3.0 (/home/runner/work/_temp/upstream/percent_encoding)
    Checking tester v0.9.1
    Checking form_urlencoded v1.2.0 (/home/runner/work/_temp/upstream/form_urlencoded)
    Checking idna v0.4.0 (/home/runner/work/_temp/upstream/idna)
    Checking assert_matches v1.5.0
    Checking data-url v0.3.0 (/home/runner/work/_temp/upstream/data-url)
    Checking url v2.4.1 (/home/runner/work/_temp/upstream/url)
   Compiling serde_derive v1.0.192
    Finished dev [unoptimized + debuginfo] target(s) in 7.27s

Exit: 0
Timed out: False
