Command: rustup run 1.40.0 cargo check --locked --offline --tests
Started: 2026-09-23T23:02:33.239975+00:00
STDOUT:

STDERR:
   Compiling semver-parser v0.7.0
   Compiling log v0.4.8
   Compiling cc v1.0.50
   Compiling libc v0.2.66
    Checking cfg-if v0.1.10
   Compiling serde v1.0.104
    Checking scoped-tls v0.1.2
    Checking bytes v0.5.3 (/home/runner/work/_temp/upstream)
   Compiling semver v0.9.0
   Compiling rustc_version v0.2.3
   Compiling generator v0.6.19
    Checking loom v0.2.14
    Checking serde_test v1.0.104
    Finished dev [unoptimized + debuginfo] target(s) in 7.79s

Exit: 0
Timed out: False
