Command: rustup run 1.57.0 cargo test --locked --offline --test test_parse test_parse_error -- --nocapture --test-threads=1
Started: 2026-09-24T20:57:17.872124+00:00
STDOUT:

running 1 test
test test_parse_error ... FAILED

failures:

failures:
    test_parse_error

test result: FAILED. 0 passed; 1 failed; 0 ignored; 0 measured; 2 filtered out; finished in 0.00s


STDERR:
   Compiling serde v1.0.131
   Compiling bstr v0.2.17
   Compiling serde_json v1.0.73
   Compiling kstring v1.0.6
   Compiling serde_cbor v0.11.2
   Compiling toml v0.5.8
   Compiling toml_edit v0.10.1 (/home/runner/work/_temp/upstream)
   Compiling globset v0.4.8
   Compiling csv v1.1.6
   Compiling tinytemplate v1.2.1
   Compiling toml-test v0.3.1
   Compiling ignore v0.4.18
   Compiling criterion v0.3.5
   Compiling toml-test-harness v0.3.0
    Finished test [optimized + debuginfo] target(s) in 44.86s
     Running tests/test_parse.rs (/home/runner/work/_temp/build-20260924T205357Z-5c60aa3d/debug/deps/test_parse-3fb47de29b71ff80)
thread 'main' panicked at 'Error was: `"TOML parse error at line 1, column 3\n  |\n1 | ''\"'\n  |   ^\nCould not parse the line\n\n"`', tests/test_parse.rs:42:5
note: run with `RUST_BACKTRACE=1` environment variable to display a backtrace
error: test failed, to rerun pass '--test test_parse'

Exit: 101
Timed out: False
