Command: rustup run 1.57.0 cargo test --locked --offline --test test_parse test_parse_error -- --nocapture --test-threads=1
Started: 2026-09-24T20:58:02.997397+00:00
STDOUT:

running 1 test
test test_parse_error ... ok

test result: ok. 1 passed; 0 failed; 0 ignored; 0 measured; 2 filtered out; finished in 0.00s


STDERR:
   Compiling serde v1.0.131
   Compiling bstr v0.2.17
   Compiling serde_json v1.0.73
   Compiling kstring v1.0.6
   Compiling serde_cbor v0.11.2
   Compiling toml v0.5.8
   Compiling toml_edit v0.10.1 (/home/runner/work/_temp/upstream)
   Compiling globset v0.4.8
   Compiling csv v1.1.6
   Compiling tinytemplate v1.2.1
   Compiling toml-test v0.3.1
   Compiling ignore v0.4.18
   Compiling criterion v0.3.5
   Compiling toml-test-harness v0.3.0
    Finished test [optimized + debuginfo] target(s) in 44.92s
     Running tests/test_parse.rs (/home/runner/work/_temp/build-20260924T205357Z-5c60aa3d/debug/deps/test_parse-3fb47de29b71ff80)

Exit: 0
Timed out: False
