Command: rustup run 1.98.1 cargo test --locked --offline -p turso_core --lib core::vdbe::vacuum::tests::vacuum_db_header_meta_schema_cookie_survives_mvcc_target_checkpoint -- --exact --nocapture --test-threads=1
Started: 2026-09-25T20:12:07.867524+00:00
STDOUT:

running 0 tests

test result: ok. 0 passed; 0 failed; 0 ignored; 0 measured; 2515 filtered out; finished in 0.00s


STDERR:
warning: both `/home/runner/work/_temp/upstream/.cargo/config` and `/home/runner/work/_temp/upstream/.cargo/config.toml` exist. Using `/home/runner/work/_temp/upstream/.cargo/config`
   Compiling turso_core v0.8.0-pre.12 (/home/runner/work/_temp/upstream/core)
warning: unused import: `log_write`
   --> core/mvcc/persistent_storage/logical_log.rs:262:29
    |
262 | pub(crate) use serializer::{log_write, LogBufferWrite, LogChunkStream, LogSerializer};
    |                             ^^^^^^^^^
    |
    = note: `#[warn(unused_imports)]` (part of `#[warn(unused)]`) on by default

warning: unused import: `super::ptrmap::*`
    --> core/storage/pager.rs:6697:9
     |
6697 |     use super::ptrmap::*;
     |         ^^^^^^^^^^^^^^^^

warning: unnecessary parentheses around closure body
   --> core/vdbe/blob_io_tests.rs:830:46
    |
830 |         let repl: Vec<u8> = (0..len).map(|i| (255 - (i as u8))).collect();
    |                                              ^               ^
    |
    = note: `#[warn(unused_parens)]` (part of `#[warn(unused)]`) on by default
help: remove these parentheses
    |
830 -         let repl: Vec<u8> = (0..len).map(|i| (255 - (i as u8))).collect();
830 +         let repl: Vec<u8> = (0..len).map(|i| 255 - (i as u8)).collect();
    |

warning: unused import: `HashMap`
 --> core/vdbe/statement_lifecycle_tests.rs:2:24
  |
2 | use std::collections::{HashMap, HashSet};
  |                        ^^^^^^^

warning: function pointer comparisons do not produce meaningful results since their addresses are not guaranteed to be unique
   --> core/types.rs:726:5
    |
721 | #[derive(Debug, Clone, PartialEq)]
    |                        --------- in this derive macro expansion
...
726 |     pub step_fn: StepFunction,
    |     ^^^^^^^^^^^^^^^^^^^^^^^^^
    |
    = note: the address of the same function can vary between different codegen units
    = note: furthermore, different functions could have the same address after being merged together
    = note: for more information visit <https://doc.rust-lang.org/nightly/core/ptr/fn.fn_addr_eq.html>
    = note: `#[warn(unpredictable_function_pointer_comparisons)]` on by default

warning: function pointer comparisons do not produce meaningful results since their addresses are not guaranteed to be unique
   --> core/types.rs:727:5
    |
721 | #[derive(Debug, Clone, PartialEq)]
    |                        --------- in this derive macro expansion
...
727 |     pub finalize_fn: FinalizeFunction,
    |     ^^^^^^^^^^^^^^^^^^^^^^^^^^^^^^^^^
    |
    = note: the address of the same function can vary between different codegen units
    = note: furthermore, different functions could have the same address after being merged together
    = note: for more information visit <https://doc.rust-lang.org/nightly/core/ptr/fn.fn_addr_eq.html>

warning: function pointer comparisons do not produce meaningful results since their addresses are not guaranteed to be unique
   --> core/types.rs:728:5
    |
721 | #[derive(Debug, Clone, PartialEq)]
    |                        --------- in this derive macro expansion
...
728 |     pub aggregate_destructor: Option<ContextDestructor>,
    |     ^^^^^^^^^^^^^^^^^^^^^^^^^^^^^^^^^^^^^^^^^^^^^^^^^^^
    |
    = note: the address of the same function can vary between different codegen units
    = note: furthermore, different functions could have the same address after being merged together
    = note: for more information visit <https://doc.rust-lang.org/nightly/core/ptr/fn.fn_addr_eq.html>

warning: function pointer comparisons do not produce meaningful results since their addresses are not guaranteed to be unique
   --> core/types.rs:729:5
    |
721 | #[derive(Debug, Clone, PartialEq)]
    |                        --------- in this derive macro expansion
...
729 |     pub value_destructor: Option<ValueDestructor>,
    |     ^^^^^^^^^^^^^^^^^^^^^^^^^^^^^^^^^^^^^^^^^^^^^
    |
    = note: the address of the same function can vary between different codegen units
    = note: furthermore, different functions could have the same address after being merged together
    = note: for more information visit <https://doc.rust-lang.org/nightly/core/ptr/fn.fn_addr_eq.html>

warning: hiding a lifetime that's elided elsewhere is confusing
  --> core/vector/operations/slice.rs:73:32
   |
73 |     fn float32_vec_from(slice: &[f32]) -> Vector {
   |                                ^^^^^^     ^^^^^^ the same lifetime is hidden here
   |                                |
   |                                the lifetime is elided here
   |
   = help: the same lifetime is referred to in inconsistent ways, making the signature confusing
   = note: `#[warn(mismatched_lifetime_syntaxes)]` on by default
help: use `'_` for type paths
   |
73 |     fn float32_vec_from(slice: &[f32]) -> Vector<'_> {
   |                                                 ++++

warning: hiding a lifetime that's elided elsewhere is confusing
  --> core/vector/operations/text.rs:69:56
   |
69 | pub fn vector_from_text(vector_type: VectorType, text: &str) -> Result<Vector> {
   |                                                        ^^^^            ^^^^^^ the same lifetime is hidden here
   |                                                        |
   |                                                        the lifetime is elided here
   |
   = help: the same lifetime is referred to in inconsistent ways, making the signature confusing
help: use `'_` for type paths
   |
69 | pub fn vector_from_text(vector_type: VectorType, text: &str) -> Result<Vector<'_>> {
   |                                                                              ++++

warning: specialization is experimental
  --> core/alloc/collections/iterator.rs:43:5
   |
43 |     default fn try_from_result_iter(iter: I) -> Result<Self, TryReserveError> {
   |     ^^^^^^^
   |
   = note: see issue #31844 <https://github.com/rust-lang/rust/issues/31844> for more information
   = warning: unstable syntax can change at any point in the future, causing a hard error!
   = note: for more information, see issue #154045 <https://github.com/rust-lang/rust/issues/154045>

warning: `turso_core` (lib test) generated 11 warnings (run `cargo fix --lib -p turso_core --tests` to apply 6 suggestions)
    Finished `test` profile [unoptimized + debuginfo] target(s) in 1m 31s
     Running unittests lib.rs (/home/runner/work/_temp/build-20260925T195213Z-e2fa15ed/debug/deps/turso_core-5fcb4ff5ff05420a)

Exit: 0
Timed out: False
