Command: rustup run 1.98.1 cargo test --locked --offline -p turso_core --lib core::vdbe::vacuum::tests::vacuum_db_header_meta_schema_cookie_survives_mvcc_target_checkpoint -- --exact --nocapture --test-threads=1
Started: 2026-09-25T20:09:11.534324+00:00
STDOUT:

running 0 tests

test result: ok. 0 passed; 0 failed; 0 ignored; 0 measured; 2515 filtered out; finished in 0.00s


STDERR:
warning: both `/home/runner/work/_temp/upstream/.cargo/config` and `/home/runner/work/_temp/upstream/.cargo/config.toml` exist. Using `/home/runner/work/_temp/upstream/.cargo/config`
   Compiling cfg-if v1.0.0
   Compiling libc v0.2.186
   Compiling memchr v2.7.6
   Compiling num-traits v0.2.19
   Compiling getrandom v0.2.15
   Compiling bitflags v2.9.4
   Compiling regex-syntax v0.8.5
   Compiling stable_deref_trait v1.2.0
   Compiling serde_core v1.0.228
   Compiling once_cell v1.21.3
   Compiling serde v1.0.228
   Compiling zerofrom v0.1.6
   Compiling pin-project-lite v0.2.16
   Compiling yoke v0.8.2
   Compiling typenum v1.18.0
   Compiling getrandom v0.3.2
   Compiling rand_core v0.6.4
   Compiling aho-corasick v1.1.3
   Compiling itoa v1.0.15
   Compiling linux-raw-sys v0.9.3
   Compiling anstyle v1.0.10
   Compiling rustix v1.0.7
   Compiling regex-automata v0.4.13
   Compiling generic-array v0.14.7
   Compiling equivalent v1.0.2
   Compiling zerovec v0.11.6
   Compiling futures-sink v0.3.31
   Compiling lazy_static v1.5.0
   Compiling futures-core v0.3.31
   Compiling ryu v1.0.20
   Compiling serde_json v1.0.140
   Compiling futures-channel v0.3.31
   Compiling slab v0.4.9
   Compiling crossbeam-utils v0.8.21
   Compiling crypto-common v0.1.6
   Compiling terminal_size v0.4.2
   Compiling writeable v0.6.3
   Compiling futures-io v0.3.31
   Compiling smallvec v1.15.1
   Compiling pin-utils v0.1.0
   Compiling futures-task v0.3.31
   Compiling clap_lex v0.7.4
   Compiling clap_builder v4.5.47
   Compiling futures-util v0.3.31
   Compiling crossbeam-epoch v0.9.18
   Compiling log v0.4.27
   Compiling foldhash v0.1.5
   Compiling either v1.15.0
   Compiling glob v0.3.2
   Compiling hashbrown v0.15.2
   Compiling crossbeam-deque v0.8.6
   Compiling futures-executor v0.3.31
   Compiling clap v4.5.47
   Compiling regex v1.12.2
   Compiling tinystr v0.8.3
   Compiling approx v0.5.1
   Compiling half v2.5.0
   Compiling ciborium-io v0.2.2
   Compiling plotters-backend v0.3.7
   Compiling litemap v0.8.2
   Compiling plotters-svg v0.3.7
   Compiling icu_locale_core v2.2.0
   Compiling ciborium-ll v0.2.2
   Compiling bytemuck v1.23.1
   Compiling statrs v0.18.0
   Compiling futures v0.3.31
   Compiling rayon-core v1.12.1
   Compiling nix v0.31.3
   Compiling anyhow v1.0.98
   Compiling itertools v0.10.5
   Compiling potential_utf v0.1.5
   Compiling colored v2.2.0
   Compiling zerotrie v0.2.4
   Compiling tracing-core v0.1.33
   Compiling is-terminal v0.4.16
   Compiling same-file v1.0.6
   Compiling cast v0.3.0
   Compiling sha1_smol v1.0.1
   Compiling utf8_iter v1.0.4
   Compiling icu_collections v2.2.0
   Compiling criterion-plot v0.5.0
   Compiling uuid v1.17.0
   Compiling walkdir v2.5.0
   Compiling indexmap v2.11.1
   Compiling icu_provider v2.2.0
   Compiling codspeed v4.6.0
   Compiling rayon v1.10.0
   Compiling libm v0.2.11
   Compiling ciborium v0.2.2
   Compiling plotters v0.3.7
   Compiling zerocopy v0.8.26
   Compiling tinytemplate v1.2.1
   Compiling inout v0.1.4
   Compiling utf8parse v0.2.2
   Compiling anes v0.1.6
   Compiling subtle v2.6.1
   Compiling cpufeatures v0.2.17
   Compiling oorandom v11.1.5
   Compiling toml_edit v0.23.5
   Compiling universal-hash v0.5.1
   Compiling ppv-lite86 v0.2.21
   Compiling anstyle-parse v0.2.6
   Compiling tracing v0.1.41
   Compiling cipher v0.4.4
   Compiling debugid v0.8.0
   Compiling rand_core v0.9.3
   Compiling memmap2 v0.9.5
   Compiling zerocopy v0.7.35
   Compiling rustc-demangle v0.1.24
   Compiling gimli v0.31.1
   Compiling arrayvec v0.7.6
   Compiling colorchoice v1.0.3
   Compiling adler2 v2.0.0
   Compiling anstyle-query v1.1.2
   Compiling scopeguard v1.2.0
   Compiling is_terminal_polyfill v1.70.1
   Compiling opaque-debug v0.3.1
   Compiling polyval v0.6.2
   Compiling anstream v0.6.18
   Compiling addr2line v0.24.2
   Compiling lock_api v0.4.13
   Compiling miniz_oxide v0.8.5
   Compiling num-format v0.4.4
   Compiling ahash v0.8.11
   Compiling equator v0.4.2
   Compiling symbolic-common v12.14.1
   Compiling rand_chacha v0.9.0
   Compiling proc-macro-crate v3.4.0
   Compiling object v0.36.7
   Compiling icu_normalizer_data v2.2.0
   Compiling parking_lot_core v0.9.11
   Compiling cpp_demangle v0.4.4
   Compiling icu_locale_data v2.2.0
   Compiling tracing-log v0.2.0
   Compiling rgb v0.8.50
   Compiling env_filter v0.1.3
   Compiling matchers v0.2.0
   Compiling sharded-slab v0.1.7
   Compiling thread_local v1.1.8
   Compiling num-integer v0.1.46
   Compiling quick-xml v0.26.0
   Compiling regex-lite v0.1.8
   Compiling write16 v1.0.0
   Compiling str_stack v0.1.0
   Compiling condtype v1.3.0
   Compiling bitflags v1.3.2
   Compiling linux-raw-sys v0.4.15
   Compiling utf16_iter v1.0.5
   Compiling allocator-api2 v0.2.21
   Compiling nu-ansi-term v0.50.1
   Compiling fastrand v2.3.0
   Compiling iana-time-zone v0.1.62
   Compiling foldhash v0.2.0
   Compiling unicode-width v0.1.14
   Compiling hashbrown v0.17.1
   Compiling miette v7.6.0
   Compiling tempfile v3.20.0
   Compiling chrono v0.4.42
   Compiling tracing-subscriber v0.3.20
   Compiling rustix v0.38.44
   Compiling icu_normalizer v2.2.0
   Compiling nix v0.26.4
   Compiling codspeed-divan-compat-walltime v4.6.0
   Compiling rstest_macros v0.18.2
   Compiling inferno v0.11.21
   Compiling thiserror v2.0.16
   Compiling thiserror v1.0.69
   Compiling num-bigint v0.4.6
   Compiling env_logger v0.11.7
   Compiling backtrace v0.3.74
   Compiling icu_locale v2.2.0
   Compiling symbolic-demangle v12.14.1
   Compiling libsqlite3-sys v0.35.0
   Compiling parking_lot v0.12.4
   Compiling codspeed-divan-compat-macros v4.6.0
   Compiling rand v0.9.4
   Compiling aligned-vec v0.6.4
   Compiling libmimalloc-sys v0.1.43
   Compiling findshlibs v0.10.2
   Compiling memoffset v0.9.1
   Compiling icu_collator_data v2.2.0
   Compiling strum v0.26.3
   Compiling ghash v0.5.1
   Compiling getrandom v0.4.2
   Compiling ctr v0.9.2
   Compiling aes v0.8.4
   Compiling codspeed-criterion-compat-walltime v4.6.0
   Compiling criterion v0.5.1
   Compiling sdiff v0.1.1
   Compiling icu_properties v2.2.0
   Compiling rapidhash v4.1.1
   Compiling hashlink v0.10.0
   Compiling aead v0.5.2
   Compiling turso_core v0.8.0-pre.12 (/home/runner/work/_temp/upstream/core)
   Compiling rand v0.8.6
   Compiling float-cmp v0.10.0
   Compiling fallible-iterator v0.3.0
   Compiling byteorder v1.5.0
   Compiling fallible-streaming-iterator v0.1.9
   Compiling futures-timer v3.0.3
   Compiling softaes v0.1.3
   Compiling siphasher v1.0.1
   Compiling fastbloom v0.14.1
   Compiling aegis v0.9.8
   Compiling rstest v0.18.2
   Compiling roaring v0.11.2
   Compiling rusqlite v0.37.0
   Compiling quickcheck v1.0.3
   Compiling aristo v0.4.1
   Compiling test-log v0.2.17
   Compiling asserting v0.16.0
   Compiling aes-gcm v0.10.3
   Compiling icu_collator v2.2.0
   Compiling pprof v0.14.0
   Compiling codspeed-criterion-compat v4.6.0
   Compiling turso_ext v0.8.0-pre.12 (/home/runner/work/_temp/upstream/extensions/core)
   Compiling turso_parser v0.8.0-pre.12 (/home/runner/work/_temp/upstream/sqlite/parser)
   Compiling twox-hash v2.1.1
   Compiling intrusive-collections v0.9.7
   Compiling mimalloc v0.1.47
   Compiling codspeed-divan-compat v4.6.0
   Compiling bigdecimal v0.4.10
   Compiling branches v0.4.3
   Compiling crc32c v0.6.8
   Compiling uncased v0.9.10
   Compiling simsimd v6.5.3
   Compiling polling v3.7.4
   Compiling pack1 v1.0.0
   Compiling memory-stats v1.2.0
   Compiling libloading v0.8.6
   Compiling bumpalo v3.17.0
   Compiling arc-swap v1.7.1
   Compiling simdutf8 v0.1.5
   Compiling sorted-vec v0.8.6
   Compiling rustc-hash v2.1.1
   Compiling allocator-api2 v0.4.0
   Compiling cfg_block v0.1.1
   Compiling hex v0.4.3
warning: unused import: `log_write`
   --> core/mvcc/persistent_storage/logical_log.rs:262:29
    |
262 | pub(crate) use serializer::{log_write, LogBufferWrite, LogChunkStream, LogSerializer};
    |                             ^^^^^^^^^
    |
    = note: `#[warn(unused_imports)]` (part of `#[warn(unused)]`) on by default

warning: unused import: `super::ptrmap::*`
    --> core/storage/pager.rs:6697:9
     |
6697 |     use super::ptrmap::*;
     |         ^^^^^^^^^^^^^^^^

warning: unnecessary parentheses around closure body
   --> core/vdbe/blob_io_tests.rs:830:46
    |
830 |         let repl: Vec<u8> = (0..len).map(|i| (255 - (i as u8))).collect();
    |                                              ^               ^
    |
    = note: `#[warn(unused_parens)]` (part of `#[warn(unused)]`) on by default
help: remove these parentheses
    |
830 -         let repl: Vec<u8> = (0..len).map(|i| (255 - (i as u8))).collect();
830 +         let repl: Vec<u8> = (0..len).map(|i| 255 - (i as u8)).collect();
    |

warning: unused import: `HashMap`
 --> core/vdbe/statement_lifecycle_tests.rs:2:24
  |
2 | use std::collections::{HashMap, HashSet};
  |                        ^^^^^^^

warning: function pointer comparisons do not produce meaningful results since their addresses are not guaranteed to be unique
   --> core/types.rs:726:5
    |
721 | #[derive(Debug, Clone, PartialEq)]
    |                        --------- in this derive macro expansion
...
726 |     pub step_fn: StepFunction,
    |     ^^^^^^^^^^^^^^^^^^^^^^^^^
    |
    = note: the address of the same function can vary between different codegen units
    = note: furthermore, different functions could have the same address after being merged together
    = note: for more information visit <https://doc.rust-lang.org/nightly/core/ptr/fn.fn_addr_eq.html>
    = note: `#[warn(unpredictable_function_pointer_comparisons)]` on by default

warning: function pointer comparisons do not produce meaningful results since their addresses are not guaranteed to be unique
   --> core/types.rs:727:5
    |
721 | #[derive(Debug, Clone, PartialEq)]
    |                        --------- in this derive macro expansion
...
727 |     pub finalize_fn: FinalizeFunction,
    |     ^^^^^^^^^^^^^^^^^^^^^^^^^^^^^^^^^
    |
    = note: the address of the same function can vary between different codegen units
    = note: furthermore, different functions could have the same address after being merged together
    = note: for more information visit <https://doc.rust-lang.org/nightly/core/ptr/fn.fn_addr_eq.html>

warning: function pointer comparisons do not produce meaningful results since their addresses are not guaranteed to be unique
   --> core/types.rs:728:5
    |
721 | #[derive(Debug, Clone, PartialEq)]
    |                        --------- in this derive macro expansion
...
728 |     pub aggregate_destructor: Option<ContextDestructor>,
    |     ^^^^^^^^^^^^^^^^^^^^^^^^^^^^^^^^^^^^^^^^^^^^^^^^^^^
    |
    = note: the address of the same function can vary between different codegen units
    = note: furthermore, different functions could have the same address after being merged together
    = note: for more information visit <https://doc.rust-lang.org/nightly/core/ptr/fn.fn_addr_eq.html>

warning: function pointer comparisons do not produce meaningful results since their addresses are not guaranteed to be unique
   --> core/types.rs:729:5
    |
721 | #[derive(Debug, Clone, PartialEq)]
    |                        --------- in this derive macro expansion
...
729 |     pub value_destructor: Option<ValueDestructor>,
    |     ^^^^^^^^^^^^^^^^^^^^^^^^^^^^^^^^^^^^^^^^^^^^^
    |
    = note: the address of the same function can vary between different codegen units
    = note: furthermore, different functions could have the same address after being merged together
    = note: for more information visit <https://doc.rust-lang.org/nightly/core/ptr/fn.fn_addr_eq.html>

warning: hiding a lifetime that's elided elsewhere is confusing
  --> core/vector/operations/slice.rs:73:32
   |
73 |     fn float32_vec_from(slice: &[f32]) -> Vector {
   |                                ^^^^^^     ^^^^^^ the same lifetime is hidden here
   |                                |
   |                                the lifetime is elided here
   |
   = help: the same lifetime is referred to in inconsistent ways, making the signature confusing
   = note: `#[warn(mismatched_lifetime_syntaxes)]` on by default
help: use `'_` for type paths
   |
73 |     fn float32_vec_from(slice: &[f32]) -> Vector<'_> {
   |                                                 ++++

warning: hiding a lifetime that's elided elsewhere is confusing
  --> core/vector/operations/text.rs:69:56
   |
69 | pub fn vector_from_text(vector_type: VectorType, text: &str) -> Result<Vector> {
   |                                                        ^^^^            ^^^^^^ the same lifetime is hidden here
   |                                                        |
   |                                                        the lifetime is elided here
   |
   = help: the same lifetime is referred to in inconsistent ways, making the signature confusing
help: use `'_` for type paths
   |
69 | pub fn vector_from_text(vector_type: VectorType, text: &str) -> Result<Vector<'_>> {
   |                                                                              ++++

warning: specialization is experimental
  --> core/alloc/collections/iterator.rs:43:5
   |
43 |     default fn try_from_result_iter(iter: I) -> Result<Self, TryReserveError> {
   |     ^^^^^^^
   |
   = note: see issue #31844 <https://github.com/rust-lang/rust/issues/31844> for more information
   = warning: unstable syntax can change at any point in the future, causing a hard error!
   = note: for more information, see issue #154045 <https://github.com/rust-lang/rust/issues/154045>

warning: `turso_core` (lib test) generated 11 warnings (run `cargo fix --lib -p turso_core --tests` to apply 6 suggestions)
    Finished `test` profile [unoptimized + debuginfo] target(s) in 2m 55s
     Running unittests lib.rs (/home/runner/work/_temp/build-20260925T195213Z-e2fa15ed/debug/deps/turso_core-5fcb4ff5ff05420a)

Exit: 0
Timed out: False
