Command: rustup run 1.98.1 cargo check --locked --offline --tests -p turso_core
Started: 2026-09-25T20:06:52.895571+00:00
STDOUT:

STDERR:
warning: both `/home/runner/work/_temp/upstream/.cargo/config` and `/home/runner/work/_temp/upstream/.cargo/config.toml` exist. Using `/home/runner/work/_temp/upstream/.cargo/config`
   Compiling proc-macro2 v1.0.94
   Compiling quote v1.0.45
   Compiling unicode-ident v1.0.18
    Checking cfg-if v1.0.0
   Compiling libc v0.2.186
   Compiling syn v2.0.100
   Compiling autocfg v1.4.0
   Compiling find-msvc-tools v0.1.9
   Compiling shlex v1.3.0
   Compiling cc v1.2.59
    Checking memchr v2.7.6
   Compiling version_check v0.9.5
    Checking getrandom v0.2.15
   Compiling num-traits v0.2.19
    Checking bitflags v2.9.4
   Compiling serde_core v1.0.228
   Compiling synstructure v0.13.1
    Checking stable_deref_trait v1.2.0
   Compiling serde v1.0.228
   Compiling serde_derive v1.0.228
    Checking once_cell v1.21.3
   Compiling zerofrom-derive v0.1.6
   Compiling getrandom v0.3.2
   Compiling semver v1.0.26
   Compiling typenum v1.18.0
    Checking zerofrom v0.1.6
   Compiling yoke-derive v0.8.2
   Compiling generic-array v0.14.7
   Compiling rustix v1.0.7
    Checking pin-project-lite v0.2.16
    Checking yoke v0.8.2
    Checking rand_core v0.6.4
    Checking aho-corasick v1.1.3
    Checking itoa v1.0.15
    Checking anstyle v1.0.10
    Checking regex-syntax v0.8.5
    Checking linux-raw-sys v0.9.3
    Checking regex-automata v0.4.13
   Compiling rustc_version v0.4.1
   Compiling zerovec-derive v0.11.3
   Compiling slab v0.4.9
   Compiling serde_json v1.0.140
   Compiling crossbeam-utils v0.8.21
   Compiling cfg_aliases v0.2.1
   Compiling displaydoc v0.2.5
    Checking zerovec v0.11.6
    Checking futures-sink v0.3.31
    Checking lazy_static v1.5.0
    Checking ryu v1.0.20
    Checking futures-core v0.3.31
    Checking futures-channel v0.3.31
    Checking crypto-common v0.1.6
    Checking terminal_size v0.4.2
   Compiling futures-macro v0.3.31
    Checking futures-io v0.3.31
    Checking futures-task v0.3.31
    Checking smallvec v1.15.1
    Checking clap_lex v0.7.4
    Checking writeable v0.6.3
    Checking pin-utils v0.1.0
    Checking clap_builder v4.5.47
    Checking futures-util v0.3.31
    Checking crossbeam-epoch v0.9.18
   Compiling nix v0.31.3
    Checking either v1.15.0
    Checking foldhash v0.1.5
   Compiling anyhow v1.0.98
   Compiling rustversion v1.0.20
   Compiling rayon-core v1.12.1
    Checking log v0.4.27
    Checking futures-executor v0.3.31
    Checking hashbrown v0.15.2
    Checking crossbeam-deque v0.8.6
    Checking clap v4.5.47
    Checking tinystr v0.8.3
    Checking regex v1.12.2
   Compiling bytemuck_derive v1.9.3
    Checking approx v0.5.1
   Compiling codspeed v4.6.0
    Checking half v2.5.0
    Checking litemap v0.8.2
   Compiling libm v0.2.11
    Checking ciborium-io v0.2.2
   Compiling zerocopy v0.8.26
    Checking plotters-backend v0.3.7
    Checking plotters-svg v0.3.7
    Checking bytemuck v1.23.1
    Checking ciborium-ll v0.2.2
    Checking icu_locale_core v2.2.0
    Checking statrs v0.18.0
    Checking futures v0.3.31
    Checking itertools v0.10.5
    Checking potential_utf v0.1.5
    Checking colored v2.2.0
    Checking zerotrie v0.2.4
    Checking tracing-core v0.1.33
    Checking is-terminal v0.4.16
    Checking glob v0.3.2
    Checking same-file v1.0.6
    Checking cast v0.3.0
   Compiling winnow v0.7.14
   Compiling equivalent v1.0.2
    Checking sha1_smol v1.0.1
    Checking utf8_iter v1.0.4
    Checking icu_collections v2.2.0
   Compiling indexmap v2.11.1
    Checking uuid v1.17.0
   Compiling toml_parser v1.0.6+spec-1.1.0
    Checking criterion-plot v0.5.0
    Checking walkdir v2.5.0
    Checking icu_provider v2.2.0
    Checking rayon v1.10.0
    Checking ciborium v0.2.2
    Checking plotters v0.3.7
    Checking tinytemplate v1.2.1
    Checking inout v0.1.4
   Compiling tracing-attributes v0.1.28
   Compiling ahash v0.8.11
   Compiling lock_api v0.4.13
    Checking anes v0.1.6
    Checking cpufeatures v0.2.17
   Compiling parking_lot_core v0.9.11
   Compiling pkg-config v0.3.32
   Compiling icu_locale_data v2.2.0
   Compiling icu_normalizer_data v2.2.0
    Checking subtle v2.6.1
    Checking utf8parse v0.2.2
   Compiling toml_datetime v0.7.5+spec-1.1.0
   Compiling object v0.36.7
   Compiling vcpkg v0.2.15
    Checking oorandom v11.1.5
   Compiling cpp_demangle v0.4.4
   Compiling libsqlite3-sys v0.35.0
   Compiling toml_edit v0.23.5
    Checking anstyle-parse v0.2.6
    Checking universal-hash v0.5.1
    Checking tracing v0.1.41
    Checking cipher v0.4.4
    Checking ppv-lite86 v0.2.21
    Checking debugid v0.8.0
   Compiling rstest_macros v0.18.2
    Checking rand_core v0.9.3
   Compiling divan-macros v0.1.17
   Compiling equator-macro v0.4.2
   Compiling findshlibs v0.10.2
   Compiling libmimalloc-sys v0.1.43
   Compiling memoffset v0.9.1
    Checking memmap2 v0.9.5
    Checking anstyle-query v1.1.2
    Checking is_terminal_polyfill v1.70.1
   Compiling thiserror v2.0.16
   Compiling thiserror v1.0.69
   Compiling heck v0.5.0
    Checking gimli v0.31.1
    Checking arrayvec v0.7.6
    Checking adler2 v2.0.0
    Checking rustc-demangle v0.1.24
    Checking scopeguard v1.2.0
   Compiling symbolic-demangle v12.14.1
   Compiling getrandom v0.4.2
   Compiling syn v1.0.109
    Checking zerocopy v0.7.35
    Checking opaque-debug v0.3.1
    Checking colorchoice v1.0.3
   Compiling icu_collator_data v2.2.0
   Compiling rustix v0.38.44
    Checking addr2line v0.24.2
    Checking anstream v0.6.18
    Checking polyval v0.6.2
    Checking miniz_oxide v0.8.5
   Compiling itertools v0.14.0
    Checking num-format v0.4.4
   Compiling strum_macros v0.26.4
    Checking symbolic-common v12.14.1
    Checking equator v0.4.2
    Checking rand_chacha v0.9.0
   Compiling proc-macro-crate v3.4.0
    Checking tracing-log v0.2.0
    Checking rgb v0.8.50
    Checking env_filter v0.1.3
    Checking sharded-slab v0.1.7
    Checking matchers v0.2.0
   Compiling crc32c v0.6.8
   Compiling branches v0.4.3
    Checking thread_local v1.1.8
   Compiling turso_macros v0.8.0-pre.12 (/home/runner/work/_temp/upstream/macros)
   Compiling miette-derive v7.6.0
   Compiling thiserror-impl v1.0.69
   Compiling thiserror-impl v2.0.16
    Checking num-integer v0.1.46
   Compiling uncased v0.9.10
    Checking quick-xml v0.26.0
   Compiling simsimd v6.5.3
   Compiling aegis v0.9.8
   Compiling bigdecimal v0.4.10
    Checking fastrand v2.3.0
   Compiling turso_ext v0.8.0-pre.12 (/home/runner/work/_temp/upstream/extensions/core)
    Checking iana-time-zone v0.1.62
    Checking regex-lite v0.1.8
    Checking condtype v1.3.0
   Compiling relative-path v1.9.3
    Checking write16 v1.0.0
    Checking utf16_iter v1.0.5
   Compiling codspeed-divan-compat v4.6.0
   Compiling codspeed-criterion-compat v4.6.0
    Checking nu-ansi-term v0.50.1
    Checking str_stack v0.1.0
    Checking unicode-width v0.1.14
    Checking linux-raw-sys v0.4.15
    Checking allocator-api2 v0.2.21
   Compiling pprof v0.14.0
    Checking bitflags v1.3.2
    Checking foldhash v0.2.0
    Checking hashbrown v0.17.1
    Checking nix v0.26.4
    Checking miette v7.6.0
    Checking inferno v0.11.21
    Checking tracing-subscriber v0.3.20
    Checking icu_normalizer v2.2.0
    Checking codspeed-divan-compat-walltime v4.6.0
    Checking chrono v0.4.42
    Checking tempfile v3.20.0
    Checking num-bigint v0.4.6
    Checking env_logger v0.11.7
    Checking backtrace v0.3.74
    Checking parking_lot v0.12.4
    Checking icu_locale v2.2.0
   Compiling codspeed-divan-compat-macros v4.6.0
    Checking rand v0.9.4
    Checking aligned-vec v0.6.4
    Checking strum v0.26.3
    Checking ghash v0.5.1
    Checking ctr v0.9.2
    Checking aes v0.8.4
    Checking codspeed-criterion-compat-walltime v4.6.0
    Checking criterion v0.5.1
    Checking sdiff v0.1.1
    Checking icu_properties v2.2.0
    Checking rapidhash v4.1.1
    Checking hashlink v0.10.0
    Checking aead v0.5.2
   Compiling turso_core v0.8.0-pre.12 (/home/runner/work/_temp/upstream/core)
    Checking rand v0.8.6
   Compiling test-log-macros v0.2.17
   Compiling aristo-macros v0.4.1
    Checking float-cmp v0.10.0
    Checking fallible-iterator v0.3.0
    Checking softaes v0.1.3
    Checking byteorder v1.5.0
    Checking siphasher v1.0.1
    Checking futures-timer v3.0.3
    Checking fallible-streaming-iterator v0.1.9
    Checking rusqlite v0.37.0
    Checking rstest v0.18.2
    Checking fastbloom v0.14.1
    Checking roaring v0.11.2
    Checking asserting v0.16.0
    Checking aristo v0.4.1
    Checking test-log v0.2.17
    Checking quickcheck v1.0.3
    Checking aes-gcm v0.10.3
    Checking icu_collator v2.2.0
   Compiling quickcheck_macros v1.0.0
    Checking intrusive-collections v0.9.7
    Checking turso_parser v0.8.0-pre.12 (/home/runner/work/_temp/upstream/sqlite/parser)
    Checking twox-hash v2.1.1
    Checking mimalloc v0.1.47
    Checking polling v3.7.4
    Checking pack1 v1.0.0
    Checking memory-stats v1.2.0
    Checking libloading v0.8.6
    Checking cfg_block v0.1.1
    Checking allocator-api2 v0.4.0
    Checking sorted-vec v0.8.6
   Compiling pastey v0.2.1
    Checking hex v0.4.3
    Checking simdutf8 v0.1.5
    Checking bumpalo v3.17.0
    Checking rustc-hash v2.1.1
    Checking arc-swap v1.7.1
warning: unused import: `log_write`
   --> core/mvcc/persistent_storage/logical_log.rs:262:29
    |
262 | pub(crate) use serializer::{log_write, LogBufferWrite, LogChunkStream, LogSerializer};
    |                             ^^^^^^^^^
    |
    = note: `#[warn(unused_imports)]` (part of `#[warn(unused)]`) on by default

warning: unused import: `super::ptrmap::*`
    --> core/storage/pager.rs:6697:9
     |
6697 |     use super::ptrmap::*;
     |         ^^^^^^^^^^^^^^^^

warning: unnecessary parentheses around closure body
   --> core/vdbe/blob_io_tests.rs:830:46
    |
830 |         let repl: Vec<u8> = (0..len).map(|i| (255 - (i as u8))).collect();
    |                                              ^               ^
    |
    = note: `#[warn(unused_parens)]` (part of `#[warn(unused)]`) on by default
help: remove these parentheses
    |
830 -         let repl: Vec<u8> = (0..len).map(|i| (255 - (i as u8))).collect();
830 +         let repl: Vec<u8> = (0..len).map(|i| 255 - (i as u8)).collect();
    |

warning: unused import: `HashMap`
 --> core/vdbe/statement_lifecycle_tests.rs:2:24
  |
2 | use std::collections::{HashMap, HashSet};
  |                        ^^^^^^^

warning: function pointer comparisons do not produce meaningful results since their addresses are not guaranteed to be unique
   --> core/types.rs:726:5
    |
721 | #[derive(Debug, Clone, PartialEq)]
    |                        --------- in this derive macro expansion
...
726 |     pub step_fn: StepFunction,
    |     ^^^^^^^^^^^^^^^^^^^^^^^^^
    |
    = note: the address of the same function can vary between different codegen units
    = note: furthermore, different functions could have the same address after being merged together
    = note: for more information visit <https://doc.rust-lang.org/nightly/core/ptr/fn.fn_addr_eq.html>
    = note: `#[warn(unpredictable_function_pointer_comparisons)]` on by default

warning: function pointer comparisons do not produce meaningful results since their addresses are not guaranteed to be unique
   --> core/types.rs:727:5
    |
721 | #[derive(Debug, Clone, PartialEq)]
    |                        --------- in this derive macro expansion
...
727 |     pub finalize_fn: FinalizeFunction,
    |     ^^^^^^^^^^^^^^^^^^^^^^^^^^^^^^^^^
    |
    = note: the address of the same function can vary between different codegen units
    = note: furthermore, different functions could have the same address after being merged together
    = note: for more information visit <https://doc.rust-lang.org/nightly/core/ptr/fn.fn_addr_eq.html>

warning: function pointer comparisons do not produce meaningful results since their addresses are not guaranteed to be unique
   --> core/types.rs:728:5
    |
721 | #[derive(Debug, Clone, PartialEq)]
    |                        --------- in this derive macro expansion
...
728 |     pub aggregate_destructor: Option<ContextDestructor>,
    |     ^^^^^^^^^^^^^^^^^^^^^^^^^^^^^^^^^^^^^^^^^^^^^^^^^^^
    |
    = note: the address of the same function can vary between different codegen units
    = note: furthermore, different functions could have the same address after being merged together
    = note: for more information visit <https://doc.rust-lang.org/nightly/core/ptr/fn.fn_addr_eq.html>

warning: function pointer comparisons do not produce meaningful results since their addresses are not guaranteed to be unique
   --> core/types.rs:729:5
    |
721 | #[derive(Debug, Clone, PartialEq)]
    |                        --------- in this derive macro expansion
...
729 |     pub value_destructor: Option<ValueDestructor>,
    |     ^^^^^^^^^^^^^^^^^^^^^^^^^^^^^^^^^^^^^^^^^^^^^
    |
    = note: the address of the same function can vary between different codegen units
    = note: furthermore, different functions could have the same address after being merged together
    = note: for more information visit <https://doc.rust-lang.org/nightly/core/ptr/fn.fn_addr_eq.html>

warning: hiding a lifetime that's elided elsewhere is confusing
  --> core/vector/operations/slice.rs:73:32
   |
73 |     fn float32_vec_from(slice: &[f32]) -> Vector {
   |                                ^^^^^^     ^^^^^^ the same lifetime is hidden here
   |                                |
   |                                the lifetime is elided here
   |
   = help: the same lifetime is referred to in inconsistent ways, making the signature confusing
   = note: `#[warn(mismatched_lifetime_syntaxes)]` on by default
help: use `'_` for type paths
   |
73 |     fn float32_vec_from(slice: &[f32]) -> Vector<'_> {
   |                                                 ++++

warning: hiding a lifetime that's elided elsewhere is confusing
  --> core/vector/operations/text.rs:69:56
   |
69 | pub fn vector_from_text(vector_type: VectorType, text: &str) -> Result<Vector> {
   |                                                        ^^^^            ^^^^^^ the same lifetime is hidden here
   |                                                        |
   |                                                        the lifetime is elided here
   |
   = help: the same lifetime is referred to in inconsistent ways, making the signature confusing
help: use `'_` for type paths
   |
69 | pub fn vector_from_text(vector_type: VectorType, text: &str) -> Result<Vector<'_>> {
   |                                                                              ++++

warning: specialization is experimental
  --> core/alloc/collections/iterator.rs:43:5
   |
43 |     default fn try_from_result_iter(iter: I) -> Result<Self, TryReserveError> {
   |     ^^^^^^^
   |
   = note: see issue #31844 <https://github.com/rust-lang/rust/issues/31844> for more information
   = warning: unstable syntax can change at any point in the future, causing a hard error!
   = note: for more information, see issue #154045 <https://github.com/rust-lang/rust/issues/154045>

warning: `turso_core` (lib test) generated 11 warnings (run `cargo fix --lib -p turso_core --tests` to apply 6 suggestions)
    Finished `dev` profile [unoptimized + debuginfo] target(s) in 2m 17s

Exit: 0
Timed out: False
