Command: rustup run 1.36.0 cargo test --locked --offline --lib itoa::tests::u128toa_test -- --exact --nocapture --test-threads=1
Started: 2026-09-24T20:47:34.708266+00:00
STDOUT:

running 0 tests

test result: ok. 0 passed; 0 failed; 0 ignored; 0 measured; 2 filtered out


STDERR:
   Compiling void v1.0.2
   Compiling static_assertions v0.3.3
   Compiling cfg-if v0.1.9
   Compiling lazy_static v1.3.0
   Compiling itoa v0.4.4
   Compiling bencher v0.1.5
   Compiling dtoa v0.4.4
   Compiling unreachable v1.0.0
   Compiling ryu v1.0.0
   Compiling num-traits v0.2.8
   Compiling stackvector v1.0.6
   Compiling lexical-core v0.5.0 (/home/runner/work/_temp/upstream/lexical-core)
   Compiling approx v0.3.2
   Compiling lexical v3.0.0 (/home/runner/work/_temp/upstream)
    Finished dev [unoptimized + debuginfo] target(s) in 4.22s
     Running /home/runner/work/_temp/build-20260924T204648Z-7e57ffa3/debug/deps/lexical-9474649ceb80695b

Exit: 0
Timed out: False
