Command: rustup run 1.98.1 cargo generate-lockfile
Started: 2026-09-24T20:50:41.202730+00:00
STDOUT:

STDERR:
warning: `/home/runner/work/_temp/upstream/.cargo/config` is deprecated in favor of `config.toml`
  |
  = help: if you need to support cargo 1.38 or earlier, you can symlink `config` to `config.toml`
    Updating `era` index
     Locking 106 packages to latest Rust 1.65 compatible versions
      Adding anstyle v1.0.14 (requires Rust 1.66.0)
      Adding bumpalo v3.14.0 (available: v3.20.3, requires Rust 1.71.1)
      Adding clap v4.6.6 (requires Rust 1.85)
      Adding clap_builder v4.6.6 (requires Rust 1.85)
      Adding clap_lex v1.1.0 (requires Rust 1.85)
      Adding criterion v0.8.2 (requires Rust 1.86)
      Adding half v2.2.1 (available: v2.7.1, requires Rust 1.81)
      Adding itoa v1.0.15 (available: v1.0.18, requires Rust 1.68)
      Adding js-sys v0.3.82 (available: v0.3.105, requires Rust 1.77)
      Adding proc-macro2 v1.0.103 (available: v1.0.107, requires Rust 1.71)
      Adding proptest v1.11.0 (requires Rust 1.85)
      Adding quote v1.0.41 (available: v1.0.47, requires Rust 1.71)
      Adding r-efi v5.3.0 (requires Rust 1.68)
      Adding rayon v1.10.0 (available: v1.12.0, requires Rust 1.80)
      Adding rayon-core v1.12.1 (available: v1.13.0, requires Rust 1.80)
      Adding ryu v1.0.20 (available: v1.0.23, requires Rust 1.71)
      Adding serde_derive v1.0.229 (requires Rust 1.71)
      Adding serde_json v1.0.145 (available: v1.0.151, requires Rust 1.71)
      Adding syn v2.0.106 (available: v2.0.119, requires Rust 1.71)
      Adding syn v3.0.5 (requires Rust 1.71)
      Adding unicode-ident v1.0.22 (available: v1.0.24, requires Rust 1.71)
      Adding unicode-segmentation v1.13.2 (requires Rust 1.85.0)
      Adding wasip2 v1.0.4+wasi-0.2.12 (requires Rust 1.87.0)
      Adding wasm-bindgen v0.2.105 (available: v0.2.128, requires Rust 1.77)
      Adding wasm-bindgen-macro v0.2.105 (available: v0.2.128, requires Rust 1.77)
      Adding wasm-bindgen-macro-support v0.2.105 (available: v0.2.128, requires Rust 1.77)
      Adding wasm-bindgen-shared v0.2.105 (available: v0.2.128, requires Rust 1.77)
      Adding web-sys v0.3.82 (available: v0.3.105, requires Rust 1.77)
      Adding windows-link v0.2.1 (requires Rust 1.71)
      Adding wit-bindgen v0.57.1 (requires Rust 1.85.0)

Exit: 0
Timed out: False
