Command: rustup run 1.98.1 cargo fetch --locked
Started: 2026-09-24T20:54:36.104961+00:00
STDOUT:

STDERR:
warning: `/home/runner/work/_temp/upstream/.cargo/config` is deprecated in favor of `config.toml`
  |
  = help: if you need to support cargo 1.38 or earlier, you can symlink `config` to `config.toml`
warning: Cargo.toml: `package.edition` is unspecified, defaulting to `2015` while 2021 is compatible with `rust-version`
warning: `ropey` (manifest) generated 1 warning
 Downloading crates ...
  Downloaded anes v0.1.6 (registry `era`)
  Downloaded str_indices v0.4.4 (registry `era`)
  Downloaded plotters-backend v0.3.7 (registry `era`)
  Downloaded unarray v0.1.4 (registry `era`)
  Downloaded ciborium-ll v0.2.2 (registry `era`)
  Downloaded unicode-segmentation v1.13.2 (registry `era`)
  Downloaded wasm-bindgen-macro-support v0.2.105 (registry `era`)
  Downloaded regex v1.13.1 (registry `era`)
  Downloaded smallvec v1.16.0 (registry `era`)
  Downloaded proptest v1.11.0 (registry `era`)
  Downloaded cast v0.3.0 (registry `era`)
  Downloaded anstyle v1.0.14 (registry `era`)
  Downloaded bitflags v2.13.1 (registry `era`)
  Downloaded find-msvc-tools v0.1.12 (registry `era`)
  Downloaded wasm-bindgen-macro v0.2.105 (registry `era`)
  Downloaded windows_aarch64_msvc v0.53.1 (registry `era`)
  Downloaded winapi-util v0.1.11 (registry `era`)
  Downloaded once_cell v1.21.4 (registry `era`)
  Downloaded wasip2 v1.0.4+wasi-0.2.12 (registry `era`)
  Downloaded errno v0.3.14 (registry `era`)
  Downloaded alloca v0.4.0 (registry `era`)
  Downloaded ppv-lite86 v0.2.21 (registry `era`)
  Downloaded serde_json v1.0.145 (registry `era`)
  Downloaded bit-vec v0.8.0 (registry `era`)
  Downloaded serde_derive v1.0.229 (registry `era`)
  Downloaded plotters-svg v0.3.7 (registry `era`)
  Downloaded itoa v1.0.15 (registry `era`)
  Downloaded fxhash v0.2.1 (registry `era`)
  Downloaded rand_core v0.9.5 (registry `era`)
  Downloaded crossbeam-epoch v0.9.21 (registry `era`)
  Downloaded memchr v2.8.3 (registry `era`)
  Downloaded plotters v0.3.7 (registry `era`)
  Downloaded byteorder v1.5.0 (registry `era`)
  Downloaded half v2.2.1 (registry `era`)
  Downloaded clap v4.6.6 (registry `era`)
  Downloaded clap_lex v1.1.0 (registry `era`)
  Downloaded syn v2.0.106 (registry `era`)
  Downloaded crunchy v0.2.4 (registry `era`)
  Downloaded regex-syntax v0.8.11 (registry `era`)
  Downloaded cc v1.4.5 (registry `era`)
  Downloaded fnv v1.0.7 (registry `era`)
  Downloaded rayon-core v1.12.1 (registry `era`)
  Downloaded quote v1.0.41 (registry `era`)
  Downloaded rustversion v1.0.23 (registry `era`)
  Downloaded shlex v2.0.1 (registry `era`)
  Downloaded r-efi v5.3.0 (registry `era`)
  Downloaded serde_core v1.0.229 (registry `era`)
  Downloaded same-file v1.0.6 (registry `era`)
  Downloaded ciborium-io v0.2.2 (registry `era`)
  Downloaded autocfg v1.5.1 (registry `era`)
  Downloaded either v1.18.0 (registry `era`)
  Downloaded criterion-plot v0.8.2 (registry `era`)
  Downloaded rand_xorshift v0.4.0 (registry `era`)
  Downloaded walkdir v2.5.0 (registry `era`)
  Downloaded ryu v1.0.20 (registry `era`)
  Downloaded crossbeam-utils v0.8.23 (registry `era`)
  Downloaded itertools v0.13.0 (registry `era`)
  Downloaded windows-link v0.2.1 (registry `era`)
  Downloaded rusty-fork v0.3.1 (registry `era`)
  Downloaded page_size v0.6.0 (registry `era`)
  Downloaded regex-automata v0.4.18 (registry `era`)
  Downloaded tempfile v3.27.0 (registry `era`)
  Downloaded libc v0.2.189 (registry `era`)
  Downloaded ciborium v0.2.2 (registry `era`)
  Downloaded wasm-bindgen-shared v0.2.105 (registry `era`)
  Downloaded proc-macro2 v1.0.103 (registry `era`)
  Downloaded oorandom v11.1.5 (registry `era`)
  Downloaded cfg-if v1.0.4 (registry `era`)
  Downloaded fastrand v2.5.0 (registry `era`)
  Downloaded quick-error v1.2.3 (registry `era`)
  Downloaded zerocopy-derive v0.8.57 (registry `era`)
  Downloaded js-sys v0.3.82 (registry `era`)
  Downloaded crossbeam-deque v0.8.8 (registry `era`)
  Downloaded windows-targets v0.53.5 (registry `era`)
  Downloaded wit-bindgen v0.57.1 (registry `era`)
  Downloaded getrandom v0.3.4 (registry `era`)
  Downloaded zerocopy v0.8.57 (registry `era`)
  Downloaded wait-timeout v0.2.1 (registry `era`)
  Downloaded bumpalo v3.14.0 (registry `era`)
  Downloaded windows_i686_gnu v0.53.1 (registry `era`)
  Downloaded tinytemplate v1.2.1 (registry `era`)
  Downloaded rayon v1.10.0 (registry `era`)
  Downloaded clap_builder v4.6.6 (registry `era`)
  Downloaded rustix v1.1.4 (registry `era`)
  Downloaded rand_chacha v0.9.0 (registry `era`)
  Downloaded windows_aarch64_gnullvm v0.53.1 (registry `era`)
  Downloaded bit-set v0.8.0 (registry `era`)
  Downloaded windows_x86_64_gnu v0.53.1 (registry `era`)
  Downloaded wasm-bindgen v0.2.105 (registry `era`)
  Downloaded web-sys v0.3.82 (registry `era`)
  Downloaded windows_i686_gnullvm v0.53.1 (registry `era`)
  Downloaded criterion v0.8.2 (registry `era`)
  Downloaded windows_x86_64_gnullvm v0.53.1 (registry `era`)
  Downloaded windows_i686_msvc v0.53.1 (registry `era`)
  Downloaded winapi v0.3.9 (registry `era`)
  Downloaded num-traits v0.2.19 (registry `era`)
  Downloaded rand v0.9.5 (registry `era`)
  Downloaded serde v1.0.229 (registry `era`)
  Downloaded unicode-ident v1.0.22 (registry `era`)
  Downloaded windows_x86_64_msvc v0.53.1 (registry `era`)
  Downloaded aho-corasick v1.1.5 (registry `era`)
  Downloaded syn v3.0.5 (registry `era`)
  Downloaded winapi-i686-pc-windows-gnu v0.4.0 (registry `era`)
  Downloaded linux-raw-sys v0.12.1 (registry `era`)
  Downloaded winapi-x86_64-pc-windows-gnu v0.4.0 (registry `era`)
  Downloaded windows-sys v0.60.2 (registry `era`)

Exit: 0
Timed out: False
