Command: rustup run 1.98.1 cargo check --locked --offline --tests
Started: 2026-09-24T20:54:37.639568+00:00
STDOUT:

STDERR:
warning: `/home/runner/work/_temp/upstream/.cargo/config` is deprecated in favor of `config.toml`
  |
  = help: if you need to support cargo 1.38 or earlier, you can symlink `config` to `config.toml`
warning: Cargo.toml: `package.edition` is unspecified, defaulting to `2015` while 2021 is compatible with `rust-version`
warning: `ropey` (manifest) generated 1 warning
   Compiling libc v0.2.189
   Compiling proc-macro2 v1.0.103
   Compiling getrandom v0.3.4
   Compiling quote v1.0.41
   Compiling unicode-ident v1.0.22
    Checking cfg-if v1.0.4
   Compiling serde_core v1.0.229
   Compiling crossbeam-utils v0.8.23
   Compiling crossbeam-epoch v0.9.21
   Compiling autocfg v1.5.1
   Compiling num-traits v0.2.19
   Compiling syn v3.0.5
   Compiling rustix v1.1.4
   Compiling zerocopy v0.8.57
   Compiling crossbeam-deque v0.8.8
   Compiling shlex v2.0.1
   Compiling serde v1.0.229
   Compiling find-msvc-tools v0.1.12
   Compiling cc v1.4.5
    Checking rand_core v0.9.5
   Compiling serde_json v1.0.145
    Checking regex-syntax v0.8.11
   Compiling rayon-core v1.12.1
    Checking linux-raw-sys v0.12.1
    Checking bitflags v2.13.1
    Checking either v1.18.0
   Compiling alloca v0.4.0
   Compiling serde_derive v1.0.229
    Checking fastrand v2.5.0
    Checking itoa v1.0.15
    Checking anstyle v1.0.14
    Checking once_cell v1.21.4
    Checking ryu v1.0.20
    Checking memchr v2.8.3
    Checking ciborium-io v0.2.2
    Checking plotters-backend v0.3.7
    Checking clap_lex v1.1.0
    Checking half v2.2.1
    Checking ciborium-ll v0.2.2
    Checking clap_builder v4.6.6
    Checking plotters-svg v0.3.7
    Checking tempfile v3.27.0
    Checking regex-automata v0.4.18
    Checking itertools v0.13.0
    Checking wait-timeout v0.2.1
    Checking fnv v1.0.7
    Checking same-file v1.0.6
    Checking quick-error v1.2.3
    Checking ppv-lite86 v0.2.21
    Checking bit-vec v0.8.0
    Checking cast v0.3.0
    Checking bit-set v0.8.0
    Checking rusty-fork v0.3.1
    Checking criterion-plot v0.8.2
    Checking walkdir v2.5.0
    Checking rand_chacha v0.9.0
    Checking regex v1.13.1
    Checking ciborium v0.2.2
    Checking tinytemplate v1.2.1
    Checking clap v4.6.6
    Checking rayon v1.10.0
    Checking plotters v0.3.7
    Checking rand_xorshift v0.4.0
    Checking rand v0.9.5
    Checking page_size v0.6.0
    Checking unarray v0.1.4
    Checking anes v0.1.6
    Checking oorandom v11.1.5
    Checking byteorder v1.5.0
    Checking str_indices v0.4.4
    Checking smallvec v1.16.0
    Checking fxhash v0.2.1
    Checking proptest v1.11.0
    Checking unicode-segmentation v1.13.2
    Checking ropey v1.6.1 (/home/runner/work/_temp/upstream)
    Checking criterion v0.8.2
    Finished `dev` profile [unoptimized + debuginfo] target(s) in 12.15s

Exit: 0
Timed out: False
