Command: rustup run 1.80.1 cargo check --locked --offline --tests
Started: 2026-09-24T20:55:26.059090+00:00
STDOUT:

STDERR:
warning: `/home/runner/work/_temp/upstream/.cargo/config` is deprecated in favor of `config.toml`
note: if you need to support cargo 1.38 or earlier, you can symlink `config` to `config.toml`
   Compiling proc-macro2 v1.0.86
   Compiling unicode-ident v1.0.12
   Compiling semver v1.0.23
   Compiling libc v0.2.158
   Compiling cfg-if v1.0.0
   Compiling memchr v2.7.4
   Compiling rustc_version v0.4.0
   Compiling quote v1.0.37
   Compiling byteorder v1.5.0
   Compiling getrandom v0.2.15
   Compiling syn v2.0.76
   Compiling aho-corasick v1.1.3
   Compiling serde v1.0.209
   Compiling regex-syntax v0.8.4
   Compiling rand_core v0.6.4
   Compiling rstest_macros v0.18.2
   Compiling syn v1.0.109
   Compiling rstest_reuse v0.6.0
    Checking powerfmt v0.2.0
   Compiling serde_json v1.0.127
   Compiling glob v0.3.1
   Compiling relative-path v1.9.3
   Compiling regex-automata v0.4.7
    Checking deranged v0.3.11
   Compiling time-core v0.1.2 (/home/runner/work/_temp/upstream/time-core)
    Checking ryu v1.0.18
   Compiling num-conv v0.1.0
   Compiling regex v1.10.6
    Checking itoa v1.0.11
   Compiling time-macros v0.2.18 (/home/runner/work/_temp/upstream/time-macros)
    Checking rand v0.8.5
    Checking time v0.3.36 (/home/runner/work/_temp/upstream/time)
   Compiling zerocopy-derive v0.7.35
   Compiling serde_derive v1.0.209
   Compiling zerocopy v0.7.35
   Compiling quickcheck_macros v1.0.0
   Compiling ppv-lite86 v0.2.20
   Compiling rand_chacha v0.3.1
    Checking rstest v0.18.2
    Checking serde_test v1.0.177
warning: unreachable statement
  --> time/../tests/main.rs:48:5
   |
40 | /     return if status.success() {
41 | |         Ok(())
42 | |     } else {
43 | |         Err(Box::new(Error(status)))
44 | |     };
   | |_____- any code following this expression is unreachable
...
48 | /     "Tests must be run with `--all-features`. Because the flag was not provided, `cargo test \
49 | |      --all-features` is run.";
   | |______________________________^ unreachable statement
   |
   = note: `-W unreachable-code` implied by `-W unused`
   = help: to override `-W unused` add `#[allow(unreachable_code)]`

warning: `time` (test "tests") generated 1 warning
    Finished `dev` profile [unoptimized] target(s) in 12.09s

Exit: 0
Timed out: False
