Command: rustup run 1.65.0 cargo fetch --locked
Started: 2026-09-24T00:37:15.425730+00:00
STDOUT:

STDERR:
 Downloading crates ...
  Downloaded rand_chacha v0.3.1 (registry `era`)
  Downloaded rand_core v0.6.4 (registry `era`)
  Downloaded getrandom v0.2.8 (registry `era`)
  Downloaded cfg-if v1.0.0 (registry `era`)
  Downloaded wasi v0.11.0+wasi-snapshot-preview1 (registry `era`)
  Downloaded fastrand v1.8.0 (registry `era`)
  Downloaded instant v0.1.12 (registry `era`)
  Downloaded rusty-fork v0.3.0 (registry `era`)
  Downloaded ppv-lite86 v0.2.17 (registry `era`)
  Downloaded fxhash v0.2.1 (registry `era`)
  Downloaded lazy_static v1.4.0 (registry `era`)
  Downloaded walkdir v2.3.2 (registry `era`)
  Downloaded tempfile v3.3.0 (registry `era`)
  Downloaded rand_xorshift v0.3.0 (registry `era`)
  Downloaded wasm-bindgen-shared v0.2.83 (registry `era`)
  Downloaded wait-timeout v0.2.0 (registry `era`)
  Downloaded winapi-util v0.1.5 (registry `era`)
  Downloaded cast v0.3.0 (registry `era`)
  Downloaded bit-set v0.5.3 (registry `era`)
  Downloaded quick-error v1.2.3 (registry `era`)
  Downloaded wasm-bindgen-macro v0.2.83 (registry `era`)
  Downloaded itoa v0.4.8 (registry `era`)
  Downloaded autocfg v1.1.0 (registry `era`)
  Downloaded memoffset v0.7.1 (registry `era`)
  Downloaded atty v0.2.14 (registry `era`)
  Downloaded either v1.8.0 (registry `era`)
  Downloaded plotters-backend v0.3.4 (registry `era`)
  Downloaded scopeguard v1.1.0 (registry `era`)
  Downloaded plotters-svg v0.3.3 (registry `era`)
  Downloaded num_cpus v1.14.0 (registry `era`)
  Downloaded oorandom v11.1.3 (registry `era`)
  Downloaded hermit-abi v0.1.19 (registry `era`)
  Downloaded same-file v1.0.6 (registry `era`)
  Downloaded byteorder v1.4.3 (registry `era`)
  Downloaded bit-vec v0.6.3 (registry `era`)
  Downloaded quick-error v2.0.1 (registry `era`)
  Downloaded remove_dir_all v0.5.3 (registry `era`)
  Downloaded bitflags v1.3.2 (registry `era`)
  Downloaded redox_syscall v0.2.16 (registry `era`)
  Downloaded once_cell v1.16.0 (registry `era`)
  Downloaded fnv v1.0.7 (registry `era`)
  Downloaded tinytemplate v1.2.1 (registry `era`)
  Downloaded criterion-plot v0.4.5 (registry `era`)
  Downloaded crossbeam-deque v0.8.2 (registry `era`)
  Downloaded unicode-width v0.1.10 (registry `era`)
  Downloaded itoa v1.0.4 (registry `era`)
  Downloaded wasm-bindgen-backend v0.2.83 (registry `era`)
  Downloaded quote v1.0.21 (registry `era`)
  Downloaded textwrap v0.11.0 (registry `era`)
  Downloaded str_indices v0.4.0 (registry `era`)
  Downloaded serde_cbor v0.11.2 (registry `era`)
  Downloaded wasm-bindgen-macro-support v0.2.83 (registry `era`)
  Downloaded proc-macro2 v1.0.47 (registry `era`)
  Downloaded ryu v1.0.11 (registry `era`)
  Downloaded log v0.4.17 (registry `era`)
  Downloaded csv-core v0.1.10 (registry `era`)
  Downloaded smallvec v1.10.0 (registry `era`)
  Downloaded crossbeam-utils v0.8.14 (registry `era`)
  Downloaded unicode-ident v1.0.5 (registry `era`)
  Downloaded half v1.8.2 (registry `era`)
  Downloaded crossbeam-epoch v0.9.13 (registry `era`)
  Downloaded serde_derive v1.0.148 (registry `era`)
  Downloaded num-traits v0.2.15 (registry `era`)
  Downloaded memchr v2.5.0 (registry `era`)
  Downloaded rayon-core v1.10.1 (registry `era`)
  Downloaded js-sys v0.3.60 (registry `era`)
  Downloaded serde v1.0.148 (registry `era`)
  Downloaded crossbeam-channel v0.5.6 (registry `era`)
  Downloaded unicode-segmentation v1.10.0 (registry `era`)
  Downloaded bumpalo v3.11.1 (registry `era`)
  Downloaded rand v0.8.5 (registry `era`)
  Downloaded criterion v0.3.6 (registry `era`)
  Downloaded regex-automata v0.1.10 (registry `era`)
  Downloaded itertools v0.10.5 (registry `era`)
  Downloaded plotters v0.3.4 (registry `era`)
  Downloaded rayon v1.6.0 (registry `era`)
  Downloaded wasm-bindgen v0.2.83 (registry `era`)
  Downloaded proptest v1.0.0 (registry `era`)
  Downloaded serde_json v1.0.89 (registry `era`)
  Downloaded clap v2.34.0 (registry `era`)
  Downloaded regex v1.7.0 (registry `era`)
  Downloaded syn v1.0.105 (registry `era`)
  Downloaded regex-syntax v0.6.28 (registry `era`)
  Downloaded libc v0.2.138 (registry `era`)
  Downloaded bstr v0.2.17 (registry `era`)
  Downloaded web-sys v0.3.60 (registry `era`)
  Downloaded csv v1.1.6 (registry `era`)
  Downloaded winapi v0.3.9 (registry `era`)
  Downloaded winapi-x86_64-pc-windows-gnu v0.4.0 (registry `era`)
  Downloaded winapi-i686-pc-windows-gnu v0.4.0 (registry `era`)

Exit: 0
Timed out: False
