Command: rustup run 1.65.0 cargo check --locked --offline --tests
Started: 2026-09-24T00:37:16.629151+00:00
STDOUT:

STDERR:
   Compiling libc v0.2.138
    Checking cfg-if v1.0.0
   Compiling autocfg v1.1.0
   Compiling crossbeam-utils v0.8.14
   Compiling serde v1.0.148
   Compiling memoffset v0.7.1
   Compiling crossbeam-epoch v0.9.13
   Compiling memchr v2.5.0
   Compiling proc-macro2 v1.0.47
    Checking getrandom v0.2.8
   Compiling num-traits v0.2.15
   Compiling quote v1.0.21
   Compiling unicode-ident v1.0.5
    Checking scopeguard v1.1.0
    Checking rand_core v0.6.4
    Checking lazy_static v1.4.0
    Checking ryu v1.0.11
   Compiling serde_json v1.0.89
   Compiling syn v1.0.105
   Compiling rayon-core v1.10.1
    Checking either v1.8.0
    Checking crossbeam-deque v0.8.2
    Checking num_cpus v1.14.0
    Checking crossbeam-channel v0.5.6
   Compiling serde_derive v1.0.148
    Checking regex-automata v0.1.10
    Checking remove_dir_all v0.5.3
    Checking regex-syntax v0.6.28
    Checking ppv-lite86 v0.2.17
    Checking plotters-backend v0.3.4
    Checking fastrand v1.8.0
    Checking itoa v1.0.4
    Checking bitflags v1.3.2
    Checking unicode-width v0.1.10
    Checking textwrap v0.11.0
    Checking rand_chacha v0.3.1
    Checking plotters-svg v0.3.3
    Checking tempfile v3.3.0
    Checking bstr v0.2.17
    Checking itertools v0.10.5
    Checking csv-core v0.1.10
    Checking wait-timeout v0.2.0
    Checking half v1.8.2
    Checking itoa v0.4.8
    Checking byteorder v1.4.3
    Checking cast v0.3.0
    Checking bit-vec v0.6.3
    Checking quick-error v1.2.3
    Checking fnv v1.0.7
    Checking same-file v1.0.6
    Checking rusty-fork v0.3.0
    Checking walkdir v2.3.2
    Checking bit-set v0.5.3
    Checking regex v1.7.0
    Checking csv v1.1.6
    Checking criterion-plot v0.4.5
    Checking serde_cbor v0.11.2
    Checking tinytemplate v1.2.1
    Checking rayon v1.6.0
    Checking rand v0.8.5
    Checking plotters v0.3.4
    Checking clap v2.34.0
    Checking rand_xorshift v0.3.0
    Checking atty v0.2.14
    Checking oorandom v11.1.3
    Checking str_indices v0.4.0
    Checking quick-error v2.0.1
    Checking smallvec v1.10.0
    Checking proptest v1.0.0
    Checking fxhash v0.2.1
    Checking unicode-segmentation v1.10.0
    Checking ropey v1.5.1-alpha (/home/runner/work/_temp/upstream)
    Checking criterion v0.3.6
    Finished dev [unoptimized + debuginfo] target(s) in 15.63s

Exit: 0
Timed out: False
