Command: rustup run 1.78.0 cargo fetch --locked
Started: 2026-09-25T17:29:58.340835+00:00
STDOUT:

STDERR:
warning: `/home/runner/work/_temp/upstream/.cargo/config` is deprecated in favor of `config.toml`
note: if you need to support cargo 1.38 or earlier, you can symlink `config` to `config.toml`
 Downloading crates ...
  Downloaded rand_core v0.6.4 (registry `era`)
  Downloaded cfg-if v1.0.0 (registry `era`)
  Downloaded rand_chacha v0.3.1 (registry `era`)
  Downloaded ppv-lite86 v0.2.17 (registry `era`)
  Downloaded wasi v0.11.0+wasi-snapshot-preview1 (registry `era`)
  Downloaded getrandom v0.2.15 (registry `era`)
  Downloaded rand_distr v0.4.3 (registry `era`)
  Downloaded ciborium-ll v0.2.2 (registry `era`)
  Downloaded tokio-macros v2.3.0 (registry `era`)
  Downloaded windows-targets v0.48.5 (registry `era`)
  Downloaded lazy_static v1.4.0 (registry `era`)
  Downloaded cast v0.3.0 (registry `era`)
  Downloaded form_urlencoded v1.2.1 (registry `era`)
  Downloaded is-terminal v0.4.12 (registry `era`)
  Downloaded pin-project-lite v0.2.14 (registry `era`)
  Downloaded futures-task v0.3.30 (registry `era`)
  Downloaded equivalent v1.0.1 (registry `era`)
  Downloaded arbitrary v1.3.2 (registry `era`)
  Downloaded tinyvec_macros v0.1.1 (registry `era`)
  Downloaded event-listener v2.5.3 (registry `era`)
  Downloaded itertools v0.10.5 (registry `era`)
  Downloaded autocfg v1.3.0 (registry `era`)
  Downloaded anstyle v1.0.7 (registry `era`)
  Downloaded spin v0.5.2 (registry `era`)
  Downloaded powerfmt v0.2.0 (registry `era`)
  Downloaded hermit-abi v0.3.9 (registry `era`)
  Downloaded crypto-common v0.1.6 (registry `era`)
  Downloaded once_cell v1.19.0 (registry `era`)
  Downloaded clap_lex v0.7.1 (registry `era`)
  Downloaded tinyvec v1.6.0 (registry `era`)
  Downloaded either v1.12.0 (registry `era`)
  Downloaded subtle v2.5.0 (registry `era`)
  Downloaded ciborium-io v0.2.2 (registry `era`)
  Downloaded criterion-plot v0.5.0 (registry `era`)
  Downloaded urlencoding v2.1.3 (registry `era`)
  Downloaded percent-encoding v2.3.1 (registry `era`)
  Downloaded futures-core v0.3.30 (registry `era`)
  Downloaded windows-targets v0.52.5 (registry `era`)
  Downloaded tracing-attributes v0.1.27 (registry `era`)
  Downloaded hex v0.4.3 (registry `era`)
  Downloaded xdg v2.5.2 (registry `era`)
  Downloaded version_check v0.9.4 (registry `era`)
  Downloaded rustc_version v0.4.0 (registry `era`)
  Downloaded thiserror-impl v1.0.61 (registry `era`)
  Downloaded adler v1.0.2 (registry `era`)
  Downloaded cpufeatures v0.2.12 (registry `era`)
  Downloaded static_assertions v1.1.0 (registry `era`)
  Downloaded memmap2 v0.5.10 (registry `era`)
  Downloaded ident_case v1.0.1 (registry `era`)
  Downloaded unicode-bidi v0.3.15 (registry `era`)
  Downloaded tracing-core v0.1.32 (registry `era`)
  Downloaded winapi-util v0.1.8 (registry `era`)
  Downloaded dsl_auto_type v0.1.0 (registry `era`)
  Downloaded const-oid v0.9.6 (registry `era`)
  Downloaded castaway v0.2.2 (registry `era`)
  Downloaded same-file v1.0.6 (registry `era`)
  Downloaded heck v0.4.1 (registry `era`)
  Downloaded half v2.4.1 (registry `era`)
  Downloaded clap v4.5.6 (registry `era`)
  Downloaded oorandom v11.1.3 (registry `era`)
  Downloaded num-conv v0.1.0 (registry `era`)
  Downloaded sha1 v0.10.6 (registry `era`)
  Downloaded scopeguard v1.2.0 (registry `era`)
  Downloaded mio v0.8.11 (registry `era`)
  Downloaded heck v0.5.0 (registry `era`)
  Downloaded serde v1.0.203 (registry `era`)
  Downloaded num-iter v0.1.45 (registry `era`)
  Downloaded darling_core v0.20.9 (registry `era`)
  Downloaded time-core v0.1.2 (registry `era`)
  Downloaded crossbeam-queue v0.3.11 (registry `era`)
  Downloaded errno v0.3.9 (registry `era`)
  Downloaded signature v2.2.0 (registry `era`)
  Downloaded wasite v0.1.0 (registry `era`)
  Downloaded strsim v0.11.1 (registry `era`)
  Downloaded regex v1.10.4 (registry `era`)
  Downloaded num-integer v0.1.46 (registry `era`)
  Downloaded crc-catalog v2.4.0 (registry `era`)
  Downloaded fastrand v2.1.0 (registry `era`)
  Downloaded windows_i686_gnullvm v0.52.5 (registry `era`)
  Downloaded smol_str v0.2.2 (registry `era`)
  Downloaded pem-rfc7468 v0.7.0 (registry `era`)
  Downloaded bitflags v1.3.2 (registry `era`)
  Downloaded windows_aarch64_msvc v0.52.5 (registry `era`)
  Downloaded sqlx-macros-core v0.7.4 (registry `era`)
  Downloaded time-macros v0.2.18 (registry `era`)
  Downloaded rustversion v1.0.17 (registry `era`)
  Downloaded afl v0.14.5 (registry `era`)
  Downloaded pkcs8 v0.10.2 (registry `era`)
  Downloaded tinytemplate v1.2.1 (registry `era`)
  Downloaded pkcs1 v0.7.5 (registry `era`)
  Downloaded slab v0.4.9 (registry `era`)
  Downloaded walkdir v2.5.0 (registry `era`)
  Downloaded deranged v0.3.11 (registry `era`)
  Downloaded windows-sys v0.52.0 (registry `era`)
  Downloaded windows-sys v0.48.0 (registry `era`)
  Downloaded tempfile v3.10.1 (registry `era`)
  Downloaded sqlx-mysql v0.7.4 (registry `era`)
  Downloaded flume v0.11.0 (registry `era`)
  Downloaded allocator-api2 v0.2.18 (registry `era`)
  Downloaded ryu v1.0.18 (registry `era`)
  Downloaded base64ct v1.6.0 (registry `era`)
  Downloaded zeroize v1.8.1 (registry `era`)
  Downloaded unicode-properties v0.1.1 (registry `era`)
  Downloaded stringprep v0.1.5 (registry `era`)
  Downloaded spin v0.9.8 (registry `era`)
  Downloaded indexmap v2.2.6 (registry `era`)
  Downloaded crossbeam-utils v0.8.20 (registry `era`)
  Downloaded bitflags v2.5.0 (registry `era`)
  Downloaded compact_str v0.6.1 (registry `era`)
  Downloaded serde_json v1.0.117 (registry `era`)
  Downloaded hmac v0.12.1 (registry `era`)
  Downloaded diesel_derives v2.2.0 (registry `era`)
  Downloaded compact_str v0.8.0-beta (registry `era`)
  Downloaded unicode-segmentation v1.11.0 (registry `era`)
  Downloaded der v0.7.9 (registry `era`)
  Downloaded rsa v0.9.6 (registry `era`)
  Downloaded base64 v0.21.7 (registry `era`)
  Downloaded time v0.3.36 (registry `era`)
  Downloaded num-bigint-dig v0.8.4 (registry `era`)
  Downloaded futures-util v0.3.30 (registry `era`)
  Downloaded hashbrown v0.14.5 (registry `era`)
  Downloaded aho-corasick v1.1.3 (registry `era`)
  Downloaded syn v1.0.109 (registry `era`)
  Downloaded vcpkg v0.2.15 (registry `era`)
  Downloaded hkdf v0.12.4 (registry `era`)
  Downloaded regex-syntax v0.8.3 (registry `era`)
  Downloaded diesel v2.2.0 (registry `era`)
  Downloaded rustix v0.38.34 (registry `era`)
  Downloaded regex-automata v0.4.6 (registry `era`)
  Downloaded zerocopy v0.7.34 (registry `era`)
  Downloaded clap_builder v4.5.6 (registry `era`)
  Downloaded sqlx-postgres v0.7.4 (registry `era`)
  Downloaded futures-intrusive v0.5.0 (registry `era`)
  Downloaded parking_lot_core v0.9.10 (registry `era`)
  Downloaded spki v0.7.3 (registry `era`)
  Downloaded md-5 v0.10.6 (registry `era`)
  Downloaded whoami v1.5.1 (registry `era`)
  Downloaded futures-executor v0.3.30 (registry `era`)
  Downloaded linux-raw-sys v0.4.14 (registry `era`)
  Downloaded pkg-config v0.3.30 (registry `era`)
  Downloaded byteorder v1.5.0 (registry `era`)
  Downloaded futures-channel v0.3.30 (registry `era`)
  Downloaded redox_syscall v0.5.1 (registry `era`)
  Downloaded parking_lot v0.12.3 (registry `era`)
  Downloaded futures-io v0.3.30 (registry `era`)
  Downloaded zerocopy-derive v0.7.34 (registry `era`)
  Downloaded windows_i686_msvc v0.48.5 (registry `era`)
  Downloaded windows_x86_64_gnu v0.48.5 (registry `era`)
  Downloaded windows_x86_64_msvc v0.48.5 (registry `era`)
  Downloaded windows_i686_gnu v0.52.5 (registry `era`)
  Downloaded windows_i686_msvc v0.52.5 (registry `era`)
  Downloaded windows_x86_64_gnu v0.52.5 (registry `era`)
  Downloaded windows_x86_64_msvc v0.52.5 (registry `era`)
  Downloaded windows_aarch64_msvc v0.48.5 (registry `era`)
  Downloaded windows_i686_gnu v0.48.5 (registry `era`)
  Downloaded redox_syscall v0.4.1 (registry `era`)
  Downloaded libsqlite3-sys v0.27.0 (registry `era`)
  Downloaded lock_api v0.4.12 (registry `era`)
  Downloaded anes v0.1.6 (registry `era`)
  Downloaded tokio v1.38.0 (registry `era`)
  Downloaded libc v0.2.155 (registry `era`)
  Downloaded crc v3.2.1 (registry `era`)
  Downloaded ahash v0.8.11 (registry `era`)
  Downloaded windows_x86_64_gnullvm v0.52.5 (registry `era`)
  Downloaded windows_aarch64_gnullvm v0.48.5 (registry `era`)
  Downloaded windows_x86_64_gnullvm v0.48.5 (registry `era`)
  Downloaded dotenvy v0.15.7 (registry `era`)
  Downloaded etcetera v0.8.0 (registry `era`)
  Downloaded hashlink v0.8.4 (registry `era`)
  Downloaded paste v1.0.15 (registry `era`)
  Downloaded gimli v0.29.0 (registry `era`)
  Downloaded object v0.35.0 (registry `era`)
  Downloaded windows_aarch64_gnullvm v0.52.5 (registry `era`)
  Downloaded idna v0.5.0 (registry `era`)
  Downloaded syn v2.0.66 (registry `era`)
  Downloaded crunchy v0.2.2 (registry `era`)
  Downloaded criterion v0.5.1 (registry `era`)
  Downloaded itertools v0.12.1 (registry `era`)
  Downloaded nom v7.1.3 (registry `era`)
  Downloaded unicode_categories v0.1.1 (registry `era`)
  Downloaded sqlx-core v0.7.4 (registry `era`)
  Downloaded sqlx v0.7.4 (registry `era`)
  Downloaded libfuzzer-sys v0.4.7 (registry `era`)
  Downloaded home v0.5.9 (registry `era`)
  Downloaded atoi v2.0.0 (registry `era`)
  Downloaded memchr v2.7.2 (registry `era`)
  Downloaded backtrace v0.3.72 (registry `era`)
  Downloaded unicode-normalization v0.1.23 (registry `era`)
  Downloaded libm v0.2.8 (registry `era`)
  Downloaded smartstring v1.0.1 (registry `era`)
  Downloaded typenum v1.17.0 (registry `era`)
  Downloaded serde_derive v1.0.203 (registry `era`)
  Downloaded addr2line v0.22.0 (registry `era`)
  Downloaded bytes v1.6.0 (registry `era`)
  Downloaded socket2 v0.5.7 (registry `era`)
  Downloaded log v0.4.21 (registry `era`)
  Downloaded tracing v0.1.40 (registry `era`)
  Downloaded url v2.5.0 (registry `era`)
  Downloaded iai v0.1.1 (registry `era`)
  Downloaded darling_macro v0.20.9 (registry `era`)
  Downloaded miniz_oxide v0.7.3 (registry `era`)
  Downloaded rustc-demangle v0.1.24 (registry `era`)
  Downloaded minimal-lexical v0.2.1 (registry `era`)
  Downloaded tokio-stream v0.1.15 (registry `era`)
  Downloaded sqlx-sqlite v0.7.4 (registry `era`)
  Downloaded semver v1.0.23 (registry `era`)
  Downloaded proc-macro2 v1.0.85 (registry `era`)
  Downloaded diesel_table_macro_syntax v0.2.0 (registry `era`)
  Downloaded pin-utils v0.1.0 (registry `era`)
  Downloaded block-buffer v0.10.4 (registry `era`)
  Downloaded smallvec v1.13.2 (registry `era`)
  Downloaded thiserror v1.0.61 (registry `era`)
  Downloaded darling v0.20.9 (registry `era`)
  Downloaded sqlx-macros v0.7.4 (registry `era`)
  Downloaded futures-sink v0.3.30 (registry `era`)
  Downloaded itoa v1.0.11 (registry `era`)
  Downloaded jobserver v0.1.31 (registry `era`)
  Downloaded unicode-ident v1.0.12 (registry `era`)
  Downloaded fnv v1.0.7 (registry `era`)
  Downloaded digest v0.10.7 (registry `era`)
  Downloaded sha2 v0.10.8 (registry `era`)
  Downloaded cc v1.0.99 (registry `era`)
  Downloaded generic-array v0.14.7 (registry `era`)
  Downloaded sqlformat v0.2.3 (registry `era`)
  Downloaded derive_arbitrary v1.3.2 (registry `era`)
  Downloaded ciborium v0.2.2 (registry `era`)
  Downloaded quote v1.0.36 (registry `era`)
  Downloaded rand v0.8.5 (registry `era`)
  Downloaded num-traits v0.2.19 (registry `era`)

Exit: 0
Timed out: False
