Command: rustup run 1.83.0 cargo test --locked --offline --lib tests::test_retain -- --exact --nocapture --test-threads=1
Started: 2026-09-23T23:19:42.177472+00:00
STDOUT:

running 0 tests

test result: ok. 0 passed; 0 failed; 0 ignored; 0 measured; 0 filtered out; finished in 0.00s


running 0 tests

test result: ok. 0 passed; 0 failed; 0 ignored; 0 measured; 2 filtered out; finished in 0.00s


running 0 tests

test result: ok. 0 passed; 0 failed; 0 ignored; 0 measured; 1 filtered out; finished in 0.00s


running 0 tests

test result: ok. 0 passed; 0 failed; 0 ignored; 0 measured; 3 filtered out; finished in 0.00s


STDERR:
warning: `/home/runner/work/_temp/upstream/.cargo/config` is deprecated in favor of `config.toml`
note: if you need to support cargo 1.38 or earlier, you can symlink `config` to `config.toml`
warning: ignoring `resolver` config table without `-Zmsrv-policy`
   Compiling compact_str v0.8.0 (/home/runner/work/_temp/upstream/compact_str)
   Compiling compact_str v0.6.1
   Compiling example-diesel v0.1.0 (/home/runner/work/_temp/upstream/examples/diesel)
   Compiling example-sqlx v0.1.0 (/home/runner/work/_temp/upstream/examples/sqlx)
   Compiling benches v0.1.0 (/home/runner/work/_temp/upstream/bench)
   Compiling compact_str-fuzz v0.0.0 (/home/runner/work/_temp/upstream/fuzz)
    Finished `test` profile [unoptimized + debuginfo] target(s) in 3.14s
     Running unittests src/lib.rs (/home/runner/work/_temp/build-20260923T231309Z-393f368a/debug/deps/benches-b26ac72724d6092c)
     Running unittests src/lib.rs (/home/runner/work/_temp/build-20260923T231309Z-393f368a/debug/deps/compact_str_fuzz-756ce1d7733be6fd)
     Running unittests src/lib.rs (/home/runner/work/_temp/build-20260923T231309Z-393f368a/debug/deps/example_diesel-6aec8ee98f84c581)
     Running unittests src/lib.rs (/home/runner/work/_temp/build-20260923T231309Z-393f368a/debug/deps/example_sqlx-c36985aec1d8879b)

Exit: 0
Timed out: False
