Command: rustup run 1.67.0 cargo fetch --locked
Started: 2026-09-23T22:44:44.035056+00:00
STDOUT:

STDERR:
 Downloading crates ...
  Downloaded tap v1.0.1 (registry `era`)
  Downloaded wyz v0.5.1 (registry `era`)
  Downloaded static_assertions v1.1.0 (registry `era`)
  Downloaded crossbeam-channel v0.5.6 (registry `era`)
  Downloaded rand_chacha v0.3.1 (registry `era`)
  Downloaded winapi-util v0.1.5 (registry `era`)
  Downloaded walkdir v2.3.2 (registry `era`)
  Downloaded getrandom v0.2.8 (registry `era`)
  Downloaded crossbeam-deque v0.8.2 (registry `era`)
  Downloaded same-file v1.0.6 (registry `era`)
  Downloaded scopeguard v1.1.0 (registry `era`)
  Downloaded funty v2.0.0 (registry `era`)
  Downloaded itoa v1.0.5 (registry `era`)
  Downloaded hermit-abi v0.2.6 (registry `era`)
  Downloaded atty v0.2.14 (registry `era`)
  Downloaded ppv-lite86 v0.2.17 (registry `era`)
  Downloaded bitflags v1.3.2 (registry `era`)
  Downloaded rand_core v0.6.4 (registry `era`)
  Downloaded cast v0.3.0 (registry `era`)
  Downloaded plotters-backend v0.3.4 (registry `era`)
  Downloaded radium v0.7.0 (registry `era`)
  Downloaded cfg-if v1.0.0 (registry `era`)
  Downloaded bincode v1.3.3 (registry `era`)
  Downloaded autocfg v1.1.0 (registry `era`)
  Downloaded unicode-width v0.1.10 (registry `era`)
  Downloaded unicode-ident v1.0.6 (registry `era`)
  Downloaded hermit-abi v0.1.19 (registry `era`)
  Downloaded wasm-bindgen-shared v0.2.83 (registry `era`)
  Downloaded wasm-bindgen-macro v0.2.83 (registry `era`)
  Downloaded lazy_static v1.4.0 (registry `era`)
  Downloaded crossbeam-epoch v0.9.13 (registry `era`)
  Downloaded plotters-svg v0.3.3 (registry `era`)
  Downloaded half v1.8.2 (registry `era`)
  Downloaded itoa v0.4.8 (registry `era`)
  Downloaded oorandom v11.1.3 (registry `era`)
  Downloaded wasm-bindgen-backend v0.2.83 (registry `era`)
  Downloaded once_cell v1.17.0 (registry `era`)
  Downloaded tinytemplate v1.2.1 (registry `era`)
  Downloaded csv-core v0.1.10 (registry `era`)
  Downloaded num_cpus v1.15.0 (registry `era`)
  Downloaded quote v1.0.23 (registry `era`)
  Downloaded either v1.8.1 (registry `era`)
  Downloaded textwrap v0.11.0 (registry `era`)
  Downloaded serde_test v1.0.152 (registry `era`)
  Downloaded wasi v0.11.0+wasi-snapshot-preview1 (registry `era`)
  Downloaded serde_derive v1.0.152 (registry `era`)
  Downloaded memoffset v0.7.1 (registry `era`)
  Downloaded memchr v2.5.0 (registry `era`)
  Downloaded proc-macro2 v1.0.50 (registry `era`)
  Downloaded ryu v1.0.12 (registry `era`)
  Downloaded wasm-bindgen-macro-support v0.2.83 (registry `era`)
  Downloaded log v0.4.17 (registry `era`)
  Downloaded crossbeam-utils v0.8.14 (registry `era`)
  Downloaded criterion-plot v0.4.5 (registry `era`)
  Downloaded bumpalo v3.12.0 (registry `era`)
  Downloaded serde_cbor v0.11.2 (registry `era`)
  Downloaded num-traits v0.2.15 (registry `era`)
  Downloaded rayon-core v1.10.2 (registry `era`)
  Downloaded serde v1.0.152 (registry `era`)
  Downloaded criterion v0.3.6 (registry `era`)
  Downloaded js-sys v0.3.60 (registry `era`)
  Downloaded rand v0.8.5 (registry `era`)
  Downloaded itertools v0.10.5 (registry `era`)
  Downloaded regex-automata v0.1.10 (registry `era`)
  Downloaded wasm-bindgen v0.2.83 (registry `era`)
  Downloaded plotters v0.3.4 (registry `era`)
  Downloaded rayon v1.6.1 (registry `era`)
  Downloaded serde_json v1.0.91 (registry `era`)
  Downloaded clap v2.34.0 (registry `era`)
  Downloaded regex v1.7.1 (registry `era`)
  Downloaded syn v1.0.107 (registry `era`)
  Downloaded regex-syntax v0.6.28 (registry `era`)
  Downloaded csv v1.1.6 (registry `era`)
  Downloaded bstr v0.2.17 (registry `era`)
  Downloaded libc v0.2.139 (registry `era`)
  Downloaded web-sys v0.3.60 (registry `era`)
  Downloaded winapi v0.3.9 (registry `era`)
  Downloaded winapi-i686-pc-windows-gnu v0.4.0 (registry `era`)
  Downloaded winapi-x86_64-pc-windows-gnu v0.4.0 (registry `era`)

Exit: 0
Timed out: False
