Command: rustup run 1.67.0 cargo check --locked --offline --tests
Started: 2026-09-23T22:44:45.182462+00:00
STDOUT:

STDERR:
   Compiling autocfg v1.1.0
    Checking cfg-if v1.0.0
   Compiling libc v0.2.139
   Compiling serde v1.0.152
   Compiling crossbeam-utils v0.8.14
   Compiling memoffset v0.7.1
   Compiling crossbeam-epoch v0.9.13
   Compiling proc-macro2 v1.0.50
   Compiling memchr v2.5.0
   Compiling quote v1.0.23
    Checking scopeguard v1.1.0
   Compiling unicode-ident v1.0.6
   Compiling num-traits v0.2.15
   Compiling serde_json v1.0.91
   Compiling syn v1.0.107
    Checking either v1.8.1
   Compiling rayon-core v1.10.2
    Checking ryu v1.0.12
    Checking crossbeam-deque v0.8.2
    Checking num_cpus v1.15.0
    Checking getrandom v0.2.8
    Checking crossbeam-channel v0.5.6
   Compiling radium v0.7.0
    Checking unicode-width v0.1.10
    Checking lazy_static v1.4.0
    Checking plotters-backend v0.3.4
    Checking itoa v1.0.5
    Checking regex-automata v0.1.10
   Compiling serde_derive v1.0.152
    Checking plotters-svg v0.3.3
    Checking bstr v0.2.17
    Checking textwrap v0.11.0
    Checking rand_core v0.6.4
    Checking itertools v0.10.5
    Checking csv-core v0.1.10
    Checking regex-syntax v0.6.28
    Checking same-file v1.0.6
    Checking bitflags v1.3.2
    Checking half v1.8.2
    Checking ppv-lite86 v0.2.17
    Checking tap v1.0.1
    Checking cast v0.3.0
   Compiling serde_test v1.0.152
    Checking itoa v0.4.8
    Checking regex v1.7.1
    Checking csv v1.1.6
    Checking criterion-plot v0.4.5
    Checking wyz v0.5.1
    Checking rand_chacha v0.3.1
    Checking serde_cbor v0.11.2
    Checking clap v2.34.0
    Checking walkdir v2.3.2
    Checking plotters v0.3.4
    Checking tinytemplate v1.2.1
    Checking rayon v1.6.1
    Checking atty v0.2.14
    Checking oorandom v11.1.3
    Checking funty v2.0.0
    Checking rand v0.8.5
    Checking bincode v1.3.3
    Checking static_assertions v1.1.0
    Checking bitvec v1.1.0 (/home/runner/work/_temp/upstream)
    Checking criterion v0.3.6
    Finished dev [unoptimized + debuginfo] target(s) in 14.99s

Exit: 0
Timed out: False
