Command: rustup run 1.72.1 cargo check --locked --offline --tests
Started: 2026-09-24T17:09:51.164417+00:00
STDOUT:

STDERR:
   Compiling proc-macro2 v1.0.67
   Compiling serde v1.0.188
   Compiling unicode-ident v1.0.12
   Compiling autocfg v1.1.0
   Compiling serde_json v1.0.107
    Checking itoa v1.0.9
   Compiling num-traits v0.2.16
    Checking iana-time-zone v0.1.57
    Checking ryu v1.0.15
   Compiling quote v1.0.33
   Compiling syn v2.0.37
    Checking chrono v0.4.31 (/home/runner/work/_temp/upstream)
    Checking bincode v1.3.3
   Compiling serde_derive v1.0.188
    Finished dev [unoptimized + debuginfo] target(s) in 7.88s

Exit: 0
Timed out: False
