Command: rustup run 1.89.0 cargo test --locked --offline --test issues issue_1808_complete_string_parser_returns_wrong_slice -- --nocapture --test-threads=1
Started: 2026-09-24T00:57:22.629576+00:00
STDOUT:

running 1 test
test issue_1808_complete_string_parser_returns_wrong_slice ... ok

test result: ok. 1 passed; 0 failed; 0 ignored; 0 measured; 13 filtered out; finished in 0.00s


STDERR:
warning: `/home/runner/work/_temp/upstream/.cargo/config` is deprecated in favor of `config.toml`
note: if you need to support cargo 1.38 or earlier, you can symlink `config` to `config.toml`
   Compiling libc v0.2.175
   Compiling cfg-if v1.0.3
   Compiling zerocopy v0.8.26
   Compiling bitflags v2.9.3
   Compiling linux-raw-sys v0.9.4
   Compiling once_cell v1.21.3
   Compiling fastrand v2.3.0
   Compiling rustix v1.0.8
   Compiling bit-vec v0.6.3
   Compiling getrandom v0.2.16
   Compiling getrandom v0.3.3
   Compiling rand_core v0.6.4
   Compiling wait-timeout v0.2.1
   Compiling fnv v1.0.7
   Compiling memchr v2.7.5
   Compiling quick-error v1.2.3
   Compiling rand_xorshift v0.3.0
   Compiling bit-set v0.5.3
   Compiling num-traits v0.2.19
   Compiling ppv-lite86 v0.2.21
   Compiling nom v8.0.0 (/home/runner/work/_temp/upstream)
   Compiling rand_chacha v0.3.1
   Compiling tempfile v3.21.0
   Compiling rusty-fork v0.3.0
   Compiling rand v0.8.5
   Compiling bitflags v1.3.2
   Compiling lazy_static v1.5.0
   Compiling regex-syntax v0.6.29
   Compiling quick-error v2.0.1
   Compiling byteorder v1.5.0
   Compiling doc-comment v0.3.3
   Compiling proptest v1.0.0
   Compiling nom-language v0.1.0 (/home/runner/work/_temp/upstream/nom-language)
warning: field `2` is never read
  --> nom-language/src/precedence/mod.rs:45:17
   |
45 |   Binary(P3, Q, Assoc),
   |   ------        ^^^^^
   |   |
   |   field in this variant
   |
   = note: `#[warn(dead_code)]` on by default
help: consider changing the field to be of unit type to suppress this warning while preserving the field numbering, or remove the field
   |
45 -   Binary(P3, Q, Assoc),
45 +   Binary(P3, Q, ()),
   |

warning: `nom-language` (lib) generated 1 warning
    Finished `test` profile [unoptimized + debuginfo] target(s) in 6.62s
     Running tests/issues.rs (/home/runner/work/_temp/build-20260924T005136Z-e40be31a/debug/deps/issues-dd01d713c88cd371)

Exit: 0
Timed out: False
