Command: rustup run 1.89.0 cargo test --locked --offline --test issues issue_1808_complete_string_parser_returns_wrong_slice -- --nocapture --test-threads=1
Started: 2026-09-24T00:57:32.284871+00:00
STDOUT:

running 1 test
test issue_1808_complete_string_parser_returns_wrong_slice ... ok

test result: ok. 1 passed; 0 failed; 0 ignored; 0 measured; 13 filtered out; finished in 0.00s


STDERR:
warning: `/home/runner/work/_temp/upstream/.cargo/config` is deprecated in favor of `config.toml`
note: if you need to support cargo 1.38 or earlier, you can symlink `config` to `config.toml`
   Compiling nom v8.0.0 (/home/runner/work/_temp/upstream)
   Compiling nom-language v0.1.0 (/home/runner/work/_temp/upstream/nom-language)
warning: field `2` is never read
  --> nom-language/src/precedence/mod.rs:45:17
   |
45 |   Binary(P3, Q, Assoc),
   |   ------        ^^^^^
   |   |
   |   field in this variant
   |
   = note: `#[warn(dead_code)]` on by default
help: consider changing the field to be of unit type to suppress this warning while preserving the field numbering, or remove the field
   |
45 -   Binary(P3, Q, Assoc),
45 +   Binary(P3, Q, ()),
   |

warning: `nom-language` (lib) generated 1 warning
    Finished `test` profile [unoptimized + debuginfo] target(s) in 2.67s
     Running tests/issues.rs (/home/runner/work/_temp/build-20260924T005136Z-e40be31a/debug/deps/issues-dd01d713c88cd371)

Exit: 0
Timed out: False
