Command: rustup run 1.89.0 cargo check --locked --offline --tests
Started: 2026-09-24T00:57:14.014111+00:00
STDOUT:

STDERR:
warning: `/home/runner/work/_temp/upstream/.cargo/config` is deprecated in favor of `config.toml`
note: if you need to support cargo 1.38 or earlier, you can symlink `config` to `config.toml`
   Compiling libc v0.2.175
    Checking cfg-if v1.0.3
   Compiling zerocopy v0.8.26
   Compiling getrandom v0.3.3
   Compiling rustix v1.0.8
   Compiling autocfg v1.5.0
    Checking linux-raw-sys v0.9.4
    Checking bitflags v2.9.3
   Compiling num-traits v0.2.19
    Checking once_cell v1.21.3
    Checking getrandom v0.2.16
    Checking rand_core v0.6.4
    Checking fastrand v2.3.0
    Checking wait-timeout v0.2.1
    Checking fnv v1.0.7
    Checking memchr v2.7.5
    Checking quick-error v1.2.3
    Checking bit-vec v0.6.3
   Compiling doc-comment v0.3.3
    Checking nom v8.0.0 (/home/runner/work/_temp/upstream)
    Checking bit-set v0.5.3
    Checking ppv-lite86 v0.2.21
    Checking rand_chacha v0.3.1
    Checking tempfile v3.21.0
    Checking rand v0.8.5
    Checking rusty-fork v0.3.0
    Checking rand_xorshift v0.3.0
    Checking quick-error v2.0.1
    Checking bitflags v1.3.2
    Checking regex-syntax v0.6.29
    Checking lazy_static v1.5.0
    Checking byteorder v1.5.0
    Checking proptest v1.0.0
    Checking nom-language v0.1.0 (/home/runner/work/_temp/upstream/nom-language)
warning: field `2` is never read
  --> nom-language/src/precedence/mod.rs:45:17
   |
45 |   Binary(P3, Q, Assoc),
   |   ------        ^^^^^
   |   |
   |   field in this variant
   |
   = note: `#[warn(dead_code)]` on by default
help: consider changing the field to be of unit type to suppress this warning while preserving the field numbering, or remove the field
   |
45 -   Binary(P3, Q, Assoc),
45 +   Binary(P3, Q, ()),
   |

warning: `nom-language` (lib) generated 1 warning
warning: struct `NilError` is never constructed
   --> src/multi/tests.rs:319:12
    |
319 | pub struct NilError;
    |            ^^^^^^^^
    |
    = note: `#[warn(dead_code)]` on by default

warning: `nom` (lib test) generated 1 warning
    Finished `dev` profile [unoptimized + debuginfo] target(s) in 8.46s

Exit: 0
Timed out: False
