Command: rustup run 1.89.0 cargo fetch --locked
Started: 2026-09-24T00:57:12.844982+00:00
STDOUT:

STDERR:
warning: `/home/runner/work/_temp/upstream/.cargo/config` is deprecated in favor of `config.toml`
note: if you need to support cargo 1.38 or earlier, you can symlink `config` to `config.toml`
 Downloading crates ...
  Downloaded windows-targets v0.53.3 (registry `era`)
  Downloaded cast v0.3.0 (registry `era`)
  Downloaded criterion-plot v0.5.0 (registry `era`)
  Downloaded errno v0.3.13 (registry `era`)
  Downloaded rand_xorshift v0.3.0 (registry `era`)
  Downloaded plotters-backend v0.3.7 (registry `era`)
  Downloaded fnv v1.0.7 (registry `era`)
  Downloaded clap_lex v0.5.0 (registry `era`)
  Downloaded quick-error v2.0.1 (registry `era`)
  Downloaded windows-targets v0.52.6 (registry `era`)
  Downloaded itoa v1.0.15 (registry `era`)
  Downloaded ciborium-ll v0.2.2 (registry `era`)
  Downloaded hermit-abi v0.5.2 (registry `era`)
  Downloaded cfg-if v1.0.3 (registry `era`)
  Downloaded wasm-bindgen-macro v0.2.100 (registry `era`)
  Downloaded quick-error v1.2.3 (registry `era`)
  Downloaded rand_chacha v0.3.1 (registry `era`)
  Downloaded is-terminal v0.4.16 (registry `era`)
  Downloaded bit-set v0.5.3 (registry `era`)
  Downloaded windows-link v0.1.3 (registry `era`)
  Downloaded doc-comment v0.3.3 (registry `era`)
  Downloaded crunchy v0.2.4 (registry `era`)
  Downloaded anstyle v1.0.8 (registry `era`)
  Downloaded plotters-svg v0.3.7 (registry `era`)
  Downloaded fastrand v2.3.0 (registry `era`)
  Downloaded winapi-util v0.1.10 (registry `era`)
  Downloaded ciborium-io v0.2.2 (registry `era`)
  Downloaded lazy_static v1.5.0 (registry `era`)
  Downloaded wasm-bindgen-macro-support v0.2.100 (registry `era`)
  Downloaded bitflags v1.3.2 (registry `era`)
  Downloaded wasm-bindgen-shared v0.2.100 (registry `era`)
  Downloaded same-file v1.0.6 (registry `era`)
  Downloaded jemallocator v0.5.4 (registry `era`)
  Downloaded autocfg v1.5.0 (registry `era`)
  Downloaded wait-timeout v0.2.1 (registry `era`)
  Downloaded anes v0.1.6 (registry `era`)
  Downloaded wasi v0.11.1+wasi-snapshot-preview1 (registry `era`)
  Downloaded clap v4.3.24 (registry `era`)
  Downloaded rustversion v1.0.22 (registry `era`)
  Downloaded rand_core v0.6.4 (registry `era`)
  Downloaded either v1.15.0 (registry `era`)
  Downloaded walkdir v2.5.0 (registry `era`)
  Downloaded ciborium v0.2.2 (registry `era`)
  Downloaded colored v2.2.0 (registry `era`)
  Downloaded half v2.2.1 (registry `era`)
  Downloaded crossbeam-deque v0.8.6 (registry `era`)
  Downloaded rusty-fork v0.3.0 (registry `era`)
  Downloaded bit-vec v0.6.3 (registry `era`)
  Downloaded quote v1.0.40 (registry `era`)
  Downloaded wasm-bindgen-backend v0.2.100 (registry `era`)
  Downloaded log v0.4.27 (registry `era`)
  Downloaded shlex v1.3.0 (registry `era`)
  Downloaded byteorder v1.5.0 (registry `era`)
  Downloaded getrandom v0.2.16 (registry `era`)
  Downloaded bitflags v2.9.3 (registry `era`)
  Downloaded oorandom v11.1.5 (registry `era`)
  Downloaded clap_builder v4.3.24 (registry `era`)
  Downloaded js-sys v0.3.77 (registry `era`)
  Downloaded wasm-bindgen v0.2.100 (registry `era`)
  Downloaded rayon-core v1.12.1 (registry `era`)
  Downloaded r-efi v5.3.0 (registry `era`)
  Downloaded crossbeam-utils v0.8.21 (registry `era`)
  Downloaded serde_derive v1.0.219 (registry `era`)
  Downloaded num-traits v0.2.19 (registry `era`)
  Downloaded proc-macro2 v1.0.101 (registry `era`)
  Downloaded bumpalo v3.14.0 (registry `era`)
  Downloaded cc v1.2.34 (registry `era`)
  Downloaded memchr v2.7.5 (registry `era`)
  Downloaded rand v0.8.5 (registry `era`)
  Downloaded windows_aarch64_gnullvm v0.52.6 (registry `era`)
  Downloaded itertools v0.10.5 (registry `era`)
  Downloaded plotters v0.3.7 (registry `era`)
  Downloaded serde_json v1.0.143 (registry `era`)
  Downloaded regex v1.11.2 (registry `era`)
  Downloaded rayon v1.10.0 (registry `era`)
  Downloaded proptest v1.0.0 (registry `era`)
  Downloaded aho-corasick v1.1.3 (registry `era`)
  Downloaded zerocopy v0.8.26 (registry `era`)
  Downloaded wasi v0.14.2+wasi-0.2.4 (registry `era`)
  Downloaded codspeed v2.7.0 (registry `era`)
  Downloaded syn v2.0.106 (registry `era`)
  Downloaded regex-syntax v0.6.29 (registry `era`)
  Downloaded codspeed-criterion-compat v2.7.0 (registry `era`)
  Downloaded windows_aarch64_msvc v0.52.6 (registry `era`)
  Downloaded windows_i686_gnu v0.52.6 (registry `era`)
  Downloaded regex-syntax v0.8.6 (registry `era`)
  Downloaded rustix v1.0.8 (registry `era`)
  Downloaded criterion v0.5.1 (registry `era`)
  Downloaded serde v1.0.219 (registry `era`)
  Downloaded windows_x86_64_gnullvm v0.52.6 (registry `era`)
  Downloaded windows_i686_gnullvm v0.52.6 (registry `era`)
  Downloaded zerocopy-derive v0.8.26 (registry `era`)
  Downloaded crossbeam-epoch v0.9.18 (registry `era`)
  Downloaded ryu v1.0.20 (registry `era`)
  Downloaded unicode-ident v1.0.18 (registry `era`)
  Downloaded getrandom v0.3.3 (registry `era`)
  Downloaded once_cell v1.21.3 (registry `era`)
  Downloaded web-sys v0.3.77 (registry `era`)
  Downloaded regex-automata v0.4.10 (registry `era`)
  Downloaded ppv-lite86 v0.2.21 (registry `era`)
  Downloaded wit-bindgen-rt v0.39.0 (registry `era`)
  Downloaded tempfile v3.21.0 (registry `era`)
  Downloaded tinytemplate v1.2.1 (registry `era`)
  Downloaded windows_x86_64_gnullvm v0.53.0 (registry `era`)
  Downloaded windows_aarch64_gnullvm v0.53.0 (registry `era`)
  Downloaded windows_x86_64_msvc v0.52.6 (registry `era`)
  Downloaded windows_i686_gnullvm v0.53.0 (registry `era`)
  Downloaded windows_x86_64_gnu v0.52.6 (registry `era`)
  Downloaded windows_i686_msvc v0.53.0 (registry `era`)
  Downloaded windows_x86_64_gnu v0.53.0 (registry `era`)
  Downloaded windows_i686_msvc v0.52.6 (registry `era`)
  Downloaded windows_i686_gnu v0.53.0 (registry `era`)
  Downloaded jemalloc-sys v0.5.4+5.3.0-patched (registry `era`)
  Downloaded libc v0.2.175 (registry `era`)
  Downloaded windows_aarch64_msvc v0.53.0 (registry `era`)
  Downloaded windows_x86_64_msvc v0.53.0 (registry `era`)
  Downloaded linux-raw-sys v0.9.4 (registry `era`)
  Downloaded windows-sys v0.59.0 (registry `era`)
  Downloaded windows-sys v0.60.2 (registry `era`)

Exit: 0
Timed out: False
