Command: rustup run 1.95.0 cargo test --locked --offline --lib block::compress::tests::compress_into_with_short_dict_does_not_panic -- --exact --nocapture --test-threads=1
Started: 2026-09-24T17:52:41.088025+00:00
STDOUT:

running 1 test
test block::compress::tests::compress_into_with_short_dict_does_not_panic ... FAILED

failures:

failures:
    block::compress::tests::compress_into_with_short_dict_does_not_panic

test result: FAILED. 0 passed; 1 failed; 0 ignored; 0 measured; 18 filtered out; finished in 0.00s


STDERR:
warning: `/home/runner/work/_temp/upstream/.cargo/config` is deprecated in favor of `config.toml`
  |
  = help: if you need to support cargo 1.38 or earlier, you can symlink `config` to `config.toml`
   Compiling lz4_flex v0.13.0 (/home/runner/work/_temp/upstream)
    Finished `test` profile [unoptimized + debuginfo] target(s) in 0.62s
     Running unittests src/lib.rs (/home/runner/work/_temp/build-20260924T174545Z-9b5e4ce2/debug/deps/lz4_flex-ea5acb907b2d0d3a)

thread 'block::compress::tests::compress_into_with_short_dict_does_not_panic' (13492) panicked at src/block/compress.rs:42:29:
range end index 4 out of range for slice of length 1
note: run with `RUST_BACKTRACE=1` environment variable to display a backtrace
error: test failed, to rerun pass `--lib`

Exit: 101
Timed out: False
