Command: rustup run 1.95.0 cargo test --locked --offline --lib block::compress::tests::compress_into_with_short_dict_does_not_panic -- --exact --nocapture --test-threads=1
Started: 2026-09-24T17:52:02.675373+00:00
STDOUT:

running 1 test
test block::compress::tests::compress_into_with_short_dict_does_not_panic ... ok

test result: ok. 1 passed; 0 failed; 0 ignored; 0 measured; 18 filtered out; finished in 0.00s


STDERR:
warning: `/home/runner/work/_temp/upstream/.cargo/config` is deprecated in favor of `config.toml`
  |
  = help: if you need to support cargo 1.38 or earlier, you can symlink `config` to `config.toml`
   Compiling libc v0.2.186
   Compiling cfg-if v1.0.4
   Compiling bitflags v2.11.1
   Compiling zerocopy v0.8.48
   Compiling once_cell v1.21.4
   Compiling num-traits v0.2.19
   Compiling serde_core v1.0.228
   Compiling zmij v1.0.21
   Compiling jobserver v0.1.34
   Compiling getrandom v0.3.4
   Compiling cc v1.2.62
   Compiling getrandom v0.2.17
   Compiling rand_core v0.6.4
   Compiling rand_core v0.9.5
   Compiling memchr v2.8.0
   Compiling fnv v1.0.7
   Compiling itoa v1.0.18
   Compiling linux-raw-sys v0.12.1
   Compiling quick-error v1.2.3
   Compiling fastrand v2.4.1
   Compiling alloca v0.4.0
   Compiling rustix v1.1.4
   Compiling jemalloc-sys v0.5.4+5.3.0-patched
   Compiling minimal-lexical v0.2.1
   Compiling nom v7.1.3
   Compiling ppv-lite86 v0.2.21
   Compiling rand_chacha v0.3.1
   Compiling tempfile v3.27.0
   Compiling rand v0.8.6
   Compiling lzzzz v2.0.0
   Compiling serde v1.0.228
   Compiling serde_json v1.0.149
   Compiling crossbeam-utils v0.8.21
   Compiling wait-timeout v0.2.1
   Compiling is-terminal v0.4.17
   Compiling perf-event-open-sys v6.0.0
   Compiling ordered-float v5.3.0
   Compiling raw-cpuid v11.6.0
   Compiling static_assertions v1.1.0
   Compiling bit-vec v0.8.0
   Compiling twox-hash v1.6.3
   Compiling bit-set v0.8.0
   Compiling thiserror v1.0.69
   Compiling culpa v1.0.2
   Compiling miniserde v0.1.45
   Compiling tantivy-query-grammar v0.26.0
   Compiling perf-event v0.4.9
   Compiling quanta v0.12.6
   Compiling yansi v1.0.1
   Compiling rusty-fork v0.3.1
   Compiling bpu_trasher v0.2.0
   Compiling rand_chacha v0.9.0
   Compiling rand v0.9.4
   Compiling rand_xorshift v0.4.0
   Compiling lazy_static v1.5.0
   Compiling unicode-width v0.1.14
   Compiling rustop v1.1.4
   Compiling byteorder v0.5.3
   Compiling peakmem-alloc v0.3.0
   Compiling rustc-hash v2.1.2
   Compiling regex-syntax v0.8.10
   Compiling unarray v0.1.4
   Compiling byteorder v1.5.0
   Compiling lz-fear v0.2.0 (https://github.com/main--/rust-lz-fear#6725e3ee)
   Compiling proptest v1.8.0
   Compiling binggan v0.16.1
   Compiling lz4-compress v0.1.1
   Compiling snap v1.1.1
   Compiling more-asserts v0.3.1
   Compiling twox-hash v2.1.2
   Compiling jemallocator v0.5.4
   Compiling lz4_flex v0.13.0 (/home/runner/work/_temp/upstream)
    Finished `test` profile [unoptimized + debuginfo] target(s) in 38.33s
     Running unittests src/lib.rs (/home/runner/work/_temp/build-20260924T174545Z-9b5e4ce2/debug/deps/lz4_flex-ea5acb907b2d0d3a)

Exit: 0
Timed out: False
