Command: rustup run 1.95.0 cargo fetch --locked
Started: 2026-09-24T17:51:20.632372+00:00
STDOUT:

STDERR:
warning: `/home/runner/work/_temp/upstream/.cargo/config` is deprecated in favor of `config.toml`
  |
  = help: if you need to support cargo 1.38 or earlier, you can symlink `config` to `config.toml`
 Downloading crates ...
  Downloaded unicode-ident v1.0.24 (registry `era`)
  Downloaded rustc-hash v2.1.2 (registry `era`)
  Downloaded zmij v1.0.21 (registry `era`)
  Downloaded quote v1.0.45 (registry `era`)
  Downloaded serde_core v1.0.228 (registry `era`)
  Downloaded rand_chacha v0.3.1 (registry `era`)
  Downloaded getrandom v0.2.17 (registry `era`)
  Downloaded alloca v0.4.0 (registry `era`)
  Downloaded bpu_trasher v0.2.0 (registry `era`)
  Downloaded rand_core v0.6.4 (registry `era`)
  Downloaded fnv v1.0.7 (registry `era`)
  Downloaded culpa-macros v1.0.2 (registry `era`)
  Downloaded unarray v0.1.4 (registry `era`)
  Downloaded snap v1.1.1 (registry `era`)
  Downloaded twox-hash v2.1.2 (registry `era`)
  Downloaded byteorder v0.5.3 (registry `era`)
  Downloaded jobserver v0.1.34 (registry `era`)
  Downloaded futures-core v0.3.32 (registry `era`)
  Downloaded twox-hash v1.6.3 (registry `era`)
  Downloaded itoa v1.0.18 (registry `era`)
  Downloaded autocfg v1.5.0 (registry `era`)
  Downloaded mini-internal v0.1.45 (registry `era`)
  Downloaded thiserror v1.0.69 (registry `era`)
  Downloaded peakmem-alloc v0.3.0 (registry `era`)
  Downloaded wasm-bindgen-macro v0.2.121 (registry `era`)
  Downloaded rustop v1.1.4 (registry `era`)
  Downloaded culpa v1.0.2 (registry `era`)
  Downloaded wait-timeout v0.2.1 (registry `era`)
  Downloaded rand_core v0.9.5 (registry `era`)
  Downloaded futures-task v0.3.32 (registry `era`)
  Downloaded bit-set v0.8.0 (registry `era`)
  Downloaded more-asserts v0.3.1 (registry `era`)
  Downloaded cfg-if v1.0.4 (registry `era`)
  Downloaded errno v0.3.14 (registry `era`)
  Downloaded wasm-bindgen-shared v0.2.121 (registry `era`)
  Downloaded lz4-compress v0.1.1 (registry `era`)
  Downloaded quanta v0.12.6 (registry `era`)
  Downloaded tantivy-query-grammar v0.26.0 (registry `era`)
  Downloaded jemallocator v0.5.4 (registry `era`)
  Downloaded thiserror-impl v1.0.69 (registry `era`)
  Downloaded rand_chacha v0.9.0 (registry `era`)
  Downloaded lazy_static v1.5.0 (registry `era`)
  Downloaded wasi v0.11.1+wasi-snapshot-preview1 (registry `era`)
  Downloaded hermit-abi v0.5.2 (registry `era`)
  Downloaded perf-event v0.4.9 (registry `era`)
  Downloaded pin-project-lite v0.2.17 (registry `era`)
  Downloaded crossbeam-utils v0.8.21 (registry `era`)
  Downloaded tempfile v3.27.0 (registry `era`)
  Downloaded wasm-bindgen v0.2.121 (registry `era`)
  Downloaded miniserde v0.1.45 (registry `era`)
  Downloaded getrandom v0.3.4 (registry `era`)
  Downloaded perf-event-open-sys v6.0.0 (registry `era`)
  Downloaded bitflags v2.11.1 (registry `era`)
  Downloaded wasm-bindgen-macro-support v0.2.121 (registry `era`)
  Downloaded rand v0.8.6 (registry `era`)
  Downloaded raw-cpuid v11.6.0 (registry `era`)
  Downloaded minimal-lexical v0.2.1 (registry `era`)
  Downloaded lzzzz v2.0.0 (registry `era`)
  Downloaded futures-util v0.3.32 (registry `era`)
  Downloaded wasip2 v1.0.3+wasi-0.2.9 (registry `era`)
  Downloaded syn v2.0.117 (registry `era`)
  Downloaded proptest v1.8.0 (registry `era`)
  Downloaded serde_json v1.0.149 (registry `era`)
  Downloaded js-sys v0.3.98 (registry `era`)
  Downloaded unicode-width v0.1.14 (registry `era`)
  Downloaded zerocopy v0.8.48 (registry `era`)
  Downloaded nom v7.1.3 (registry `era`)
  Downloaded rand v0.9.4 (registry `era`)
  Downloaded memchr v2.8.0 (registry `era`)
  Downloaded bumpalo v3.20.2 (registry `era`)
  Downloaded regex-syntax v0.8.10 (registry `era`)
  Downloaded rustix v1.1.4 (registry `era`)
  Downloaded zerocopy-derive v0.8.48 (registry `era`)
  Downloaded r-efi v5.3.0 (registry `era`)
  Downloaded serde v1.0.228 (registry `era`)
  Downloaded yansi v1.0.1 (registry `era`)
  Downloaded wit-bindgen v0.57.1 (registry `era`)
  Downloaded cc v1.2.62 (registry `era`)
  Downloaded num-traits v0.2.19 (registry `era`)
  Downloaded ordered-float v5.3.0 (registry `era`)
  Downloaded ppv-lite86 v0.2.21 (registry `era`)
  Downloaded web-sys v0.3.98 (registry `era`)
  Downloaded proc-macro2 v1.0.106 (registry `era`)
  Downloaded once_cell v1.21.4 (registry `era`)
  Downloaded slab v0.4.12 (registry `era`)
  Downloaded rustversion v1.0.22 (registry `era`)
  Downloaded byteorder v1.5.0 (registry `era`)
  Downloaded shlex v1.3.0 (registry `era`)
  Downloaded fastrand v2.4.1 (registry `era`)
  Downloaded is-terminal v0.4.17 (registry `era`)
  Downloaded libc v0.2.186 (registry `era`)
  Downloaded bit-vec v0.8.0 (registry `era`)
  Downloaded jemalloc-sys v0.5.4+5.3.0-patched (registry `era`)
  Downloaded rand_xorshift v0.4.0 (registry `era`)
  Downloaded rusty-fork v0.3.1 (registry `era`)
  Downloaded static_assertions v1.1.0 (registry `era`)
  Downloaded find-msvc-tools v0.1.9 (registry `era`)
  Downloaded serde_derive v1.0.228 (registry `era`)
  Downloaded quick-error v1.2.3 (registry `era`)
  Downloaded winapi v0.3.9 (registry `era`)
  Downloaded windows-link v0.2.1 (registry `era`)
  Downloaded windows-sys v0.61.2 (registry `era`)
  Downloaded binggan v0.16.1 (registry `era`)
  Downloaded winapi-x86_64-pc-windows-gnu v0.4.0 (registry `era`)
  Downloaded winapi-i686-pc-windows-gnu v0.4.0 (registry `era`)
  Downloaded linux-raw-sys v0.12.1 (registry `era`)

Exit: 0
Timed out: False
