Command: rustup run 1.95.0 cargo check --locked --offline --tests
Started: 2026-09-24T17:51:21.746374+00:00
STDOUT:

STDERR:
warning: `/home/runner/work/_temp/upstream/.cargo/config` is deprecated in favor of `config.toml`
  |
  = help: if you need to support cargo 1.38 or earlier, you can symlink `config` to `config.toml`
   Compiling libc v0.2.186
    Checking cfg-if v1.0.4
   Compiling proc-macro2 v1.0.106
   Compiling unicode-ident v1.0.24
   Compiling quote v1.0.45
   Compiling shlex v1.3.0
   Compiling find-msvc-tools v0.1.9
   Compiling zerocopy v0.8.48
   Compiling getrandom v0.3.4
    Checking bitflags v2.11.1
   Compiling syn v2.0.117
   Compiling autocfg v1.5.0
   Compiling jobserver v0.1.34
   Compiling cc v1.2.62
   Compiling num-traits v0.2.19
   Compiling zmij v1.0.21
   Compiling serde_core v1.0.228
    Checking getrandom v0.2.17
   Compiling rustix v1.1.4
    Checking once_cell v1.21.4
    Checking rand_core v0.6.4
    Checking rand_core v0.9.5
   Compiling crossbeam-utils v0.8.21
   Compiling serde_json v1.0.149
    Checking itoa v1.0.18
    Checking memchr v2.8.0
    Checking ppv-lite86 v0.2.21
   Compiling serde v1.0.228
    Checking fnv v1.0.7
    Checking linux-raw-sys v0.12.1
    Checking rand_chacha v0.3.1
   Compiling alloca v0.4.0
   Compiling jemalloc-sys v0.5.4+5.3.0-patched
    Checking minimal-lexical v0.2.1
   Compiling serde_derive v1.0.228
   Compiling thiserror v1.0.69
   Compiling miniserde v0.1.45
   Compiling bpu_trasher v0.2.0
    Checking quick-error v1.2.3
    Checking fastrand v2.4.1
    Checking nom v7.1.3
    Checking tempfile v3.27.0
   Compiling mini-internal v0.1.45
   Compiling thiserror-impl v1.0.69
   Compiling culpa-macros v1.0.2
    Checking rand v0.8.6
    Checking ordered-float v5.3.0
   Compiling lzzzz v2.0.0
    Checking perf-event-open-sys v6.0.0
    Checking wait-timeout v0.2.1
    Checking is-terminal v0.4.17
    Checking raw-cpuid v11.6.0
    Checking bit-vec v0.8.0
    Checking static_assertions v1.1.0
   Compiling snap v1.1.1
    Checking bit-set v0.8.0
    Checking twox-hash v1.6.3
    Checking perf-event v0.4.9
    Checking yansi v1.0.1
    Checking rusty-fork v0.3.1
    Checking quanta v0.12.6
    Checking tantivy-query-grammar v0.26.0
    Checking culpa v1.0.2
    Checking rand_chacha v0.9.0
    Checking rand v0.9.4
    Checking rand_xorshift v0.4.0
    Checking byteorder v1.5.0
    Checking unarray v0.1.4
    Checking rustc-hash v2.1.2
    Checking regex-syntax v0.8.10
    Checking peakmem-alloc v0.3.0
    Checking lazy_static v1.5.0
    Checking rustop v1.1.4
    Checking unicode-width v0.1.14
    Checking twox-hash v2.1.2
    Checking byteorder v0.5.3
    Checking lz4-compress v0.1.1
    Checking binggan v0.16.1
    Checking lz-fear v0.2.0 (https://github.com/main--/rust-lz-fear#6725e3ee)
    Checking proptest v1.8.0
    Checking more-asserts v0.3.1
    Checking lz4_flex v0.13.0 (/home/runner/work/_temp/upstream)
    Checking jemallocator v0.5.4
    Finished `dev` profile [unoptimized + debuginfo] target(s) in 40.67s

Exit: 0
Timed out: False
