Command: rustup run 1.57.0 cargo test --locked --offline --test pretty error_includes_key -- --nocapture --test-threads=1
Started: 2026-09-24T23:24:25.083753+00:00
STDOUT:

running 0 tests

test result: ok. 0 passed; 0 failed; 0 ignored; 0 measured; 0 filtered out; finished in 0.00s


STDERR:
   Compiling serde v1.0.132
   Compiling bstr v0.2.17
   Compiling serde_json v1.0.73
   Compiling kstring v1.0.6
   Compiling serde_cbor v0.11.2
   Compiling toml v0.5.8
   Compiling toml_edit v0.12.2 (/home/runner/work/_temp/upstream)
   Compiling globset v0.4.8
   Compiling csv v1.1.6
   Compiling tinytemplate v1.2.1
   Compiling toml-test v0.3.1
   Compiling ignore v0.4.18
   Compiling criterion v0.3.5
   Compiling toml-test-harness v0.3.0
   Compiling fs_snapshot v0.1.1
    Finished test [optimized + debuginfo] target(s) in 44.17s
     Running tests/pretty.rs (/home/runner/work/_temp/build-20260924T232058Z-3f775322/debug/deps/pretty-aae303992f016e7c)

Exit: 0
Timed out: False
