Command: rustup run 1.82.0 cargo check --locked --offline --tests
Started: 2026-09-24T00:30:59.095028+00:00
STDOUT:

STDERR:
warning: `/home/runner/work/_temp/upstream/.cargo/config` is deprecated in favor of `config.toml`
note: if you need to support cargo 1.38 or earlier, you can symlink `config` to `config.toml`
warning: ignoring `resolver` config table without `-Zmsrv-policy`
   Compiling proc-macro2 v1.0.89
   Compiling unicode-ident v1.0.13
   Compiling serde v1.0.214
    Checking memchr v2.7.4
    Checking ryu v1.0.18
    Checking itoa v1.0.11
    Checking csv-core v0.1.11 (/home/runner/work/_temp/upstream/csv-core)
   Compiling quote v1.0.37
   Compiling syn v2.0.87
   Compiling serde_derive v1.0.214
    Checking bstr v1.10.0
    Checking csv v1.3.0 (/home/runner/work/_temp/upstream)
    Finished `dev` profile [unoptimized + debuginfo] target(s) in 5.95s

Exit: 0
Timed out: False
