Command: rustup run 1.87.0 cargo test --locked --offline --test ford_fulkerson test_ford_fulkerson_stable_graphs -- --nocapture --test-threads=1
Started: 2026-09-24T20:50:39.266553+00:00
STDOUT:

running 1 test
test test_ford_fulkerson_stable_graphs ... FAILED

failures:

failures:
    test_ford_fulkerson_stable_graphs

test result: FAILED. 0 passed; 1 failed; 0 ignored; 0 measured; 1 filtered out; finished in 0.00s


STDERR:
warning: `/home/runner/work/_temp/upstream/.cargo/config` is deprecated in favor of `config.toml`
note: if you need to support cargo 1.38 or earlier, you can symlink `config` to `config.toml`
   Compiling petgraph v0.8.1 (/home/runner/work/_temp/upstream)
    Finished `test` profile [unoptimized + debuginfo] target(s) in 2.36s
     Running tests/ford_fulkerson.rs (/home/runner/work/_temp/build-20260924T204603Z-52bd97d2/debug/deps/ford_fulkerson-67efcb86c74af1ae)

thread 'test_ford_fulkerson_stable_graphs' panicked at /home/runner/work/_temp/upstream/src/algo/ford_fulkerson.rs:75:72:
index out of bounds: the len is 3 but the index is 3
note: run with `RUST_BACKTRACE=1` environment variable to display a backtrace
error: test failed, to rerun pass `--test ford_fulkerson`

Exit: 101
Timed out: False
