Command: rustup run 1.79.0 cargo test --locked --offline --lib engine::general_purpose::decode::tests::estimate_via_u128_inflation -- --exact --nocapture --test-threads=1
Started: 2026-09-23T17:21:15.153239+00:00
STDOUT:

running 1 test
test engine::general_purpose::decode::tests::estimate_via_u128_inflation ... ok

test result: ok. 1 passed; 0 failed; 0 ignored; 0 measured; 143 filtered out; finished in 0.00s


STDERR:
warning: `/home/runner/work/_temp/upstream/.cargo/config` is deprecated in favor of `config.toml`
note: if you need to support cargo 1.38 or earlier, you can symlink `config` to `config.toml`
   Compiling libc v0.2.139
   Compiling cfg-if v1.0.0
   Compiling crossbeam-utils v0.8.14
   Compiling memoffset v0.7.1
   Compiling serde v1.0.152
   Compiling crossbeam-epoch v0.9.13
   Compiling scopeguard v1.1.0
   Compiling either v1.8.0
   Compiling bitflags v1.3.2
   Compiling rayon-core v1.10.1
   Compiling serde_json v1.0.91
   Compiling indexmap v1.9.2
   Compiling num-traits v0.2.15
   Compiling atty v0.2.14
   Compiling num_cpus v1.15.0
   Compiling crossbeam-deque v0.8.2
   Compiling getrandom v0.2.8
   Compiling crossbeam-channel v0.5.6
   Compiling os_str_bytes v6.4.1
   Compiling half v1.8.2
   Compiling hashbrown v0.12.3
   Compiling itoa v1.0.5
   Compiling ryu v1.0.12
   Compiling unicode-width v0.1.10
   Compiling plotters-backend v0.3.4
   Compiling ciborium-io v0.2.0
   Compiling ciborium-ll v0.2.0
   Compiling plotters-svg v0.3.3
   Compiling textwrap v0.11.0
   Compiling clap_lex v0.2.4
   Compiling rand_core v0.6.4
   Compiling itertools v0.10.5
   Compiling textwrap v0.16.0
   Compiling regex-syntax v0.6.28
   Compiling ppv-lite86 v0.2.17
   Compiling same-file v1.0.6
   Compiling vec_map v0.8.2
   Compiling strsim v0.8.0
   Compiling cast v0.3.0
   Compiling lazy_static v1.4.0
   Compiling ansi_term v0.12.1
   Compiling clap v2.34.0
   Compiling criterion-plot v0.5.0
   Compiling walkdir v2.3.2
   Compiling rand_chacha v0.3.1
   Compiling regex v1.7.1
   Compiling clap v3.2.23
   Compiling plotters v0.3.4
   Compiling tinytemplate v1.2.1
   Compiling rayon v1.6.1
   Compiling ciborium v0.2.0
   Compiling oorandom v11.1.3
   Compiling anes v0.1.6
   Compiling structopt v0.3.26
   Compiling rand v0.8.5
   Compiling criterion v0.4.0
   Compiling base64 v0.21.0 (/home/runner/work/_temp/upstream)
    Finished `test` profile [optimized + debuginfo] target(s) in 43.80s
     Running unittests src/lib.rs (/home/runner/work/_temp/build-20260923T171853Z-6d8594eb/debug/deps/base64-927d19a088fb4741)

Exit: 0
Timed out: False
