Command: rustup run 1.79.0 cargo check --locked --offline --tests
Started: 2026-09-23T17:21:02.006747+00:00
STDOUT:

STDERR:
warning: `/home/runner/work/_temp/upstream/.cargo/config` is deprecated in favor of `config.toml`
note: if you need to support cargo 1.38 or earlier, you can symlink `config` to `config.toml`
   Compiling autocfg v1.1.0
   Compiling proc-macro2 v1.0.50
   Compiling unicode-ident v1.0.6
   Compiling quote v1.0.23
   Compiling libc v0.2.139
   Compiling syn v1.0.107
    Checking cfg-if v1.0.0
   Compiling semver v1.0.16
   Compiling version_check v0.9.4
   Compiling crossbeam-utils v0.8.14
   Compiling memoffset v0.7.1
   Compiling serde_derive v1.0.152
   Compiling rustc_version v0.4.0
   Compiling crossbeam-epoch v0.9.13
   Compiling serde v1.0.152
   Compiling proc-macro-error-attr v1.0.4
    Checking scopeguard v1.1.0
   Compiling proc-macro-error v1.0.4
   Compiling num-traits v0.2.15
   Compiling indexmap v1.9.2
    Checking either v1.8.0
   Compiling rayon-core v1.10.1
   Compiling serde_json v1.0.91
    Checking bitflags v1.3.2
    Checking crossbeam-deque v0.8.2
    Checking crossbeam-channel v0.5.6
    Checking num_cpus v1.15.0
    Checking getrandom v0.2.8
    Checking atty v0.2.14
    Checking itoa v1.0.5
    Checking os_str_bytes v6.4.1
   Compiling unicode-segmentation v1.10.0
    Checking ciborium-io v0.2.0
    Checking unicode-width v0.1.10
    Checking ryu v1.0.12
    Checking plotters-backend v0.3.4
    Checking half v1.8.2
    Checking hashbrown v0.12.3
   Compiling heck v0.3.3
    Checking ciborium-ll v0.2.0
    Checking plotters-svg v0.3.3
    Checking textwrap v0.11.0
    Checking clap_lex v0.2.4
    Checking rand_core v0.6.4
    Checking itertools v0.10.5
   Compiling rstest v0.12.0
   Compiling rstest_reuse v0.3.0
    Checking ppv-lite86 v0.2.17
    Checking regex-syntax v0.6.28
    Checking lazy_static v1.4.0
    Checking vec_map v0.8.2
    Checking same-file v1.0.6
    Checking strsim v0.8.0
    Checking cast v0.3.0
    Checking ansi_term v0.12.1
    Checking textwrap v0.16.0
    Checking clap v3.2.23
    Checking regex v1.7.1
    Checking clap v2.34.0
    Checking criterion-plot v0.5.0
    Checking walkdir v2.3.2
    Checking rand_chacha v0.3.1
    Checking plotters v0.3.4
    Checking rayon v1.6.1
    Checking oorandom v11.1.3
    Checking anes v0.1.6
    Checking rand v0.8.5
    Checking base64 v0.21.0 (/home/runner/work/_temp/upstream)
   Compiling structopt-derive v0.4.18
    Checking structopt v0.3.26
    Checking ciborium v0.2.0
    Checking tinytemplate v1.2.1
    Checking criterion v0.4.0
    Finished `dev` profile [unoptimized + debuginfo] target(s) in 13.00s

Exit: 0
Timed out: False
