Command: rustup run 1.35.0 cargo check --locked --tests
Started: 2026-09-24T20:46:14.703936+00:00
STDOUT:

STDERR:
   Compiling serde v1.0.92
   Compiling ryu v0.2.8
    Checking itoa v0.4.4
    Checking bitvec v0.11.1 (/home/runner/work/_temp/upstream)
    Checking serde_json v1.0.39
    Checking serde_test v1.0.92
error[E0277]: can't compare `bitvec::prelude::BitVec` with `&bitvec::prelude::BitSlice`
  --> tests/issue_10.rs:45:2
   |
45 |     assert_eq!(bv2, slice);
   |     ^^^^^^^^^^^^^^^^^^^^^^^ no implementation for `bitvec::prelude::BitVec == &bitvec::prelude::BitSlice`
   |
   = help: the trait `std::cmp::PartialEq<&bitvec::prelude::BitSlice>` is not implemented for `bitvec::prelude::BitVec`
   = note: this error originates in a macro outside of the current crate (in Nightly builds, run with -Z external-macro-backtrace for more info)

error: aborting due to previous error

For more information about this error, try `rustc --explain E0277`.
error: Could not compile `bitvec`.
warning: build failed, waiting for other jobs to finish...
error: build failed

Exit: 101
Timed out: False
