Command: rustup run 1.52.1 cargo test --locked --offline --test decimal_tests issue_392_overflow_during_remainder -- --nocapture --test-threads=1
Started: 2026-09-24T00:28:30.337000+00:00
STDOUT:

running 1 test
test issues::issue_392_overflow_during_remainder ... ok

test result: ok. 1 passed; 0 failed; 0 ignored; 0 measured; 428 filtered out; finished in 0.00s


STDERR:
   Compiling futures-sink v0.3.15
   Compiling pin-project-lite v0.2.6
   Compiling futures-io v0.3.15
   Compiling slab v0.4.3
   Compiling pin-utils v0.1.0
   Compiling itoa v0.4.7
   Compiling lazy_static v1.4.0
   Compiling regex-automata v0.1.10
   Compiling arrayvec v0.5.2
   Compiling bytes v1.0.1
   Compiling memchr v2.4.0
   Compiling serde v1.0.126
   Compiling futures-core v0.3.15
   Compiling futures-task v0.3.15
   Compiling proc-macro-nested v0.1.7
   Compiling libc v0.2.95
   Compiling ryu v1.0.5
   Compiling num-traits v0.2.14
   Compiling futures-channel v0.3.15
   Compiling csv-core v0.1.10
   Compiling num_cpus v1.13.0
   Compiling futures-util v0.3.15
   Compiling tokio v1.6.1
   Compiling bstr v0.2.16
   Compiling serde_json v1.0.64
   Compiling rust_decimal v1.14.1 (/home/runner/work/_temp/upstream)
   Compiling bincode v1.3.3
   Compiling csv v1.1.6
   Compiling futures-executor v0.3.15
   Compiling futures v0.3.15
    Finished test [unoptimized + debuginfo] target(s) in 10.51s
     Running tests/decimal_tests.rs (/home/runner/work/_temp/build-20260924T002709Z-35016d66/debug/deps/decimal_tests-a1a0c0c5d2c0cadf)

Exit: 0
Timed out: False
