Command: rustup run 1.84.1 cargo check --locked --offline --tests
Started: 2026-09-25T06:09:41.951120+00:00
STDOUT:

STDERR:
warning: `/home/runner/work/_temp/upstream/.cargo/config` is deprecated in favor of `config.toml`
note: if you need to support cargo 1.38 or earlier, you can symlink `config` to `config.toml`
   Compiling proc-macro2 v1.0.93
   Compiling libc v0.2.169
   Compiling unicode-ident v1.0.16
   Compiling getrandom v0.3.1
   Compiling anyhow v1.0.95
   Compiling rustix v0.38.44
   Compiling either v1.13.0
   Compiling itertools v0.14.0
   Compiling prettyplease v0.2.29
   Compiling quote v1.0.38
   Compiling syn v2.0.98
   Compiling bytes v1.10.0
   Compiling bitflags v2.8.0
   Compiling hashbrown v0.15.2
   Compiling regex-syntax v0.8.5
   Compiling log v0.4.25
   Compiling linux-raw-sys v0.4.15
   Compiling cfg-if v1.0.0
   Compiling equivalent v1.0.2
   Compiling indexmap v2.7.1
   Compiling once_cell v1.20.3
   Compiling fixedbitset v0.5.7
   Compiling regex-automata v0.4.9
   Compiling fastrand v2.3.0
   Compiling tempfile v3.17.1
   Compiling petgraph v0.7.1
   Compiling regex v1.11.1
   Compiling multimap v0.10.0
   Compiling heck v0.5.0
   Compiling env_filter v0.1.3
   Compiling prost-derive v0.13.5 (/home/runner/work/_temp/upstream/prost-derive)
    Checking memchr v2.7.4
   Compiling env_logger v0.11.6
   Compiling jobserver v0.1.32
   Compiling shlex v1.3.0
   Compiling cc v1.2.14
   Compiling cmake v0.1.54
   Compiling prost v0.13.5 (/home/runner/work/_temp/upstream/prost)
   Compiling zerocopy-derive v0.7.35
   Compiling prost-types v0.13.5 (/home/runner/work/_temp/upstream/prost-types)
    Checking byteorder v1.5.0
    Checking zerocopy v0.7.35
   Compiling autocfg v1.4.0
   Compiling prost-build v0.13.5 (/home/runner/work/_temp/upstream/prost-build)
   Compiling pulldown-cmark v0.12.2
   Compiling serde v1.0.217
    Checking ppv-lite86 v0.2.20
   Compiling num-traits v0.2.19
    Checking getrandom v0.2.15
   Compiling serde_derive v1.0.217
    Checking unicase v2.8.1
   Compiling protobuf v0.0.0 (/home/runner/work/_temp/upstream/protobuf)
    Checking rand_core v0.6.4
   Compiling serde_json v1.0.138
   Compiling zerocopy v0.8.18
error: failed to run custom build command for `protobuf v0.0.0 (/home/runner/work/_temp/upstream/protobuf)`

Caused by:
  process didn't exit successfully: `/home/runner/work/_temp/build-20260925T060547Z-c3aac7f7/debug/build/protobuf-950dbd3ce3053339/build-script-build` (exit status: 1)
  --- stderr
  Error: protobuf sources are not checked out; Try `git submodule update --init --recursive`
warning: build failed, waiting for other jobs to finish...

Exit: 101
Timed out: False
