Command: rustup run 1.68.2 cargo test --locked --offline --lib hir::print::tests::print_class -- --exact --nocapture --test-threads=1
Started: 2026-09-24T00:27:35.077650+00:00
STDOUT:

running 0 tests

test result: ok. 0 passed; 0 failed; 0 ignored; 0 measured; 36 filtered out; finished in 0.00s


STDERR:
   Compiling libc v0.2.141
   Compiling cfg-if v1.0.0
   Compiling regex-syntax v0.6.29 (/home/runner/work/_temp/upstream/regex-syntax)
   Compiling memchr v2.5.0
   Compiling lazy_static v1.4.0
   Compiling aho-corasick v0.7.20
   Compiling getrandom v0.2.9
   Compiling rand_core v0.6.4
   Compiling rand v0.8.5
   Compiling quickcheck v1.0.3
   Compiling regex v1.7.3 (/home/runner/work/_temp/upstream)
    Finished test [unoptimized + debuginfo] target(s) in 5.06s
     Running unittests src/lib.rs (/home/runner/work/_temp/build-20260924T002422Z-8398995f/debug/deps/regex-e285e2faa70774b4)

Exit: 0
Timed out: False
