Command: rustup run 1.68.2 cargo fetch --locked
Started: 2026-09-24T00:27:20.981817+00:00
STDOUT:

STDERR:
 Downloading crates ...
  Downloaded rand_core v0.6.4 (registry `era`)
  Downloaded quote v1.0.26 (registry `era`)
  Downloaded serde v1.0.160 (registry `era`)
  Downloaded filetime v0.2.21 (registry `era`)
  Downloaded unicode-ident v1.0.8 (registry `era`)
  Downloaded windows-targets v0.48.0 (registry `era`)
  Downloaded cfg-if v1.0.0 (registry `era`)
  Downloaded xattr v0.2.3 (registry `era`)
  Downloaded bzip2 v0.3.3 (registry `era`)
  Downloaded bitflags v1.3.2 (registry `era`)
  Downloaded cfg-if v0.1.10 (registry `era`)
  Downloaded quickcheck v1.0.3 (registry `era`)
  Downloaded lazy_static v1.4.0 (registry `era`)
  Downloaded onig v3.2.2 (registry `era`)
  Downloaded getrandom v0.2.9 (registry `era`)
  Downloaded pkg-config v0.3.26 (registry `era`)
  Downloaded cc v1.0.79 (registry `era`)
  Downloaded proc-macro2 v1.0.56 (registry `era`)
  Downloaded redox_syscall v0.2.16 (registry `era`)
  Downloaded tar v0.4.38 (registry `era`)
  Downloaded serde_derive v1.0.160 (registry `era`)
  Downloaded regex v1.7.3 (registry `era`)
  Downloaded docopt v1.1.1 (registry `era`)
  Downloaded strsim v0.10.0 (registry `era`)
  Downloaded regex-syntax v0.6.29 (registry `era`)
  Downloaded wasi v0.11.0+wasi-snapshot-preview1 (registry `era`)
  Downloaded memmap v0.6.2 (registry `era`)
  Downloaded memchr v2.5.0 (registry `era`)
  Downloaded rand v0.8.5 (registry `era`)
  Downloaded aho-corasick v0.7.20 (registry `era`)
  Downloaded syn v2.0.15 (registry `era`)
  Downloaded windows_x86_64_gnullvm v0.48.0 (registry `era`)
  Downloaded windows_aarch64_gnullvm v0.48.0 (registry `era`)
  Downloaded windows_aarch64_msvc v0.48.0 (registry `era`)
  Downloaded onig_sys v68.2.1 (registry `era`)
  Downloaded windows_i686_msvc v0.48.0 (registry `era`)
  Downloaded bzip2-sys v0.1.11+1.0.8 (registry `era`)
  Downloaded windows_x86_64_msvc v0.48.0 (registry `era`)
  Downloaded libc v0.2.141 (registry `era`)
  Downloaded windows_x86_64_gnu v0.48.0 (registry `era`)
  Downloaded windows_i686_gnu v0.48.0 (registry `era`)
  Downloaded winapi v0.3.9 (registry `era`)
  Downloaded libpcre-sys v0.2.2 (registry `era`)
  Downloaded winapi-x86_64-pc-windows-gnu v0.4.0 (registry `era`)
  Downloaded windows-sys v0.48.0 (registry `era`)
  Downloaded winapi-i686-pc-windows-gnu v0.4.0 (registry `era`)

Exit: 0
Timed out: False
