Command: rustup run 1.67.1 cargo test --locked --offline --lib accumulator::extend_unchecked_in_bounds_test -- --exact --nocapture --test-threads=1
Started: 2026-09-24T00:24:47.002655+00:00
STDOUT:

running 1 test
test accumulator::extend_unchecked_in_bounds_test ... ok

test result: ok. 1 passed; 0 failed; 0 ignored; 0 measured; 44 filtered out; finished in 0.00s


STDERR:
   Compiling scopeguard v1.1.0
   Compiling byteorder v1.4.3
   Compiling serde v1.0.152
   Compiling stable_deref_trait v1.2.0
   Compiling lock_api v0.4.9
   Compiling cobs v0.2.3
   Compiling hash32 v0.2.1
   Compiling spin v0.9.5
   Compiling heapless v0.7.16
   Compiling postcard v1.0.3 (/home/runner/work/_temp/upstream)
warning: variable does not need to be mutable
   --> src/accumulator.rs:302:9
    |
302 |     let mut data = crate::to_vec_cobs::<_, 128>(&Demo { data: [0xcc; 10] }).unwrap();
    |         ----^^^^
    |         |
    |         help: remove this `mut`
    |
    = note: `#[warn(unused_mut)]` on by default

warning: `postcard` (lib test) generated 1 warning
    Finished test [unoptimized + debuginfo] target(s) in 2.33s
     Running unittests src/lib.rs (/home/runner/work/_temp/build-20260924T002214Z-d781236b/debug/deps/postcard-6383b6dcedd4d91c)

Exit: 0
Timed out: False
