Command: rustup run 1.88.0 cargo test --locked --offline --lib combine::golden -- --exact --nocapture --test-threads=1
Started: 2026-09-23T23:17:51.948226+00:00
STDOUT:

running 1 test
test combine::golden ... FAILED

failures:

failures:
    combine::golden

test result: FAILED. 0 passed; 1 failed; 0 ignored; 0 measured; 5 filtered out; finished in 0.00s


STDERR:
warning: `/home/runner/work/_temp/upstream/.cargo/config` is deprecated in favor of `config.toml`
note: if you need to support cargo 1.38 or earlier, you can symlink `config` to `config.toml`
   Compiling crc32fast v1.4.2 (/home/runner/work/_temp/upstream)
    Finished `test` profile [unoptimized + debuginfo] target(s) in 0.52s
     Running unittests src/lib.rs (/home/runner/work/_temp/build-20260923T231308Z-9ef1cc20/debug/deps/crc32fast-a6d6f70d79cdaeaf)

thread 'combine::golden' panicked at src/combine.rs:39:5:
assertion `left == right` failed
  left: 1
 right: 0
note: run with `RUST_BACKTRACE=1` environment variable to display a backtrace
error: test failed, to rerun pass `--lib`

Exit: 101
Timed out: False
