Command: rustup run 1.88.0 cargo check --locked --offline --tests
Started: 2026-09-23T23:17:46.939444+00:00
STDOUT:

STDERR:
warning: `/home/runner/work/_temp/upstream/.cargo/config` is deprecated in favor of `config.toml`
note: if you need to support cargo 1.38 or earlier, you can symlink `config` to `config.toml`
   Compiling libc v0.2.174
   Compiling zerocopy v0.8.26
    Checking cfg-if v1.0.1
   Compiling crc32fast v1.4.2 (/home/runner/work/_temp/upstream)
    Checking bencher v0.1.5
    Checking getrandom v0.2.16
    Checking rand_core v0.6.4
    Checking ppv-lite86 v0.2.21
    Checking rand_chacha v0.3.1
    Checking rand v0.8.5
    Checking quickcheck v1.0.3
    Finished `dev` profile [unoptimized + debuginfo] target(s) in 1.91s

Exit: 0
Timed out: False
