Command: rustup run 1.72.0 cargo check --locked --offline --tests
Started: 2026-09-24T00:10:04.539782+00:00
STDOUT:

STDERR:
   Compiling proc-macro2 v1.0.66
   Compiling libc v0.2.147
   Compiling serde v1.0.188
   Compiling unicode-ident v1.0.11
   Compiling autocfg v1.1.0
   Compiling num-traits v0.2.16
   Compiling quote v1.0.33
   Compiling doc-comment v0.3.3
   Compiling serde_json v1.0.105
   Compiling syn v2.0.31
    Checking time v0.1.45
    Checking ryu v1.0.15
    Checking itoa v1.0.9
    Checking iana-time-zone v0.1.57
    Checking chrono v0.4.28 (/home/runner/work/_temp/upstream)
    Checking bincode v1.3.3
   Compiling serde_derive v1.0.188
    Finished dev [unoptimized + debuginfo] target(s) in 6.87s

Exit: 0
Timed out: False
