Command: rustup run 1.45.1 cargo test --locked --offline --lib rtree::test::test_bulk_load_crash -- --exact --nocapture --test-threads=1
Started: 2026-09-24T15:41:57.706792+00:00
STDOUT:

running 1 test
test rtree::test::test_bulk_load_crash ... ok

test result: ok. 1 passed; 0 failed; 0 ignored; 0 measured; 28 filtered out


STDERR:
   Compiling ppv-lite86 v0.2.8
   Compiling stable_deref_trait v1.2.0
   Compiling itoa v0.4.6
   Compiling smallvec v1.4.1
   Compiling pdqselect v0.1.0
   Compiling libc v0.2.74
   Compiling typenum v1.12.0
   Compiling byteorder v1.3.4
   Compiling libm v0.2.1
   Compiling serde v1.0.114
   Compiling ryu v1.0.5
   Compiling hash32 v0.1.1
   Compiling getrandom v0.1.14
   Compiling generic-array v0.13.2
   Compiling generic-array v0.12.3
   Compiling num-traits v0.2.12
   Compiling rand_core v0.5.1
   Compiling as-slice v0.1.3
   Compiling rand_chacha v0.2.2
   Compiling rand_hc v0.2.0
   Compiling rand v0.7.3
   Compiling heapless v0.5.5
   Compiling approx v0.3.2
   Compiling serde_json v1.0.57
   Compiling rstar v0.8.2 (/home/runner/work/_temp/upstream/rstar)
    Finished test [unoptimized + debuginfo] target(s) in 5.80s
     Running /home/runner/work/_temp/build-20260924T154043Z-8af44c1c/debug/deps/rstar-2e595fa5294d7744

Exit: 0
Timed out: False
