Command: rustup run 1.45.1 cargo check --locked --offline --tests
Started: 2026-09-24T15:41:26.514882+00:00
STDOUT:

STDERR:
   Compiling autocfg v1.0.0
   Compiling libc v0.2.74
   Compiling libm v0.2.1
    Checking cfg-if v0.1.10
    Checking lazy_static v1.4.0
   Compiling maybe-uninit v2.0.0
   Compiling byteorder v1.3.4
   Compiling proc-macro2 v0.4.30
   Compiling xml-rs v0.8.3
   Compiling unicode-xid v0.1.0
    Checking rand_core v0.4.2
   Compiling autocfg v0.1.7
   Compiling bitflags v1.2.1
    Checking scopeguard v1.1.0
   Compiling log v0.4.11
   Compiling libloading v0.6.2
   Compiling typenum v1.12.0
   Compiling khronos_api v3.1.0
    Checking stable_deref_trait v1.2.0
   Compiling nix v0.14.1
   Compiling semver-parser v0.7.0
    Checking void v1.0.2
   Compiling rayon-core v1.7.1
    Checking downcast-rs v1.2.0
   Compiling getrandom v0.1.14
    Checking rustc-hash v1.1.0
    Checking linked-hash-map v0.5.3
   Compiling pkg-config v0.3.18
    Checking same-file v1.0.6
   Compiling syn v0.15.44
   Compiling proc-macro2 v1.0.19
   Compiling serde v1.0.114
   Compiling unicode-xid v0.2.1
   Compiling num-derive v0.2.5
    Checking scopeguard v0.3.3
    Checking xdg v2.2.0
    Checking either v1.5.3
    Checking adler32 v1.2.0
    Checking rawpointer v0.2.1
   Compiling syn v1.0.36
    Checking lzw v0.10.0
   Compiling heapless v0.5.5
   Compiling ryu v1.0.5
    Checking ppv-lite86 v0.2.8
    Checking ordermap v0.3.5
    Checking color_quant v1.0.1
    Checking percent-encoding v1.0.1
    Checking fixedbitset v0.1.9
   Compiling serde_derive v1.0.114
    Checking pdqselect v0.1.0
    Checking slab v0.4.2
    Checking scoped_threadpool v0.1.9
   Compiling serde_json v1.0.57
    Checking smallvec v1.4.1
    Checking instant v0.1.6
    Checking itoa v0.4.6
   Compiling num-traits v0.2.12
   Compiling crossbeam-utils v0.7.2
   Compiling memoffset v0.5.5
   Compiling crossbeam-epoch v0.8.2
   Compiling num-integer v0.1.43
   Compiling num-bigint v0.2.6
   Compiling num-complex v0.2.4
   Compiling num-rational v0.2.4
   Compiling num-iter v0.1.41
   Compiling rayon v1.3.1
    Checking rand_core v0.3.1
    Checking rand_jitter v0.1.4
   Compiling rand_pcg v0.1.2
   Compiling rand_chacha v0.1.1
   Compiling rand v0.6.5
    Checking owning_ref v0.4.1
   Compiling semver v0.9.0
    Checking walkdir v2.3.1
    Checking inflate v0.4.5
    Checking matrixmultiply v0.2.3
   Compiling x11-dl v2.18.5
    Checking gif v0.10.3
    Checking petgraph v0.4.13
    Checking rand_hc v0.1.0
    Checking rand_xorshift v0.1.1
    Checking rand_isaac v0.1.1
    Checking lock_api v0.1.5
   Compiling rustc_version v0.2.3
    Checking smallvec v0.6.13
    Checking num_cpus v1.13.0
    Checking rand_os v0.1.3
    Checking memmap v0.7.0
    Checking shared_library v0.1.9
    Checking stb_truetype v0.3.1
    Checking hash32 v0.1.1
    Checking deflate v0.7.20
   Compiling quote v0.6.13
    Checking dlib v0.4.2
   Compiling gl_generator v0.10.0
   Compiling quote v1.0.7
   Compiling parking_lot_core v0.4.0
    Checking generic-array v0.12.3
    Checking generic-array v0.13.2
    Checking crossbeam-queue v0.2.3
    Checking rand_core v0.5.1
    Checking osmesa-sys v0.1.2
    Checking approx v0.3.2
    Checking ordered-float v1.1.0
    Checking line_drawing v0.7.0
   Compiling wayland-scanner v0.21.13
    Checking wayland-sys v0.21.13
   Compiling glutin v0.19.0
   Compiling gl v0.11.0
    Checking as-slice v0.1.3
    Checking crossbeam-deque v0.7.3
    Checking rand_chacha v0.2.2
    Checking rand_hc v0.2.0
    Checking alga v0.9.3
    Checking wayland-commons v0.21.13
   Compiling wayland-client v0.21.13
   Compiling wayland-protocols v0.21.13
    Checking rusttype v0.8.3
    Checking rand v0.7.3
    Checking png v0.14.1
    Checking parking_lot v0.7.1
    Checking rstar v0.8.2 (/home/runner/work/_temp/upstream/rstar)
    Checking rusttype v0.7.9
    Checking nalgebra v0.18.1
    Checking andrew v0.2.1
    Checking tiff v0.2.2
    Checking jpeg-decoder v0.1.20
    Checking image v0.21.3
    Checking smithay-client-toolkit v0.4.6
    Checking winit v0.18.1
    Checking ncollide3d v0.19.2
    Checking kiss3d v0.20.1
    Checking rstar-demo v0.1.0 (/home/runner/work/_temp/upstream/rstar-demo)
    Finished dev [unoptimized + debuginfo] target(s) in 31.07s

Exit: 0
Timed out: False
