Command: rustup run 1.86.0 cargo check --locked --offline --tests
Started: 2026-09-24T01:00:42.115768+00:00
STDOUT:

STDERR:
warning: `/home/runner/work/_temp/upstream/.cargo/config` is deprecated in favor of `config.toml`
note: if you need to support cargo 1.38 or earlier, you can symlink `config` to `config.toml`
    Checking cfg-if v1.0.0
   Compiling libc v0.2.172
   Compiling proc-macro2 v1.0.95
   Compiling unicode-ident v1.0.18
    Checking memchr v2.7.4
   Compiling crossbeam-utils v0.8.21
   Compiling serde v1.0.219
    Checking aho-corasick v1.1.3
    Checking regex-syntax v0.8.5
   Compiling quote v1.0.40
   Compiling autocfg v1.4.0
   Compiling syn v2.0.101
   Compiling getrandom v0.3.2
   Compiling zerocopy v0.8.25
   Compiling num-traits v0.2.19
    Checking regex-automata v0.4.9
    Checking crossbeam-epoch v0.9.18
   Compiling serde_json v1.0.140
   Compiling rayon-core v1.12.1
    Checking either v1.15.0
    Checking crossbeam-deque v0.8.6
    Checking getrandom v0.2.16
    Checking half v2.6.0
    Checking plotters-backend v0.3.7
    Checking itoa v1.0.15
    Checking ryu v1.0.20
    Checking anstyle v1.0.10
    Checking ciborium-io v0.2.2
    Checking clap_lex v0.7.4
    Checking clap_builder v4.5.37
    Checking regex v1.11.1
    Checking ciborium-ll v0.2.2
    Checking ppv-lite86 v0.2.21
    Checking plotters-svg v0.3.7
    Checking rand_core v0.6.4
    Checking rand_core v0.9.3
    Checking itertools v0.10.5
    Checking log v0.4.27
    Checking cast v0.3.0
   Compiling crunchy v0.2.3
    Checking same-file v1.0.6
    Checking walkdir v2.5.0
    Checking plotters v0.3.7
    Checking env_logger v0.8.4
    Checking clap v4.5.37
    Checking rayon v1.10.0
    Checking criterion-plot v0.5.0
   Compiling serde_derive v1.0.219
    Checking rand_chacha v0.9.0
    Checking rand v0.8.5
    Checking is-terminal v0.4.16
    Checking oorandom v11.1.5
    Checking once_cell v1.21.3
    Checking anes v0.1.6
    Checking rand v0.9.1
    Checking quickcheck v1.0.3
   Compiling quickcheck_macros v1.1.0
    Checking ciborium v0.2.2
    Checking tinytemplate v1.2.1
    Checking criterion v0.5.1
    Checking half v2.6.0 (/home/runner/work/_temp/upstream)
    Finished `dev` profile [unoptimized + debuginfo] target(s) in 9.01s

Exit: 0
Timed out: False
