Command: rustup run 1.80.0 cargo check --locked --offline --tests
Started: 2026-09-24T00:32:22.903839+00:00
STDOUT:

STDERR:
warning: both `/home/runner/work/_temp/upstream/.cargo/config` and `/home/runner/work/_temp/upstream/.cargo/config.toml` exist. Using `/home/runner/work/_temp/upstream/.cargo/config`
   Compiling proc-macro2 v1.0.86
   Compiling unicode-ident v1.0.12
   Compiling autocfg v1.3.0
   Compiling libc v0.2.155
   Compiling version_check v0.9.5
    Checking cfg-if v1.0.0
   Compiling serde v1.0.204
   Compiling typenum v1.17.0
   Compiling generic-array v0.14.7
   Compiling quote v1.0.36
    Checking memchr v2.7.4
   Compiling syn v2.0.72
    Checking tinyvec_macros v0.1.1
    Checking tinyvec v1.8.0
    Checking subtle v2.6.1
    Checking byteorder v1.5.0
    Checking unicode-bidi v0.3.15
    Checking getrandom v0.2.15
    Checking unicode-normalization v0.1.23
    Checking rand_core v0.6.4
   Compiling slab v0.4.9
    Checking crypto-common v0.1.6
    Checking block-buffer v0.10.4
    Checking digest v0.10.7
    Checking bytes v1.7.1
    Checking futures-core v0.3.30
    Checking futures-sink v0.3.30
    Checking pin-project-lite v0.2.14
   Compiling lock_api v0.4.12
   Compiling parking_lot_core v0.9.10
    Checking cpufeatures v0.2.12
    Checking unicode-properties v0.1.1
    Checking percent-encoding v2.3.1
    Checking sha2 v0.10.8
    Checking stringprep v0.1.5
    Checking hmac v0.12.1
    Checking md-5 v0.10.6
    Checking socket2 v0.5.7
    Checking mio v1.0.1
   Compiling num-traits v0.2.19
   Compiling unicase v2.7.0
   Compiling serde_json v1.0.122
    Checking base64 v0.22.1
    Checking equivalent v1.0.1
    Checking futures-task v0.3.30
    Checking itoa v1.0.11
    Checking hashbrown v0.14.5
    Checking smallvec v1.13.2
    Checking fallible-iterator v0.2.0
    Checking scopeguard v1.2.0
    Checking pin-utils v0.1.0
    Checking siphasher v0.3.11
    Checking ryu v1.0.18
    Checking phf_shared v0.11.2
    Checking indexmap v2.3.0
    Checking futures-channel v0.3.30
    Checking half v2.4.1
    Checking ciborium-io v0.2.2
    Checking regex-syntax v0.8.4
    Checking clap_lex v0.7.2
   Compiling semver v1.0.23
    Checking winnow v0.5.40
   Compiling pulldown-cmark v0.9.6
    Checking anstyle v1.0.8
    Checking either v1.13.0
   Compiling rust_decimal v1.35.0
    Checking regex-automata v0.4.7
    Checking itertools v0.10.5
   Compiling serde_derive v1.0.204
   Compiling zerocopy-derive v0.6.6
   Compiling futures-macro v0.3.30
   Compiling tokio-macros v2.4.0
    Checking zerocopy v0.6.6
    Checking ppv-lite86 v0.2.18
    Checking tokio v1.39.2
    Checking futures-util v0.3.30
    Checking rand_chacha v0.3.1
    Checking rand v0.8.5
    Checking postgres-protocol v0.6.7
    Checking postgres-types v0.2.7
   Compiling async-trait v0.1.81
    Checking clap_builder v4.5.13
    Checking ciborium-ll v0.2.2
    Checking tokio-util v0.7.11
    Checking parking_lot v0.12.3
    Checking phf v0.11.2
    Checking form_urlencoded v1.2.1
    Checking idna v0.5.0
    Checking same-file v1.0.6
    Checking cast v0.3.0
    Checking whoami v1.5.1
   Compiling rust_decimal v1.35.0 (/home/runner/work/_temp/upstream)
   Compiling arrayvec v0.7.4
    Checking log v0.4.22
    Checking bitflags v2.6.0
    Checking tokio-postgres v0.7.11
    Checking toml_datetime v0.6.8
    Checking serde_spanned v0.6.7
    Checking ciborium v0.2.2
    Checking toml_edit v0.19.15
    Checking url v2.5.2
    Checking tinytemplate v1.2.1
    Checking criterion-plot v0.5.0
    Checking walkdir v2.5.0
    Checking clap v4.5.13
    Checking regex v1.10.6
    Checking csv-core v0.1.11
    Checking toml v0.7.8
    Checking is-terminal v0.4.12
    Checking once_cell v1.19.0
    Checking futures-io v0.3.30
    Checking oorandom v11.1.4
    Checking anes v0.1.6
    Checking criterion v0.5.1
    Checking futures v0.3.30
    Checking csv v1.3.0
    Checking postgres v0.19.8
   Compiling rust_decimal_macros v1.35.0
    Checking bincode v1.3.3
warning: struct `OptionDecimalVisitor` is never constructed
   --> src/serde.rs:373:8
    |
373 | struct OptionDecimalVisitor;
    |        ^^^^^^^^^^^^^^^^^^^^
    |
    = note: `#[warn(dead_code)]` on by default

warning: `rust_decimal` (lib) generated 1 warning
    Checking version-sync v0.9.5
warning: `rust_decimal` (lib test) generated 1 warning (1 duplicate)
    Finished `dev` profile [unoptimized + debuginfo] target(s) in 14.98s

Exit: 0
Timed out: False
