Command: rustup run 1.55.0 cargo test --locked --offline --test test_edit test_insert_dotted_into_implicit_table -- --nocapture --test-threads=1
Started: 2026-09-25T17:35:08.213480+00:00
STDOUT:

running 1 test
test test_insert_dotted_into_implicit_table ... FAILED

failures:

failures:
    test_insert_dotted_into_implicit_table

test result: FAILED. 0 passed; 1 failed; 0 ignored; 0 measured; 23 filtered out; finished in 0.00s


STDERR:
   Compiling serde v1.0.130
   Compiling bstr v0.2.17
   Compiling serde_json v1.0.68
   Compiling kstring v1.0.5
   Compiling serde_cbor v0.11.2
   Compiling toml v0.5.8
   Compiling toml_edit v0.5.0 (/home/runner/work/_temp/upstream)
   Compiling globset v0.4.8
   Compiling csv v1.1.6
   Compiling toml-test v0.3.1
   Compiling tinytemplate v1.2.1
   Compiling ignore v0.4.18
   Compiling criterion v0.3.5
   Compiling toml-test-harness v0.3.0
    Finished test [optimized + debuginfo] target(s) in 54.73s
     Running tests/test_edit.rs (/home/runner/work/_temp/build-20260925T173132Z-ed08400d/debug/deps/test_edit-baa3b9f0e36449d0)
thread 'main' panicked at 'assertion failed: `(left == right)`

[1mDiff[0m [31m< left[0m / [32mright >[0m :
 
 [nixpkgs]
[31m<src[0m[1;48;5;52;31m.[0m[31mgit = "https://github.com/nixos/nixpkgs"[0m
[32m>src[0m[1;48;5;22;32m = { [0m[32mgit = "https://github.com/nixos/nixpkgs"[0m[1;48;5;22;32m}[0m
 

', tests/test_edit.rs:57:9
note: run with `RUST_BACKTRACE=1` environment variable to display a backtrace
error: test failed, to rerun pass '--test test_edit'

Exit: 101
Timed out: False
