Command: rustup run 1.55.0 cargo test --locked --offline --test test_edit test_insert_dotted_into_implicit_table -- --nocapture --test-threads=1
Started: 2026-09-25T17:36:03.201867+00:00
STDOUT:

running 1 test
test test_insert_dotted_into_implicit_table ... ok

test result: ok. 1 passed; 0 failed; 0 ignored; 0 measured; 23 filtered out; finished in 0.00s


STDERR:
   Compiling serde v1.0.130
   Compiling bstr v0.2.17
   Compiling serde_json v1.0.68
   Compiling serde_cbor v0.11.2
   Compiling kstring v1.0.5
   Compiling toml v0.5.8
   Compiling globset v0.4.8
   Compiling csv v1.1.6
   Compiling toml_edit v0.5.0 (/home/runner/work/_temp/upstream)
   Compiling toml-test v0.3.1
   Compiling tinytemplate v1.2.1
   Compiling ignore v0.4.18
   Compiling criterion v0.3.5
   Compiling toml-test-harness v0.3.0
    Finished test [optimized + debuginfo] target(s) in 53.83s
     Running tests/test_edit.rs (/home/runner/work/_temp/build-20260925T173132Z-ed08400d/debug/deps/test_edit-baa3b9f0e36449d0)

Exit: 0
Timed out: False
