Command: rustup run 1.69.0 cargo test --locked --offline --lib tests::test_method_within_buffer -- --exact --nocapture --test-threads=1
Started: 2026-09-24T20:51:05.156462+00:00
STDOUT:

running 1 test
test tests::test_method_within_buffer ... ok

test result: ok. 1 passed; 0 failed; 0 ignored; 0 measured; 76 filtered out; finished in 0.00s


STDERR:
   Compiling cfg-if v1.0.0
   Compiling serde v1.0.160
   Compiling libc v0.2.142
   Compiling memoffset v0.8.0
   Compiling crossbeam-utils v0.8.15
   Compiling scopeguard v1.1.0
   Compiling itoa v1.0.6
   Compiling either v1.8.1
   Compiling crossbeam-epoch v0.9.14
   Compiling ryu v1.0.13
   Compiling num_cpus v1.15.0
   Compiling crossbeam-deque v0.8.3
   Compiling crossbeam-channel v0.5.8
   Compiling memchr v2.5.0
   Compiling unicode-width v0.1.10
   Compiling plotters-backend v0.3.4
   Compiling plotters-svg v0.3.3
   Compiling csv-core v0.1.10
   Compiling textwrap v0.11.0
   Compiling rayon-core v1.11.0
   Compiling num-traits v0.2.15
   Compiling itertools v0.10.5
   Compiling serde_json v1.0.96
   Compiling bitflags v1.3.2
   Compiling same-file v1.0.6
   Compiling regex-syntax v0.7.1
   Compiling cast v0.3.0
   Compiling half v1.8.2
   Compiling criterion-plot v0.4.5
   Compiling serde_cbor v0.11.2
   Compiling regex v1.8.1
   Compiling tinytemplate v1.2.1
   Compiling walkdir v2.3.3
   Compiling clap v2.34.0
   Compiling plotters v0.3.4
   Compiling csv v1.2.1
   Compiling rayon v1.7.0
   Compiling atty v0.2.14
   Compiling httparse v1.8.0 (/home/runner/work/_temp/upstream)
   Compiling lazy_static v1.4.0
   Compiling oorandom v11.1.3
   Compiling criterion v0.3.6
    Finished test [unoptimized + debuginfo] target(s) in 9.81s
     Running unittests src/lib.rs (/home/runner/work/_temp/build-20260924T204811Z-f0067188/debug/deps/httparse-69c2c43ecf21d406)

Exit: 0
Timed out: False
