Command: rustup run 1.69.0 cargo fetch --locked
Started: 2026-09-24T20:50:56.541518+00:00
STDOUT:

STDERR:
 Downloading crates ...
  Downloaded wasm-bindgen-shared v0.2.84 (registry `era`)
  Downloaded wasm-bindgen-macro v0.2.84 (registry `era`)
  Downloaded wasm-bindgen-macro-support v0.2.84 (registry `era`)
  Downloaded cast v0.3.0 (registry `era`)
  Downloaded atty v0.2.14 (registry `era`)
  Downloaded lazy_static v1.4.0 (registry `era`)
  Downloaded itoa v1.0.6 (registry `era`)
  Downloaded plotters-svg v0.3.3 (registry `era`)
  Downloaded hermit-abi v0.1.19 (registry `era`)
  Downloaded winapi-util v0.1.5 (registry `era`)
  Downloaded plotters-backend v0.3.4 (registry `era`)
  Downloaded oorandom v11.1.3 (registry `era`)
  Downloaded same-file v1.0.6 (registry `era`)
  Downloaded wasm-bindgen-backend v0.2.84 (registry `era`)
  Downloaded either v1.8.1 (registry `era`)
  Downloaded autocfg v1.1.0 (registry `era`)
  Downloaded hermit-abi v0.2.6 (registry `era`)
  Downloaded scopeguard v1.1.0 (registry `era`)
  Downloaded cfg-if v1.0.0 (registry `era`)
  Downloaded memoffset v0.8.0 (registry `era`)
  Downloaded num_cpus v1.15.0 (registry `era`)
  Downloaded bitflags v1.3.2 (registry `era`)
  Downloaded textwrap v0.11.0 (registry `era`)
  Downloaded unicode-width v0.1.10 (registry `era`)
  Downloaded quote v1.0.26 (registry `era`)
  Downloaded csv-core v0.1.10 (registry `era`)
  Downloaded tinytemplate v1.2.1 (registry `era`)
  Downloaded walkdir v2.3.3 (registry `era`)
  Downloaded criterion-plot v0.4.5 (registry `era`)
  Downloaded crossbeam-deque v0.8.3 (registry `era`)
  Downloaded unicode-ident v1.0.8 (registry `era`)
  Downloaded once_cell v1.17.1 (registry `era`)
  Downloaded proc-macro2 v1.0.56 (registry `era`)
  Downloaded log v0.4.17 (registry `era`)
  Downloaded serde_cbor v0.11.2 (registry `era`)
  Downloaded criterion v0.3.6 (registry `era`)
  Downloaded crossbeam-epoch v0.9.14 (registry `era`)
  Downloaded ryu v1.0.13 (registry `era`)
  Downloaded serde_derive v1.0.160 (registry `era`)
  Downloaded num-traits v0.2.15 (registry `era`)
  Downloaded crossbeam-utils v0.8.15 (registry `era`)
  Downloaded js-sys v0.3.61 (registry `era`)
  Downloaded half v1.8.2 (registry `era`)
  Downloaded memchr v2.5.0 (registry `era`)
  Downloaded rayon-core v1.11.0 (registry `era`)
  Downloaded bumpalo v3.12.1 (registry `era`)
  Downloaded syn v1.0.109 (registry `era`)
  Downloaded crossbeam-channel v0.5.8 (registry `era`)
  Downloaded serde v1.0.160 (registry `era`)
  Downloaded itertools v0.10.5 (registry `era`)
  Downloaded serde_json v1.0.96 (registry `era`)
  Downloaded plotters v0.3.4 (registry `era`)
  Downloaded rayon v1.7.0 (registry `era`)
  Downloaded wasm-bindgen v0.2.84 (registry `era`)
  Downloaded clap v2.34.0 (registry `era`)
  Downloaded syn v2.0.15 (registry `era`)
  Downloaded regex v1.8.1 (registry `era`)
  Downloaded regex-syntax v0.7.1 (registry `era`)
  Downloaded libc v0.2.142 (registry `era`)
  Downloaded web-sys v0.3.61 (registry `era`)
  Downloaded csv v1.2.1 (registry `era`)
  Downloaded winapi v0.3.9 (registry `era`)
  Downloaded winapi-i686-pc-windows-gnu v0.4.0 (registry `era`)
  Downloaded winapi-x86_64-pc-windows-gnu v0.4.0 (registry `era`)

Exit: 0
Timed out: False
