Command: rustup run 1.69.0 cargo check --locked --offline --tests
Started: 2026-09-24T20:50:57.441680+00:00
STDOUT:

STDERR:
   Compiling autocfg v1.1.0
   Compiling crossbeam-utils v0.8.15
   Compiling serde v1.0.160
   Compiling libc v0.2.142
    Checking cfg-if v1.0.0
   Compiling memoffset v0.8.0
   Compiling crossbeam-epoch v0.9.14
   Compiling proc-macro2 v1.0.56
    Checking scopeguard v1.1.0
   Compiling unicode-ident v1.0.8
   Compiling quote v1.0.26
   Compiling memchr v2.5.0
   Compiling num-traits v0.2.15
   Compiling serde_json v1.0.96
   Compiling rayon-core v1.11.0
    Checking ryu v1.0.13
    Checking either v1.8.1
    Checking itoa v1.0.6
    Checking crossbeam-deque v0.8.3
    Checking num_cpus v1.15.0
    Checking crossbeam-channel v0.5.8
    Checking unicode-width v0.1.10
   Compiling serde_derive v1.0.160
    Checking plotters-backend v0.3.4
    Checking plotters-svg v0.3.3
    Checking textwrap v0.11.0
    Checking csv-core v0.1.10
   Compiling syn v2.0.15
    Checking itertools v0.10.5
    Checking regex-syntax v0.7.1
    Checking same-file v1.0.6
    Checking bitflags v1.3.2
    Checking cast v0.3.0
    Checking half v1.8.2
   Compiling httparse v1.8.0 (/home/runner/work/_temp/upstream)
    Checking serde_cbor v0.11.2
    Checking criterion-plot v0.4.5
    Checking regex v1.8.1
    Checking clap v2.34.0
    Checking walkdir v2.3.3
    Checking tinytemplate v1.2.1
    Checking plotters v0.3.4
    Checking csv v1.2.1
    Checking rayon v1.7.0
    Checking atty v0.2.14
    Checking lazy_static v1.4.0
    Checking oorandom v11.1.3
    Checking criterion v0.3.6
    Finished dev [unoptimized + debuginfo] target(s) in 7.56s

Exit: 0
Timed out: False
