Command: rustup run 1.70.0 cargo fetch --locked
Started: 2026-09-24T00:32:49.906316+00:00
STDOUT:

STDERR:
 Downloading crates ...
  Downloaded ciborium-ll v0.2.1 (registry `era`)
  Downloaded indexmap v1.9.3 (registry `era`)
  Downloaded wasm-bindgen-macro-support v0.2.86 (registry `era`)
  Downloaded lazy_static v1.4.0 (registry `era`)
  Downloaded hermit-abi v0.1.19 (registry `era`)
  Downloaded log v0.4.19 (registry `era`)
  Downloaded cast v0.3.0 (registry `era`)
  Downloaded atty v0.2.14 (registry `era`)
  Downloaded clap_lex v0.2.4 (registry `era`)
  Downloaded num_threads v0.1.6 (registry `era`)
  Downloaded criterion-plot v0.5.0 (registry `era`)
  Downloaded anes v0.1.6 (registry `era`)
  Downloaded getrandom v0.2.10 (registry `era`)
  Downloaded ciborium-io v0.2.1 (registry `era`)
  Downloaded autocfg v1.1.0 (registry `era`)
  Downloaded oorandom v11.1.3 (registry `era`)
  Downloaded itoa v1.0.6 (registry `era`)
  Downloaded rand_core v0.6.4 (registry `era`)
  Downloaded trybuild v1.0.80 (registry `era`)
  Downloaded either v1.8.1 (registry `era`)
  Downloaded tinytemplate v1.2.1 (registry `era`)
  Downloaded bitflags v1.3.2 (registry `era`)
  Downloaded quickcheck v1.0.3 (registry `era`)
  Downloaded quote v1.0.28 (registry `era`)
  Downloaded os_str_bytes v6.5.1 (registry `era`)
  Downloaded wasm-bindgen-backend v0.2.86 (registry `era`)
  Downloaded half v1.8.2 (registry `era`)
  Downloaded proc-macro2 v1.0.60 (registry `era`)
  Downloaded ciborium v0.2.1 (registry `era`)
  Downloaded walkdir v2.3.3 (registry `era`)
  Downloaded once_cell v1.18.0 (registry `era`)
  Downloaded textwrap v0.16.0 (registry `era`)
  Downloaded hashbrown v0.12.3 (registry `era`)
  Downloaded num-traits v0.2.15 (registry `era`)
  Downloaded bumpalo v3.13.0 (registry `era`)
  Downloaded syn v1.0.109 (registry `era`)
  Downloaded itertools v0.10.5 (registry `era`)
  Downloaded criterion v0.4.0 (registry `era`)
  Downloaded serde_test v1.0.164 (registry `era`)
  Downloaded wasm-bindgen v0.2.86 (registry `era`)
  Downloaded clap v3.2.25 (registry `era`)
  Downloaded serde_json v1.0.96 (registry `era`)
  Downloaded js-sys v0.3.63 (registry `era`)
  Downloaded syn v2.0.18 (registry `era`)
  Downloaded regex v1.8.4 (registry `era`)
  Downloaded basic-toml v0.1.2 (registry `era`)
  Downloaded unicode-ident v1.0.9 (registry `era`)
  Downloaded serde_derive v1.0.164 (registry `era`)
  Downloaded regex-syntax v0.7.2 (registry `era`)
  Downloaded winapi-util v0.1.5 (registry `era`)
  Downloaded cfg-if v1.0.0 (registry `era`)
  Downloaded serde v1.0.164 (registry `era`)
  Downloaded wasm-bindgen-shared v0.2.86 (registry `era`)
  Downloaded rand v0.8.5 (registry `era`)
  Downloaded wasi v0.11.0+wasi-snapshot-preview1 (registry `era`)
  Downloaded glob v0.3.1 (registry `era`)
  Downloaded ryu v1.0.13 (registry `era`)
  Downloaded same-file v1.0.6 (registry `era`)
  Downloaded wasm-bindgen-macro v0.2.86 (registry `era`)
  Downloaded libc v0.2.146 (registry `era`)
  Downloaded quickcheck_macros v1.0.0 (registry `era`)
  Downloaded termcolor v1.2.0 (registry `era`)
  Downloaded winapi v0.3.9 (registry `era`)
  Downloaded winapi-i686-pc-windows-gnu v0.4.0 (registry `era`)
  Downloaded winapi-x86_64-pc-windows-gnu v0.4.0 (registry `era`)

Exit: 0
Timed out: False
