Command: rustup run 1.43.1 cargo test --locked --offline --lib tests::check_system_time_roundtrip -- --exact --nocapture --test-threads=1
Started: 2026-09-24T15:40:29.374720+00:00
STDOUT:

running 0 tests

test result: ok. 0 passed; 0 failed; 0 ignored; 0 measured; 405 filtered out


STDERR:
   Compiling cfg-if v0.1.10
   Compiling lazy_static v1.4.0
   Compiling scopeguard v1.1.0
   Compiling itoa v0.4.5
   Compiling regex-syntax v0.6.17
   Compiling ppv-lite86 v0.2.6
   Compiling unicode-width v0.1.7
   Compiling same-file v1.0.6
   Compiling oorandom v11.1.1
   Compiling bytes v0.5.4
   Compiling thread_local v1.0.1
   Compiling textwrap v0.11.0
   Compiling walkdir v2.3.1
   Compiling libc v0.2.69
   Compiling memchr v2.3.3
   Compiling serde v1.0.110
   Compiling maybe-uninit v2.0.0
   Compiling ryu v1.0.4
   Compiling byteorder v1.3.4
   Compiling bitflags v1.2.1
   Compiling log v0.4.8
   Compiling crossbeam-utils v0.7.2
   Compiling memoffset v0.5.4
   Compiling num-traits v0.2.11
   Compiling aho-corasick v0.7.10
   Compiling csv-core v0.1.10
   Compiling getrandom v0.1.14
   Compiling num_cpus v1.13.0
   Compiling atty v0.2.14
   Compiling regex-automata v0.1.9
   Compiling clap v2.33.0
   Compiling crossbeam-queue v0.2.1
   Compiling crossbeam-epoch v0.8.2
   Compiling plotters v0.2.14
   Compiling regex v1.3.7
   Compiling rand_core v0.5.1
   Compiling crossbeam-deque v0.7.3
   Compiling env_logger v0.7.1
   Compiling serde_json v1.0.53
   Compiling bstr v0.2.13
   Compiling cast v0.2.3
   Compiling rand_chacha v0.2.2
   Compiling rayon-core v1.7.0
   Compiling tinytemplate v1.0.4
   Compiling csv v1.1.3
   Compiling criterion-plot v0.4.2
   Compiling rand v0.7.3
   Compiling rayon v1.3.0
   Compiling quickcheck v0.9.2
   Compiling criterion v0.3.2
   Compiling prost v0.6.1 (/home/runner/work/_temp/upstream)
    Finished test [unoptimized + debuginfo] target(s) in 45.08s
     Running /home/runner/work/_temp/build-20260924T153915Z-0c5f2b49/debug/deps/prost-8b4822c627fb0513

Exit: 0
Timed out: False
