Command: rustup run 1.43.1 cargo check --locked --offline --tests
Started: 2026-09-24T15:40:03.915995+00:00
STDOUT:

STDERR:
   Compiling autocfg v1.0.0
    Checking cfg-if v0.1.10
    Checking lazy_static v1.4.0
   Compiling libc v0.2.69
   Compiling memchr v2.3.3
   Compiling proc-macro2 v1.0.12
   Compiling maybe-uninit v2.0.0
   Compiling serde v1.0.110
   Compiling semver-parser v0.7.0
   Compiling getrandom v0.1.14
   Compiling unicode-xid v0.2.0
   Compiling byteorder v1.3.4
   Compiling ryu v1.0.4
    Checking scopeguard v1.1.0
   Compiling syn v1.0.19
   Compiling bitflags v1.2.1
   Compiling rayon-core v1.7.0
   Compiling log v0.4.8
    Checking either v1.5.3
    Checking regex-syntax v0.6.17
    Checking itoa v0.4.5
    Checking unicode-width v0.1.7
    Checking ppv-lite86 v0.2.6
   Compiling anyhow v1.0.28
    Checking same-file v1.0.6
    Checking oorandom v11.1.1
    Checking bytes v0.5.4
    Checking thread_local v1.0.1
   Compiling semver v0.9.0
   Compiling crossbeam-utils v0.7.2
   Compiling memoffset v0.5.4
   Compiling crossbeam-epoch v0.8.2
   Compiling num-traits v0.2.11
    Checking itertools v0.9.0
    Checking textwrap v0.11.0
    Checking walkdir v2.3.1
   Compiling rustc_version v0.2.3
    Checking aho-corasick v0.7.10
    Checking csv-core v0.1.10
    Checking num_cpus v1.13.0
    Checking atty v0.2.14
   Compiling quote v1.0.4
   Compiling cast v0.2.3
    Checking clap v2.33.0
    Checking regex-automata v0.1.9
    Checking rand_core v0.5.1
    Checking regex v1.3.7
    Checking crossbeam-queue v0.2.1
    Checking rand_chacha v0.2.2
    Checking plotters v0.2.14
    Checking env_logger v0.7.1
    Checking crossbeam-deque v0.7.3
    Checking rand v0.7.3
    Checking criterion-plot v0.4.2
    Checking rayon v1.3.0
    Checking quickcheck v0.9.2
    Checking serde_json v1.0.53
    Checking bstr v0.2.13
    Checking tinytemplate v1.0.4
    Checking csv v1.1.3
   Compiling serde_derive v1.0.110
   Compiling prost-derive v0.6.1 (/home/runner/work/_temp/upstream/prost-derive)
    Checking criterion v0.3.2
    Checking prost v0.6.1 (/home/runner/work/_temp/upstream)
    Finished dev [unoptimized + debuginfo] target(s) in 25.35s

Exit: 0
Timed out: False
