Command: rustup run 1.82.0 cargo fetch --locked
Started: 2026-09-24T00:30:42.806477+00:00
STDOUT:

STDERR:
warning: `/home/runner/work/_temp/upstream/.cargo/config` is deprecated in favor of `config.toml`
note: if you need to support cargo 1.38 or earlier, you can symlink `config` to `config.toml`
warning: ignoring `resolver` config table without `-Zmsrv-policy`
 Downloading crates ...
  Downloaded approx v0.5.1 (registry `era`)
  Downloaded rand_hc v0.3.2 (registry `era`)
  Downloaded ident_case v1.0.1 (registry `era`)
  Downloaded iovec v0.1.4 (registry `era`)
  Downloaded linked-hash-map v0.5.6 (registry `era`)
  Downloaded ordered-float v1.1.1 (registry `era`)
  Downloaded weezl v0.1.8 (registry `era`)
  Downloaded scoped-tls v1.0.1 (registry `era`)
  Downloaded ryu v1.0.18 (registry `era`)
  Downloaded cty v0.2.2 (registry `era`)
  Downloaded instant v0.1.13 (registry `era`)
  Downloaded equivalent v1.0.1 (registry `era`)
  Downloaded android_glue v0.2.3 (registry `era`)
  Downloaded jpeg-decoder v0.1.22 (registry `era`)
  Downloaded cfg-if v0.1.10 (registry `era`)
  Downloaded petgraph v0.6.5 (registry `era`)
  Downloaded num-iter v0.1.45 (registry `era`)
  Downloaded miniz_oxide v0.4.4 (registry `era`)
  Downloaded hashbrown v0.15.1 (registry `era`)
  Downloaded cocoa-foundation v0.1.2 (registry `era`)
  Downloaded adler v1.0.2 (registry `era`)
  Downloaded glutin v0.26.0 (registry `era`)
  Downloaded pkg-config v0.3.31 (registry `era`)
  Downloaded color_quant v1.1.0 (registry `era`)
  Downloaded indexmap v2.6.0 (registry `era`)
  Downloaded raw-window-handle v0.4.3 (registry `era`)
  Downloaded wayland-commons v0.28.6 (registry `era`)
  Downloaded nix v0.20.0 (registry `era`)
  Downloaded rayon v1.10.0 (registry `era`)
  Downloaded x11-dl v2.21.0 (registry `era`)
  Downloaded owned_ttf_parser v0.15.2 (registry `era`)
  Downloaded wayland-protocols v0.28.6 (registry `era`)
  Downloaded ncollide3d v0.33.0 (registry `era`)
  Downloaded image v0.23.14 (registry `era`)
  Downloaded earcutr v0.4.3 (registry `era`)
  Downloaded robust v1.1.0 (registry `era`)
  Downloaded regex-syntax v0.8.5 (registry `era`)
  Downloaded nalgebra-macros v0.2.2 (registry `era`)
  Downloaded geo v0.28.0 (registry `era`)
  Downloaded gif v0.11.4 (registry `era`)
  Downloaded rand_hc v0.2.0 (registry `era`)
  Downloaded windows_x86_64_gnu v0.52.6 (registry `era`)
  Downloaded kiss3d v0.34.0 (registry `era`)
  Downloaded libc v0.2.161 (registry `era`)
  Downloaded windows_i686_gnullvm v0.52.6 (registry `era`)
  Downloaded wayland-scanner v0.28.6 (registry `era`)
  Downloaded dlib v0.4.2 (registry `era`)
  Downloaded hashbrown v0.14.5 (registry `era`)
  Downloaded windows_i686_msvc v0.52.6 (registry `era`)
  Downloaded regex-automata v0.4.8 (registry `era`)
  Downloaded web-sys v0.3.72 (registry `era`)
  Downloaded ttf-parser v0.15.2 (registry `era`)
  Downloaded crc32fast v1.4.2 (registry `era`)
  Downloaded khronos_api v3.1.0 (registry `era`)
  Downloaded spade v2.12.1 (registry `era`)
  Downloaded winit v0.24.0 (registry `era`)
  Downloaded syn v2.0.87 (registry `era`)
  Downloaded scoped_threadpool v0.1.9 (registry `era`)
  Downloaded slotmap v1.0.7 (registry `era`)
  Downloaded miniz_oxide v0.3.7 (registry `era`)
  Downloaded windows_aarch64_gnullvm v0.52.6 (registry `era`)
  Downloaded winapi v0.3.9 (registry `era`)
  Downloaded windows_aarch64_msvc v0.52.6 (registry `era`)
  Downloaded tiff v0.6.1 (registry `era`)
  Downloaded png v0.16.8 (registry `era`)
  Downloaded windows_i686_gnu v0.52.6 (registry `era`)
  Downloaded windows_x86_64_msvc v0.52.6 (registry `era`)
  Downloaded shlex v1.3.0 (registry `era`)
  Downloaded bitflags v1.3.2 (registry `era`)
  Downloaded syn v1.0.109 (registry `era`)
  Downloaded half v2.4.1 (registry `era`)
  Downloaded cgl v0.3.2 (registry `era`)
  Downloaded wasi v0.11.0+wasi-snapshot-preview1 (registry `era`)
  Downloaded log v0.4.22 (registry `era`)
  Downloaded wasm-bindgen-backend v0.2.95 (registry `era`)
  Downloaded mint v0.5.9 (registry `era`)
  Downloaded andrew v0.3.1 (registry `era`)
  Downloaded aho-corasick v1.1.3 (registry `era`)
  Downloaded rawpointer v0.2.1 (registry `era`)
  Downloaded autocfg v1.4.0 (registry `era`)
  Downloaded xcursor v0.3.8 (registry `era`)
  Downloaded memoffset v0.5.6 (registry `era`)
  Downloaded maybe-uninit v2.0.0 (registry `era`)
  Downloaded nalgebra v0.30.1 (registry `era`)
  Downloaded glow v0.11.2 (registry `era`)
  Downloaded plotters-svg v0.3.7 (registry `era`)
  Downloaded itertools v0.11.0 (registry `era`)
  Downloaded ahash v0.8.11 (registry `era`)
  Downloaded rand v0.8.5 (registry `era`)
  Downloaded once_cell v1.20.2 (registry `era`)
  Downloaded getrandom v0.2.15 (registry `era`)
  Downloaded approx v0.3.2 (registry `era`)
  Downloaded core-foundation v0.9.4 (registry `era`)
  Downloaded mio v0.6.23 (registry `era`)
  Downloaded tinytemplate v1.2.1 (registry `era`)
  Downloaded winapi-util v0.1.9 (registry `era`)
  Downloaded either v1.13.0 (registry `era`)
  Downloaded wasm-bindgen-macro-support v0.2.95 (registry `era`)
  Downloaded xml-rs v0.8.22 (registry `era`)
  Downloaded smithay-client-toolkit v0.12.3 (registry `era`)
  Downloaded num-rational v0.3.2 (registry `era`)
  Downloaded deflate v0.8.6 (registry `era`)
  Downloaded hermit-abi v0.3.9 (registry `era`)
  Downloaded clap_builder v4.5.20 (registry `era`)
  Downloaded cocoa v0.24.1 (registry `era`)
  Downloaded core-foundation-sys v0.8.7 (registry `era`)
  Downloaded num_enum_derive v0.4.3 (registry `era`)
  Downloaded thiserror-impl v1.0.68 (registry `era`)
  Downloaded thiserror v1.0.68 (registry `era`)
  Downloaded regex v1.11.1 (registry `era`)
  Downloaded same-file v1.0.6 (registry `era`)
  Downloaded float_next_after v1.0.0 (registry `era`)
  Downloaded rand_chacha v0.3.1 (registry `era`)
  Downloaded stable_deref_trait v1.2.0 (registry `era`)
  Downloaded heapless v0.8.0 (registry `era`)
  Downloaded rand_chacha v0.2.2 (registry `era`)
  Downloaded fixedbitset v0.4.2 (registry `era`)
  Downloaded slab v0.4.9 (registry `era`)
  Downloaded parking_lot v0.11.2 (registry `era`)
  Downloaded percent-encoding v2.3.1 (registry `era`)
  Downloaded raw-window-handle v0.3.4 (registry `era`)
  Downloaded xdg v2.5.2 (registry `era`)
  Downloaded dlib v0.5.2 (registry `era`)
  Downloaded wayland-client v0.28.6 (registry `era`)
  Downloaded calloop v0.6.5 (registry `era`)
  Downloaded memmap2 v0.1.0 (registry `era`)
  Downloaded wayland-cursor v0.28.6 (registry `era`)
  Downloaded scopeguard v1.2.0 (registry `era`)
  Downloaded crossbeam-epoch v0.8.2 (registry `era`)
  Downloaded stb_truetype v0.3.1 (registry `era`)
  Downloaded clap_lex v0.7.2 (registry `era`)
  Downloaded cast v0.3.0 (registry `era`)
  Downloaded glutin_glx_sys v0.1.8 (registry `era`)
  Downloaded osmesa-sys v0.1.2 (registry `era`)
  Downloaded foreign-types v0.3.2 (registry `era`)
  Downloaded dispatch v0.2.0 (registry `era`)
  Downloaded lazycell v1.3.0 (registry `era`)
  Downloaded ws2_32-sys v0.2.1 (registry `era`)
  Downloaded derivative v2.2.0 (registry `era`)
  Downloaded plotters v0.3.7 (registry `era`)
  Downloaded crossbeam-deque v0.8.5 (registry `era`)
  Downloaded crossbeam-utils v0.8.20 (registry `era`)
  Downloaded windows-sys v0.59.0 (registry `era`)
  Downloaded version_check v0.9.5 (registry `era`)
  Downloaded geo-types v0.7.13 (registry `era`)
  Downloaded bumpalo v3.16.0 (registry `era`)
  Downloaded wasm-bindgen-shared v0.2.95 (registry `era`)
  Downloaded hash32 v0.3.1 (registry `era`)
  Downloaded num-integer v0.1.46 (registry `era`)
  Downloaded num-complex v0.4.6 (registry `era`)
  Downloaded wide v0.7.28 (registry `era`)
  Downloaded zerocopy-derive v0.7.35 (registry `era`)
  Downloaded downcast-rs v1.2.1 (registry `era`)
  Downloaded wayland-sys v0.28.6 (registry `era`)
  Downloaded adler32 v1.2.0 (registry `era`)
  Downloaded rustc-hash v1.1.0 (registry `era`)
  Downloaded clap v4.5.20 (registry `era`)
  Downloaded windows-sys v0.52.0 (registry `era`)
  Downloaded hermit-abi v0.4.0 (registry `era`)
  Downloaded oorandom v11.1.4 (registry `era`)
  Downloaded glutin_egl_sys v0.1.6 (registry `era`)
  Downloaded glutin_emscripten_sys v0.1.1 (registry `era`)
  Downloaded glutin_wgl_sys v0.1.5 (registry `era`)
  Downloaded core-foundation v0.7.0 (registry `era`)
  Downloaded miow v0.2.2 (registry `era`)
  Downloaded net2 v0.2.39 (registry `era`)
  Downloaded mio-extras v2.0.6 (registry `era`)
  Downloaded windows-targets v0.52.6 (registry `era`)
  Downloaded criterion v0.5.1 (registry `era`)
  Downloaded wasm-bindgen-macro v0.2.95 (registry `era`)
  Downloaded rand_core v0.6.4 (registry `era`)
  Downloaded num-rational v0.4.2 (registry `era`)
  Downloaded typenum v1.17.0 (registry `era`)
  Downloaded cfg-if v1.0.0 (registry `era`)
  Downloaded num_cpus v1.16.0 (registry `era`)
  Downloaded nalgebra-macros v0.1.0 (registry `era`)
  Downloaded winapi-i686-pc-windows-gnu v0.4.0 (registry `era`)
  Downloaded winapi-x86_64-pc-windows-gnu v0.4.0 (registry `era`)
  Downloaded ciborium-io v0.2.2 (registry `era`)
  Downloaded ciborium-ll v0.2.2 (registry `era`)
  Downloaded core-graphics-types v0.1.3 (registry `era`)
  Downloaded core-graphics v0.19.2 (registry `era`)
  Downloaded paste v1.0.15 (registry `era`)
  Downloaded nalgebra v0.32.6 (registry `era`)
  Downloaded libm v0.2.11 (registry `era`)
  Downloaded byteorder v1.5.0 (registry `era`)
  Downloaded zerocopy v0.7.35 (registry `era`)
  Downloaded rand v0.7.3 (registry `era`)
  Downloaded proc-macro2 v1.0.89 (registry `era`)
  Downloaded crunchy v0.2.2 (registry `era`)
  Downloaded anstyle v1.0.10 (registry `era`)
  Downloaded itertools v0.10.5 (registry `era`)
  Downloaded wayland-egl v0.28.6 (registry `era`)
  Downloaded simba v0.7.3 (registry `era`)
  Downloaded gl_generator v0.14.0 (registry `era`)
  Downloaded core-foundation-sys v0.7.0 (registry `era`)
  Downloaded foreign-types-shared v0.1.1 (registry `era`)
  Downloaded fuchsia-zircon v0.3.3 (registry `era`)
  Downloaded crossbeam-utils v0.7.2 (registry `era`)
  Downloaded shared_library v0.1.9 (registry `era`)
  Downloaded getrandom v0.1.16 (registry `era`)
  Downloaded rusttype v0.9.3 (registry `era`)
  Downloaded cc v1.1.36 (registry `era`)
  Downloaded libloading v0.8.5 (registry `era`)
  Downloaded libloading v0.6.7 (registry `era`)
  Downloaded nix v0.18.0 (registry `era`)
  Downloaded bytemuck v1.19.0 (registry `era`)
  Downloaded num-traits v0.2.19 (registry `era`)
  Downloaded wasi v0.9.0+wasi-snapshot-preview1 (registry `era`)
  Downloaded rand_core v0.5.1 (registry `era`)
  Downloaded memchr v2.7.4 (registry `era`)
  Downloaded quote v1.0.37 (registry `era`)
  Downloaded ab_glyph_rasterizer v0.1.8 (registry `era`)
  Downloaded lazy_static v1.5.0 (registry `era`)
  Downloaded safe_arch v0.7.2 (registry `era`)
  Downloaded ppv-lite86 v0.2.20 (registry `era`)
  Downloaded serde_derive v1.0.214 (registry `era`)
  Downloaded fuchsia-zircon-sys v0.3.3 (registry `era`)
  Downloaded kernel32-sys v0.2.2 (registry `era`)
  Downloaded winapi v0.2.8 (registry `era`)
  Downloaded darling_core v0.10.2 (registry `era`)
  Downloaded darling_macro v0.10.2 (registry `era`)
  Downloaded darling v0.10.2 (registry `era`)
  Downloaded toml v0.5.11 (registry `era`)
  Downloaded proc-macro-crate v0.1.5 (registry `era`)
  Downloaded ndk-sys v0.2.2 (registry `era`)
  Downloaded windows_x86_64_gnullvm v0.52.6 (registry `era`)
  Downloaded wasm-bindgen v0.2.95 (registry `era`)
  Downloaded itoa v1.0.11 (registry `era`)
  Downloaded serde_json v1.0.132 (registry `era`)
  Downloaded crossbeam-deque v0.7.4 (registry `era`)
  Downloaded rusttype v0.8.3 (registry `era`)
  Downloaded anes v0.1.6 (registry `era`)
  Downloaded ciborium v0.2.2 (registry `era`)
  Downloaded criterion-plot v0.5.0 (registry `era`)
  Downloaded cocoa v0.23.0 (registry `era`)
  Downloaded glutin_gles2_sys v0.1.5 (registry `era`)
  Downloaded core-graphics v0.22.3 (registry `era`)
  Downloaded ndk v0.2.1 (registry `era`)
  Downloaded fnv v1.0.7 (registry `era`)
  Downloaded strsim v0.9.3 (registry `era`)
  Downloaded ndk-macro v0.2.0 (registry `era`)
  Downloaded ndk-glue v0.2.1 (registry `era`)
  Downloaded objc v0.2.7 (registry `era`)
  Downloaded redox_syscall v0.2.16 (registry `era`)
  Downloaded parking_lot_core v0.8.6 (registry `era`)
  Downloaded plotters-backend v0.3.7 (registry `era`)
  Downloaded rayon-core v1.12.1 (registry `era`)
  Downloaded geographiclib-rs v0.2.4 (registry `era`)
  Downloaded js-sys v0.3.72 (registry `era`)
  Downloaded serde v1.0.214 (registry `era`)
  Downloaded is-terminal v0.4.13 (registry `era`)
  Downloaded block v0.1.6 (registry `era`)
  Downloaded core-video-sys v0.1.4 (registry `era`)
  Downloaded winapi-build v0.1.1 (registry `era`)
  Downloaded malloc_buf v0.0.6 (registry `era`)
  Downloaded lock_api v0.4.12 (registry `era`)
  Downloaded crossbeam-epoch v0.9.18 (registry `era`)
  Downloaded allocator-api2 v0.2.18 (registry `era`)
  Downloaded matrixmultiply v0.3.9 (registry `era`)
  Downloaded unicode-ident v1.0.13 (registry `era`)
  Downloaded jni-sys v0.3.0 (registry `era`)
  Downloaded num_enum v0.4.3 (registry `era`)
  Downloaded walkdir v2.5.0 (registry `era`)
  Downloaded simba v0.8.1 (registry `era`)
  Downloaded smallvec v1.13.2 (registry `era`)

Exit: 0
Timed out: False
