Command: rustup run 1.31.1 cargo check --locked --tests
Started: 2026-09-24T00:20:03.068256+00:00
STDOUT:

STDERR:
   Compiling semver-parser v0.7.0
   Compiling autocfg v0.1.1
   Compiling libc v0.2.46
   Compiling arrayvec v0.4.10
    Checking nodrop v0.1.13
    Checking cfg-if v0.1.6
    Checking rand_core v0.3.0
    Checking memoffset v0.2.1
    Checking scopeguard v0.3.3
    Checking lazy_static v1.2.0
   Compiling num-traits v0.2.6
   Compiling rayon-core v1.4.1
    Checking remove_dir_all v0.5.1
   Compiling serde v1.0.84
   Compiling ryu v0.2.7
    Checking ucd-util v0.1.3
   Compiling rayon v1.0.3
    Checking quick-error v1.2.2
   Compiling typenum v1.10.0
    Checking bit-vec v0.5.0
    Checking fnv v1.0.6
    Checking itoa v0.4.3
    Checking either v1.5.0
    Checking byteorder v1.2.7
    Checking ansi_term v0.11.0
    Checking bitflags v1.0.4
    Checking difference v2.0.0
   Compiling rand_chacha v0.1.1
   Compiling rand v0.6.4
   Compiling semver v0.9.0
    Checking crossbeam-utils v0.2.2
    Checking rand_hc v0.1.0
    Checking rand_isaac v0.1.1
    Checking rand_xorshift v0.1.1
    Checking rand_core v0.2.2
    Checking regex-syntax v0.6.4
    Checking bit-set v0.5.0
    Checking pretty_assertions v0.5.1
   Compiling rustc_version v0.2.3
    Checking crossbeam-epoch v0.3.1
    Checking rand_os v0.1.1
    Checking num_cpus v1.9.0
    Checking wait-timeout v0.1.5
    Checking rand v0.5.5
   Compiling rand_pcg v0.1.1
   Compiling im v12.2.0 (/home/runner/work/_temp/upstream)
    Checking crossbeam-deque v0.2.0
    Checking tempfile v3.0.5
    Checking rusty-fork v0.2.1
    Checking proptest v0.8.7
    Checking serde_json v1.0.35
    Finished dev [unoptimized + debuginfo] target(s) in 10.70s

Exit: 0
Timed out: False
