Command: rustup run 1.79.0 cargo fetch --locked
Started: 2026-09-24T00:28:58.605340+00:00
STDOUT:

STDERR:
warning: `/home/runner/work/_temp/upstream/.cargo/config` is deprecated in favor of `config.toml`
note: if you need to support cargo 1.38 or earlier, you can symlink `config` to `config.toml`
 Downloading crates ...
  Downloaded windows-targets v0.52.6 (registry `era`)
  Downloaded errno v0.3.9 (registry `era`)
  Downloaded criterion-plot v0.5.0 (registry `era`)
  Downloaded tempfile v3.10.1 (registry `era`)
  Downloaded rand v0.8.5 (registry `era`)
  Downloaded heck v0.5.0 (registry `era`)
  Downloaded multimap v0.10.0 (registry `era`)
  Downloaded env_filter v0.1.0 (registry `era`)
  Downloaded prettyplease v0.2.20 (registry `era`)
  Downloaded fixedbitset v0.4.2 (registry `era`)
  Downloaded anes v0.1.6 (registry `era`)
  Downloaded fnv v1.0.7 (registry `era`)
  Downloaded cast v0.3.0 (registry `era`)
  Downloaded indexmap v2.2.6 (registry `era`)
  Downloaded clap_lex v0.7.1 (registry `era`)
  Downloaded log v0.4.22 (registry `era`)
  Downloaded half v2.4.1 (registry `era`)
  Downloaded hashbrown v0.14.5 (registry `era`)
  Downloaded libm v0.2.8 (registry `era`)
  Downloaded petgraph v0.6.5 (registry `era`)
  Downloaded crunchy v0.2.2 (registry `era`)
  Downloaded libc v0.2.155 (registry `era`)
  Downloaded windows_aarch64_msvc v0.52.6 (registry `era`)
  Downloaded windows_i686_gnu v0.52.6 (registry `era`)
  Downloaded serde_derive v1.0.204 (registry `era`)
  Downloaded serde_json v1.0.120 (registry `era`)
  Downloaded regex-automata v0.4.7 (registry `era`)
  Downloaded regex-syntax v0.8.4 (registry `era`)
  Downloaded windows_i686_msvc v0.52.6 (registry `era`)
  Downloaded windows-sys v0.52.0 (registry `era`)
  Downloaded windows_x86_64_gnu v0.52.6 (registry `era`)
  Downloaded windows_x86_64_msvc v0.52.6 (registry `era`)
  Downloaded proptest v1.5.0 (registry `era`)
  Downloaded aho-corasick v1.1.3 (registry `era`)
  Downloaded linux-raw-sys v0.4.14 (registry `era`)
  Downloaded regex v1.10.5 (registry `era`)
  Downloaded syn v2.0.71 (registry `era`)
  Downloaded rustix v0.38.34 (registry `era`)
  Downloaded windows_aarch64_gnullvm v0.52.6 (registry `era`)
  Downloaded clap_builder v4.5.9 (registry `era`)
  Downloaded itertools v0.10.5 (registry `era`)
  Downloaded serde v1.0.204 (registry `era`)
  Downloaded criterion v0.5.1 (registry `era`)
  Downloaded memchr v2.7.4 (registry `era`)
  Downloaded windows_i686_gnullvm v0.52.6 (registry `era`)
  Downloaded ciborium v0.2.2 (registry `era`)
  Downloaded once_cell v1.19.0 (registry `era`)
  Downloaded ryu v1.0.18 (registry `era`)
  Downloaded itertools v0.13.0 (registry `era`)
  Downloaded bytes v1.6.1 (registry `era`)
  Downloaded clap v4.5.9 (registry `era`)
  Downloaded tinytemplate v1.2.1 (registry `era`)
  Downloaded walkdir v2.5.0 (registry `era`)
  Downloaded autocfg v1.3.0 (registry `era`)
  Downloaded num-traits v0.2.19 (registry `era`)
  Downloaded rand_xorshift v0.3.0 (registry `era`)
  Downloaded ppv-lite86 v0.2.17 (registry `era`)
  Downloaded wasi v0.11.0+wasi-snapshot-preview1 (registry `era`)
  Downloaded unicase v2.7.0 (registry `era`)
  Downloaded pulldown-cmark v0.9.6 (registry `era`)
  Downloaded pulldown-cmark-to-cmark v10.0.4 (registry `era`)
  Downloaded proc-macro2 v1.0.86 (registry `era`)
  Downloaded unicode-ident v1.0.12 (registry `era`)
  Downloaded bitflags v2.6.0 (registry `era`)
  Downloaded rusty-fork v0.3.0 (registry `era`)
  Downloaded anyhow v1.0.86 (registry `era`)
  Downloaded rand_core v0.6.4 (registry `era`)
  Downloaded ciborium-io v0.2.2 (registry `era`)
  Downloaded anstyle v1.0.7 (registry `era`)
  Downloaded itoa v1.0.11 (registry `era`)
  Downloaded bit-set v0.5.3 (registry `era`)
  Downloaded version_check v0.9.4 (registry `era`)
  Downloaded cfg-if v1.0.0 (registry `era`)
  Downloaded fastrand v2.1.0 (registry `era`)
  Downloaded hermit-abi v0.3.9 (registry `era`)
  Downloaded bit-vec v0.6.3 (registry `era`)
  Downloaded quick-error v1.2.3 (registry `era`)
  Downloaded equivalent v1.0.1 (registry `era`)
  Downloaded is-terminal v0.4.12 (registry `era`)
  Downloaded oorandom v11.1.4 (registry `era`)
  Downloaded winapi-util v0.1.8 (registry `era`)
  Downloaded wait-timeout v0.2.0 (registry `era`)
  Downloaded either v1.13.0 (registry `era`)
  Downloaded getrandom v0.2.15 (registry `era`)
  Downloaded ciborium-ll v0.2.2 (registry `era`)
  Downloaded lazy_static v1.5.0 (registry `era`)
  Downloaded windows_x86_64_gnullvm v0.52.6 (registry `era`)
  Downloaded env_logger v0.11.3 (registry `era`)
  Downloaded same-file v1.0.6 (registry `era`)
  Downloaded rand_chacha v0.3.1 (registry `era`)
  Downloaded quote v1.0.36 (registry `era`)
  Downloaded unarray v0.1.4 (registry `era`)

Exit: 0
Timed out: False
