Command: rustup run 1.94.1 cargo fetch --locked
Started: 2026-09-24T00:24:11.179365+00:00
STDOUT:

STDERR:
warning: `/home/runner/work/_temp/upstream/.cargo/config` is deprecated in favor of `config.toml`
  |
  = help: if you need to support cargo 1.38 or earlier, you can symlink `config` to `config.toml`
 Downloading crates ...
  Downloaded serde_test v1.0.177 (registry `era`)
  Downloaded r-efi v5.3.0 (registry `era`)
  Downloaded fnv v1.0.7 (registry `era`)
  Downloaded cfg-if v1.0.4 (registry `era`)
  Downloaded proc-macro2 v1.0.106 (registry `era`)
  Downloaded serde_derive v1.0.228 (registry `era`)
  Downloaded crossbeam-deque v0.8.6 (registry `era`)
  Downloaded rustc-std-workspace-alloc v1.0.1 (registry `era`)
  Downloaded foldhash v0.2.0 (registry `era`)
  Downloaded quote v1.0.45 (registry `era`)
  Downloaded either v1.15.0 (registry `era`)
  Downloaded rustc-std-workspace-core v1.0.1 (registry `era`)
  Downloaded rand_chacha v0.9.0 (registry `era`)
  Downloaded getrandom v0.3.4 (registry `era`)
  Downloaded allocator-api2 v0.2.21 (registry `era`)
  Downloaded crossbeam-utils v0.8.21 (registry `era`)
  Downloaded equivalent v1.0.2 (registry `era`)
  Downloaded bumpalo v3.20.2 (registry `era`)
  Downloaded wit-bindgen v0.46.0 (registry `era`)
  Downloaded wasip2 v1.0.1+wasi-0.2.4 (registry `era`)
  Downloaded rand v0.9.2 (registry `era`)
  Downloaded zerocopy-derive v0.8.48 (registry `era`)
  Downloaded zerocopy v0.8.48 (registry `era`)
  Downloaded serde v1.0.228 (registry `era`)
  Downloaded syn v2.0.117 (registry `era`)
  Downloaded rand_core v0.9.5 (registry `era`)
  Downloaded rayon-core v1.13.0 (registry `era`)
  Downloaded unicode-ident v1.0.24 (registry `era`)
  Downloaded serde_core v1.0.228 (registry `era`)
  Downloaded ppv-lite86 v0.2.21 (registry `era`)
  Downloaded crossbeam-epoch v0.9.18 (registry `era`)
  Downloaded rayon v1.11.0 (registry `era`)
  Downloaded libc v0.2.184 (registry `era`)

Exit: 0
Timed out: False
