Command: rustup run 1.94.1 cargo check --locked --offline --tests
Started: 2026-09-24T00:24:11.707198+00:00
STDOUT:

STDERR:
warning: `/home/runner/work/_temp/upstream/.cargo/config` is deprecated in favor of `config.toml`
  |
  = help: if you need to support cargo 1.38 or earlier, you can symlink `config` to `config.toml`
   Compiling crossbeam-utils v0.8.21
   Compiling libc v0.2.184
   Compiling zerocopy v0.8.48
   Compiling getrandom v0.3.4
    Checking cfg-if v1.0.4
   Compiling serde_core v1.0.228
   Compiling rayon-core v1.13.0
   Compiling serde v1.0.228
    Checking crossbeam-epoch v0.9.18
    Checking crossbeam-deque v0.8.6
    Checking allocator-api2 v0.2.21
    Checking rand_core v0.9.5
    Checking equivalent v1.0.2
    Checking foldhash v0.2.0
    Checking either v1.15.0
    Checking bumpalo v3.20.2
    Checking fnv v1.0.7
    Checking rayon v1.11.0
    Checking hashbrown v0.16.1 (/home/runner/work/_temp/upstream)
    Checking serde_test v1.0.177
    Checking ppv-lite86 v0.2.21
    Checking rand_chacha v0.9.0
    Checking rand v0.9.2
    Finished `dev` profile [unoptimized + debuginfo] target(s) in 5.78s

Exit: 0
Timed out: False
