Command: rustup run 1.40.0 cargo test --locked --offline --lib vector::test::iter_mut -- --exact --nocapture --test-threads=1
Started: 2026-09-24T00:20:22.199882+00:00
STDOUT:

running 1 test
test vector::test::iter_mut ... ok

test result: ok. 1 passed; 0 failed; 0 ignored; 0 measured; 100 filtered out


STDERR:
   Compiling cfg-if v0.1.10
   Compiling rand_core v0.4.2
   Compiling lazy_static v1.4.0
   Compiling ppv-lite86 v0.2.6
   Compiling scopeguard v1.0.0
   Compiling remove_dir_all v0.5.2
   Compiling fnv v1.0.6
   Compiling quick-error v1.2.3
   Compiling bit-vec v0.5.1
   Compiling regex-syntax v0.6.13
   Compiling difference v2.0.0
   Compiling itoa v0.4.4
   Compiling either v1.5.3
   Compiling ansi_term v0.11.0
   Compiling metrohash v1.0.6
   Compiling rand_core v0.3.1
   Compiling rand_jitter v0.1.4
   Compiling bit-set v0.5.1
   Compiling c2-chacha v0.2.3
   Compiling libc v0.2.66
   Compiling typenum v1.11.2
   Compiling serde v1.0.104
   Compiling bitflags v1.2.1
   Compiling ryu v1.0.2
   Compiling byteorder v1.3.2
   Compiling rand_isaac v0.1.1
   Compiling rand_hc v0.1.0
   Compiling rand_xorshift v0.1.1
   Compiling pretty_assertions v0.6.1
   Compiling crossbeam-utils v0.7.0
   Compiling rand_chacha v0.1.1
   Compiling rand_pcg v0.1.2
   Compiling getrandom v0.1.14
   Compiling num_cpus v1.12.0
   Compiling wait-timeout v0.2.0
   Compiling rand_os v0.1.3
   Compiling bitmaps v2.0.0
   Compiling num-traits v0.2.11
   Compiling crossbeam-queue v0.2.1
   Compiling rand_core v0.5.1
   Compiling rand v0.6.5
   Compiling memoffset v0.5.3
   Compiling rand_pcg v0.2.1
   Compiling rand_chacha v0.2.1
   Compiling rand_xoshiro v0.4.0
   Compiling crossbeam-epoch v0.8.0
   Compiling rand v0.7.3
   Compiling crossbeam-deque v0.7.2
   Compiling sized-chunks v0.5.1
   Compiling rayon-core v1.7.0
   Compiling serde_json v1.0.44
   Compiling rayon v1.3.0
   Compiling tempfile v3.1.0
   Compiling rusty-fork v0.2.2
   Compiling proptest v0.9.5
   Compiling im v14.1.0 (/home/runner/work/_temp/upstream)
    Finished test [unoptimized + debuginfo] target(s) in 36.62s
     Running /home/runner/work/_temp/build-20260924T001915Z-1f0b2646/debug/deps/im-ce4c0beb7eab37d8

Exit: 0
Timed out: False
