Command: rustup run 1.40.0 cargo check --locked --offline --tests
Started: 2026-09-24T00:19:55.642305+00:00
STDOUT:

STDERR:
   Compiling autocfg v0.1.7
   Compiling libc v0.2.66
    Checking cfg-if v0.1.10
   Compiling getrandom v0.1.14
    Checking rand_core v0.4.2
   Compiling semver-parser v0.7.0
    Checking lazy_static v1.4.0
    Checking ppv-lite86 v0.2.6
   Compiling proc-macro2 v0.4.30
   Compiling typenum v1.11.2
    Checking scopeguard v1.0.0
   Compiling unicode-xid v0.1.0
   Compiling autocfg v1.0.0
   Compiling serde v1.0.104
   Compiling bitflags v1.2.1
   Compiling syn v0.15.44
    Checking remove_dir_all v0.5.2
   Compiling rayon-core v1.7.0
   Compiling byteorder v1.3.2
   Compiling ryu v1.0.2
    Checking quick-error v1.2.3
    Checking fnv v1.0.6
    Checking bit-vec v0.5.1
   Compiling version_check v0.9.1
    Checking itoa v0.4.4
    Checking ansi_term v0.11.0
    Checking either v1.5.3
    Checking regex-syntax v0.6.13
    Checking difference v2.0.0
    Checking metrohash v1.0.6
    Checking rand_core v0.3.1
    Checking rand_jitter v0.1.4
   Compiling semver v0.9.0
   Compiling crossbeam-utils v0.7.0
   Compiling crossbeam-epoch v0.8.0
   Compiling rand_chacha v0.1.1
   Compiling rand_pcg v0.1.2
   Compiling rand v0.6.5
    Checking c2-chacha v0.2.3
   Compiling num-traits v0.2.11
    Checking bit-set v0.5.1
    Checking pretty_assertions v0.6.1
    Checking rand_isaac v0.1.1
    Checking rand_xorshift v0.1.1
    Checking rand_hc v0.1.0
   Compiling rustc_version v0.2.3
   Compiling im v14.1.0 (/home/runner/work/_temp/upstream)
   Compiling memoffset v0.5.3
    Checking num_cpus v1.12.0
    Checking rand_os v0.1.3
    Checking wait-timeout v0.2.0
   Compiling quote v0.6.13
    Checking bitmaps v2.0.0
    Checking crossbeam-queue v0.2.1
    Checking rand_core v0.5.1
    Checking rand_chacha v0.2.1
    Checking rand_pcg v0.2.1
    Checking rand_xoshiro v0.4.0
    Checking rand v0.7.3
    Checking crossbeam-deque v0.7.2
    Checking sized-chunks v0.5.1
    Checking tempfile v3.1.0
    Checking serde_json v1.0.44
    Checking rusty-fork v0.2.2
    Checking rayon v1.3.0
    Checking proptest v0.9.5
   Compiling proptest-derive v0.1.2
    Finished dev [unoptimized + debuginfo] target(s) in 26.44s

Exit: 0
Timed out: False
