Command: rustup run 1.89.0 cargo test --locked --offline --lib visit::undirected_adaptor::tests::test_undirected_adaptor_can_traverse -- --exact --nocapture --test-threads=1
Started: 2026-09-24T23:24:28.916172+00:00
STDOUT:

running 1 test
test visit::undirected_adaptor::tests::test_undirected_adaptor_can_traverse ... ok

test result: ok. 1 passed; 0 failed; 0 ignored; 0 measured; 100 filtered out; finished in 0.00s


STDERR:
warning: `/home/runner/work/_temp/upstream/.cargo/config` is deprecated in favor of `config.toml`
note: if you need to support cargo 1.38 or earlier, you can symlink `config` to `config.toml`
   Compiling libc v0.2.175
   Compiling rand_core v0.4.2
   Compiling foldhash v0.1.5
   Compiling rawpointer v0.2.1
   Compiling cfg-if v1.0.3
   Compiling hashbrown v0.15.0
   Compiling rand_core v0.3.1
   Compiling rawslice v0.1.1
   Compiling serde v1.0.219
   Compiling either v1.15.0
   Compiling equivalent v1.0.2
   Compiling byteorder v1.5.0
   Compiling once_cell v1.20.3
   Compiling unchecked-index v0.2.2
   Compiling getrandom v0.2.16
   Compiling odds v0.4.0
   Compiling rand v0.5.6
   Compiling ahash v0.7.8
   Compiling fxhash v0.2.1
   Compiling indexmap v2.11.1
   Compiling itertools v0.12.1
   Compiling defmac v0.2.1
   Compiling fixedbitset v0.5.7
   Compiling bincode v1.3.3
   Compiling petgraph v0.8.2 (/home/runner/work/_temp/upstream)
    Finished `test` profile [unoptimized + debuginfo] target(s) in 4.50s
     Running unittests src/lib.rs (/home/runner/work/_temp/build-20260924T232013Z-3f16a777/debug/deps/petgraph-ed650821504b7f7e)

Exit: 0
Timed out: False
