Command: rustup run 1.98.1 cargo fetch --locked
Started: 2026-09-24T18:21:17.788473+00:00
STDOUT:

STDERR:
warning: `/home/runner/work/_temp/upstream/.cargo/config` is deprecated in favor of `config.toml`
  |
  = help: if you need to support cargo 1.38 or earlier, you can symlink `config` to `config.toml`
 Downloading crates ...
  Downloaded serde_derive v1.0.229 (registry `era`)
  Downloaded plotters-backend v0.3.7 (registry `era`)
  Downloaded cfg-if v1.0.4 (registry `era`)
  Downloaded cpufeatures v0.3.1 (registry `era`)
  Downloaded ab_glyph v0.2.32 (registry `era`)
  Downloaded mint v0.5.9 (registry `era`)
  Downloaded owned_ttf_parser v0.25.1 (registry `era`)
  Downloaded ab_glyph_rasterizer v0.1.10 (registry `era`)
  Downloaded arrayvec v0.7.8 (registry `era`)
  Downloaded proc-macro-crate v3.4.0 (registry `era`)
  Downloaded cfg_aliases v0.2.2 (registry `era`)
  Downloaded rustc-hash v1.1.0 (registry `era`)
  Downloaded pollster v0.4.0 (registry `era`)
  Downloaded instant v0.1.13 (registry `era`)
  Downloaded smallvec v1.16.0 (registry `era`)
  Downloaded foreign-types v0.5.0 (registry `era`)
  Downloaded rand_core v0.10.1 (registry `era`)
  Downloaded rawpointer v0.2.1 (registry `era`)
  Downloaded windows-targets v0.53.5 (registry `era`)
  Downloaded windows-link v0.2.1 (registry `era`)
  Downloaded rand_hc v0.5.1 (registry `era`)
  Downloaded hash32 v0.3.1 (registry `era`)
  Downloaded plain v0.2.3 (registry `era`)
  Downloaded equivalent v1.0.2 (registry `era`)
  Downloaded itoa v1.0.18 (registry `era`)
  Downloaded jni-sys v0.3.0 (registry `era`)
  Downloaded jni-sys v0.4.1 (registry `era`)
  Downloaded version_check v0.9.5 (registry `era`)
  Downloaded zmij v1.0.19 (registry `era`)
  Downloaded autocfg v1.5.1 (registry `era`)
  Downloaded paste v1.0.15 (registry `era`)
  Downloaded num-complex v0.4.6 (registry `era`)
  Downloaded num-rational v0.4.2 (registry `era`)
  Downloaded num-integer v0.1.47 (registry `era`)
  Downloaded nalgebra-macros v0.3.0 (registry `era`)
  Downloaded dispatch v0.2.0 (registry `era`)
  Downloaded stable_deref_trait v1.2.1 (registry `era`)
  Downloaded page_size v0.6.0 (registry `era`)
  Downloaded dpi v0.1.2 (registry `era`)
  Downloaded foreign-types-shared v0.3.1 (registry `era`)
  Downloaded winapi-util v0.1.11 (registry `era`)
  Downloaded same-file v1.0.6 (registry `era`)
  Downloaded wasm-bindgen-shared v0.2.105 (registry `era`)
  Downloaded wasm-bindgen-macro v0.2.105 (registry `era`)
  Downloaded plotters-svg v0.3.7 (registry `era`)
  Downloaded core-graphics-types v0.1.3 (registry `era`)
  Downloaded rustc_version v0.4.1 (registry `era`)
  Downloaded approx v0.5.1 (registry `era`)
  Downloaded either v1.18.0 (registry `era`)
  Downloaded rustversion v1.0.23 (registry `era`)
  Downloaded objc2-user-notifications v0.2.2 (registry `era`)
  Downloaded objc2-symbols v0.2.2 (registry `era`)
  Downloaded atomic-waker v1.1.2 (registry `era`)
  Downloaded linked-hash-map v0.5.6 (registry `era`)
  Downloaded crossbeam-deque v0.8.8 (registry `era`)
  Downloaded objc2-link-presentation v0.2.2 (registry `era`)
  Downloaded num-derive v0.4.2 (registry `era`)
  Downloaded kiss3d-macro v0.36.0 (registry `era`)
  Downloaded serde_core v1.0.229 (registry `era`)
  Downloaded quote v1.0.44 (registry `era`)
  Downloaded getrandom v0.4.3 (registry `era`)
  Downloaded chacha20 v0.10.2 (registry `era`)
  Downloaded byteorder v1.5.0 (registry `era`)
  Downloaded walkdir v2.5.0 (registry `era`)
  Downloaded tinytemplate v1.2.1 (registry `era`)
  Downloaded objc2-core-location v0.2.2 (registry `era`)
  Downloaded foreign-types-macros v0.2.4 (registry `era`)
  Downloaded android-properties v0.2.2 (registry `era`)
  Downloaded percent-encoding v2.3.2 (registry `era`)
  Downloaded ndk-context v0.1.1 (registry `era`)
  Downloaded downcast-rs v2.0.2 (registry `era`)
  Downloaded objc2-uniform-type-identifiers v0.2.2 (registry `era`)
  Downloaded jni-sys-macros v0.4.1 (registry `era`)
  Downloaded crossbeam-utils v0.8.23 (registry `era`)
  Downloaded crossbeam-epoch v0.9.21 (registry `era`)
  Downloaded wasm-bindgen v0.2.105 (registry `era`)
  Downloaded once_cell v1.21.4 (registry `era`)
  Downloaded objc2-core-image v0.2.2 (registry `era`)
  Downloaded r-efi v6.0.0 (registry `era`)
  Downloaded num-traits v0.2.19 (registry `era`)
  Downloaded simba v0.9.1 (registry `era`)
  Downloaded matrixmultiply v0.3.10 (registry `era`)
  Downloaded thiserror v1.0.69 (registry `era`)
  Downloaded num_cpus v1.17.0 (registry `era`)
  Downloaded unicode-ident v1.0.22 (registry `era`)
  Downloaded slab v0.4.12 (registry `era`)
  Downloaded windows-targets v0.52.6 (registry `era`)
  Downloaded rayon-core v1.12.1 (registry `era`)
  Downloaded static_assertions v1.1.0 (registry `era`)
  Downloaded weezl v0.1.12 (registry `era`)
  Downloaded simd-adler32 v0.3.10 (registry `era`)
  Downloaded interpolate_name v0.2.4 (registry `era`)
  Downloaded proc-macro2 v1.0.106 (registry `era`)
  Downloaded typenum v1.20.1 (registry `era`)
  Downloaded safe_arch v0.7.4 (registry `era`)
  Downloaded bytemuck v1.25.2 (registry `era`)
  Downloaded heapless v0.8.0 (registry `era`)
  Downloaded wasm-bindgen-macro-support v0.2.105 (registry `era`)
  Downloaded bumpalo v3.14.0 (registry `era`)
  Downloaded js-sys v0.3.82 (registry `era`)
  Downloaded polling v3.10.0 (registry `era`)
  Downloaded raw-window-handle v0.6.2 (registry `era`)
  Downloaded objc2-encode v4.1.0 (registry `era`)
  Downloaded block2 v0.5.1 (registry `era`)
  Downloaded objc2-contacts v0.2.2 (registry `era`)
  Downloaded objc2-core-data v0.2.2 (registry `era`)
  Downloaded toml_datetime v0.7.1 (registry `era`)
  Downloaded built v0.7.6 (registry `era`)
  Downloaded serde_json v1.0.149 (registry `era`)
  Downloaded serde v1.0.229 (registry `era`)
  Downloaded wide v0.7.33 (registry `era`)
  Downloaded bitflags v1.3.2 (registry `era`)
  Downloaded libredox v0.1.23 (registry `era`)
  Downloaded objc-sys v0.3.5 (registry `era`)
  Downloaded objc2-quartz-core v0.2.2 (registry `era`)
  Downloaded objc2-cloud-kit v0.2.2 (registry `era`)
  Downloaded num_enum v0.7.2 (registry `era`)
  Downloaded num_enum_derive v0.7.2 (registry `era`)
  Downloaded foldhash v0.2.0 (registry `era`)
  Downloaded core-graphics v0.23.2 (registry `era`)
  Downloaded thiserror v2.0.18 (registry `era`)
  Downloaded rusttype v0.9.3 (registry `era`)
  Downloaded adler2 v2.0.1 (registry `era`)
  Downloaded profiling v1.0.18 (registry `era`)
  Downloaded clap_lex v1.1.0 (registry `era`)
  Downloaded ciborium-ll v0.2.2 (registry `era`)
  Downloaded web-time v1.1.0 (registry `era`)
  Downloaded redox_syscall v0.4.1 (registry `era`)
  Downloaded redox_syscall v0.9.4 (registry `era`)
  Downloaded core-foundation v0.9.4 (registry `era`)
  Downloaded thiserror-impl v2.0.18 (registry `era`)
  Downloaded simdutf8 v0.1.5 (registry `era`)
  Downloaded ordered-float v5.4.0 (registry `era`)
  Downloaded ena v0.14.4 (registry `era`)
  Downloaded zune-core v0.4.12 (registry `era`)
  Downloaded miniz_oxide v0.9.1 (registry `era`)
  Downloaded cfg-expr v0.15.8 (registry `era`)
  Downloaded maybe-rayon v0.1.1 (registry `era`)
  Downloaded bitstream-io v2.3.0 (registry `era`)
  Downloaded av1-grain v0.2.4 (registry `era`)
  Downloaded gl_generator v0.14.0 (registry `era`)
  Downloaded memchr v2.8.3 (registry `era`)
  Downloaded rand v0.10.2 (registry `era`)
  Downloaded num-bigint v0.4.8 (registry `era`)
  Downloaded glam v0.14.0 (registry `era`)
  Downloaded criterion v0.8.2 (registry `era`)
  Downloaded anstyle v1.0.14 (registry `era`)
  Downloaded ciborium v0.2.2 (registry `era`)
  Downloaded wit-bindgen v0.46.0 (registry `era`)
  Downloaded find-msvc-tools v0.1.12 (registry `era`)
  Downloaded getrandom v0.1.16 (registry `era`)
  Downloaded xcursor v0.3.11 (registry `era`)
  Downloaded wayland-csd-frame v0.3.0 (registry `era`)
  Downloaded cursor-icon v1.2.0 (registry `era`)
  Downloaded thiserror-impl v1.0.69 (registry `era`)
  Downloaded pin-project-internal v1.1.10 (registry `era`)
  Downloaded toml_parser v1.0.2 (registry `era`)
  Downloaded semver v1.0.28 (registry `era`)
  Downloaded jni-macros v0.22.4 (registry `era`)
  Downloaded ahash v0.8.12 (registry `era`)
  Downloaded rstar v0.12.2 (registry `era`)
  Downloaded oneshot v0.1.13 (registry `era`)
  Downloaded rand_core v0.6.4 (registry `era`)
  Downloaded minimal-lexical v0.2.1 (registry `era`)
  Downloaded xml-rs v0.8.27 (registry `era`)
  Downloaded libm v0.2.16 (registry `era`)
  Downloaded glam v0.20.5 (registry `era`)
  Downloaded glam v0.19.0 (registry `era`)
  Downloaded glam v0.18.0 (registry `era`)
  Downloaded glam v0.17.3 (registry `era`)
  Downloaded glam v0.16.0 (registry `era`)
  Downloaded glam v0.15.2 (registry `era`)
  Downloaded regex v1.13.1 (registry `era`)
  Downloaded aho-corasick v1.1.5 (registry `era`)
  Downloaded plotters v0.3.7 (registry `era`)
  Downloaded r-efi v5.3.0 (registry `era`)
  Downloaded rand_hc v0.2.0 (registry `era`)
  Downloaded as-raw-xcb-connection v1.0.1 (registry `era`)
  Downloaded wayland-scanner v0.31.8 (registry `era`)
  Downloaded memmap2 v0.9.11 (registry `era`)
  Downloaded pin-project v1.1.10 (registry `era`)
  Downloaded objc2-metal v0.2.2 (registry `era`)
  Downloaded toml_edit v0.23.5 (registry `era`)
  Downloaded allocator-api2 v0.2.21 (registry `era`)
  Downloaded core-foundation-sys v0.8.7 (registry `era`)
  Downloaded bytes v1.12.1 (registry `era`)
  Downloaded zune-jpeg v0.4.21 (registry `era`)
  Downloaded crc32fast v1.5.1 (registry `era`)
  Downloaded nom v7.1.3 (registry `era`)
  Downloaded anyhow v1.0.104 (registry `era`)
  Downloaded color_quant v1.1.0 (registry `era`)
  Downloaded rayon v1.10.0 (registry `era`)
  Downloaded libloading v0.8.8 (registry `era`)
  Downloaded calloop-wayland-source v0.3.0 (registry `era`)
  Downloaded hermit-abi v0.5.3 (registry `era`)
  Downloaded ndk v0.9.0 (registry `era`)
  Downloaded indexmap v2.11.4 (registry `era`)
  Downloaded itertools v0.12.1 (registry `era`)
  Downloaded gif v0.13.3 (registry `era`)
  Downloaded oorandom v11.1.5 (registry `era`)
  Downloaded criterion-plot v0.8.2 (registry `era`)
  Downloaded shlex v2.0.1 (registry `era`)
  Downloaded jobserver v0.1.34 (registry `era`)
  Downloaded wayland-protocols-plasma v0.3.10 (registry `era`)
  Downloaded smol_str v0.2.2 (registry `era`)
  Downloaded smithay-client-toolkit v0.19.2 (registry `era`)
  Downloaded combine v4.6.8 (registry `era`)
  Downloaded avif-serialize v0.8.4 (registry `era`)
  Downloaded syn v2.0.114 (registry `era`)
  Downloaded glam v0.23.0 (registry `era`)
  Downloaded glam v0.22.0 (registry `era`)
  Downloaded glam v0.21.3 (registry `era`)
  Downloaded clap_builder v4.6.6 (registry `era`)
  Downloaded getrandom v0.3.4 (registry `era`)
  Downloaded zerocopy v0.8.57 (registry `era`)
  Downloaded x11-dl v2.21.0 (registry `era`)
  Downloaded calloop v0.13.0 (registry `era`)
  Downloaded ttf-parser v0.25.1 (registry `era`)
  Downloaded ttf-parser v0.15.2 (registry `era`)
  Downloaded v_frame v0.3.8 (registry `era`)
  Downloaded quick-error v2.0.1 (registry `era`)
  Downloaded loop9 v0.1.5 (registry `era`)
  Downloaded syn v3.0.5 (registry `era`)
  Downloaded glam v0.24.2 (registry `era`)
  Downloaded arrayref v0.3.9 (registry `era`)
  Downloaded rgb v0.8.53 (registry `era`)
  Downloaded ravif v0.11.5 (registry `era`)
  Downloaded heck v0.5.0 (registry `era`)
  Downloaded glam v0.27.0 (registry `era`)
  Downloaded glam v0.25.0 (registry `era`)
  Downloaded regex-syntax v0.8.11 (registry `era`)
  Downloaded itertools v0.13.0 (registry `era`)
  Downloaded wasip2 v1.0.1+wasi-0.2.4 (registry `era`)
  Downloaded owned_ttf_parser v0.15.2 (registry `era`)
  Downloaded flate2 v1.1.10 (registry `era`)
  Downloaded aligned-vec v0.5.0 (registry `era`)
  Downloaded version-compare v0.2.1 (registry `era`)
  Downloaded toml_datetime v0.6.11 (registry `era`)
  Downloaded serde_spanned v0.6.9 (registry `era`)
  Downloaded target-lexicon v0.12.16 (registry `era`)
  Downloaded simd_helpers v0.1.0 (registry `era`)
  Downloaded rand_chacha v0.3.1 (registry `era`)
  Downloaded wasi v0.11.1+wasi-snapshot-preview1 (registry `era`)
  Downloaded profiling-procmacros v1.0.18 (registry `era`)
  Downloaded noop_proc_macro v0.3.0 (registry `era`)
  Downloaded new_debug_unreachable v1.0.6 (registry `era`)
  Downloaded arbitrary v1.4.2 (registry `era`)
  Downloaded arg_enum_proc_macro v0.3.4 (registry `era`)
  Downloaded imgref v1.12.3 (registry `era`)
  Downloaded glutin-winit v0.5.0 (registry `era`)
  Downloaded nalgebra v0.34.2 (registry `era`)
  Downloaded cast v0.3.0 (registry `era`)
  Downloaded rand v0.7.3 (registry `era`)
  Downloaded rustix v1.1.4 (registry `era`)
  Downloaded system-deps v6.2.2 (registry `era`)
  Downloaded getrandom v0.2.17 (registry `era`)
  Downloaded glam v0.28.0 (registry `era`)
  Downloaded clap v4.6.6 (registry `era`)
  Downloaded half v2.2.1 (registry `era`)
  Downloaded crunchy v0.2.4 (registry `era`)
  Downloaded ciborium-io v0.2.2 (registry `era`)
  Downloaded wayland-protocols v0.32.10 (registry `era`)
  Downloaded hashbrown v0.16.1 (registry `era`)
  Downloaded toml v0.8.23 (registry `era`)
  Downloaded rand v0.8.8 (registry `era`)
  Downloaded fdeflate v0.3.7 (registry `era`)
  Downloaded byteorder-lite v0.1.0 (registry `era`)
  Downloaded lebe v0.5.2 (registry `era`)
  Downloaded bit_field v0.10.3 (registry `era`)
  Downloaded glutin_wgl_sys v0.6.1 (registry `era`)
  Downloaded cgl v0.3.2 (registry `era`)
  Downloaded objc2 v0.5.2 (registry `era`)
  Downloaded winnow v0.7.15 (registry `era`)
  Downloaded jni v0.22.4 (registry `era`)
  Downloaded libfuzzer-sys v0.4.13 (registry `era`)
  Downloaded qoi v0.4.1 (registry `era`)
  Downloaded miniz_oxide v0.8.9 (registry `era`)
  Downloaded image-webp v0.2.0 (registry `era`)
  Downloaded zune-inflate v0.2.54 (registry `era`)
  Downloaded glutin_glx_sys v0.6.1 (registry `era`)
  Downloaded glutin_egl_sys v0.7.1 (registry `era`)
  Downloaded glam v0.29.3 (registry `era`)
  Downloaded anes v0.1.6 (registry `era`)
  Downloaded alloca v0.4.0 (registry `era`)
  Downloaded rand_core v0.5.1 (registry `era`)
  Downloaded rand_chacha v0.2.2 (registry `era`)
  Downloaded ppv-lite86 v0.2.21 (registry `era`)
  Downloaded xkbcommon-dl v0.4.2 (registry `era`)
  Downloaded wayland-client v0.31.12 (registry `era`)
  Downloaded rustix v0.38.44 (registry `era`)
  Downloaded concurrent-queue v2.5.0 (registry `era`)
  Downloaded strict-num v0.1.1 (registry `era`)
  Downloaded toml_edit v0.22.27 (registry `era`)
  Downloaded glutin v0.32.3 (registry `era`)
  Downloaded objc2-core-foundation v0.3.2 (registry `era`)
  Downloaded glow v0.16.0 (registry `era`)
  Downloaded wasi v0.9.0+wasi-snapshot-preview1 (registry `era`)
  Downloaded downcast-rs v1.2.1 (registry `era`)
  Downloaded wayland-cursor v0.31.12 (registry `era`)
  Downloaded sctk-adwaita v0.10.1 (registry `era`)
  Downloaded tiny-skia-path v0.11.4 (registry `era`)
  Downloaded png v0.17.16 (registry `era`)
  Downloaded regex-automata v0.4.18 (registry `era`)
  Downloaded quick-xml v0.38.4 (registry `era`)
  Downloaded wayland-sys v0.31.8 (registry `era`)
  Downloaded scoped-tls v1.0.1 (registry `era`)
  Downloaded wasm-bindgen-futures v0.4.55 (registry `era`)
  Downloaded wayland-protocols-wlr v0.3.10 (registry `era`)
  Downloaded objc2-foundation v0.2.2 (registry `era`)
  Downloaded image v0.25.4 (registry `era`)
  Downloaded dispatch2 v0.3.1 (registry `era`)
  Downloaded cc v1.4.5 (registry `era`)
  Downloaded zerocopy-derive v0.8.57 (registry `era`)
  Downloaded winit v0.30.13 (registry `era`)
  Downloaded pkg-config v0.3.34 (registry `era`)
  Downloaded pin-project-lite v0.2.17 (registry `era`)
  Downloaded tiny-skia v0.11.4 (registry `era`)
  Downloaded slotmap v1.1.1 (registry `era`)
  Downloaded dlib v0.5.3 (registry `era`)
  Downloaded errno v0.3.14 (registry `era`)
  Downloaded gethostname v1.0.2 (registry `era`)
  Downloaded tracing-core v0.1.36 (registry `era`)
  Downloaded web-sys v0.3.82 (registry `era`)
  Downloaded log v0.4.29 (registry `era`)
  Downloaded bitflags v2.13.2 (registry `era`)
  Downloaded objc2-ui-kit v0.2.2 (registry `era`)
  Downloaded zlib-rs v0.6.7 (registry `era`)
  Downloaded exr v1.74.0 (registry `era`)
  Downloaded unicode-segmentation v1.12.0 (registry `era`)
  Downloaded android-activity v0.6.1 (registry `era`)
  Downloaded objc2 v0.6.4 (registry `era`)
  Downloaded windows_x86_64_gnullvm v0.52.6 (registry `era`)
  Downloaded objc2-app-kit v0.2.2 (registry `era`)
  Downloaded xkeysym v0.2.1 (registry `era`)
  Downloaded wayland-backend v0.3.12 (registry `era`)
  Downloaded ndk-sys v0.6.0+11769913 (registry `era`)
  Downloaded simd_cesu8 v1.2.0 (registry `era`)
  Downloaded glam v0.30.10 (registry `era`)
  Downloaded windows_x86_64_gnullvm v0.53.1 (registry `era`)
  Downloaded windows_aarch64_gnullvm v0.53.1 (registry `era`)
  Downloaded glam v0.31.1 (registry `era`)
  Downloaded windows_aarch64_gnullvm v0.52.6 (registry `era`)
  Downloaded windows_x86_64_msvc v0.53.1 (registry `era`)
  Downloaded x11rb v0.13.2 (registry `era`)
  Downloaded libc v0.2.189 (registry `era`)
  Downloaded glam v0.32.1 (registry `era`)
  Downloaded windows_i686_gnullvm v0.53.1 (registry `era`)
  Downloaded robust v1.2.0 (registry `era`)
  Downloaded windows_aarch64_msvc v0.53.1 (registry `era`)
  Downloaded parry3d v0.25.3 (registry `era`)
  Downloaded spade v2.15.1 (registry `era`)
  Downloaded objc2-foundation v0.3.2 (registry `era`)
  Downloaded windows_x86_64_gnu v0.53.1 (registry `era`)
  Downloaded windows_i686_gnu v0.53.1 (registry `era`)
  Downloaded windows_i686_msvc v0.53.1 (registry `era`)
  Downloaded windows_i686_gnullvm v0.52.6 (registry `era`)
  Downloaded tracing v0.1.44 (registry `era`)
  Downloaded objc2-app-kit v0.3.2 (registry `era`)
  Downloaded khronos_api v3.1.0 (registry `era`)
  Downloaded x11rb-protocol v0.13.2 (registry `era`)
  Downloaded windows_x86_64_msvc v0.52.6 (registry `era`)
  Downloaded jpeg-decoder v0.3.2 (registry `era`)
  Downloaded windows_aarch64_msvc v0.52.6 (registry `era`)
  Downloaded windows_x86_64_gnu v0.52.6 (registry `era`)
  Downloaded windows_i686_msvc v0.52.6 (registry `era`)
  Downloaded windows_i686_gnu v0.52.6 (registry `era`)
  Downloaded winapi v0.3.9 (registry `era`)
  Downloaded orbclient v0.3.55 (registry `era`)
  Downloaded tiff v0.9.1 (registry `era`)
  Downloaded rav1e v0.7.1 (registry `era`)
  Downloaded linux-raw-sys v0.4.15 (registry `era`)
  Downloaded windows-sys v0.59.0 (registry `era`)
  Downloaded windows-sys v0.60.2 (registry `era`)
  Downloaded windows-sys v0.52.0 (registry `era`)
  Downloaded winapi-i686-pc-windows-gnu v0.4.0 (registry `era`)
  Downloaded winapi-x86_64-pc-windows-gnu v0.4.0 (registry `era`)
  Downloaded kiss3d v0.37.2 (registry `era`)
  Downloaded linux-raw-sys v0.12.1 (registry `era`)

Exit: 0
Timed out: False
