Command: rustup run 1.98.1 cargo check --locked --offline --tests
Started: 2026-09-24T18:21:21.284417+00:00
STDOUT:

STDERR:
warning: `/home/runner/work/_temp/upstream/.cargo/config` is deprecated in favor of `config.toml`
  |
  = help: if you need to support cargo 1.38 or earlier, you can symlink `config` to `config.toml`
    Checking cfg-if v1.0.4
   Compiling proc-macro2 v1.0.106
   Compiling quote v1.0.44
   Compiling unicode-ident v1.0.22
   Compiling serde_core v1.0.229
   Compiling libc v0.2.189
   Compiling autocfg v1.5.1
    Checking log v0.4.29
    Checking once_cell v1.21.4
   Compiling libm v0.2.16
   Compiling num-traits v0.2.19
   Compiling pkg-config v0.3.34
   Compiling syn v2.0.114
    Checking smallvec v1.16.0
   Compiling rustix v1.1.4
    Checking bitflags v2.13.2
    Checking libloading v0.8.8
    Checking linux-raw-sys v0.12.1
    Checking dlib v0.5.3
   Compiling wayland-sys v0.31.8
   Compiling find-msvc-tools v0.1.12
    Checking bytemuck v1.25.2
   Compiling shlex v2.0.1
   Compiling cc v1.4.5
    Checking downcast-rs v1.2.1
   Compiling crossbeam-utils v0.8.23
    Checking scoped-tls v1.0.1
   Compiling memchr v2.8.3
   Compiling quick-xml v0.38.4
   Compiling wayland-backend v0.3.12
   Compiling crossbeam-epoch v0.9.21
   Compiling wayland-client v0.31.12
   Compiling thiserror v1.0.69
   Compiling khronos_api v3.1.0
   Compiling wayland-scanner v0.31.8
    Checking arrayvec v0.7.8
   Compiling crossbeam-deque v0.8.8
   Compiling thiserror-impl v1.0.69
    Checking num-integer v0.1.47
   Compiling paste v1.0.15
   Compiling cfg_aliases v0.2.2
    Checking simd-adler32 v0.3.10
   Compiling xml-rs v0.8.27
    Checking num-bigint v0.4.8
   Compiling rustix v0.38.44
   Compiling gl_generator v0.14.0
   Compiling zerocopy v0.8.57
   Compiling rayon-core v1.12.1
    Checking num-rational v0.4.2
    Checking adler2 v2.0.1
    Checking linux-raw-sys v0.4.15
    Checking either v1.18.0
    Checking slab v0.4.12
    Checking polling v3.10.0
    Checking wayland-protocols v0.32.10
   Compiling x11-dl v2.21.0
    Checking byteorder v1.5.0
   Compiling crc32fast v1.5.1
   Compiling anyhow v1.0.104
   Compiling heapless v0.8.0
    Checking hash32 v0.3.1
    Checking safe_arch v0.7.4
   Compiling matrixmultiply v0.3.10
   Compiling version_check v0.9.5
   Compiling getrandom v0.3.4
   Compiling built v0.7.6
    Checking ttf-parser v0.25.1
    Checking calloop v0.13.0
    Checking aligned-vec v0.5.0
    Checking cursor-icon v1.2.0
    Checking arrayref v0.3.9
    Checking ab_glyph_rasterizer v0.1.10
    Checking xkeysym v0.2.1
    Checking strict-num v0.1.1
   Compiling smithay-client-toolkit v0.19.2
    Checking minimal-lexical v0.2.1
    Checking xcursor v0.3.11
    Checking stable_deref_trait v1.2.1
    Checking wayland-protocols-wlr v0.3.10
    Checking wayland-cursor v0.31.12
    Checking owned_ttf_parser v0.25.1
    Checking nom v7.1.3
    Checking tiny-skia-path v0.11.4
    Checking wayland-csd-frame v0.3.0
    Checking v_frame v0.3.8
    Checking calloop-wayland-source v0.3.0
   Compiling rav1e v0.7.1
   Compiling ahash v0.8.12
    Checking wide v0.7.33
    Checking rayon v1.10.0
    Checking miniz_oxide v0.9.1
   Compiling glutin_glx_sys v0.6.1
   Compiling glutin_egl_sys v0.7.1
   Compiling num-derive v0.4.2
   Compiling profiling-procmacros v1.0.18
    Checking num-complex v0.4.6
    Checking approx v0.5.1
    Checking memmap2 v0.9.11
    Checking rawpointer v0.2.1
   Compiling getrandom v0.1.16
    Checking simba v0.9.1
    Checking maybe-rayon v0.1.1
    Checking profiling v1.0.18
    Checking flate2 v1.1.10
    Checking av1-grain v0.2.4
    Checking tiny-skia v0.11.4
    Checking ab_glyph v0.2.32
    Checking itertools v0.12.1
    Checking miniz_oxide v0.8.9
    Checking gethostname v1.0.2
   Compiling glutin v0.32.3
   Compiling winit v0.30.13
   Compiling nalgebra-macros v0.3.0
   Compiling arg_enum_proc_macro v0.3.4
   Compiling simd_helpers v0.1.0
   Compiling noop_proc_macro v0.3.0
    Checking tracing-core v0.1.36
    Checking pin-project-lite v0.2.17
    Checking raw-window-handle v0.6.2
    Checking mint v0.5.9
    Checking as-raw-xcb-connection v1.0.1
    Checking equivalent v1.0.2
    Checking weezl v0.1.12
    Checking x11rb-protocol v0.13.2
    Checking typenum v1.20.1
   Compiling thiserror v2.0.18
    Checking bitstream-io v2.3.0
    Checking foldhash v0.2.0
    Checking quick-error v2.0.1
    Checking imgref v1.12.3
    Checking rand_core v0.10.1
    Checking allocator-api2 v0.2.21
    Checking new_debug_unreachable v1.0.6
    Checking hashbrown v0.16.1
    Checking nalgebra v0.34.2
    Checking loop9 v0.1.5
    Checking tracing v0.1.44
    Checking sctk-adwaita v0.10.1
    Checking wayland-protocols-plasma v0.3.10
    Checking xkbcommon-dl v0.4.2
    Checking zune-inflate v0.2.54
    Checking fdeflate v0.3.7
   Compiling glutin-winit v0.5.0
   Compiling thiserror-impl v2.0.18
    Checking avif-serialize v0.8.4
    Checking rgb v0.8.53
   Compiling syn v3.0.5
    Checking robust v1.2.0
    Checking bitflags v1.3.2
    Checking lebe v0.5.2
    Checking byteorder-lite v0.1.0
    Checking ttf-parser v0.15.2
    Checking smol_str v0.2.2
   Compiling getrandom v0.4.3
    Checking half v2.2.1
   Compiling serde v1.0.229
    Checking zune-core v0.4.12
    Checking dpi v0.1.2
    Checking jpeg-decoder v0.3.2
    Checking x11rb v0.13.2
    Checking bit_field v0.10.3
    Checking color_quant v1.1.0
    Checking percent-encoding v2.3.2
   Compiling zmij v1.0.19
    Checking tiff v0.9.1
    Checking gif v0.13.3
   Compiling serde_derive v1.0.229
    Checking exr v1.74.0
    Checking owned_ttf_parser v0.15.2
    Checking zune-jpeg v0.4.21
    Checking image-webp v0.2.0
    Checking png v0.17.16
    Checking spade v2.15.1
    Checking ravif v0.11.5
    Checking rand_core v0.5.1
    Checking rstar v0.12.2
    Checking ppv-lite86 v0.2.21
    Checking qoi v0.4.1
    Checking ordered-float v5.4.0
    Checking num_cpus v1.17.0
    Checking ena v0.14.4
    Checking linked-hash-map v0.5.6
   Compiling serde_json v1.0.149
    Checking downcast-rs v2.0.2
    Checking cpufeatures v0.3.1
    Checking rustc-hash v1.1.0
    Checking static_assertions v1.1.0
    Checking chacha20 v0.10.2
    Checking rusttype v0.9.3
    Checking parry3d v0.25.3
    Checking rand_chacha v0.2.2
    Checking image v0.25.4
   Compiling kiss3d-macro v0.36.0
    Checking instant v0.1.13
    Checking pollster v0.4.0
    Checking glow v0.16.0
    Checking itoa v1.0.18
    Checking rand v0.10.2
    Checking rand v0.7.3
    Checking rand_hc v0.5.1
    Checking rstar v0.13.0 (/home/runner/work/_temp/upstream/rstar)
    Checking kiss3d v0.37.2
    Checking rstar-demo v0.1.0 (/home/runner/work/_temp/upstream/rstar-demo)
    Finished `dev` profile [unoptimized + debuginfo] target(s) in 33.63s

Exit: 0
Timed out: False
