Command: rustup run 1.98.1 cargo generate-lockfile
Started: 2026-09-24T18:18:04.834150+00:00
STDOUT:

STDERR:
warning: `/home/runner/work/_temp/upstream/.cargo/config` is deprecated in favor of `config.toml`
  |
  = help: if you need to support cargo 1.38 or earlier, you can symlink `config` to `config.toml`
    Updating `era` index
     Locking 378 packages to latest Rust 1.68 compatible versions
      Adding av1-grain v0.2.4 (available: v0.2.5)
      Adding avif-serialize v0.8.4 (available: v0.8.9)
      Adding bitstream-io v2.3.0 (available: v2.6.0)
      Adding built v0.7.6 (available: v0.7.7)
      Adding bumpalo v3.14.0 (available: v3.20.3, requires Rust 1.71.1)
      Adding chacha20 v0.10.2 (requires Rust 1.85)
      Adding clap v4.6.6 (requires Rust 1.85)
      Adding clap_builder v4.6.6 (requires Rust 1.85)
      Adding clap_lex v1.1.0 (requires Rust 1.85)
      Adding cpufeatures v0.3.1 (requires Rust 1.85)
      Adding criterion v0.8.2 (requires Rust 1.86)
      Adding exr v1.74.0 (available: v1.74.2)
      Adding gethostname v1.0.2 (available: v1.1.0)
      Adding getrandom v0.4.3 (requires Rust 1.85)
      Adding glam v0.27.0 (requires Rust 1.68.2)
      Adding glam v0.28.0 (requires Rust 1.68.2)
      Adding glam v0.29.3 (requires Rust 1.68.2)
      Adding glam v0.30.10 (requires Rust 1.68.2)
      Adding glam v0.31.1 (requires Rust 1.68.2)
      Adding glam v0.32.1 (requires Rust 1.68.2)
      Adding half v2.2.1 (available: v2.7.1, requires Rust 1.81)
      Adding heapless v0.8.0 (available: v0.9.1)
      Adding image v0.25.4 (available: v0.25.9)
      Adding image-webp v0.2.0 (available: v0.2.4)
      Adding indexmap v2.11.4 (available: v2.14.2)
      Adding jni-sys v0.3.0 (available: v0.3.1)
      Adding jobserver v0.1.34 (available: v0.1.35, requires Rust 1.85)
      Adding js-sys v0.3.82 (available: v0.3.105, requires Rust 1.77)
      Adding kiss3d v0.37.2 (available: v0.46.0)
      Adding lebe v0.5.2 (available: v0.5.3)
      Adding libloading v0.8.8 (available: v0.8.9)
      Adding log v0.4.29 (available: v0.4.34)
      Adding matrixmultiply v0.3.10 (available: v0.3.11, requires Rust 1.75.0)
      Adding nalgebra v0.34.2 (requires Rust 1.87.0)
      Adding num_enum v0.7.2 (available: v0.7.6)
      Adding num_enum_derive v0.7.2 (available: v0.7.6)
      Adding ordered-float v5.4.0 (available: v5.5.0, requires Rust 1.90)
      Adding pin-project v1.1.10 (available: v1.1.13)
      Adding pin-project-internal v1.1.10 (available: v1.1.13)
      Adding polling v3.10.0 (available: v3.11.0)
      Adding proc-macro-crate v3.4.0 (available: v3.5.0)
      Adding proc-macro2 v1.0.106 (available: v1.0.107, requires Rust 1.71)
      Adding quote v1.0.44 (available: v1.0.47, requires Rust 1.71)
      Adding rand v0.7.3 (available: v0.10.2)
      Adding rand v0.10.2 (requires Rust 1.85)
      Adding rand_core v0.10.1 (requires Rust 1.85)
      Adding rand_hc v0.5.1 (requires Rust 1.85)
      Adding ravif v0.11.5 (available: v0.11.20)
      Adding rayon v1.10.0 (available: v1.12.0, requires Rust 1.80)
      Adding rayon-core v1.12.1 (available: v1.13.0, requires Rust 1.80)
      Adding serde_derive v1.0.229 (requires Rust 1.71)
      Adding serde_json v1.0.149 (available: v1.0.151, requires Rust 1.71)
      Adding syn v2.0.114 (available: v2.0.119, requires Rust 1.71)
      Adding syn v3.0.5 (requires Rust 1.71)
      Adding thiserror v2.0.18 (available: v2.0.20)
      Adding thiserror-impl v2.0.18 (available: v2.0.20)
      Adding toml_datetime v0.7.1 (available: v0.7.5+spec-1.1.0)
      Adding toml_edit v0.23.5 (available: v0.23.10+spec-1.0.0)
      Adding toml_parser v1.0.2 (available: v1.1.3+spec-1.1.0)
      Adding unicode-ident v1.0.22 (available: v1.0.24, requires Rust 1.71)
      Adding unicode-segmentation v1.12.0 (available: v1.13.3)
      Adding v_frame v0.3.8 (available: v0.3.9)
      Adding wasip2 v1.0.1+wasi-0.2.4 (requires Rust 1.82.0)
      Adding wasm-bindgen v0.2.105 (available: v0.2.128, requires Rust 1.77)
      Adding wasm-bindgen-futures v0.4.55 (available: v0.4.78)
      Adding wasm-bindgen-macro v0.2.105 (available: v0.2.128, requires Rust 1.77)
      Adding wasm-bindgen-macro-support v0.2.105 (available: v0.2.128, requires Rust 1.77)
      Adding wasm-bindgen-shared v0.2.105 (available: v0.2.128, requires Rust 1.77)
      Adding wayland-backend v0.3.12 (available: v0.3.17)
      Adding wayland-client v0.31.12 (available: v0.31.15)
      Adding wayland-cursor v0.31.12 (available: v0.31.14)
      Adding wayland-protocols v0.32.10 (available: v0.32.12)
      Adding wayland-protocols-plasma v0.3.10 (available: v0.3.12)
      Adding wayland-protocols-wlr v0.3.10 (available: v0.3.12)
      Adding wayland-scanner v0.31.8 (available: v0.31.11)
      Adding wayland-sys v0.31.8 (available: v0.31.11)
      Adding web-sys v0.3.82 (available: v0.3.105, requires Rust 1.77)
      Adding windows-link v0.2.1 (requires Rust 1.71)
      Adding wit-bindgen v0.46.0 (requires Rust 1.82.0)
      Adding xml-rs v0.8.27 (available: v0.8.29)
      Adding zmij v1.0.19 (available: v1.0.23, requires Rust 1.71)

Exit: 0
Timed out: False
