Command: rustup run 1.84.1 cargo fetch --locked
Started: 2026-09-24T00:49:56.421340+00:00
STDOUT:

STDERR:
warning: `/home/runner/work/_temp/upstream/.cargo/config` is deprecated in favor of `config.toml`
note: if you need to support cargo 1.38 or earlier, you can symlink `config` to `config.toml`
 Downloading crates ...
  Downloaded ryu v1.0.19 (registry `era`)
  Downloaded itoa v1.0.14 (registry `era`)
  Downloaded quote v1.0.38 (registry `era`)
  Downloaded serde v1.0.217 (registry `era`)
  Downloaded byteorder v1.5.0 (registry `era`)
  Downloaded arrayvec v0.5.2 (registry `era`)
  Downloaded unicode-ident v1.0.16 (registry `era`)
  Downloaded serde_derive v1.0.217 (registry `era`)
  Downloaded proc-macro2 v1.0.93 (registry `era`)
  Downloaded memchr v2.7.4 (registry `era`)
  Downloaded syn v2.0.98 (registry `era`)
  Downloaded bstr v1.11.3 (registry `era`)

Exit: 0
Timed out: False
