Command: rustup run 1.56.1 cargo test --locked --offline --lib parser::tests::time_fraction_truncated -- --exact --nocapture --test-threads=1
Started: 2026-09-24T20:57:03.733949+00:00
STDOUT:

running 1 test
test parser::tests::time_fraction_truncated ... ok

test result: ok. 1 passed; 0 failed; 0 ignored; 0 measured; 26 filtered out; finished in 0.00s


STDERR:
   Compiling serde v1.0.130
   Compiling bstr v0.2.17
   Compiling serde_json v1.0.72
   Compiling serde_cbor v0.11.2
   Compiling toml v0.5.8
   Compiling kstring v1.0.6
   Compiling globset v0.4.8
   Compiling csv v1.1.6
   Compiling toml-test v0.3.1
   Compiling tinytemplate v1.2.1
   Compiling ignore v0.4.18
   Compiling criterion v0.3.5
   Compiling toml-test-harness v0.3.0
   Compiling toml_edit v0.10.0 (/home/runner/work/_temp/upstream)
    Finished test [optimized + debuginfo] target(s) in 36.36s
     Running unittests (/home/runner/work/_temp/build-20260924T205338Z-3741750c/debug/deps/toml_edit-3137099827b4a44d)

Exit: 0
Timed out: False
