Command: rustup run 1.26.0 cargo test --locked --lib vector::test::vector_singleton -- --exact --nocapture --test-threads=1
Started: 2026-09-24T17:59:59.688010+00:00
STDOUT:

running 1 test
test vector::test::vector_singleton ... FAILED

failures:

failures:
    vector::test::vector_singleton

test result: FAILED. 0 passed; 1 failed; 0 ignored; 0 measured; 115 filtered out


STDERR:
   Compiling im v10.2.1-alpha.0 (file:///home/runner/work/_temp/upstream)
    Finished dev [unoptimized + debuginfo] target(s) in 5.88 secs
     Running /home/runner/work/_temp/build-20260924T175833Z-d205b98b/debug/deps/im-67d47d0fcd5ce0a3
thread 'vector::test::vector_singleton' panicked at 'assertion failed: `(left == right)`

[1mDiff[0m [31m< left[0m / [32mright >[0m :
[31m<[0m[1;48;5;52;31m0[0m
[32m>[0m[1;48;5;22;32m1[0m

', src/vector.rs:1452:9
note: Run with `RUST_BACKTRACE=1` for a backtrace.
error: test failed, to rerun pass '--lib'

Exit: 101
Timed out: False
