Command: rustup run 1.26.0 cargo test --locked --lib vector::test::vector_singleton -- --exact --nocapture --test-threads=1
Started: 2026-09-24T17:59:28.442258+00:00
STDOUT:

running 1 test
test vector::test::vector_singleton ... ok

test result: ok. 1 passed; 0 failed; 0 ignored; 0 measured; 115 filtered out


STDERR:
   Compiling void v1.0.2
   Compiling libc v0.2.41
   Compiling ucd-util v0.1.1
   Compiling lazy_static v1.0.0
   Compiling cfg-if v0.1.3
   Compiling quick-error v1.2.1
   Compiling utf8-ranges v1.0.0
   Compiling termcolor v0.3.6
   Compiling bit-vec v0.4.4
   Compiling itoa v0.4.1
   Compiling regex-syntax v0.4.2
   Compiling bitflags v1.0.3
   Compiling ansi_term v0.11.0
   Compiling dtoa v0.4.2
   Compiling difference v2.0.0
   Compiling unreachable v1.0.0
   Compiling log v0.4.1
   Compiling humantime v1.1.1
   Compiling regex-syntax v0.6.0
   Compiling bit-set v0.4.0
   Compiling memchr v2.0.1
   Compiling atty v0.2.10
   Compiling rand v0.4.2
   Compiling serde v1.0.60
   Compiling thread_local v0.3.5
   Compiling pretty_assertions v0.5.1
   Compiling aho-corasick v0.6.4
   Compiling proptest v0.6.0
   Compiling regex v1.0.0
   Compiling serde_json v1.0.17
   Compiling env_logger v0.5.10
   Compiling quickcheck v0.6.2
   Compiling im v10.2.1-alpha.0 (file:///home/runner/work/_temp/upstream)
    Finished dev [unoptimized + debuginfo] target(s) in 30.88 secs
     Running /home/runner/work/_temp/build-20260924T175833Z-d205b98b/debug/deps/im-67d47d0fcd5ce0a3

Exit: 0
Timed out: False
