Command: rustup run 1.43.1 cargo test --locked --offline --lib tests::test_no_memory_leaks -- --exact --nocapture --test-threads=1
Started: 2026-09-24T00:20:20.268027+00:00
STDOUT:

running 1 test
test tests::test_no_memory_leaks ... FAILED

failures:

failures:
    tests::test_no_memory_leaks

test result: FAILED. 0 passed; 1 failed; 0 ignored; 0 measured; 24 filtered out


STDERR:
   Compiling lru v0.4.4 (/home/runner/work/_temp/upstream)
    Finished test [unoptimized + debuginfo] target(s) in 0.58s
     Running /home/runner/work/_temp/build-20260924T001930Z-66b11a23/debug/deps/lru-5263d937f0950cad
thread 'main' panicked at 'assertion failed: `(left == right)`
  left: `0`,
 right: `100`', src/lib.rs:1520:9
note: run with `RUST_BACKTRACE=1` environment variable to display a backtrace
error: test failed, to rerun pass '--lib'

Exit: 101
Timed out: False
