Command: rustup run 1.75.0 cargo test --locked --offline --lib map::tests::test_overlapping_reversible -- --exact --nocapture --test-threads=1
Started: 2026-09-24T00:27:59.614955+00:00
STDOUT:

running 1 test
test map::tests::test_overlapping_reversible ... ok

test result: ok. 1 passed; 0 failed; 0 ignored; 0 measured; 131 filtered out; finished in 2.44s


STDERR:
   Compiling libm v0.2.8
   Compiling libc v0.2.153
   Compiling cfg-if v1.0.0
   Compiling serde v1.0.196
   Compiling crossbeam-utils v0.8.19
   Compiling num-traits v0.2.17
   Compiling semver v1.0.21
   Compiling getrandom v0.2.12
   Compiling num-integer v0.1.45
   Compiling rand_core v0.6.4
   Compiling rustc_version v0.4.0
   Compiling crossbeam-epoch v0.9.18
   Compiling itoa v1.0.10
   Compiling regex-syntax v0.8.2
   Compiling linux-raw-sys v0.4.13
   Compiling ryu v1.0.16
   Compiling either v1.9.0
   Compiling bitflags v2.4.2
   Compiling rustix v0.38.31
   Compiling cast v0.2.7
   Compiling crossbeam-deque v0.8.5
   Compiling num-bigint v0.2.6
   Compiling memchr v2.7.1
   Compiling ppv-lite86 v0.2.17
   Compiling plotters-backend v0.3.5
   Compiling fastrand v2.0.1
   Compiling unicode-width v0.1.11
   Compiling textwrap v0.11.0
   Compiling tempfile v3.9.0
   Compiling rand_chacha v0.3.1
   Compiling plotters-svg v0.3.5
   Compiling regex-automata v0.4.5
   Compiling num-rational v0.2.4
   Compiling csv-core v0.1.11
   Compiling rayon-core v1.12.1
   Compiling num-iter v0.1.43
   Compiling num-complex v0.2.4
   Compiling serde_json v1.0.113
   Compiling itertools v0.10.5
   Compiling wait-timeout v0.2.0
   Compiling half v1.8.2
   Compiling cast v0.3.0
   Compiling quick-error v1.2.3
   Compiling fnv v1.0.7
   Compiling same-file v1.0.6
   Compiling lazy_static v1.4.0
   Compiling bit-vec v0.6.3
   Compiling bitflags v1.3.2
   Compiling clap v2.34.0
   Compiling bit-set v0.5.3
   Compiling walkdir v2.4.0
   Compiling criterion-plot v0.4.5
   Compiling rusty-fork v0.3.0
   Compiling serde_cbor v0.11.2
   Compiling tinytemplate v1.2.1
   Compiling regex v1.10.3
   Compiling num v0.2.1
   Compiling rayon v1.8.1
   Compiling csv v1.3.0
   Compiling plotters v0.3.5
   Compiling rand v0.8.5
   Compiling rand_xorshift v0.3.0
   Compiling atty v0.2.14
   Compiling oorandom v11.1.3
   Compiling iana-time-zone v0.1.59
   Compiling unarray v0.1.4
   Compiling proptest v1.4.0
   Compiling chrono v0.4.33
   Compiling criterion v0.3.5
   Compiling permutator v0.4.3
   Compiling rangemap v1.4.0 (/home/runner/work/_temp/upstream)
    Finished test [unoptimized + debuginfo] target(s) in 16.86s
warning: the following packages contain code that will be rejected by a future version of Rust: criterion v0.3.5
note: to see what the problems were, use the option `--future-incompat-report`, or run `cargo report future-incompatibilities --id 1`
     Running unittests src/lib.rs (/home/runner/work/_temp/build-20260924T002337Z-08041622/debug/deps/rangemap-b01d38ea53352532)

Exit: 0
Timed out: False
