Command: rustup run 1.75.0 cargo check --locked --offline --tests
Started: 2026-09-24T00:27:47.230656+00:00
STDOUT:

STDERR:
   Compiling autocfg v1.1.0
   Compiling libm v0.2.8
   Compiling libc v0.2.153
   Compiling proc-macro2 v1.0.78
   Compiling num-traits v0.2.17
   Compiling semver v1.0.21
   Compiling unicode-ident v1.0.12
    Checking cfg-if v1.0.0
   Compiling num-integer v0.1.45
   Compiling serde v1.0.196
   Compiling crossbeam-utils v0.8.19
   Compiling quote v1.0.35
   Compiling syn v2.0.48
    Checking getrandom v0.2.12
   Compiling num-bigint v0.2.6
   Compiling rustix v0.38.31
   Compiling rustc_version v0.4.0
    Checking crossbeam-epoch v0.9.18
    Checking rand_core v0.6.4
   Compiling num-complex v0.2.4
   Compiling num-rational v0.2.4
   Compiling num-iter v0.1.43
    Checking ryu v1.0.16
    Checking regex-syntax v0.8.2
    Checking bitflags v2.4.2
   Compiling rayon-core v1.12.1
    Checking linux-raw-sys v0.4.13
   Compiling serde_json v1.0.113
    Checking either v1.9.0
    Checking itoa v1.0.10
    Checking crossbeam-deque v0.8.5
   Compiling cast v0.2.7
    Checking fastrand v2.0.1
    Checking ppv-lite86 v0.2.17
    Checking plotters-backend v0.3.5
    Checking unicode-width v0.1.11
    Checking memchr v2.7.1
    Checking textwrap v0.11.0
    Checking csv-core v0.1.11
    Checking plotters-svg v0.3.5
    Checking rand_chacha v0.3.1
    Checking tempfile v3.9.0
    Checking regex-automata v0.4.5
    Checking itertools v0.10.5
    Checking wait-timeout v0.2.0
    Checking bitflags v1.3.2
    Checking half v1.8.2
    Checking cast v0.3.0
    Checking bit-vec v0.6.3
    Checking fnv v1.0.7
    Checking same-file v1.0.6
    Checking quick-error v1.2.3
    Checking lazy_static v1.4.0
    Checking walkdir v2.4.0
    Checking bit-set v0.5.3
    Checking rusty-fork v0.3.0
    Checking criterion-plot v0.4.5
    Checking regex v1.10.3
    Checking serde_cbor v0.11.2
    Checking clap v2.34.0
    Checking tinytemplate v1.2.1
    Checking num v0.2.1
   Compiling structmeta-derive v0.2.0
   Compiling serde_derive v1.0.196
    Checking rayon v1.8.1
    Checking rand v0.8.5
   Compiling structmeta v0.2.0
    Checking csv v1.3.0
    Checking plotters v0.3.5
    Checking rand_xorshift v0.3.0
    Checking atty v0.2.14
    Checking oorandom v11.1.3
    Checking unarray v0.1.4
    Checking iana-time-zone v0.1.59
    Checking proptest v1.4.0
    Checking chrono v0.4.33
   Compiling test-strategy v0.3.1
    Checking permutator v0.4.3
    Checking criterion v0.3.5
    Checking rangemap v1.4.0 (/home/runner/work/_temp/upstream)
    Finished dev [unoptimized + debuginfo] target(s) in 12.17s
warning: the following packages contain code that will be rejected by a future version of Rust: criterion v0.3.5
note: to see what the problems were, use the option `--future-incompat-report`, or run `cargo report future-incompatibilities --id 1`

Exit: 0
Timed out: False
