Command: rustup run 1.64.0 cargo fetch --locked
Started: 2026-09-25T11:46:52.399995+00:00
STDOUT:

STDERR:
 Downloading crates ...
  Downloaded cfg-if v1.0.0 (registry `era`)
  Downloaded num_threads v0.1.6 (registry `era`)
  Downloaded wasm-bindgen-macro v0.2.83 (registry `era`)
  Downloaded unicode-ident v1.0.4 (registry `era`)
  Downloaded wasm-bindgen-macro-support v0.2.83 (registry `era`)
  Downloaded ciborium-io v0.2.0 (registry `era`)
  Downloaded same-file v1.0.6 (registry `era`)
  Downloaded lazy_static v1.4.0 (registry `era`)
  Downloaded autocfg v1.1.0 (registry `era`)
  Downloaded clap_lex v0.2.4 (registry `era`)
  Downloaded cast v0.3.0 (registry `era`)
  Downloaded wasm-bindgen-shared v0.2.83 (registry `era`)
  Downloaded ciborium-ll v0.2.0 (registry `era`)
  Downloaded oorandom v11.1.3 (registry `era`)
  Downloaded hermit-abi v0.1.19 (registry `era`)
  Downloaded winapi-util v0.1.5 (registry `era`)
  Downloaded atty v0.2.14 (registry `era`)
  Downloaded either v1.8.0 (registry `era`)
  Downloaded itoa v1.0.3 (registry `era`)
  Downloaded quickcheck_macros v1.0.0 (registry `era`)
  Downloaded wasm-bindgen v0.2.83 (registry `era`)
  Downloaded anes v0.1.6 (registry `era`)
  Downloaded criterion-plot v0.5.0 (registry `era`)
  Downloaded wasm-bindgen-backend v0.2.83 (registry `era`)
  Downloaded os_str_bytes v6.3.0 (registry `era`)
  Downloaded quote v1.0.21 (registry `era`)
  Downloaded glob v0.3.0 (registry `era`)
  Downloaded termcolor v1.1.3 (registry `era`)
  Downloaded walkdir v2.3.2 (registry `era`)
  Downloaded bitflags v1.3.2 (registry `era`)
  Downloaded tinytemplate v1.2.1 (registry `era`)
  Downloaded rand_core v0.6.4 (registry `era`)
  Downloaded quickcheck v1.0.3 (registry `era`)
  Downloaded wasi v0.11.0+wasi-snapshot-preview1 (registry `era`)
  Downloaded ryu v1.0.11 (registry `era`)
  Downloaded ciborium v0.2.0 (registry `era`)
  Downloaded proc-macro2 v1.0.46 (registry `era`)
  Downloaded getrandom v0.2.7 (registry `era`)
  Downloaded log v0.4.17 (registry `era`)
  Downloaded half v1.8.2 (registry `era`)
  Downloaded once_cell v1.15.0 (registry `era`)
  Downloaded num-traits v0.2.15 (registry `era`)
  Downloaded serde_derive v1.0.145 (registry `era`)
  Downloaded textwrap v0.15.1 (registry `era`)
  Downloaded toml v0.5.9 (registry `era`)
  Downloaded itertools v0.10.5 (registry `era`)
  Downloaded indexmap v1.9.1 (registry `era`)
  Downloaded serde v1.0.145 (registry `era`)
  Downloaded js-sys v0.3.60 (registry `era`)
  Downloaded hashbrown v0.12.3 (registry `era`)
  Downloaded criterion v0.4.0 (registry `era`)
  Downloaded bumpalo v3.11.0 (registry `era`)
  Downloaded rand v0.8.5 (registry `era`)
  Downloaded trybuild v1.0.65 (registry `era`)
  Downloaded serde_json v1.0.85 (registry `era`)
  Downloaded serde_test v1.0.145 (registry `era`)
  Downloaded syn v1.0.101 (registry `era`)
  Downloaded clap v3.2.22 (registry `era`)
  Downloaded regex v1.6.0 (registry `era`)
  Downloaded regex-syntax v0.6.27 (registry `era`)
  Downloaded libc v0.2.134 (registry `era`)
  Downloaded winapi v0.3.9 (registry `era`)
  Downloaded winapi-i686-pc-windows-gnu v0.4.0 (registry `era`)
  Downloaded winapi-x86_64-pc-windows-gnu v0.4.0 (registry `era`)

Exit: 0
Timed out: False
