Command: rustup run 1.31.0 cargo test --locked --lib byte_record::tests::eq_record_len -- --exact --nocapture --test-threads=1
Started: 2026-09-24T00:27:14.539287+00:00
STDOUT:

running 1 test
test byte_record::tests::eq_record_len ... FAILED

failures:

failures:
    byte_record::tests::eq_record_len

test result: FAILED. 0 passed; 1 failed; 0 ignored; 0 measured; 128 filtered out


STDERR:
   Compiling csv v1.0.4 (/home/runner/work/_temp/upstream)
    Finished dev [unoptimized + debuginfo] target(s) in 2.57s
     Running /home/runner/work/_temp/build-20260924T002608Z-7aba24bf/debug/deps/csv-d65cd953995bc341
thread 'byte_record::tests::eq_record_len' panicked at 'assertion failed: `(left != right)`
  left: `ByteRecord(["12", "34", "56"])`,
 right: `ByteRecord(["12", "34"])`', src/byte_record.rs:1166:9
note: Run with `RUST_BACKTRACE=1` for a backtrace.
error: test failed, to rerun pass '--lib'

Exit: 101
Timed out: False
