Command: rustup run 1.31.0 cargo check --locked --tests
Started: 2026-09-24T00:26:46.114693+00:00
STDOUT:

STDERR:
   Compiling proc-macro2 v0.4.24
   Compiling libc v0.2.45
   Compiling version_check v0.1.5
   Compiling unicode-xid v0.1.0
   Compiling serde v1.0.82
    Checking cfg-if v0.1.6
   Compiling memchr v2.1.2
    Checking csv-core v0.1.5 (/home/runner/work/_temp/upstream/csv-core)
   Compiling quote v0.6.10
   Compiling syn v0.15.23
   Compiling serde_derive v1.0.82
    Checking csv v1.0.4 (/home/runner/work/_temp/upstream)
    Checking serde_bytes v0.10.4
    Finished dev [unoptimized + debuginfo] target(s) in 16.16s

Exit: 0
Timed out: False
