Command: rustup run 1.52.1 cargo test --locked --offline --lib matrix_graph::tests::test_add_edge_with_extension -- --exact --nocapture --test-threads=1
Started: 2026-09-24T20:47:03.634985+00:00
STDOUT:

running 1 test
test matrix_graph::tests::test_add_edge_with_extension ... ok

test result: ok. 1 passed; 0 failed; 0 ignored; 0 measured; 53 filtered out; finished in 0.00s


STDERR:
   Compiling rand_core v0.4.2
   Compiling hashbrown v0.9.1
   Compiling either v1.6.1
   Compiling odds v0.2.26
   Compiling fixedbitset v0.3.2
   Compiling defmac v0.1.3
   Compiling itertools v0.8.2
   Compiling rand_core v0.3.1
   Compiling libc v0.2.94
   Compiling indexmap v1.6.2
   Compiling rand v0.5.6
   Compiling petgraph v0.5.1 (/home/runner/work/_temp/upstream)
    Finished test [unoptimized + debuginfo] target(s) in 2.65s
     Running unittests (/home/runner/work/_temp/build-20260924T204609Z-c3aab91d/debug/deps/petgraph-eea57f12178bbebf)

Exit: 0
Timed out: False
