Command: rustup run 1.52.1 cargo check --locked --offline --tests
Started: 2026-09-24T20:47:01.215538+00:00
STDOUT:

STDERR:
   Compiling autocfg v1.0.1
   Compiling libc v0.2.94
    Checking rand_core v0.4.2
    Checking hashbrown v0.9.1
    Checking either v1.6.1
    Checking fixedbitset v0.3.2
    Checking odds v0.2.26
    Checking defmac v0.1.3
    Checking rand_core v0.3.1
    Checking itertools v0.8.2
   Compiling indexmap v1.6.2
    Checking petgraph v0.5.1 (/home/runner/work/_temp/upstream)
    Checking rand v0.5.6
    Finished dev [unoptimized + debuginfo] target(s) in 2.31s

Exit: 0
Timed out: False
