Command: rustup run 1.44.0 cargo test --locked --offline --test unit test_non_special_path -- --nocapture --test-threads=1
Started: 2026-09-25T06:06:53.643373+00:00
STDOUT:

running 3 tests
test test_non_special_path ... FAILED
test test_non_special_path2 ... FAILED
test test_non_special_path3 ... ok

failures:

failures:
    test_non_special_path
    test_non_special_path2

test result: FAILED. 1 passed; 2 failed; 0 ignored; 0 measured; 35 filtered out


STDERR:
   Compiling url v2.1.1 (/home/runner/work/_temp/upstream)
warning: use of deprecated item 'std::error::Error::description': use the Display impl or to_string()
  --> src/parser.rs:95:32
   |
95 |         fmt::Display::fmt(self.description(), f)
   |                                ^^^^^^^^^^^
   |
   = note: `#[warn(deprecated)]` on by default

warning: 1 warning emitted

    Finished test [unoptimized + debuginfo] target(s) in 0.67s
     Running /home/runner/work/_temp/build-20260925T060544Z-08c10ba0/debug/deps/unit-c4601560484fe445
thread 'main' panicked at 'assertion failed: `(left == right)`
  left: `"postgres://postgres@localhostdiesel_foo"`,
 right: `"postgres://postgres@localhost/diesel_foo"`', tests/unit.rs:628:5
note: run with `RUST_BACKTRACE=1` environment variable to display a backtrace
thread 'main' panicked at 'assertion failed: `(left == right)`
  left: `"foo"`,
 right: `"/foo"`', tests/unit.rs:640:5
error: test failed, to rerun pass '--test unit'

Exit: 101
Timed out: False
