Command: git init fetched
Started: 2026-09-25T06:06:01.115615+00:00
STDOUT:
Initialized empty Git repository in /home/runner/work/_temp/era-index-20260925T060544Z-08c10ba0/fetched/.git/

STDERR:
hint: Using 'master' as the name for the initial branch. This default branch name
hint: will change to "main" in Git 3.0. To configure the initial branch name
hint: to use in all of your new repositories, which will suppress this warning,
hint: call:
hint:
hint: 	git config --global init.defaultBranch <name>
hint:
hint: Names commonly chosen instead of 'master' are 'main', 'trunk' and
hint: 'development'. The just-created branch can be renamed via this command:
hint:
hint: 	git branch -m <name>
hint:
hint: Disable this message with "git config set advice.defaultBranchName false"

Exit: 0
Timed out: False
