Command: rustup run 1.44.0 cargo check --locked --offline --tests
Started: 2026-09-25T06:06:37.658268+00:00
STDOUT:

STDERR:
   Compiling semver-parser v0.7.0
   Compiling libc v0.2.71
    Checking smallvec v1.4.0
   Compiling ryu v1.0.5
   Compiling serde v1.0.111
    Checking matches v0.1.8
   Compiling serde_json v1.0.55
    Checking unicode-width v0.1.7
    Checking itoa v0.4.5
    Checking term v0.4.6
    Checking percent-encoding v2.1.0 (/home/runner/work/_temp/upstream/percent_encoding)
    Checking rustc-serialize v0.3.24
    Checking bencher v0.1.5
   Compiling semver v0.9.0
    Checking unicode-normalization v0.1.12
    Checking unicode-bidi v0.3.4
    Checking getopts v0.2.21
   Compiling rustc_version v0.2.3
   Compiling rustc-test v0.3.0
    Checking idna v0.2.0 (/home/runner/work/_temp/upstream/idna)
    Checking time v0.1.43
    Checking url v2.1.1 (/home/runner/work/_temp/upstream)
warning: use of deprecated item 'std::error::Error::description': use the Display impl or to_string()
  --> src/parser.rs:95:32
   |
95 |         fmt::Display::fmt(self.description(), f)
   |                                ^^^^^^^^^^^
   |
   = note: `#[warn(deprecated)]` on by default

warning: 1 warning emitted

warning: unnecessary trailing semicolon
  --> tests/data.rs:64:19
   |
64 |                 )+;
   |                   ^ help: remove this semicolon
...
69 |     assert_attributes!(href protocol username password host hostname port pathname search hash);
   |     -------------------------------------------------------------------------------------------- in this macro invocation
   |
   = note: `#[warn(redundant_semicolons)]` on by default
   = note: this warning originates in a macro (in Nightly builds, run with -Z macro-backtrace for more info)

warning: 1 warning emitted

    Finished dev [unoptimized + debuginfo] target(s) in 7.55s

Exit: 0
Timed out: False
