Command: rustup run 1.83.0 cargo test --locked --offline --lib impls::test_debug -- --exact --nocapture --test-threads=1
Started: 2026-09-23T22:55:02.594162+00:00
STDOUT:

running 1 test
test impls::test_debug ... ok

test result: ok. 1 passed; 0 failed; 0 ignored; 0 measured; 47 filtered out; finished in 0.00s


STDERR:
warning: `/home/runner/work/_temp/upstream/.cargo/config` is deprecated in favor of `config.toml`
note: if you need to support cargo 1.38 or earlier, you can symlink `config` to `config.toml`
warning: ignoring `resolver` config table without `-Zmsrv-policy`
   Compiling libc v0.2.169
   Compiling cfg-if v1.0.0
   Compiling regex-lite v0.1.6
   Compiling memchr v2.7.4
   Compiling regex-automata v0.4.9
   Compiling getrandom v0.2.15
   Compiling rand_core v0.6.4
   Compiling rand v0.8.5
   Compiling ucd-parse v0.1.13
   Compiling unicode-segmentation v1.12.0
   Compiling quickcheck v1.0.3
   Compiling bstr v1.11.1 (/home/runner/work/_temp/upstream)
    Finished `test` profile [unoptimized + debuginfo] target(s) in 2.02s
     Running unittests src/lib.rs (/home/runner/work/_temp/build-20260923T225155Z-5fe87cd7/debug/deps/bstr-10aeec19ce748777)

Exit: 0
Timed out: False
