Command: rustup run 1.60.0 cargo test --locked --offline --lib hir::translate::tests::class_ascii_multiple -- --exact --nocapture --test-threads=1
Started: 2026-09-24T20:49:15.787135+00:00
STDOUT:

running 0 tests

test result: ok. 0 passed; 0 failed; 0 ignored; 0 measured; 36 filtered out; finished in 0.00s


STDERR:
   Compiling regex-syntax v0.6.25 (/home/runner/work/_temp/upstream/regex-syntax)
warning: associated function is never used: `hir_ascii_unicode_class`
   --> regex-syntax/src/hir/translate.rs:856:8
    |
856 |     fn hir_ascii_unicode_class(
    |        ^^^^^^^^^^^^^^^^^^^^^^^
    |
    = note: `#[warn(dead_code)]` on by default

warning: associated function is never used: `hir_ascii_byte_class`
   --> regex-syntax/src/hir/translate.rs:869:8
    |
869 |     fn hir_ascii_byte_class(
    |        ^^^^^^^^^^^^^^^^^^^^

warning: `regex-syntax` (lib) generated 2 warnings
   Compiling regex v1.5.5 (/home/runner/work/_temp/upstream)
    Finished test [unoptimized + debuginfo] target(s) in 3.31s
     Running unittests (/home/runner/work/_temp/build-20260924T204703Z-6cb50f8a/debug/deps/regex-9d605c2a0eaa66df)

Exit: 0
Timed out: False
