Command: rustup run 1.60.0 cargo test --locked --offline --lib hir::translate::tests::class_ascii_multiple -- --exact --nocapture --test-threads=1
Started: 2026-09-24T20:49:09.802009+00:00
STDOUT:

running 0 tests

test result: ok. 0 passed; 0 failed; 0 ignored; 0 measured; 36 filtered out; finished in 0.00s


STDERR:
   Compiling cfg-if v1.0.0
   Compiling regex-syntax v0.6.25 (/home/runner/work/_temp/upstream/regex-syntax)
   Compiling lazy_static v1.4.0
   Compiling libc v0.2.126
   Compiling memchr v2.5.0
   Compiling aho-corasick v0.7.18
   Compiling getrandom v0.2.6
   Compiling rand_core v0.6.3
   Compiling rand v0.8.5
   Compiling quickcheck v1.0.3
   Compiling regex v1.5.5 (/home/runner/work/_temp/upstream)
    Finished test [unoptimized + debuginfo] target(s) in 5.83s
     Running unittests (/home/runner/work/_temp/build-20260924T204703Z-6cb50f8a/debug/deps/regex-9d605c2a0eaa66df)

Exit: 0
Timed out: False
