Command: rustup run 1.61.0 cargo fetch --locked
Started: 2026-09-24T01:29:49.312661+00:00
STDOUT:

STDERR:
 Downloading crates ...
  Downloaded autocfg v0.1.8 (registry `era`)
  Downloaded autocfg v1.1.0 (registry `era`)
  Downloaded rand_pcg v0.1.2 (registry `era`)
  Downloaded rand_xorshift v0.1.1 (registry `era`)
  Downloaded rand v0.6.5 (registry `era`)
  Downloaded cloudabi v0.0.3 (registry `era`)
  Downloaded rand_hc v0.1.0 (registry `era`)
  Downloaded serde_derive v1.0.137 (registry `era`)
  Downloaded itoa v1.0.2 (registry `era`)
  Downloaded serde_json v1.0.81 (registry `era`)
  Downloaded ryu v1.0.10 (registry `era`)
  Downloaded rand_chacha v0.1.1 (registry `era`)
  Downloaded rand_isaac v0.1.1 (registry `era`)
  Downloaded fixedbitset v0.4.1 (registry `era`)
  Downloaded rawpointer v0.2.1 (registry `era`)
  Downloaded unchecked-index v0.2.2 (registry `era`)
  Downloaded bincode v1.3.3 (registry `era`)
  Downloaded either v1.6.1 (registry `era`)
  Downloaded bitflags v1.3.2 (registry `era`)
  Downloaded fuchsia-cprng v0.1.1 (registry `era`)
  Downloaded defmac v0.2.1 (registry `era`)
  Downloaded rdrand v0.4.0 (registry `era`)
  Downloaded rawslice v0.1.1 (registry `era`)
  Downloaded quickcheck v0.8.5 (registry `era`)
  Downloaded rand_os v0.1.3 (registry `era`)
  Downloaded rand_core v0.4.2 (registry `era`)
  Downloaded rand_jitter v0.1.4 (registry `era`)
  Downloaded rand_core v0.3.1 (registry `era`)
  Downloaded quote v1.0.18 (registry `era`)
  Downloaded odds v0.4.0 (registry `era`)
  Downloaded unicode-ident v1.0.0 (registry `era`)
  Downloaded indexmap v1.8.2 (registry `era`)
  Downloaded proc-macro2 v1.0.39 (registry `era`)
  Downloaded serde v1.0.137 (registry `era`)
  Downloaded hashbrown v0.11.2 (registry `era`)
  Downloaded itertools v0.10.3 (registry `era`)
  Downloaded rand v0.5.6 (registry `era`)
  Downloaded syn v1.0.96 (registry `era`)
  Downloaded libc v0.2.126 (registry `era`)
  Downloaded winapi v0.3.9 (registry `era`)
  Downloaded winapi-i686-pc-windows-gnu v0.4.0 (registry `era`)
  Downloaded winapi-x86_64-pc-windows-gnu v0.4.0 (registry `era`)

Exit: 0
Timed out: False
