Command: rustup run 1.51.0 cargo check --locked --offline --tests
Started: 2026-09-23T22:21:00.580709+00:00
STDOUT:

STDERR:
   Compiling autocfg v1.0.1
   Compiling serde v1.0.125
    Checking lazy_static v1.4.0
   Compiling libc v0.2.93
    Checking cfg-if v1.0.0
   Compiling semver-parser v0.7.0
   Compiling proc-macro2 v1.0.26
   Compiling ryu v1.0.5
   Compiling memchr v2.3.4
   Compiling unicode-xid v0.2.1
    Checking scopeguard v1.1.0
   Compiling rayon-core v1.9.0
    Checking either v1.6.1
   Compiling serde_json v1.0.64
    Checking itoa v0.4.7
   Compiling syn v1.0.70
    Checking byteorder v1.4.3
   Compiling bitflags v1.2.1
   Compiling serde_derive v1.0.125
    Checking unicode-width v0.1.8
    Checking plotters-backend v0.3.0
   Compiling radium v0.6.2
    Checking regex-syntax v0.6.23
    Checking half v1.7.1
    Checking same-file v1.0.6
    Checking tap v1.0.1
    Checking oorandom v11.1.3
    Checking funty v1.2.0
    Checking static_assertions v1.1.0
   Compiling semver v0.9.0
   Compiling crossbeam-utils v0.8.3
   Compiling memoffset v0.6.3
   Compiling num-traits v0.2.14
   Compiling rayon v1.5.0
    Checking itertools v0.9.0
    Checking itertools v0.10.0
    Checking regex-automata v0.1.9
    Checking textwrap v0.11.0
    Checking plotters-svg v0.3.0
    Checking walkdir v2.3.2
    Checking wyz v0.4.0
   Compiling rustc_version v0.2.3
    Checking regex v1.4.6
    Checking num_cpus v1.13.0
    Checking atty v0.2.14
   Compiling cast v0.2.5
    Checking csv-core v0.1.10
    Checking clap v2.33.3
    Checking bitvec v0.22.3 (/home/runner/work/_temp/upstream)
   Compiling quote v1.0.9
    Checking crossbeam-channel v0.5.1
    Checking crossbeam-epoch v0.9.3
    Checking plotters v0.3.0
    Checking bstr v0.2.15
    Checking serde_cbor v0.11.1
    Checking serde_test v1.0.125
    Checking bincode v1.3.3
    Checking crossbeam-deque v0.8.0
    Checking csv v1.1.6
    Checking tinytemplate v1.2.1
    Checking criterion-plot v0.4.3
    Checking criterion v0.3.4
    Finished dev [unoptimized + debuginfo] target(s) in 23.43s

Exit: 0
Timed out: False
