Command: rustup run 1.66.1 cargo check --locked --offline --tests
Started: 2026-09-24T00:23:32.767418+00:00
STDOUT:

STDERR:
   Compiling libc v0.2.139
    Checking cfg-if v1.0.0
   Compiling autocfg v1.1.0
    Checking ppv-lite86 v0.2.17
   Compiling memchr v2.5.0
    Checking remove_dir_all v0.5.3
    Checking fastrand v1.8.0
   Compiling doc-comment v0.3.3
    Checking quick-error v1.2.3
    Checking fnv v1.0.7
    Checking bit-vec v0.6.3
   Compiling num-traits v0.2.15
    Checking bit-set v0.5.3
    Checking lazy_static v1.4.0
    Checking byteorder v1.4.3
    Checking bitflags v1.3.2
    Checking regex-syntax v0.6.28
    Checking minimal-lexical v0.2.1
    Checking getrandom v0.2.8
    Checking wait-timeout v0.2.0
    Checking tempfile v3.3.0
    Checking rand_core v0.6.4
    Checking rand_chacha v0.3.1
    Checking rusty-fork v0.3.0
    Checking rand_xorshift v0.3.0
    Checking quick-error v2.0.1
    Checking rand v0.8.5
    Checking nom v7.1.2 (/home/runner/work/_temp/upstream)
    Checking proptest v1.0.0
    Finished dev [unoptimized + debuginfo] target(s) in 7.05s

Exit: 0
Timed out: False
