Command: rustup run 1.47.0 cargo test --locked --offline --lib impls::test_debug -- --exact --nocapture --test-threads=1
Started: 2026-09-23T22:52:54.976483+00:00
STDOUT:

running 1 test
test impls::test_debug ... FAILED

failures:

failures:
    impls::test_debug

test result: FAILED. 0 passed; 1 failed; 0 ignored; 0 measured; 58 filtered out


STDERR:
   Compiling bstr v0.2.13 (/home/runner/work/_temp/upstream)
    Finished test [unoptimized + debuginfo] target(s) in 2.87s
     Running /home/runner/work/_temp/build-20260923T225138Z-1e5e23c6/debug/deps/bstr-052c7c284d73ff22
thread 'main' panicked at 'assertion failed: `(left == right)`
  left: `"\"\\xFF\xEF\xBF\xBD\\xFF\""`,
 right: `"\"\\xFF\\xEF\\xBF\\xBD\\xFF\""`', src/impls.rs:958:5
note: run with `RUST_BACKTRACE=1` environment variable to display a backtrace
error: test failed, to rerun pass '--lib'

Exit: 101
Timed out: False
