Command: rustup run 1.47.0 cargo test --locked --offline --lib impls::test_debug -- --exact --nocapture --test-threads=1
Started: 2026-09-23T22:52:46.257557+00:00
STDOUT:

running 1 test
test impls::test_debug ... ok

test result: ok. 1 passed; 0 failed; 0 ignored; 0 measured; 58 filtered out


STDERR:
   Compiling rand_core v0.4.2
   Compiling regex-syntax v0.6.20
   Compiling lazy_static v1.4.0
   Compiling unicode-segmentation v1.6.0
   Compiling libc v0.2.79
   Compiling byteorder v1.3.4
   Compiling memchr v2.3.3
   Compiling rand_core v0.3.1
   Compiling rand_jitter v0.1.4
   Compiling rand_pcg v0.1.2
   Compiling regex-automata v0.1.9
   Compiling rand_hc v0.1.0
   Compiling rand_isaac v0.1.1
   Compiling rand_chacha v0.1.1
   Compiling rand_xorshift v0.1.1
   Compiling rand_os v0.1.3
   Compiling rand v0.6.5
   Compiling quickcheck v0.8.5
   Compiling regex v1.4.1
   Compiling ucd-parse v0.1.8
   Compiling bstr v0.2.13 (/home/runner/work/_temp/upstream)
    Finished test [unoptimized + debuginfo] target(s) in 8.64s
     Running /home/runner/work/_temp/build-20260923T225138Z-1e5e23c6/debug/deps/bstr-052c7c284d73ff22

Exit: 0
Timed out: False
