Command: rustup run 1.47.0 cargo check --locked --offline --tests
Started: 2026-09-23T22:52:40.448250+00:00
STDOUT:

STDERR:
    Checking rand_core v0.4.2
   Compiling autocfg v0.1.7
   Compiling libc v0.2.79
   Compiling byteorder v1.3.4
   Compiling memchr v2.3.3
    Checking regex-syntax v0.6.20
    Checking lazy_static v1.4.0
    Checking unicode-segmentation v1.6.0
    Checking rand_core v0.3.1
    Checking rand_jitter v0.1.4
   Compiling rand_pcg v0.1.2
   Compiling rand_chacha v0.1.1
   Compiling rand v0.6.5
    Checking rand_hc v0.1.0
    Checking rand_xorshift v0.1.1
    Checking rand_isaac v0.1.1
    Checking regex-automata v0.1.9
    Checking rand_os v0.1.3
    Checking regex v1.4.1
    Checking quickcheck v0.8.5
    Checking ucd-parse v0.1.8
    Checking bstr v0.2.13 (/home/runner/work/_temp/upstream)
    Finished dev [unoptimized + debuginfo] target(s) in 5.72s

Exit: 0
Timed out: False
