Command: rustup run 1.85.0 cargo generate-lockfile
Started: 2026-09-24T00:30:19.321010+00:00
STDOUT:

STDERR:
warning: both `/home/runner/work/_temp/upstream/.cargo/config` and `/home/runner/work/_temp/upstream/.cargo/config.toml` exist. Using `/home/runner/work/_temp/upstream/.cargo/config`
    Updating `era` index
     Locking 315 packages to latest Rust 1.60 compatible versions
      Adding addr2line v0.21.0 (requires Rust 1.65)
      Adding arbitrary v1.1.6 (available: v1.4.1, requires Rust 1.63.0)
      Adding async-stream v0.3.5 (available: v0.3.6, requires Rust 1.65)
      Adding async-stream-impl v0.3.5 (available: v0.3.6, requires Rust 1.65)
      Adding backtrace v0.3.69 (available: v0.3.74, requires Rust 1.65.0)
      Adding borsh v1.5.5 (requires Rust 1.67.0)
      Adding borsh-derive v1.5.5 (requires Rust 1.67.0)
      Adding bumpalo v3.14.0 (available: v3.17.0, requires Rust 1.71.1)
      Adding bytecheck v0.8.1 (requires Rust 1.81)
      Adding bytecheck_derive v0.8.1 (requires Rust 1.81)
      Adding cc v1.0.94 (available: v1.2.14, requires Rust 1.63)
      Adding clap v4.0.32 (available: v4.5.30, requires Rust 1.74)
      Adding clap_lex v0.3.0 (available: v0.3.3, requires Rust 1.64.0)
      Adding csv v1.2.2 (available: v1.3.1, requires Rust 1.65)
      Adding diesel v2.2.7 (requires Rust 1.78.0)
      Adding diesel_derives v2.2.3 (requires Rust 1.78.0)
      Adding diesel_table_macro_syntax v0.2.0 (requires Rust 1.78.0)
      Adding dsl_auto_type v0.1.3 (requires Rust 1.78.0)
      Adding getrandom v0.3.1 (requires Rust 1.63)
      Adding half v2.2.1 (available: v2.4.1, requires Rust 1.70)
      Adding hashbrown v0.15.2 (requires Rust 1.65.0)
      Adding indexmap v2.7.1 (requires Rust 1.63)
      Adding is-terminal v0.4.15 (requires Rust 1.63)
      Adding libc v0.2.163 (available: v0.2.169, requires Rust 1.63)
      Adding libm v0.2.9 (available: v0.2.11, requires Rust 1.63)
      Adding memchr v2.6.2 (available: v2.7.4, requires Rust 1.61)
      Adding ndarray v0.15.6 (available: v0.16.1, requires Rust 1.64)
      Adding os_str_bytes v6.5.1 (available: v6.6.1, requires Rust 1.61.0)
      Adding phf v0.11.2 (available: v0.11.3, requires Rust 1.61)
      Adding phf_shared v0.11.2 (available: v0.11.3, requires Rust 1.61)
      Adding ppv-lite86 v0.2.17 (available: v0.2.20, requires Rust 1.61)
      Adding proc-macro-crate v3.2.0 (requires Rust 1.67.0)
      Adding proptest v1.2.0 (available: v1.6.0, requires Rust 1.65)
      Adding ptr_meta v0.3.0 (requires Rust 1.81)
      Adding ptr_meta_derive v0.3.0 (requires Rust 1.81)
      Adding rancor v0.1.0 (requires Rust 1.81)
      Adding rand v0.8.5 (available: v0.9.0, requires Rust 1.63)
      Adding rand v0.9.0 (requires Rust 1.63)
      Adding rand_chacha v0.9.0 (requires Rust 1.63)
      Adding rand_core v0.9.1 (requires Rust 1.63)
      Adding regex v1.9.6 (available: v1.11.1, requires Rust 1.65)
      Adding rkyv v0.7.45 (available: v0.8.10, requires Rust 1.81)
      Adding rkyv v0.8.10 (requires Rust 1.81)
      Adding rkyv_derive v0.8.10 (requires Rust 1.81)
      Adding rocket v0.5.0 (available: v0.5.1, requires Rust 1.64)
      Adding rocket_codegen v0.5.0 (available: v0.5.1, requires Rust 1.64)
      Adding rocket_http v0.5.0 (available: v0.5.1, requires Rust 1.64)
      Adding serde_derive v1.0.218 (requires Rust 1.61)
      Adding serde_spanned v0.6.8 (requires Rust 1.65)
      Adding socket2 v0.5.1 (available: v0.5.8, requires Rust 1.63)
      Adding syn v2.0.98 (requires Rust 1.61)
      Adding tempfile v3.6.0 (available: v3.17.1, requires Rust 1.63)
      Adding time v0.3.17 (available: v0.3.37, requires Rust 1.67.1)
      Adding time-core v0.1.0 (available: v0.1.2, requires Rust 1.67.0)
      Adding time-macros v0.2.6 (available: v0.2.19, requires Rust 1.67.1)
      Adding tokio v1.29.1 (available: v1.43.0, requires Rust 1.70)
      Adding tokio-macros v2.1.0 (available: v2.5.0, requires Rust 1.70)
      Adding tokio-stream v0.1.14 (available: v0.1.17, requires Rust 1.70)
      Adding tokio-util v0.7.10 (available: v0.7.13, requires Rust 1.70)
      Adding toml v0.7.8 (requires Rust 1.66.0)
      Adding toml v0.8.20 (requires Rust 1.65)
      Adding toml_datetime v0.6.8 (requires Rust 1.65)
      Adding toml_edit v0.19.15 (requires Rust 1.66.0)
      Adding toml_edit v0.22.24 (requires Rust 1.65)
      Adding tracing v0.1.40 (available: v0.1.41, requires Rust 1.63.0)
      Adding tracing-attributes v0.1.27 (available: v0.1.28, requires Rust 1.63.0)
      Adding tracing-core v0.1.32 (available: v0.1.33, requires Rust 1.63.0)
      Adding tracing-subscriber v0.3.17 (available: v0.3.19, requires Rust 1.63.0)
      Adding trybuild v1.0.90 (available: v1.0.103)
      Adding url v2.5.2 (available: v2.5.4, requires Rust 1.63)
      Adding uuid v1.11.0 (available: v1.14.0, requires Rust 1.63.0)
      Adding winnow v0.5.40 (requires Rust 1.64.0)
      Adding winnow v0.7.3 (requires Rust 1.65.0)
      Adding yansi v1.0.1 (requires Rust 1.63)

Exit: 0
Timed out: False
