Command: rustup run 1.85.0 cargo fetch --locked
Started: 2026-09-24T00:31:54.204181+00:00
STDOUT:

STDERR:
warning: both `/home/runner/work/_temp/upstream/.cargo/config` and `/home/runner/work/_temp/upstream/.cargo/config.toml` exist. Using `/home/runner/work/_temp/upstream/.cargo/config`
 Downloading crates ...
  Downloaded unicode-ident v1.0.17 (registry `era`)
  Downloaded valuable v0.1.1 (registry `era`)
  Downloaded num-complex v0.4.6 (registry `era`)
  Downloaded heck v0.5.0 (registry `era`)
  Downloaded either v1.13.0 (registry `era`)
  Downloaded rand_chacha v0.3.1 (registry `era`)
  Downloaded libm v0.2.9 (registry `era`)
  Downloaded ndarray v0.15.6 (registry `era`)
  Downloaded async-stream-impl v0.3.5 (registry `era`)
  Downloaded serde v1.0.218 (registry `era`)
  Downloaded diesel v2.2.7 (registry `era`)
  Downloaded uncased v0.9.10 (registry `era`)
  Downloaded crunchy v0.2.3 (registry `era`)
  Downloaded postgres-protocol v0.6.8 (registry `era`)
  Downloaded pkg-config v0.3.31 (registry `era`)
  Downloaded unicode-properties v0.1.3 (registry `era`)
  Downloaded wasm-bindgen-shared v0.2.100 (registry `era`)
  Downloaded toml_edit v0.19.15 (registry `era`)
  Downloaded wasm-bindgen v0.2.100 (registry `era`)
  Downloaded parking_lot_core v0.9.10 (registry `era`)
  Downloaded serde_derive v1.0.218 (registry `era`)
  Downloaded generator v0.7.5 (registry `era`)
  Downloaded windows_aarch64_msvc v0.48.5 (registry `era`)
  Downloaded encoding_rs v0.8.35 (registry `era`)
  Downloaded phf_shared v0.11.2 (registry `era`)
  Downloaded inlinable_string v0.1.15 (registry `era`)
  Downloaded smallvec v1.14.0 (registry `era`)
  Downloaded rand_xorshift v0.3.0 (registry `era`)
  Downloaded walkdir v2.5.0 (registry `era`)
  Downloaded ptr_meta v0.3.0 (registry `era`)
  Downloaded binascii v0.1.4 (registry `era`)
  Downloaded block-buffer v0.10.4 (registry `era`)
  Downloaded bitflags v1.3.2 (registry `era`)
  Downloaded half v2.2.1 (registry `era`)
  Downloaded anes v0.1.6 (registry `era`)
  Downloaded regex-automata v0.1.10 (registry `era`)
  Downloaded futures-util v0.3.31 (registry `era`)
  Downloaded mysqlclient-sys v0.4.2 (registry `era`)
  Downloaded windows_x86_64_gnullvm v0.42.2 (registry `era`)
  Downloaded hermit-abi v0.4.0 (registry `era`)
  Downloaded phf v0.11.2 (registry `era`)
  Downloaded windows_aarch64_msvc v0.42.2 (registry `era`)
  Downloaded oorandom v11.1.4 (registry `era`)
  Downloaded generic-array v0.14.7 (registry `era`)
  Downloaded borsh v1.5.5 (registry `era`)
  Downloaded futures-sink v0.3.31 (registry `era`)
  Downloaded bincode v1.3.3 (registry `era`)
  Downloaded redox_syscall v0.3.5 (registry `era`)
  Downloaded base64 v0.22.1 (registry `era`)
  Downloaded rocket v0.5.0 (registry `era`)
  Downloaded digest v0.10.7 (registry `era`)
  Downloaded yansi v1.0.1 (registry `era`)
  Downloaded windows_x86_64_gnu v0.42.2 (registry `era`)
  Downloaded windows_aarch64_gnullvm v0.42.2 (registry `era`)
  Downloaded wasi v0.13.3+wasi-0.2.2 (registry `era`)
  Downloaded toml_datetime v0.6.8 (registry `era`)
  Downloaded itoa v1.0.14 (registry `era`)
  Downloaded borsh-derive v1.5.5 (registry `era`)
  Downloaded regex-automata v0.3.9 (registry `era`)
  Downloaded itertools v0.10.5 (registry `era`)
  Downloaded md-5 v0.10.6 (registry `era`)
  Downloaded siphasher v0.3.11 (registry `era`)
  Downloaded gimli v0.28.1 (registry `era`)
  Downloaded cc v1.0.94 (registry `era`)
  Downloaded diesel_derives v2.2.3 (registry `era`)
  Downloaded percent-encoding v2.3.1 (registry `era`)
  Downloaded regex v1.9.6 (registry `era`)
  Downloaded lazy_static v1.5.0 (registry `era`)
  Downloaded want v0.3.1 (registry `era`)
  Downloaded hermit-abi v0.3.9 (registry `era`)
  Downloaded wasm-bindgen-backend v0.2.100 (registry `era`)
  Downloaded rand_chacha v0.9.0 (registry `era`)
  Downloaded ptr_meta_derive v0.1.4 (registry `era`)
  Downloaded rand_core v0.9.1 (registry `era`)
  Downloaded quote v1.0.38 (registry `era`)
  Downloaded windows-targets v0.42.2 (registry `era`)
  Downloaded trybuild v1.0.90 (registry `era`)
  Downloaded tracing-log v0.1.4 (registry `era`)
  Downloaded darling_macro v0.20.10 (registry `era`)
  Downloaded rend v0.5.2 (registry `era`)
  Downloaded rkyv_derive v0.8.10 (registry `era`)
  Downloaded socket2 v0.5.1 (registry `era`)
  Downloaded ciborium v0.2.2 (registry `era`)
  Downloaded tinytemplate v1.2.1 (registry `era`)
  Downloaded seahash v4.1.0 (registry `era`)
  Downloaded windows v0.48.0 (registry `era`)
  Downloaded arbitrary v1.1.6 (registry `era`)
  Downloaded thread_local v1.1.8 (registry `era`)
  Downloaded vcpkg v0.2.15 (registry `era`)
  Downloaded rustix v0.37.28 (registry `era`)
  Downloaded version_check v0.9.5 (registry `era`)
  Downloaded is-terminal v0.4.15 (registry `era`)
  Downloaded ubyte v0.10.4 (registry `era`)
  Downloaded stable-pattern v0.1.0 (registry `era`)
  Downloaded getrandom v0.3.1 (registry `era`)
  Downloaded os_str_bytes v6.5.1 (registry `era`)
  Downloaded rand v0.9.0 (registry `era`)
  Downloaded windows_x86_64_msvc v0.42.2 (registry `era`)
  Downloaded csv v1.2.2 (registry `era`)
  Downloaded winnow v0.5.40 (registry `era`)
  Downloaded tracing-subscriber v0.3.17 (registry `era`)
  Downloaded windows_i686_msvc v0.42.2 (registry `era`)
  Downloaded winnow v0.7.3 (registry `era`)
  Downloaded regex-syntax v0.6.29 (registry `era`)
  Downloaded windows_x86_64_gnu v0.48.5 (registry `era`)
  Downloaded object v0.32.2 (registry `era`)
  Downloaded tokio-postgres v0.7.13 (registry `era`)
  Downloaded typenum v1.18.0 (registry `era`)
  Downloaded windows_i686_gnu v0.52.6 (registry `era`)
  Downloaded url v2.5.2 (registry `era`)
  Downloaded addr2line v0.21.0 (registry `era`)
  Downloaded loom v0.5.6 (registry `era`)
  Downloaded windows_i686_gnu v0.42.2 (registry `era`)
  Downloaded js-sys v0.3.77 (registry `era`)
  Downloaded windows_x86_64_gnullvm v0.52.6 (registry `era`)
  Downloaded bitflags v2.8.0 (registry `era`)
  Downloaded windows_x86_64_gnu v0.52.6 (registry `era`)
  Downloaded windows_x86_64_msvc v0.52.6 (registry `era`)
  Downloaded windows_aarch64_gnullvm v0.52.6 (registry `era`)
  Downloaded async-trait v0.1.86 (registry `era`)
  Downloaded futures-channel v0.3.31 (registry `era`)
  Downloaded ppv-lite86 v0.2.17 (registry `era`)
  Downloaded sharded-slab v0.1.7 (registry `era`)
  Downloaded hmac v0.12.1 (registry `era`)
  Downloaded tempfile v3.6.0 (registry `era`)
  Downloaded sha2 v0.10.8 (registry `era`)
  Downloaded postgres-types v0.2.9 (registry `era`)
  Downloaded http-body v0.4.6 (registry `era`)
  Downloaded libc v0.2.163 (registry `era`)
  Downloaded log v0.4.25 (registry `era`)
  Downloaded windows_i686_gnu v0.48.5 (registry `era`)
  Downloaded semver v1.0.25 (registry `era`)
  Downloaded tinyvec v1.8.1 (registry `era`)
  Downloaded once_cell v1.20.3 (registry `era`)
  Downloaded ryu v1.0.19 (registry `era`)
  Downloaded winapi-util v0.1.9 (registry `era`)
  Downloaded windows_i686_msvc v0.48.5 (registry `era`)
  Downloaded termcolor v1.4.1 (registry `era`)
  Downloaded rust_decimal_macros v1.36.0 (registry `era`)
  Downloaded ciborium-io v0.2.2 (registry `era`)
  Downloaded ref-cast-impl v1.0.23 (registry `era`)
  Downloaded fallible-iterator v0.2.0 (registry `era`)
  Downloaded bitvec v1.0.1 (registry `era`)
  Downloaded tokio-macros v2.1.0 (registry `era`)
  Downloaded pin-project-lite v0.2.16 (registry `era`)
  Downloaded winapi v0.3.9 (registry `era`)
  Downloaded tracing-attributes v0.1.27 (registry `era`)
  Downloaded redox_syscall v0.5.8 (registry `era`)
  Downloaded ref-cast v1.0.23 (registry `era`)
  Downloaded whoami v1.5.2 (registry `era`)
  Downloaded arrayvec v0.7.6 (registry `era`)
  Downloaded equivalent v1.0.2 (registry `era`)
  Downloaded serde_spanned v0.6.8 (registry `era`)
  Downloaded memchr v2.6.2 (registry `era`)
  Downloaded wit-bindgen-rt v0.33.0 (registry `era`)
  Downloaded fastrand v1.9.0 (registry `era`)
  Downloaded futures-io v0.3.31 (registry `era`)
  Downloaded time-core v0.1.0 (registry `era`)
  Downloaded crypto-common v0.1.6 (registry `era`)
  Downloaded windows_x86_64_gnullvm v0.48.5 (registry `era`)
  Downloaded syn v2.0.98 (registry `era`)
  Downloaded subtle v2.6.1 (registry `era`)
  Downloaded regex-syntax v0.7.5 (registry `era`)
  Downloaded overload v0.1.1 (registry `era`)
  Downloaded bytemuck v1.21.0 (registry `era`)
  Downloaded windows_aarch64_gnullvm v0.48.5 (registry `era`)
  Downloaded wasite v0.1.0 (registry `era`)
  Downloaded pulldown-cmark v0.9.6 (registry `era`)
  Downloaded rustc-demangle v0.1.24 (registry `era`)
  Downloaded bytes v1.10.0 (registry `era`)
  Downloaded bumpalo v3.14.0 (registry `era`)
  Downloaded toml v0.7.8 (registry `era`)
  Downloaded rust_decimal v1.36.0 (registry `era`)
  Downloaded hashbrown v0.15.2 (registry `era`)
  Downloaded nu-ansi-term v0.46.0 (registry `era`)
  Downloaded parking_lot v0.12.3 (registry `era`)
  Downloaded strsim v0.11.1 (registry `era`)
  Downloaded rancor v0.1.0 (registry `era`)
  Downloaded simdutf8 v0.1.5 (registry `era`)
  Downloaded uuid v1.11.0 (registry `era`)
  Downloaded httparse v1.10.0 (registry `era`)
  Downloaded httpdate v1.0.3 (registry `era`)
  Downloaded backtrace v0.3.69 (registry `era`)
  Downloaded socket2 v0.4.10 (registry `era`)
  Downloaded tokio-util v0.7.10 (registry `era`)
  Downloaded form_urlencoded v1.2.1 (registry `era`)
  Downloaded glob v0.3.2 (registry `era`)
  Downloaded indexmap v2.7.1 (registry `era`)
  Downloaded toml v0.8.20 (registry `era`)
  Downloaded futures-macro v0.3.31 (registry `era`)
  Downloaded tokio-stream v0.1.14 (registry `era`)
  Downloaded cpufeatures v0.2.17 (registry `era`)
  Downloaded time-macros v0.2.6 (registry `era`)
  Downloaded time v0.3.17 (registry `era`)
  Downloaded rustversion v1.0.19 (registry `era`)
  Downloaded pin-utils v0.1.0 (registry `era`)
  Downloaded darling v0.20.10 (registry `era`)
  Downloaded bytecheck_derive v0.8.1 (registry `era`)
  Downloaded wasm-bindgen-macro-support v0.2.100 (registry `era`)
  Downloaded num-traits v0.2.19 (registry `era`)
  Downloaded windows-sys v0.45.0 (registry `era`)
  Downloaded zerocopy-derive v0.8.20 (registry `era`)
  Downloaded windows-sys v0.48.0 (registry `era`)
  Downloaded zerocopy v0.8.20 (registry `era`)
  Downloaded futures-core v0.3.31 (registry `era`)
  Downloaded proc-macro-crate v3.2.0 (registry `era`)
  Downloaded state v0.6.0 (registry `era`)
  Downloaded cfg_aliases v0.2.1 (registry `era`)
  Downloaded aho-corasick v1.1.3 (registry `era`)
  Downloaded slab v0.4.9 (registry `era`)
  Downloaded hyper v0.14.32 (registry `era`)
  Downloaded errno v0.3.10 (registry `era`)
  Downloaded lock_api v0.4.12 (registry `era`)
  Downloaded clap v4.0.32 (registry `era`)
  Downloaded syn v1.0.109 (registry `era`)
  Downloaded rkyv v0.7.45 (registry `era`)
  Downloaded async-stream v0.3.5 (registry `era`)
  Downloaded devise v0.4.2 (registry `era`)
  Downloaded tower-service v0.3.3 (registry `era`)
  Downloaded unicase v2.8.1 (registry `era`)
  Downloaded cast v0.3.0 (registry `era`)
  Downloaded diesel_table_macro_syntax v0.2.0 (registry `era`)
  Downloaded rawpointer v0.2.1 (registry `era`)
  Downloaded tap v1.0.1 (registry `era`)
  Downloaded rand_core v0.6.4 (registry `era`)
  Downloaded fnv v1.0.7 (registry `era`)
  Downloaded csv-core v0.1.12 (registry `era`)
  Downloaded ident_case v1.0.1 (registry `era`)
  Downloaded pq-sys v0.6.3 (registry `era`)
  Downloaded funty v2.0.0 (registry `era`)
  Downloaded wyz v0.5.1 (registry `era`)
  Downloaded rend v0.4.2 (registry `era`)
  Downloaded mime v0.3.17 (registry `era`)
  Downloaded pear_codegen v0.2.9 (registry `era`)
  Downloaded byteorder v1.5.0 (registry `era`)
  Downloaded instant v0.1.13 (registry `era`)
  Downloaded winapi-i686-pc-windows-gnu v0.4.0 (registry `era`)
  Downloaded proc-macro2 v1.0.93 (registry `era`)
  Downloaded linux-raw-sys v0.3.8 (registry `era`)
  Downloaded proptest v1.2.0 (registry `era`)
  Downloaded hashbrown v0.12.3 (registry `era`)
  Downloaded rocket_codegen v0.5.0 (registry `era`)
  Downloaded tracing-core v0.1.32 (registry `era`)
  Downloaded rocket_http v0.5.0 (registry `era`)
  Downloaded rkyv v0.8.10 (registry `era`)
  Downloaded figment v0.10.19 (registry `era`)
  Downloaded io-lifetimes v1.0.11 (registry `era`)
  Downloaded scoped-tls v1.0.1 (registry `era`)
  Downloaded stringprep v0.1.5 (registry `era`)
  Downloaded rand v0.8.5 (registry `era`)
  Downloaded matchers v0.1.0 (registry `era`)
  Downloaded futures-task v0.3.31 (registry `era`)
  Downloaded scopeguard v1.2.0 (registry `era`)
  Downloaded darling_core v0.20.10 (registry `era`)
  Downloaded dsl_auto_type v0.1.3 (registry `era`)
  Downloaded matrixmultiply v0.3.9 (registry `era`)
  Downloaded futures v0.3.31 (registry `era`)
  Downloaded getrandom v0.2.15 (registry `era`)
  Downloaded cookie v0.18.1 (registry `era`)
  Downloaded pear v0.2.9 (registry `era`)
  Downloaded radium v0.7.0 (registry `era`)
  Downloaded bytecheck v0.6.12 (registry `era`)
  Downloaded spin v0.9.8 (registry `era`)
  Downloaded devise_core v0.4.2 (registry `era`)
  Downloaded tinyvec_macros v0.1.1 (registry `era`)
  Downloaded version-sync v0.9.5 (registry `era`)
  Downloaded winapi-x86_64-pc-windows-gnu v0.4.0 (registry `era`)
  Downloaded web-sys v0.3.77 (registry `era`)
  Downloaded windows_i686_msvc v0.52.6 (registry `era`)
  Downloaded ciborium-ll v0.2.2 (registry `era`)
  Downloaded cfg-if v1.0.0 (registry `era`)
  Downloaded wasm-bindgen-macro v0.2.100 (registry `era`)
  Downloaded autocfg v1.4.0 (registry `era`)
  Downloaded windows_i686_gnullvm v0.52.6 (registry `era`)
  Downloaded windows-sys v0.59.0 (registry `era`)
  Downloaded toml_edit v0.22.24 (registry `era`)
  Downloaded miniz_oxide v0.7.4 (registry `era`)
  Downloaded unicode-normalization v0.1.24 (registry `era`)
  Downloaded serde_json v1.0.139 (registry `era`)
  Downloaded atomic v0.6.0 (registry `era`)
  Downloaded unicode-xid v0.2.6 (registry `era`)
  Downloaded proc-macro2-diagnostics v0.10.1 (registry `era`)
  Downloaded wasi v0.11.0+wasi-snapshot-preview1 (registry `era`)
  Downloaded num_cpus v1.16.0 (registry `era`)
  Downloaded tracing v0.1.40 (registry `era`)
  Downloaded unicode-bidi v0.3.18 (registry `era`)
  Downloaded windows-targets v0.52.6 (registry `era`)
  Downloaded postgres v0.19.10 (registry `era`)
  Downloaded ptr_meta_derive v0.3.0 (registry `era`)
  Downloaded devise_codegen v0.4.2 (registry `era`)
  Downloaded http v0.2.12 (registry `era`)
  Downloaded windows-targets v0.48.5 (registry `era`)
  Downloaded criterion-plot v0.5.0 (registry `era`)
  Downloaded same-file v1.0.6 (registry `era`)
  Downloaded ahash v0.7.8 (registry `era`)
  Downloaded ptr_meta v0.1.4 (registry `era`)
  Downloaded rkyv_derive v0.7.45 (registry `era`)
  Downloaded munge_macro v0.4.1 (registry `era`)
  Downloaded munge v0.4.1 (registry `era`)
  Downloaded bytecheck v0.8.1 (registry `era`)
  Downloaded multer v2.1.0 (registry `era`)
  Downloaded windows_aarch64_msvc v0.52.6 (registry `era`)
  Downloaded clap_lex v0.3.0 (registry `era`)
  Downloaded criterion v0.5.1 (registry `era`)
  Downloaded num-integer v0.1.46 (registry `era`)
  Downloaded bytecheck_derive v0.6.12 (registry `era`)
  Downloaded try-lock v0.2.5 (registry `era`)
  Downloaded adler v1.0.2 (registry `era`)
  Downloaded mio v0.8.11 (registry `era`)
  Downloaded windows_x86_64_msvc v0.48.5 (registry `era`)
  Downloaded tokio v1.29.1 (registry `era`)
  Downloaded unarray v0.1.4 (registry `era`)
  Downloaded atomic v0.5.3 (registry `era`)
  Downloaded signal-hook-registry v1.4.2 (registry `era`)
  Downloaded idna v0.5.0 (registry `era`)

Exit: 0
Timed out: False
