Command: rustup run 1.85.0 cargo check --locked --offline --tests
Started: 2026-09-24T00:31:57.499084+00:00
STDOUT:

STDERR:
warning: both `/home/runner/work/_temp/upstream/.cargo/config` and `/home/runner/work/_temp/upstream/.cargo/config.toml` exist. Using `/home/runner/work/_temp/upstream/.cargo/config`
   Compiling proc-macro2 v1.0.93
   Compiling unicode-ident v1.0.17
   Compiling autocfg v1.4.0
   Compiling libc v0.2.163
    Checking cfg-if v1.0.0
   Compiling serde v1.0.218
   Compiling typenum v1.18.0
   Compiling version_check v0.9.5
   Compiling generic-array v0.14.7
   Compiling quote v1.0.38
   Compiling syn v2.0.98
    Checking memchr v2.6.2
    Checking tinyvec_macros v0.1.1
    Checking tinyvec v1.8.1
   Compiling getrandom v0.3.1
   Compiling zerocopy v0.8.20
    Checking crypto-common v0.1.6
    Checking unicode-normalization v0.1.24
    Checking block-buffer v0.10.4
    Checking ppv-lite86 v0.2.17
    Checking subtle v2.6.1
    Checking unicode-bidi v0.3.18
    Checking digest v0.10.7
    Checking pin-project-lite v0.2.16
   Compiling slab v0.4.9
    Checking futures-sink v0.3.31
    Checking bytes v1.10.0
    Checking futures-core v0.3.31
    Checking once_cell v1.20.3
   Compiling tokio v1.29.1
   Compiling lock_api v0.4.12
   Compiling parking_lot_core v0.9.10
    Checking unicode-properties v0.1.3
    Checking cpufeatures v0.2.17
    Checking percent-encoding v2.3.1
    Checking hashbrown v0.15.2
    Checking rand_core v0.9.1
    Checking stringprep v0.1.5
    Checking rand_chacha v0.9.0
    Checking sha2 v0.10.8
    Checking rand v0.9.0
    Checking tracing-core v0.1.32
    Checking md-5 v0.10.6
    Checking hmac v0.12.1
    Checking socket2 v0.4.10
    Checking mio v0.8.11
    Checking num_cpus v1.16.0
   Compiling num-traits v0.2.19
    Checking ryu v1.0.19
    Checking itoa v1.0.14
    Checking siphasher v0.3.11
   Compiling serde_json v1.0.139
    Checking equivalent v1.0.2
    Checking fallible-iterator v0.2.0
    Checking scopeguard v1.2.0
    Checking futures-task v0.3.31
    Checking base64 v0.22.1
    Checking smallvec v1.14.0
    Checking pin-utils v0.1.0
    Checking byteorder v1.5.0
    Checking postgres-protocol v0.6.8
    Checking phf_shared v0.11.2
    Checking indexmap v2.7.1
   Compiling serde_derive v1.0.218
   Compiling ptr_meta_derive v0.3.0
   Compiling tokio-macros v2.1.0
   Compiling futures-macro v0.3.31
    Checking ptr_meta v0.3.0
    Checking rancor v0.1.0
   Compiling bytecheck_derive v0.8.1
    Checking futures-util v0.3.31
    Checking tracing v0.1.40
    Checking futures-channel v0.3.31
    Checking getrandom v0.2.15
   Compiling pulldown-cmark v0.9.6
    Checking ciborium-io v0.2.2
    Checking either v1.13.0
   Compiling rust_decimal v1.36.0
    Checking half v2.2.1
    Checking os_str_bytes v6.5.1
    Checking regex-syntax v0.7.5
    Checking simdutf8 v0.1.5
    Checking winnow v0.5.40
   Compiling semver v1.0.25
    Checking tokio-util v0.7.10
    Checking regex-automata v0.3.9
    Checking bytecheck v0.8.1
    Checking clap_lex v0.3.0
    Checking ciborium-ll v0.2.2
    Checking itertools v0.10.5
    Checking rand_core v0.6.4
    Checking postgres-types v0.2.9
   Compiling munge_macro v0.4.1
   Compiling async-trait v0.1.86
    Checking phf v0.11.2
    Checking parking_lot v0.12.3
    Checking serde_spanned v0.6.8
    Checking toml_datetime v0.6.8
    Checking toml_edit v0.19.15
    Checking form_urlencoded v1.2.1
    Checking idna v0.5.0
    Checking socket2 v0.5.1
   Compiling arrayvec v0.7.6
    Checking unicase v2.8.1
    Checking bitflags v2.8.0
   Compiling rust_decimal v1.36.0 (/home/runner/work/_temp/upstream)
    Checking bitflags v1.3.2
    Checking same-file v1.0.6
    Checking cast v0.3.0
    Checking whoami v1.5.2
    Checking log v0.4.25
    Checking criterion-plot v0.5.0
    Checking tokio-postgres v0.7.13
    Checking walkdir v2.5.0
    Checking clap v4.0.32
    Checking toml v0.7.8
    Checking tinytemplate v1.2.1
    Checking url v2.5.2
    Checking munge v0.4.1
    Checking ciborium v0.2.2
    Checking rand_chacha v0.3.1
    Checking regex v1.9.6
    Checking rend v0.5.2
   Compiling rkyv_derive v0.8.10
    Checking csv-core v0.1.12
    Checking is-terminal v0.4.15
    Checking anes v0.1.6
    Checking oorandom v11.1.4
    Checking futures-io v0.3.31
    Checking futures v0.3.31
    Checking criterion v0.5.1
    Checking version-sync v0.9.5
    Checking csv v1.2.2
    Checking rand v0.8.5
    Checking postgres v0.19.10
   Compiling rust_decimal_macros v1.36.0
    Checking bincode v1.3.3
    Checking rkyv v0.8.10
    Finished `dev` profile [unoptimized + debuginfo] target(s) in 19.26s

Exit: 0
Timed out: False
