Command: rustup run 1.98.0 cargo test --locked --offline --test test test_size_hint_is_a_valid_bound -- --nocapture --test-threads=1
Started: 2026-09-24T21:03:28.377539+00:00
STDOUT:

running 1 test
test test_size_hint_is_a_valid_bound ... ok

test result: ok. 1 passed; 0 failed; 0 ignored; 0 measured; 8 filtered out; finished in 0.02s


STDERR:
warning: `/home/runner/work/_temp/upstream/.cargo/config` is deprecated in favor of `config.toml`
  |
  = help: if you need to support cargo 1.38 or earlier, you can symlink `config` to `config.toml`
   Compiling cfg-if v1.0.4
   Compiling libc v0.2.189
   Compiling memchr v2.8.3
   Compiling zerocopy v0.8.56
   Compiling regex-syntax v0.8.11
   Compiling aho-corasick v1.1.5
   Compiling rand_core v0.10.1
   Compiling getrandom v0.4.3
   Compiling getrandom v0.3.4
   Compiling crossbeam-utils v0.8.22
   Compiling regex-automata v0.4.18
   Compiling serde_core v1.0.229
   Compiling crossbeam-epoch v0.9.20
   Compiling rand_core v0.9.5
   Compiling linux-raw-sys v0.12.1
   Compiling bitflags v2.13.1
   Compiling regex v1.13.1
   Compiling either v1.18.0
   Compiling once_cell v1.21.4
   Compiling rustix v1.1.4
   Compiling half v2.7.1
   Compiling serde v1.0.229
   Compiling num-traits v0.2.19
   Compiling crossbeam-deque v0.8.7
   Compiling zmij v1.0.23
   Compiling itoa v1.0.18
   Compiling anstyle v1.0.14
   Compiling plotters-backend v0.3.7
   Compiling fastrand v2.5.0
   Compiling log v0.4.34
   Compiling clap_lex v1.1.0
   Compiling ciborium-io v0.2.2
   Compiling ciborium-ll v0.2.2
   Compiling env_filter v2.0.0
   Compiling clap_builder v4.6.6
   Compiling tempfile v3.27.0
   Compiling plotters-svg v0.3.7
   Compiling serde_json v1.0.151
   Compiling rayon-core v1.13.0
   Compiling itertools v0.10.5
   Compiling ppv-lite86 v0.2.21
   Compiling wait-timeout v0.2.1
   Compiling same-file v1.0.6
   Compiling bit-vec v0.8.0
   Compiling fnv v1.0.7
   Compiling quick-error v1.2.3
   Compiling cast v0.3.0
   Compiling bit-set v0.8.0
   Compiling rusty-fork v0.3.1
   Compiling criterion-plot v0.5.0
   Compiling walkdir v2.5.0
   Compiling clap v4.6.6
   Compiling rand_chacha v0.9.0
   Compiling tinytemplate v1.2.1
   Compiling rayon v1.12.0
   Compiling plotters v0.3.7
   Compiling env_logger v0.11.11
   Compiling ciborium v0.2.2
   Compiling rand_xorshift v0.4.0
   Compiling rand v0.9.5
   Compiling rand v0.10.2
   Compiling is-terminal v0.4.17
   Compiling oorandom v11.1.5
   Compiling unarray v0.1.4
   Compiling anes v0.1.6
   Compiling quickcheck v1.1.0
   Compiling proptest v1.11.0
   Compiling unicode-segmentation v1.13.3 (/home/runner/work/_temp/upstream)
   Compiling criterion v0.5.1
    Finished `test` profile [unoptimized + debuginfo] target(s) in 14.53s
     Running tests/test.rs (/home/runner/work/_temp/build-20260924T205536Z-11b2485e/debug/deps/test-1ede379d469806a4)

Exit: 0
Timed out: False
