Command: rustup run 1.98.0 cargo check --locked --offline --tests
Started: 2026-09-24T21:03:14.582304+00:00
STDOUT:

STDERR:
warning: `/home/runner/work/_temp/upstream/.cargo/config` is deprecated in favor of `config.toml`
  |
  = help: if you need to support cargo 1.38 or earlier, you can symlink `config` to `config.toml`
   Compiling proc-macro2 v1.0.107
   Compiling unicode-ident v1.0.24
   Compiling quote v1.0.47
   Compiling libc v0.2.189
    Checking cfg-if v1.0.4
   Compiling zerocopy v0.8.56
    Checking memchr v2.8.3
   Compiling crossbeam-utils v0.8.22
    Checking regex-syntax v0.8.11
   Compiling getrandom v0.3.4
   Compiling serde_core v1.0.229
   Compiling getrandom v0.4.3
   Compiling syn v2.0.119
    Checking aho-corasick v1.1.5
   Compiling autocfg v1.5.1
    Checking rand_core v0.10.1
   Compiling crossbeam-epoch v0.9.20
   Compiling num-traits v0.2.19
    Checking regex-automata v0.4.18
   Compiling syn v3.0.4
   Compiling rustix v1.1.4
   Compiling zmij v1.0.23
   Compiling serde v1.0.229
   Compiling crossbeam-deque v0.8.7
    Checking regex v1.13.1
    Checking rand_core v0.9.5
    Checking either v1.18.0
    Checking linux-raw-sys v0.12.1
   Compiling serde_derive v1.0.229
    Checking bitflags v2.13.1
   Compiling serde_json v1.0.151
   Compiling rayon-core v1.13.0
    Checking once_cell v1.21.4
   Compiling zerocopy-derive v0.8.56
    Checking clap_lex v1.1.0
    Checking plotters-backend v0.3.7
    Checking log v0.4.34
    Checking itoa v1.0.18
    Checking fastrand v2.5.0
    Checking ciborium-io v0.2.2
    Checking anstyle v1.0.14
    Checking tempfile v3.27.0
    Checking clap_builder v4.6.6
    Checking env_filter v2.0.0
    Checking plotters-svg v0.3.7
    Checking itertools v0.10.5
    Checking wait-timeout v0.2.1
    Checking same-file v1.0.6
    Checking fnv v1.0.7
    Checking quick-error v1.2.3
    Checking bit-vec v0.8.0
    Checking cast v0.3.0
    Checking bit-set v0.8.0
    Checking rusty-fork v0.3.1
    Checking tinytemplate v1.2.1
    Checking walkdir v2.5.0
    Checking clap v4.6.6
    Checking rayon v1.12.0
    Checking plotters v0.3.7
    Checking criterion-plot v0.5.0
    Checking env_logger v0.11.11
    Checking rand_xorshift v0.4.0
    Checking rand v0.9.5
    Checking rand v0.10.2
    Checking is-terminal v0.4.17
    Checking unarray v0.1.4
    Checking anes v0.1.6
    Checking oorandom v11.1.5
    Checking quickcheck v1.1.0
    Checking unicode-segmentation v1.13.3 (/home/runner/work/_temp/upstream)
    Checking half v2.7.1
    Checking ppv-lite86 v0.2.21
    Checking ciborium-ll v0.2.2
    Checking ciborium v0.2.2
    Checking rand_chacha v0.9.0
    Checking proptest v1.11.0
    Checking criterion v0.5.1
    Finished `dev` profile [unoptimized + debuginfo] target(s) in 13.00s

Exit: 0
Timed out: False
