Command: rustup run 1.58.1 cargo check --locked --offline --tests
Started: 2026-09-25T11:45:37.705225+00:00
STDOUT:

STDERR:
   Compiling autocfg v1.0.1
   Compiling proc-macro2 v1.0.36
   Compiling unicode-xid v0.2.2
   Compiling syn v1.0.86
    Checking lazy_static v1.4.0
   Compiling serde_derive v1.0.136
   Compiling serde v1.0.136
   Compiling libc v0.2.116
   Compiling memchr v2.4.1
    Checking cfg-if v1.0.0
   Compiling crossbeam-utils v0.8.6
   Compiling version_check v0.9.4
   Compiling crossbeam-epoch v0.9.6
   Compiling rayon-core v1.9.1
    Checking either v1.6.1
    Checking scopeguard v1.1.0
   Compiling semver v1.0.4
    Checking regex-automata v0.1.10
    Checking ansi_term v0.12.1
    Checking unicode-width v0.1.9
    Checking bitflags v1.3.2
   Compiling serde_json v1.0.78
   Compiling proc-macro-hack v0.5.19
    Checking strsim v0.8.0
   Compiling maybe-uninit v2.0.0
    Checking regex-syntax v0.6.25
   Compiling unicode-segmentation v1.8.0
   Compiling anyhow v1.0.53
   Compiling log v0.4.14
    Checking vec_map v0.8.2
    Checking ryu v1.0.9
    Checking cfg-if v0.1.10
    Checking same-file v1.0.6
    Checking itoa v1.0.1
    Checking once_cell v1.9.0
    Checking fnv v1.0.7
    Checking glob v0.3.0
    Checking termcolor v1.1.2
    Checking plotters-backend v0.3.2
    Checking itoa v0.4.8
    Checking concolor-query v0.0.5
    Checking bytes v1.1.0
    Checking half v1.8.2
    Checking hashbrown v0.11.2
    Checking diff v0.1.12
    Checking oorandom v11.1.3
    Checking yansi v0.5.0
    Checking normalize-line-endings v0.3.0
    Checking difflib v0.4.0
   Compiling memoffset v0.6.5
   Compiling num-traits v0.2.14
   Compiling crossbeam-utils v0.7.2
   Compiling rayon v1.5.1
   Compiling num-integer v0.1.44
   Compiling indexmap v1.8.0
    Checking itertools v0.10.3
    Checking textwrap v0.11.0
   Compiling proc-macro-error-attr v1.0.4
   Compiling proc-macro-error v1.0.4
   Compiling heck v0.3.3
    Checking walkdir v2.3.2
    Checking thread_local v1.1.4
    Checking plotters-svg v0.3.1
    Checking pretty_assertions v1.0.0
   Compiling quote v1.0.15
    Checking crossbeam-channel v0.5.2
    Checking aho-corasick v0.7.18
    Checking csv-core v0.1.10
    Checking combine v4.6.3
   Compiling rustc_version v0.4.0
    Checking atty v0.2.14
    Checking num_cpus v1.13.1
    Checking time v0.1.44
    Checking crossbeam-channel v0.4.4
    Checking plotters v0.3.1
    Checking clap v2.34.0
    Checking concolor v0.0.8
    Checking regex v1.5.4
   Compiling cast v0.2.7
    Checking crossbeam-deque v0.8.1
    Checking chrono v0.4.19
    Checking criterion-plot v0.4.4
   Compiling structopt-derive v0.4.18
   Compiling include_dir_impl v0.6.2
    Checking include_dir v0.6.2
    Checking toml-test-data v1.0.0
    Checking structopt v0.3.26
    Checking libtest-mimic v0.3.0
    Checking bstr v0.2.17
    Checking kstring v1.0.6
    Checking serde_cbor v0.11.2
    Checking toml v0.5.8
    Checking toml_edit v0.13.3 (/home/runner/work/_temp/upstream)
    Checking globset v0.4.8
    Checking csv v1.1.6
    Checking ignore v0.4.18
    Checking toml-test v0.3.1
    Checking tinytemplate v1.2.1
    Checking toml-test-harness v0.3.0
    Checking fs_snapshot v0.1.2
    Checking criterion v0.3.5
    Finished dev [optimized + debuginfo] target(s) in 28.19s

Exit: 0
Timed out: False
