Command: rustup run 1.89.0 cargo check --locked --offline --tests
Started: 2026-09-24T20:54:43.504723+00:00
STDOUT:

STDERR:
warning: `/home/runner/work/_temp/upstream/.cargo/config` is deprecated in favor of `config.toml`
note: if you need to support cargo 1.38 or earlier, you can symlink `config` to `config.toml`
   Compiling proc-macro2 v1.0.101
   Compiling unicode-ident v1.0.18
   Compiling semver v1.0.26
   Compiling libc v0.2.175
   Compiling cfg-if v1.0.3
   Compiling zerocopy v0.8.26
   Compiling memchr v2.7.5
   Compiling quote v1.0.40
   Compiling getrandom v0.2.16
   Compiling aho-corasick v1.1.3
   Compiling rustc_version v0.4.1
   Compiling syn v2.0.106
   Compiling regex-syntax v0.8.6
   Compiling serde v1.0.219
   Compiling ppv-lite86 v0.2.21
   Compiling rstest_macros v0.23.0
   Compiling rand_core v0.6.4
   Compiling rand_chacha v0.3.1
   Compiling glob v0.3.3
   Compiling regex-automata v0.4.10
   Compiling relative-path v1.9.3
    Checking powerfmt v0.2.0
   Compiling serde_json v1.0.143
    Checking deranged v0.5.3
   Compiling rand v0.8.5
    Checking rand_core v0.9.3
   Compiling num-conv v0.1.0
   Compiling time-core v0.1.5 (/home/runner/work/_temp/upstream/time-core)
    Checking ryu v1.0.20
    Checking itoa v1.0.15
   Compiling regex v1.11.2
   Compiling time-macros v0.2.23 (/home/runner/work/_temp/upstream/time-macros)
    Checking rand v0.9.2
    Checking time v0.3.42 (/home/runner/work/_temp/upstream/time)
   Compiling serde_derive v1.0.219
   Compiling quickcheck_macros v1.1.0
   Compiling rstest_reuse v0.7.0
    Checking rstest v0.23.0
    Checking serde_test v1.0.177
warning: unreachable statement
  --> time/../tests/main.rs:50:5
   |
42 | /     return if status.success() {
43 | |         Ok(())
44 | |     } else {
45 | |         Err(Box::new(Error(status)))
46 | |     };
   | |_____- any code following this expression is unreachable
...
50 | /     "Tests must be run with `--all-features`. Because the flag was not provided, `cargo test \
51 | |      --all-features` is run.";
   | |______________________________^ unreachable statement
   |
   = note: `-W unreachable-code` implied by `-W unused`
   = help: to override `-W unused` add `#[allow(unreachable_code)]`

warning: `time` (test "tests") generated 1 warning
    Finished `dev` profile [unoptimized] target(s) in 10.33s

Exit: 0
Timed out: False
