Command: rustup run 1.89.0 cargo fetch --locked
Started: 2026-09-24T20:54:42.596785+00:00
STDOUT:

STDERR:
warning: `/home/runner/work/_temp/upstream/.cargo/config` is deprecated in favor of `config.toml`
note: if you need to support cargo 1.38 or earlier, you can symlink `config` to `config.toml`
 Downloading crates ...
  Downloaded num-conv v0.1.0 (registry `era`)
  Downloaded wasm-bindgen-macro v0.2.100 (registry `era`)
  Downloaded toml_parser v1.0.2 (registry `era`)
  Downloaded ciborium v0.2.2 (registry `era`)
  Downloaded toml_datetime v0.7.0 (registry `era`)
  Downloaded crunchy v0.2.4 (registry `era`)
  Downloaded anes v0.1.6 (registry `era`)
  Downloaded walkdir v2.5.0 (registry `era`)
  Downloaded wasm-bindgen-shared v0.2.100 (registry `era`)
  Downloaded toml_writer v1.0.2 (registry `era`)
  Downloaded ciborium-io v0.2.2 (registry `era`)
  Downloaded half v2.6.0 (registry `era`)
  Downloaded quickcheck v1.0.3 (registry `era`)
  Downloaded trybuild v1.0.110 (registry `era`)
  Downloaded anstyle v1.0.11 (registry `era`)
  Downloaded windows-link v0.1.3 (registry `era`)
  Downloaded equivalent v1.0.2 (registry `era`)
  Downloaded serde_spanned v1.0.0 (registry `era`)
  Downloaded rustc_version v0.4.1 (registry `era`)
  Downloaded rand_chacha v0.3.1 (registry `era`)
  Downloaded powerfmt v0.2.0 (registry `era`)
  Downloaded winapi-util v0.1.10 (registry `era`)
  Downloaded cast v0.3.0 (registry `era`)
  Downloaded ciborium-ll v0.2.2 (registry `era`)
  Downloaded toml v0.9.5 (registry `era`)
  Downloaded clap_lex v0.7.5 (registry `era`)
  Downloaded cfg-if v1.0.3 (registry `era`)
  Downloaded itoa v1.0.15 (registry `era`)
  Downloaded target-triple v0.1.4 (registry `era`)
  Downloaded windows-targets v0.53.3 (registry `era`)
  Downloaded clap v4.5.47 (registry `era`)
  Downloaded criterion-plot v0.5.0 (registry `era`)
  Downloaded relative-path v1.9.3 (registry `era`)
  Downloaded serde v1.0.219 (registry `era`)
  Downloaded tinytemplate v1.2.1 (registry `era`)
  Downloaded either v1.15.0 (registry `era`)
  Downloaded quote v1.0.40 (registry `era`)
  Downloaded wasm-bindgen v0.2.100 (registry `era`)
  Downloaded num-traits v0.2.19 (registry `era`)
  Downloaded rstest_macros v0.23.0 (registry `era`)
  Downloaded zerocopy-derive v0.8.26 (registry `era`)
  Downloaded criterion v0.5.1 (registry `era`)
  Downloaded itertools v0.10.5 (registry `era`)
  Downloaded rand v0.9.2 (registry `era`)
  Downloaded indexmap v2.11.0 (registry `era`)
  Downloaded clap_builder v4.5.47 (registry `era`)
  Downloaded aho-corasick v1.1.3 (registry `era`)
  Downloaded regex v1.11.2 (registry `era`)
  Downloaded serde_json v1.0.143 (registry `era`)
  Downloaded zerocopy v0.8.26 (registry `era`)
  Downloaded hashbrown v0.15.5 (registry `era`)
  Downloaded winnow v0.7.13 (registry `era`)
  Downloaded syn v2.0.106 (registry `era`)
  Downloaded bumpalo v3.19.0 (registry `era`)
  Downloaded memchr v2.7.5 (registry `era`)
  Downloaded rand v0.8.5 (registry `era`)
  Downloaded regex-syntax v0.8.6 (registry `era`)
  Downloaded proc-macro2 v1.0.101 (registry `era`)
  Downloaded js-sys v0.3.77 (registry `era`)
  Downloaded getrandom v0.2.16 (registry `era`)
  Downloaded windows_aarch64_gnullvm v0.52.6 (registry `era`)
  Downloaded windows_x86_64_gnullvm v0.52.6 (registry `era`)
  Downloaded windows_i686_gnullvm v0.52.6 (registry `era`)
  Downloaded unicode-ident v1.0.18 (registry `era`)
  Downloaded once_cell v1.21.3 (registry `era`)
  Downloaded rand_core v0.9.3 (registry `era`)
  Downloaded rstest v0.23.0 (registry `era`)
  Downloaded hermit-abi v0.5.2 (registry `era`)
  Downloaded regex-automata v0.4.10 (registry `era`)
  Downloaded oorandom v11.1.5 (registry `era`)
  Downloaded same-file v1.0.6 (registry `era`)
  Downloaded deranged v0.5.3 (registry `era`)
  Downloaded wasm-bindgen-backend v0.2.100 (registry `era`)
  Downloaded wasm-bindgen-macro-support v0.2.100 (registry `era`)
  Downloaded num_threads v0.1.7 (registry `era`)
  Downloaded semver v1.0.26 (registry `era`)
  Downloaded ppv-lite86 v0.2.21 (registry `era`)
  Downloaded wasi v0.11.1+wasi-snapshot-preview1 (registry `era`)
  Downloaded serde_test v1.0.177 (registry `era`)
  Downloaded windows_aarch64_gnullvm v0.53.0 (registry `era`)
  Downloaded libc v0.2.175 (registry `era`)
  Downloaded windows_x86_64_gnullvm v0.53.0 (registry `era`)
  Downloaded windows_aarch64_msvc v0.52.6 (registry `era`)
  Downloaded windows_x86_64_msvc v0.52.6 (registry `era`)
  Downloaded windows_i686_gnu v0.52.6 (registry `era`)
  Downloaded windows_i686_gnu v0.53.0 (registry `era`)
  Downloaded windows_i686_gnullvm v0.53.0 (registry `era`)
  Downloaded windows_i686_msvc v0.53.0 (registry `era`)
  Downloaded windows_x86_64_gnu v0.53.0 (registry `era`)
  Downloaded windows_i686_msvc v0.52.6 (registry `era`)
  Downloaded windows_x86_64_gnu v0.52.6 (registry `era`)
  Downloaded windows_aarch64_msvc v0.53.0 (registry `era`)
  Downloaded windows_x86_64_msvc v0.53.0 (registry `era`)
  Downloaded glob v0.3.3 (registry `era`)
  Downloaded termcolor v1.4.1 (registry `era`)
  Downloaded autocfg v1.5.0 (registry `era`)
  Downloaded log v0.4.27 (registry `era`)
  Downloaded rand_core v0.6.4 (registry `era`)
  Downloaded ryu v1.0.20 (registry `era`)
  Downloaded serde_derive v1.0.219 (registry `era`)
  Downloaded is-terminal v0.4.16 (registry `era`)
  Downloaded windows-targets v0.52.6 (registry `era`)
  Downloaded quickcheck_macros v1.1.0 (registry `era`)
  Downloaded rstest_reuse v0.7.0 (registry `era`)
  Downloaded windows-sys v0.59.0 (registry `era`)
  Downloaded windows-sys v0.60.2 (registry `era`)

Exit: 0
Timed out: False
