Command: rustup run 1.61.0 cargo test --locked --offline --test max_size test_vec_edge_cases -- --nocapture --test-threads=1
Started: 2026-09-24T00:24:16.130934+00:00
STDOUT:

running 1 test
test test_vec_edge_cases ... FAILED

failures:

failures:
    test_vec_edge_cases

test result: FAILED. 0 passed; 1 failed; 0 ignored; 0 measured; 3 filtered out; finished in 0.00s


STDERR:
   Compiling postcard-cobs v0.1.5-pre
   Compiling postcard-derive v0.1.0 (/home/runner/work/_temp/upstream/postcard-derive)
   Compiling postcard v0.7.3 (/home/runner/work/_temp/upstream)
    Finished test [unoptimized + debuginfo] target(s) in 0.96s
     Running tests/max_size.rs (/home/runner/work/_temp/build-20260924T002226Z-a31317a6/debug/deps/max_size-d8786a65578249ea)
thread 'main' panicked at 'assertion failed: `(left == right)`
  left: `0`,
 right: `1`', tests/max_size.rs:56:9
note: run with `RUST_BACKTRACE=1` environment variable to display a backtrace
error: test failed, to rerun pass '--test max_size'

Exit: 101
Timed out: False
