Command: rustup run 1.96.0 cargo fetch --locked
Started: 2026-09-25T17:33:41.662647+00:00
STDOUT:

STDERR:
warning: `/home/runner/work/_temp/upstream/.cargo/config` is deprecated in favor of `config.toml`
  |
  = help: if you need to support cargo 1.38 or earlier, you can symlink `config` to `config.toml`
 Downloading crates ...
  Downloaded num-conv v0.2.2 (registry `era`)
  Downloaded equivalent v1.0.2 (registry `era`)
  Downloaded toml_writer v1.1.1+spec-1.1.0 (registry `era`)
  Downloaded termcolor v1.4.1 (registry `era`)
  Downloaded serde v1.0.228 (registry `era`)
  Downloaded winapi-util v0.1.11 (registry `era`)
  Downloaded autocfg v1.5.1 (registry `era`)
  Downloaded num-traits v0.2.19 (registry `era`)
  Downloaded ciborium-io v0.2.2 (registry `era`)
  Downloaded rand v0.10.1 (registry `era`)
  Downloaded find-msvc-tools v0.1.9 (registry `era`)
  Downloaded ciborium v0.2.2 (registry `era`)
  Downloaded alloca v0.4.0 (registry `era`)
  Downloaded crunchy v0.2.4 (registry `era`)
  Downloaded clap_lex v1.1.0 (registry `era`)
  Downloaded either v1.16.0 (registry `era`)
  Downloaded id-arena v2.3.0 (registry `era`)
  Downloaded futures-task v0.3.32 (registry `era`)
  Downloaded cast v0.3.0 (registry `era`)
  Downloaded same-file v1.0.6 (registry `era`)
  Downloaded anes v0.1.6 (registry `era`)
  Downloaded anstyle v1.0.14 (registry `era`)
  Downloaded walkdir v2.5.0 (registry `era`)
  Downloaded tinytemplate v1.2.1 (registry `era`)
  Downloaded cc v1.2.63 (registry `era`)
  Downloaded wit-bindgen v0.57.1 (registry `era`)
  Downloaded wasm-bindgen-macro-support v0.2.123 (registry `era`)
  Downloaded itertools v0.13.0 (registry `era`)
  Downloaded js-sys v0.3.100 (registry `era`)
  Downloaded clap_builder v4.6.0 (registry `era`)
  Downloaded zerocopy v0.8.52 (registry `era`)
  Downloaded futures-util v0.3.32 (registry `era`)
  Downloaded aho-corasick v1.1.4 (registry `era`)
  Downloaded criterion v0.8.2 (registry `era`)
  Downloaded wasip2 v1.0.3+wasi-0.2.9 (registry `era`)
  Downloaded wasmparser v0.244.0 (registry `era`)
  Downloaded hashbrown v0.15.5 (registry `era`)
  Downloaded wit-component v0.244.0 (registry `era`)
  Downloaded rand v0.9.4 (registry `era`)
  Downloaded wasip3 v0.4.0+wasi-0.3.0-rc-2026-01-06 (registry `era`)
  Downloaded zerocopy-derive v0.8.52 (registry `era`)
  Downloaded regex-syntax v0.8.11 (registry `era`)
  Downloaded syn v2.0.117 (registry `era`)
  Downloaded bumpalo v3.20.3 (registry `era`)
  Downloaded wasm-bindgen v0.2.123 (registry `era`)
  Downloaded wasm-encoder v0.244.0 (registry `era`)
  Downloaded rand v0.8.6 (registry `era`)
  Downloaded r-efi v6.0.0 (registry `era`)
  Downloaded wit-bindgen-rust v0.51.0 (registry `era`)
  Downloaded wit-bindgen v0.51.0 (registry `era`)
  Downloaded proc-macro2 v1.0.106 (registry `era`)
  Downloaded bitflags v2.13.0 (registry `era`)
  Downloaded rstest_macros v0.26.1 (registry `era`)
  Downloaded unicode-ident v1.0.24 (registry `era`)
  Downloaded serde_derive v1.0.228 (registry `era`)
  Downloaded half v2.7.1 (registry `era`)
  Downloaded regex-automata v0.4.14 (registry `era`)
  Downloaded once_cell v1.21.4 (registry `era`)
  Downloaded prettyplease v0.2.37 (registry `era`)
  Downloaded wit-bindgen-core v0.51.0 (registry `era`)
  Downloaded getrandom v0.4.2 (registry `era`)
  Downloaded semver v1.0.28 (registry `era`)
  Downloaded deranged v0.5.8 (registry `era`)
  Downloaded pin-project-lite v0.2.17 (registry `era`)
  Downloaded libc v0.2.186 (registry `era`)
  Downloaded slab v0.4.12 (registry `era`)
  Downloaded rustversion v1.0.22 (registry `era`)
  Downloaded criterion-plot v0.8.2 (registry `era`)
  Downloaded quickcheck v1.1.0 (registry `era`)
  Downloaded wasm-metadata v0.244.0 (registry `era`)
  Downloaded anyhow v1.0.102 (registry `era`)
  Downloaded wasi v0.11.1+wasi-snapshot-preview1 (registry `era`)
  Downloaded getrandom v0.2.17 (registry `era`)
  Downloaded glob v0.3.3 (registry `era`)
  Downloaded clap v4.6.1 (registry `era`)
  Downloaded page_size v0.6.0 (registry `era`)
  Downloaded futures-core v0.3.32 (registry `era`)
  Downloaded powerfmt v0.2.0 (registry `era`)
  Downloaded rand_core v0.9.5 (registry `era`)
  Downloaded heck v0.5.0 (registry `era`)
  Downloaded rand_chacha v0.3.1 (registry `era`)
  Downloaded winapi v0.3.9 (registry `era`)
  Downloaded wasm-bindgen-macro v0.2.123 (registry `era`)
  Downloaded wasm-bindgen-shared v0.2.123 (registry `era`)
  Downloaded num_threads v0.1.7 (registry `era`)
  Downloaded quickcheck_macros v1.2.0 (registry `era`)
  Downloaded wit-parser v0.244.0 (registry `era`)
  Downloaded wit-bindgen-rust-macro v0.51.0 (registry `era`)
  Downloaded zmij v1.0.21 (registry `era`)
  Downloaded rstest_reuse v0.7.0 (registry `era`)
  Downloaded itoa v1.0.18 (registry `era`)
  Downloaded leb128fmt v0.1.0 (registry `era`)
  Downloaded rustc_version v0.4.1 (registry `era`)
  Downloaded serde_test2 v2.0.0 (registry `era`)
  Downloaded windows-link v0.2.1 (registry `era`)
  Downloaded quote v1.0.45 (registry `era`)
  Downloaded log v0.4.32 (registry `era`)
  Downloaded rand_core v0.10.1 (registry `era`)
  Downloaded relative-path v1.9.3 (registry `era`)
  Downloaded serde_core v1.0.228 (registry `era`)
  Downloaded shlex v2.0.1 (registry `era`)
  Downloaded unicode-xid v0.2.6 (registry `era`)
  Downloaded regex v1.12.4 (registry `era`)
  Downloaded ppv-lite86 v0.2.21 (registry `era`)
  Downloaded cfg-if v1.0.4 (registry `era`)
  Downloaded rand_core v0.6.4 (registry `era`)
  Downloaded toml_datetime v1.1.1+spec-1.1.0 (registry `era`)
  Downloaded rstest v0.26.1 (registry `era`)
  Downloaded ciborium-ll v0.2.2 (registry `era`)
  Downloaded oorandom v11.1.5 (registry `era`)
  Downloaded foldhash v0.1.5 (registry `era`)
  Downloaded serde_json v1.0.150 (registry `era`)
  Downloaded target-triple v1.0.0 (registry `era`)
  Downloaded memchr v2.8.2 (registry `era`)
  Downloaded winnow v1.0.3 (registry `era`)
  Downloaded hashbrown v0.17.1 (registry `era`)
  Downloaded toml_parser v1.1.2+spec-1.1.0 (registry `era`)
  Downloaded toml v1.1.2+spec-1.1.0 (registry `era`)
  Downloaded indexmap v2.14.0 (registry `era`)
  Downloaded serde_spanned v1.1.1 (registry `era`)
  Downloaded trybuild v1.0.116 (registry `era`)
  Downloaded windows-sys v0.61.2 (registry `era`)
  Downloaded winapi-x86_64-pc-windows-gnu v0.4.0 (registry `era`)
  Downloaded winapi-i686-pc-windows-gnu v0.4.0 (registry `era`)

Exit: 0
Timed out: False
