Command: rustup run 1.96.0 cargo check --locked --offline --tests -p time
Started: 2026-09-25T17:33:42.992580+00:00
STDOUT:

STDERR:
warning: `/home/runner/work/_temp/upstream/.cargo/config` is deprecated in favor of `config.toml`
  |
  = help: if you need to support cargo 1.38 or earlier, you can symlink `config` to `config.toml`
   Compiling proc-macro2 v1.0.106
   Compiling unicode-ident v1.0.24
   Compiling quote v1.0.45
   Compiling cfg-if v1.0.4
   Compiling libc v0.2.186
   Compiling zerocopy v0.8.52
   Compiling memchr v2.8.2
   Compiling serde_core v1.0.228
   Compiling semver v1.0.28
   Compiling rustc_version v0.4.1
   Compiling aho-corasick v1.1.4
   Compiling syn v2.0.117
   Compiling getrandom v0.2.17
   Compiling regex-syntax v0.8.11
   Compiling rand_core v0.6.4
   Compiling regex-automata v0.4.14
   Compiling ppv-lite86 v0.2.21
   Compiling rstest_macros v0.26.1
   Compiling zmij v1.0.21
   Compiling rand_chacha v0.3.1
   Compiling regex v1.12.4
   Compiling serde v1.0.228
   Compiling serde_json v1.0.150
   Compiling relative-path v1.9.3
   Compiling glob v0.3.3
   Compiling rand v0.8.6
   Compiling serde_derive v1.0.228
    Checking num-conv v0.2.2
    Checking itoa v1.0.18
    Checking deranged v0.5.8
    Checking time-core v0.1.8 (/home/runner/work/_temp/upstream/time-core)
    Checking powerfmt v0.2.0
    Checking rand_core v0.9.5
   Compiling time-macros v0.2.27 (/home/runner/work/_temp/upstream/time-macros)
    Checking rand v0.9.4
   Compiling rstest_reuse v0.7.0
    Checking serde_test2 v2.0.0
   Compiling quickcheck_macros v1.2.0
    Checking time v0.3.47 (/home/runner/work/_temp/upstream/time)
    Checking rstest v0.26.1
error: cannot find attribute `rstest` in this scope
  --> time/tests/integration/main.rs:25:3
   |
25 | #[rstest]
   |   ^^^^^^
   |
  --> /rustc/ac68faa20c58cbccd01ee7208bf3b6e93a7d7f96/library/core/src/macros/mod.rs:1750:4
   |
   = note: similarly named attribute macro `test` defined here
   |
   = note: `rstest` is in scope, but it is a crate, not an attribute
help: an attribute macro with a similar name exists
   |
25 - #[rstest]
25 + #[test]
   |

warning: unreachable statement
  --> time/tests/integration/main.rs:50:5
   |
42 | /     return if status.success() {
43 | |         Ok(())
44 | |     } else {
45 | |         Err(Box::new(Error(status)))
46 | |     };
   | |_____- any code following this expression is unreachable
...
50 | /     "Tests must be run with `--all-features`. Because the flag was not provided, `cargo test \
51 | |      --all-features` is run.";
   | |______________________________^ unreachable statement
   |
   = note: `-W unreachable-code` implied by `-W unused`
   = help: to override `-W unused` add `#[allow(unreachable_code)]`

warning: `time` (test "tests") generated 1 warning
error: could not compile `time` (test "tests") due to 1 previous error; 1 warning emitted

Exit: 101
Timed out: False
