Command: rustup run 1.77.2 cargo test --locked --offline --test decimal_tests it_converts_from_i128 -- --nocapture --test-threads=1
Started: 2026-09-24T00:57:53.444398+00:00
STDOUT:

running 1 test
test it_converts_from_i128 ... FAILED

failures:

failures:
    it_converts_from_i128

test result: FAILED. 0 passed; 1 failed; 0 ignored; 0 measured; 446 filtered out; finished in 0.00s


STDERR:
warning: Both `/home/runner/work/_temp/upstream/.cargo/config` and `/home/runner/work/_temp/upstream/.cargo/config.toml` exist. Using `/home/runner/work/_temp/upstream/.cargo/config`
   Compiling rust_decimal v1.35.0
   Compiling rust_decimal v1.35.0 (/home/runner/work/_temp/upstream)
   Compiling rust_decimal_macros v1.34.2
    Finished test [unoptimized + debuginfo] target(s) in 3.86s
     Running tests/decimal_tests.rs (/home/runner/work/_temp/build-20260924T005253Z-d60c76ad/debug/deps/decimal_tests-85f5c9ad3b301b8d)
thread 'it_converts_from_i128' panicked at src/decimal.rs:1993:24:
attempt to negate with overflow
note: run with `RUST_BACKTRACE=1` environment variable to display a backtrace
error: test failed, to rerun pass `--test decimal_tests`

Exit: 101
Timed out: False
