Command: rustup run 1.77.2 cargo check --locked --offline --tests
Started: 2026-09-24T00:57:11.408120+00:00
STDOUT:

STDERR:
warning: Both `/home/runner/work/_temp/upstream/.cargo/config` and `/home/runner/work/_temp/upstream/.cargo/config.toml` exist. Using `/home/runner/work/_temp/upstream/.cargo/config`
   Compiling proc-macro2 v1.0.79
   Compiling unicode-ident v1.0.12
   Compiling autocfg v1.2.0
   Compiling libc v0.2.153
   Compiling version_check v0.9.4
    Checking cfg-if v1.0.0
   Compiling serde v1.0.197
   Compiling typenum v1.17.0
   Compiling quote v1.0.36
   Compiling syn v2.0.58
   Compiling generic-array v0.14.7
    Checking tinyvec_macros v0.1.1
    Checking tinyvec v1.6.0
    Checking unicode-bidi v0.3.15
    Checking memchr v2.7.2
    Checking unicode-normalization v0.1.23
    Checking subtle v2.5.0
    Checking getrandom v0.2.14
    Checking pin-project-lite v0.2.14
    Checking rand_core v0.6.4
    Checking crypto-common v0.1.6
    Checking block-buffer v0.10.4
   Compiling slab v0.4.9
    Checking futures-core v0.3.30
    Checking digest v0.10.7
    Checking futures-sink v0.3.30
    Checking bytes v1.6.0
    Checking ppv-lite86 v0.2.17
    Checking once_cell v1.19.0
   Compiling lock_api v0.4.11
    Checking percent-encoding v2.3.1
    Checking rand_chacha v0.3.1
    Checking finl_unicode v1.2.0
   Compiling parking_lot_core v0.9.9
    Checking cpufeatures v0.2.12
    Checking sha2 v0.10.8
    Checking stringprep v0.1.4
    Checking rand v0.8.5
    Checking tracing-core v0.1.32
    Checking md-5 v0.10.6
    Checking hmac v0.12.1
    Checking socket2 v0.5.6
    Checking mio v0.8.11
    Checking num_cpus v1.16.0
   Compiling num-traits v0.2.18
   Compiling unicase v2.7.0
    Checking itoa v1.0.11
    Checking base64 v0.21.7
    Checking equivalent v1.0.1
    Checking futures-task v0.3.30
    Checking hashbrown v0.14.3
   Compiling serde_json v1.0.115
    Checking pin-utils v0.1.0
    Checking ryu v1.0.17
    Checking siphasher v0.3.11
   Compiling async-trait v0.1.79
    Checking byteorder v1.5.0
    Checking smallvec v1.13.2
    Checking fallible-iterator v0.2.0
    Checking scopeguard v1.2.0
    Checking indexmap v2.2.6
    Checking postgres-protocol v0.6.6
    Checking phf_shared v0.11.2
    Checking tracing v0.1.40
    Checking futures-channel v0.3.30
    Checking half v2.4.1
    Checking clap_lex v0.7.0
    Checking regex-syntax v0.8.3
    Checking either v1.10.0
    Checking anstyle v1.0.6
   Compiling rust_decimal v1.35.0
   Compiling semver v1.0.22
   Compiling serde_derive v1.0.197
   Compiling tokio-macros v2.2.0
   Compiling futures-macro v0.3.30
    Checking ciborium-io v0.2.2
   Compiling pulldown-cmark v0.9.6
    Checking winnow v0.5.40
    Checking tokio v1.37.0
    Checking futures-util v0.3.30
    Checking ciborium-ll v0.2.2
    Checking regex-automata v0.4.6
    Checking clap_builder v4.5.2
    Checking tokio-util v0.7.10
    Checking itertools v0.10.5
    Checking postgres-types v0.2.6
    Checking phf v0.11.2
    Checking parking_lot v0.12.1
    Checking form_urlencoded v1.2.1
    Checking idna v0.5.0
   Compiling arrayvec v0.7.4
   Compiling rust_decimal v1.35.0 (/home/runner/work/_temp/upstream)
    Checking same-file v1.0.6
    Checking whoami v1.5.1
    Checking cast v0.3.0
    Checking bitflags v2.5.0
    Checking log v0.4.21
    Checking criterion-plot v0.5.0
    Checking tokio-postgres v0.7.10
    Checking url v2.5.0
    Checking walkdir v2.5.0
    Checking toml_datetime v0.6.5
    Checking serde_spanned v0.6.5
    Checking ciborium v0.2.2
    Checking toml_edit v0.19.15
    Checking tinytemplate v1.2.1
    Checking clap v4.5.4
    Checking regex v1.10.4
    Checking csv-core v0.1.11
    Checking is-terminal v0.4.12
    Checking toml v0.7.8
    Checking futures-io v0.3.30
    Checking oorandom v11.1.3
    Checking anes v0.1.6
    Checking criterion v0.5.1
    Checking csv v1.3.0
    Checking futures v0.3.30
   Compiling rust_decimal_macros v1.34.2
    Checking postgres v0.19.7
    Checking bincode v1.3.3
    Checking version-sync v0.9.5
    Finished dev [unoptimized + debuginfo] target(s) in 15.02s

Exit: 0
Timed out: False
