Command: rustup run 1.60.0 cargo fetch --locked
Started: 2026-09-24T20:53:17.064107+00:00
STDOUT:

STDERR:
 Downloading crates ...
  Downloaded sharded-slab v0.1.4 (registry `era`)
  Downloaded pin-project-lite v0.2.9 (registry `era`)
  Downloaded matchers v0.1.0 (registry `era`)
  Downloaded scoped-tls v1.0.0 (registry `era`)
  Downloaded thread_local v1.1.4 (registry `era`)
  Downloaded unicode-xid v0.2.2 (registry `era`)
  Downloaded lazy_static v1.4.0 (registry `era`)
  Downloaded cfg-if v1.0.0 (registry `era`)
  Downloaded ansi_term v0.12.1 (registry `era`)
  Downloaded smallvec v1.8.0 (registry `era`)
  Downloaded quote v1.0.18 (registry `era`)
  Downloaded generator v0.7.0 (registry `era`)
  Downloaded rustversion v1.0.6 (registry `era`)
  Downloaded tracing-attributes v0.1.21 (registry `era`)
  Downloaded valuable v0.1.0 (registry `era`)
  Downloaded tracing-log v0.1.3 (registry `era`)
  Downloaded proc-macro2 v1.0.37 (registry `era`)
  Downloaded log v0.4.16 (registry `era`)
  Downloaded once_cell v1.10.0 (registry `era`)
  Downloaded tracing-core v0.1.26 (registry `era`)
  Downloaded cc v1.0.73 (registry `era`)
  Downloaded tracing v0.1.34 (registry `era`)
  Downloaded loom v0.5.4 (registry `era`)
  Downloaded regex-automata v0.1.10 (registry `era`)
  Downloaded serde v1.0.136 (registry `era`)
  Downloaded tracing-subscriber v0.3.11 (registry `era`)
  Downloaded regex v1.5.5 (registry `era`)
  Downloaded syn v1.0.91 (registry `era`)
  Downloaded regex-syntax v0.6.25 (registry `era`)
  Downloaded libc v0.2.124 (registry `era`)
  Downloaded serde_test v1.0.136 (registry `era`)
  Downloaded winapi v0.3.9 (registry `era`)
  Downloaded winapi-i686-pc-windows-gnu v0.4.0 (registry `era`)
  Downloaded winapi-x86_64-pc-windows-gnu v0.4.0 (registry `era`)

Exit: 0
Timed out: False
