Command: rustup run 1.85.0 cargo test --locked --offline --test test_bytes owned_into_vec -- --nocapture --test-threads=1
Started: 2026-09-24T20:55:54.164788+00:00
STDOUT:

running 1 test
test owned_into_vec ... FAILED

failures:

failures:
    owned_into_vec

test result: FAILED. 0 passed; 1 failed; 0 ignored; 0 measured; 108 filtered out; finished in 0.00s


STDERR:
warning: `/home/runner/work/_temp/upstream/.cargo/config` is deprecated in favor of `config.toml`
note: if you need to support cargo 1.38 or earlier, you can symlink `config` to `config.toml`
   Compiling bytes v1.10.0 (/home/runner/work/_temp/upstream)
    Finished `test` profile [unoptimized + debuginfo] target(s) in 1.17s
     Running tests/test_bytes.rs (/home/runner/work/_temp/build-20260924T205203Z-584bce34/debug/deps/test_bytes-c09f590af74fde91)

thread 'owned_into_vec' panicked at tests/test_bytes.rs:1632:5:
assertion `left == right` failed
  left: 0
 right: 1
note: run with `RUST_BACKTRACE=1` environment variable to display a backtrace
error: test failed, to rerun pass `--test test_bytes`

Exit: 101
Timed out: False
