Command: rustup run 1.34.2 cargo check --locked --tests
Started: 2026-09-25T17:27:29.535991+00:00
STDOUT:

STDERR:
   Compiling proc-macro2 v0.4.30
   Compiling unicode-xid v0.1.0
   Compiling libc v0.2.55
   Compiling syn v0.15.34
   Compiling cc v1.0.37
   Compiling autocfg v0.1.2
   Compiling failure_derive v0.1.5
   Compiling byteorder v1.3.1
   Compiling rustc-demangle v0.1.14
   Compiling cfg-if v0.1.9
   Compiling pkg-config v0.3.14
   Compiling rand_core v0.4.0
   Compiling either v1.5.2
   Compiling arrayvec v0.4.10
   Compiling crc32fast v1.2.0
   Compiling memchr v2.2.0
    Checking nodrop v0.1.13
   Compiling curl v0.4.21
   Compiling fixedbitset v0.1.9
    Checking lazy_static v1.3.0
   Compiling unicode-segmentation v1.3.0
   Compiling ryu v0.2.8
   Compiling remove_dir_all v0.5.1
    Checking memoffset v0.2.1
   Compiling serde v1.0.91
    Checking scopeguard v0.3.3
   Compiling openssl-probe v0.1.2
    Checking ucd-util v0.1.3
   Compiling regex v1.1.6
   Compiling multimap v0.4.0
   Compiling rayon-core v1.4.1
   Compiling num-traits v0.2.6
   Compiling rayon v1.0.3
    Checking unicode-width v0.1.5
    Checking itoa v0.4.4
    Checking utf8-ranges v1.0.2
    Checking same-file v1.0.4
    Checking cast v0.2.2
    Checking bitflags v1.0.4
   Compiling backtrace v0.3.18
   Compiling rand_chacha v0.1.1
   Compiling rand_pcg v0.1.2
   Compiling rand v0.6.5
   Compiling backtrace-sys v0.1.28
   Compiling miniz-sys v0.1.12
   Compiling log v0.4.6
   Compiling itertools v0.8.0
   Compiling rand_core v0.3.1
   Compiling rand_jitter v0.1.4
    Checking crossbeam-utils v0.2.2
   Compiling libz-sys v1.0.25
   Compiling openssl-sys v0.9.47
   Compiling curl-sys v0.4.18
    Checking thread_local v0.3.6
   Compiling petgraph v0.4.13
   Compiling heck v0.3.1
    Checking regex-syntax v0.6.6
    Checking textwrap v0.11.0
    Checking walkdir v2.2.7
   Compiling rand_hc v0.1.0
   Compiling rand_xorshift v0.1.1
   Compiling rand_isaac v0.1.1
error: failed to run custom build command for `openssl-sys v0.9.47`
process didn't exit successfully: `/home/runner/work/_temp/build-20260925T172657Z-47e4f021/debug/build/openssl-sys-91bfd3d9bfaa5271/build-script-main` (exit code: 101)
--- stdout
cargo:rustc-cfg=const_fn
cargo:rerun-if-env-changed=X86_64_UNKNOWN_LINUX_GNU_OPENSSL_LIB_DIR
X86_64_UNKNOWN_LINUX_GNU_OPENSSL_LIB_DIR unset
cargo:rerun-if-env-changed=OPENSSL_LIB_DIR
OPENSSL_LIB_DIR unset
cargo:rerun-if-env-changed=X86_64_UNKNOWN_LINUX_GNU_OPENSSL_INCLUDE_DIR
X86_64_UNKNOWN_LINUX_GNU_OPENSSL_INCLUDE_DIR unset
cargo:rerun-if-env-changed=OPENSSL_INCLUDE_DIR
OPENSSL_INCLUDE_DIR unset
cargo:rerun-if-env-changed=X86_64_UNKNOWN_LINUX_GNU_OPENSSL_DIR
X86_64_UNKNOWN_LINUX_GNU_OPENSSL_DIR unset
cargo:rerun-if-env-changed=OPENSSL_DIR
OPENSSL_DIR unset
cargo:rustc-link-lib=ssl
cargo:rustc-link-lib=crypto
OPT_LEVEL = Some("0")
TARGET = Some("x86_64-unknown-linux-gnu")
HOST = Some("x86_64-unknown-linux-gnu")
CC_x86_64-unknown-linux-gnu = None
CC_x86_64_unknown_linux_gnu = None
HOST_CC = None
CC = None
CFLAGS_x86_64-unknown-linux-gnu = None
CFLAGS_x86_64_unknown_linux_gnu = None
HOST_CFLAGS = None
CFLAGS = None
CRATE_CC_NO_DEFAULTS = None
DEBUG = Some("true")
CARGO_CFG_TARGET_FEATURE = Some("fxsr,sse,sse2")
running: "cc" "-O0" "-ffunction-sections" "-fdata-sections" "-fPIC" "-g" "-fno-omit-frame-pointer" "-m64" "-Wall" "-Wextra" "-E" "build/expando.c"
cargo:warning=build/expando.c:4:24: error: pasting "RUST_VERSION_OPENSSL_" and "(" does not give a valid preprocessing token
cargo:warning=    4 | #define VERSION2(n, v) RUST_VERSION_##n##_##v
cargo:warning=      |                        ^~~~~~~~~~~~~
cargo:warning=build/expando.c:5:23: note: in expansion of macro ‘VERSION2’
cargo:warning=    5 | #define VERSION(n, v) VERSION2(n, v)
cargo:warning=      |                       ^~~~~~~~
cargo:warning=build/expando.c:10:1: note: in expansion of macro ‘VERSION’
cargo:warning=   10 | VERSION(OPENSSL, OPENSSL_VERSION_NUMBER)
cargo:warning=      | ^~~~~~~
exit code: 1

--- stderr
thread 'main' panicked at '
Header expansion error:
Error { kind: ToolExecError, message: "Command \"cc\" \"-O0\" \"-ffunction-sections\" \"-fdata-sections\" \"-fPIC\" \"-g\" \"-fno-omit-frame-pointer\" \"-m64\" \"-Wall\" \"-Wextra\" \"-E\" \"build/expando.c\" with args \"cc\" did not execute successfully (status code exit code: 1)." }

Failed to find OpenSSL development headers.

You can try fixing this setting the `OPENSSL_DIR` environment variable
pointing to your OpenSSL installation or installing OpenSSL headers package
specific to your distribution:

    # On Ubuntu
    sudo apt-get install libssl-dev
    # On Arch Linux
    sudo pacman -S openssl
    # On Fedora
    sudo dnf install openssl-devel

See rust-openssl README for more information:

    https://github.com/sfackler/rust-openssl#linux
', /home/runner/.cargo/registry/src/127.0.0.1-6a9c99ba1818a266/openssl-sys-0.9.47/build/main.rs:126:13
note: Run with `RUST_BACKTRACE=1` environment variable to display a backtrace.

warning: build failed, waiting for other jobs to finish...
error: build failed

Exit: 101
Timed out: False
