Command: rustup run 1.97.1 cargo check --locked --offline --tests
Started: 2026-09-24T20:54:10.810882+00:00
STDOUT:

STDERR:
warning: `/home/runner/work/_temp/upstream/.cargo/config` is deprecated in favor of `config.toml`
  |
  = help: if you need to support cargo 1.38 or earlier, you can symlink `config` to `config.toml`
   Compiling proc-macro2 v1.0.107
   Compiling unicode-ident v1.0.24
   Compiling quote v1.0.47
   Compiling target-features v0.1.6
   Compiling serde_core v1.0.229
   Compiling zmij v1.0.23
   Compiling serde v1.0.229
   Compiling serde_json v1.0.151
   Compiling syn v2.0.119
   Compiling syn v3.0.3
    Checking core_detect v1.0.0
    Checking memchr v2.8.3
    Checking simdutf8 v0.1.5
   Compiling multiversion_no_op v1.0.0
    Checking cfg-if v1.0.4
    Checking itoa v1.0.18
    Checking bincode v1.3.3
   Compiling serde_derive v1.0.229
   Compiling multiversion-macros v0.8.0
    Checking multiversion v0.8.0
    Checking encoding_rs v0.8.35 (/home/runner/work/_temp/upstream)
    Finished `dev` profile [unoptimized + debuginfo] target(s) in 6.32s

Exit: 0
Timed out: False
