Command: rustup run 1.56.1 cargo test --locked --offline --test serde newtypes -- --nocapture --test-threads=1
Started: 2026-09-24T20:56:51.847813+00:00
STDOUT:

running 0 tests

test result: ok. 0 passed; 0 failed; 0 ignored; 0 measured; 0 filtered out; finished in 0.00s


STDERR:
   Compiling serde v1.0.130
   Compiling bstr v0.2.17
   Compiling serde_json v1.0.70
   Compiling serde_cbor v0.11.2
   Compiling kstring v1.0.6
   Compiling toml v0.5.8
   Compiling globset v0.4.8
   Compiling csv v1.1.6
   Compiling toml_edit v0.9.0 (/home/runner/work/_temp/upstream)
   Compiling tinytemplate v1.2.1
   Compiling toml-test v0.3.1
   Compiling ignore v0.4.18
   Compiling criterion v0.3.5
   Compiling toml-test-harness v0.3.0
    Finished test [optimized + debuginfo] target(s) in 47.96s
     Running tests/serde.rs (/home/runner/work/_temp/build-20260924T205327Z-bf3a2fa7/debug/deps/serde-ee142192e522e344)

Exit: 0
Timed out: False
