Command: rustup run 1.72.1 cargo test --locked --offline --lib nfa::thompson::backtrack::tests::max_haystack_len_overflow -- --exact --nocapture --test-threads=1
Started: 2026-09-24T20:51:15.133634+00:00
STDOUT:

running 0 tests

test result: ok. 0 passed; 0 failed; 0 ignored; 0 measured; 0 filtered out; finished in 0.00s


STDERR:
   Compiling memchr v2.6.3
   Compiling libc v0.2.148
   Compiling cfg-if v1.0.0
   Compiling serde v1.0.188
   Compiling equivalent v1.0.1
   Compiling hashbrown v0.14.1
   Compiling getrandom v0.2.10
   Compiling indexmap v2.0.2
   Compiling winnow v0.5.15
   Compiling rand_core v0.6.4
   Compiling rand v0.8.5
   Compiling anyhow v1.0.75
   Compiling toml_datetime v0.6.3
   Compiling serde_spanned v0.6.3
   Compiling toml_edit v0.19.15
   Compiling bstr v1.6.2
   Compiling atty v0.2.14
   Compiling aho-corasick v1.1.1
   Compiling regex-syntax v0.7.5 (/home/runner/work/_temp/upstream/regex-syntax)
   Compiling humantime v2.1.0
   Compiling toml v0.7.8
   Compiling termcolor v1.3.0
   Compiling log v0.4.20
   Compiling env_logger v0.9.3
   Compiling regex-automata v0.3.8 (/home/runner/work/_temp/upstream/regex-automata)
   Compiling regex-test v0.1.0 (/home/runner/work/_temp/upstream/regex-test)
   Compiling quickcheck v1.0.3
   Compiling doc-comment v0.3.3
   Compiling once_cell v1.18.0
   Compiling regex v1.9.5 (/home/runner/work/_temp/upstream)
    Finished test [optimized + debuginfo] target(s) in 30.06s
     Running unittests src/lib.rs (/home/runner/work/_temp/build-20260924T204701Z-ab4feea7/debug/deps/regex-e8c7921f9c7de769)

Exit: 0
Timed out: False
