Command: rustup run 1.72.1 cargo check --locked --offline --tests
Started: 2026-09-24T20:51:05.546471+00:00
STDOUT:

STDERR:
   Compiling proc-macro2 v1.0.67
   Compiling unicode-ident v1.0.12
   Compiling libc v0.2.148
   Compiling serde v1.0.188
    Checking memchr v2.6.3
    Checking equivalent v1.0.1
    Checking hashbrown v0.14.1
    Checking cfg-if v1.0.0
   Compiling anyhow v1.0.75
    Checking indexmap v2.0.2
   Compiling quote v1.0.33
   Compiling syn v2.0.37
    Checking getrandom v0.2.10
    Checking winnow v0.5.15
    Checking rand_core v0.6.4
    Checking aho-corasick v1.1.1
    Checking regex-syntax v0.7.5 (/home/runner/work/_temp/upstream/regex-syntax)
   Compiling doc-comment v0.3.3
    Checking rand v0.8.5
    Checking atty v0.2.14
    Checking log v0.4.20
    Checking termcolor v1.3.0
    Checking humantime v2.1.0
    Checking quickcheck v1.0.3
    Checking env_logger v0.9.3
    Checking once_cell v1.18.0
    Checking regex-automata v0.3.8 (/home/runner/work/_temp/upstream/regex-automata)
   Compiling serde_derive v1.0.188
    Checking regex v1.9.5 (/home/runner/work/_temp/upstream)
    Checking serde_spanned v0.6.3
    Checking toml_datetime v0.6.3
    Checking bstr v1.6.2
    Checking toml_edit v0.19.15
    Checking toml v0.7.8
    Checking regex-test v0.1.0 (/home/runner/work/_temp/upstream/regex-test)
    Finished dev [optimized + debuginfo] target(s) in 9.37s

Exit: 0
Timed out: False
