Command: rustup run 1.90.0 cargo fetch --locked
Started: 2026-09-23T22:56:13.918995+00:00
STDOUT:

STDERR:
warning: both `/home/runner/work/_temp/upstream/.cargo/config` and `/home/runner/work/_temp/upstream/.cargo/config.toml` exist. Using `/home/runner/work/_temp/upstream/.cargo/config`
 Downloading crates ...
  Downloaded pin-project-lite v0.2.16 (registry `era`)
  Downloaded proc-macro2 v1.0.101 (registry `era`)
  Downloaded tokio-macros v2.5.0 (registry `era`)
  Downloaded rand_xorshift v0.4.0 (registry `era`)
  Downloaded slab v0.4.11 (registry `era`)
  Downloaded unicode-ident v1.0.19 (registry `era`)
  Downloaded cfg-if v1.0.3 (registry `era`)
  Downloaded windows-targets v0.52.6 (registry `era`)
  Downloaded fnv v1.0.7 (registry `era`)
  Downloaded adler2 v2.0.1 (registry `era`)
  Downloaded unarray v0.1.4 (registry `era`)
  Downloaded errno v0.3.14 (registry `era`)
  Downloaded quote v1.0.41 (registry `era`)
  Downloaded lazy_static v1.5.0 (registry `era`)
  Downloaded dummy-waker v1.1.0 (registry `era`)
  Downloaded futures-sink v0.3.31 (registry `era`)
  Downloaded pin-utils v0.1.0 (registry `era`)
  Downloaded futures-io v0.3.31 (registry `era`)
  Downloaded windows-targets v0.53.4 (registry `era`)
  Downloaded futures-task v0.3.31 (registry `era`)
  Downloaded quick-error v1.2.3 (registry `era`)
  Downloaded wait-timeout v0.2.1 (registry `era`)
  Downloaded structmeta v0.2.0 (registry `era`)
  Downloaded fastrand v2.3.0 (registry `era`)
  Downloaded futures-core v0.3.31 (registry `era`)
  Downloaded futures-macro v0.3.31 (registry `era`)
  Downloaded wasi v0.11.1+wasi-snapshot-preview1 (registry `era`)
  Downloaded windows-link v0.2.0 (registry `era`)
  Downloaded structmeta-derive v0.2.0 (registry `era`)
  Downloaded rustc-demangle v0.1.26 (registry `era`)
  Downloaded rusty-fork v0.3.0 (registry `era`)
  Downloaded bit-set v0.8.0 (registry `era`)
  Downloaded futures-executor v0.3.31 (registry `era`)
  Downloaded futures-channel v0.3.31 (registry `era`)
  Downloaded bit-vec v0.8.0 (registry `era`)
  Downloaded mio v1.0.4 (registry `era`)
  Downloaded autocfg v1.5.0 (registry `era`)
  Downloaded once_cell v1.21.3 (registry `era`)
  Downloaded addr2line v0.24.2 (registry `era`)
  Downloaded test-strategy v0.3.1 (registry `era`)
  Downloaded tempfile v3.23.0 (registry `era`)
  Downloaded ppv-lite86 v0.2.21 (registry `era`)
  Downloaded num-traits v0.2.19 (registry `era`)
  Downloaded anyhow v1.0.100 (registry `era`)
  Downloaded bytes v1.10.1 (registry `era`)
  Downloaded futures v0.3.31 (registry `era`)
  Downloaded memchr v2.7.6 (registry `era`)
  Downloaded rand v0.9.2 (registry `era`)
  Downloaded backtrace v0.3.74 (registry `era`)
  Downloaded io-uring v0.7.10 (registry `era`)
  Downloaded zerocopy-derive v0.8.27 (registry `era`)
  Downloaded miniz_oxide v0.8.9 (registry `era`)
  Downloaded futures-util v0.3.31 (registry `era`)
  Downloaded wasi v0.14.4+wasi-0.2.4 (registry `era`)
  Downloaded r-efi v5.3.0 (registry `era`)
  Downloaded proptest v1.7.0 (registry `era`)
  Downloaded wit-bindgen v0.45.1 (registry `era`)
  Downloaded getrandom v0.3.3 (registry `era`)
  Downloaded bitflags v2.9.4 (registry `era`)
  Downloaded zerocopy v0.8.27 (registry `era`)
  Downloaded syn v2.0.106 (registry `era`)
  Downloaded gimli v0.31.1 (registry `era`)
  Downloaded rand_chacha v0.9.0 (registry `era`)
  Downloaded object v0.36.7 (registry `era`)
  Downloaded rand_core v0.9.3 (registry `era`)
  Downloaded regex-syntax v0.8.6 (registry `era`)
  Downloaded rustix v1.1.2 (registry `era`)
  Downloaded windows_aarch64_gnullvm v0.52.6 (registry `era`)
  Downloaded windows_i686_gnullvm v0.52.6 (registry `era`)
  Downloaded windows_x86_64_gnullvm v0.52.6 (registry `era`)
  Downloaded windows_aarch64_gnullvm v0.53.0 (registry `era`)
  Downloaded libc v0.2.176 (registry `era`)
  Downloaded tokio v1.47.1 (registry `era`)
  Downloaded windows_x86_64_gnullvm v0.53.0 (registry `era`)
  Downloaded windows_x86_64_msvc v0.52.6 (registry `era`)
  Downloaded windows_x86_64_msvc v0.53.0 (registry `era`)
  Downloaded windows_i686_gnullvm v0.53.0 (registry `era`)
  Downloaded windows_i686_msvc v0.53.0 (registry `era`)
  Downloaded windows_aarch64_msvc v0.53.0 (registry `era`)
  Downloaded windows_i686_gnu v0.53.0 (registry `era`)
  Downloaded windows_x86_64_gnu v0.53.0 (registry `era`)
  Downloaded windows_i686_msvc v0.52.6 (registry `era`)
  Downloaded windows_i686_gnu v0.52.6 (registry `era`)
  Downloaded windows_x86_64_gnu v0.52.6 (registry `era`)
  Downloaded windows_aarch64_msvc v0.52.6 (registry `era`)
  Downloaded windows-sys v0.59.0 (registry `era`)
  Downloaded linux-raw-sys v0.11.0 (registry `era`)
  Downloaded windows-sys v0.60.2 (registry `era`)

Exit: 0
Timed out: False
