Command: rustup run 1.90.0 cargo check --locked --offline --tests
Started: 2026-09-23T22:56:14.697799+00:00
STDOUT:

STDERR:
warning: both `/home/runner/work/_temp/upstream/.cargo/config` and `/home/runner/work/_temp/upstream/.cargo/config.toml` exist. Using `/home/runner/work/_temp/upstream/.cargo/config`
   Compiling proc-macro2 v1.0.101
   Compiling unicode-ident v1.0.19
   Compiling quote v1.0.41
   Compiling libc v0.2.176
   Compiling getrandom v0.3.3
    Checking cfg-if v1.0.3
   Compiling rustix v1.1.2
   Compiling zerocopy v0.8.27
    Checking futures-sink v0.3.31
    Checking bitflags v2.9.4
    Checking linux-raw-sys v0.11.0
   Compiling syn v2.0.106
    Checking futures-core v0.3.31
   Compiling autocfg v1.5.0
    Checking pin-project-lite v0.2.16
    Checking futures-channel v0.3.31
    Checking rand_core v0.9.3
   Compiling num-traits v0.2.19
    Checking slab v0.4.11
    Checking fastrand v2.3.0
    Checking once_cell v1.21.3
    Checking futures-task v0.3.31
    Checking pin-utils v0.1.0
    Checking memchr v2.7.6
    Checking futures-io v0.3.31
    Checking wait-timeout v0.2.1
   Compiling anyhow v1.0.100
    Checking tempfile v3.23.0
    Checking quick-error v1.2.3
    Checking fnv v1.0.7
    Checking bytes v1.10.1
    Checking bit-vec v0.8.0
    Checking bit-set v0.8.0
    Checking ppv-lite86 v0.2.21
    Checking rusty-fork v0.3.0
    Checking rand_xorshift v0.4.0
    Checking rand v0.9.2
    Checking rand_chacha v0.9.0
    Checking lazy_static v1.5.0
    Checking unarray v0.1.4
    Checking regex-syntax v0.8.6
    Checking dummy-waker v1.1.0
    Checking buf-list v1.0.3 (/home/runner/work/_temp/upstream)
    Checking proptest v1.7.0
   Compiling futures-macro v0.3.31
   Compiling structmeta-derive v0.2.0
   Compiling tokio-macros v2.5.0
    Checking tokio v1.47.1
    Checking futures-util v0.3.31
   Compiling structmeta v0.2.0
   Compiling test-strategy v0.3.1
    Checking futures-executor v0.3.31
    Checking futures v0.3.31
    Finished `dev` profile [unoptimized + debuginfo] target(s) in 4.92s

Exit: 0
Timed out: False
