Command: rustup run 1.56.1 cargo test --locked --offline --test test_edit test_format_array -- --nocapture --test-threads=1
Started: 2026-09-24T20:56:52.916167+00:00
STDOUT:

running 1 test
test test_format_array ... FAILED

failures:

failures:
    test_format_array

test result: FAILED. 0 passed; 1 failed; 0 ignored; 0 measured; 24 filtered out; finished in 0.00s


STDERR:
   Compiling serde v1.0.130
   Compiling bstr v0.2.17
   Compiling serde_json v1.0.72
   Compiling serde_cbor v0.11.2
   Compiling kstring v1.0.6
   Compiling toml v0.5.8
   Compiling globset v0.4.8
   Compiling csv v1.1.6
   Compiling toml_edit v0.9.1 (/home/runner/work/_temp/upstream)
   Compiling tinytemplate v1.2.1
   Compiling toml-test v0.3.1
   Compiling ignore v0.4.18
   Compiling criterion v0.3.5
   Compiling toml-test-harness v0.3.0
    Finished test [optimized + debuginfo] target(s) in 48.08s
     Running tests/test_edit.rs (/home/runner/work/_temp/build-20260924T205329Z-cecf4a1e/debug/deps/test_edit-1397aae42f761af4)
thread 'main' panicked at 'assertion failed: `(left == right)`

[1mDiff[0m [31m< left[0m / [32mright >[0m :
 
[31m<    a = [1, "2", 3.0][0m
[32m>    a = [1, "2", 3.0,[0m
[32m>    ][0m
     

', tests/test_edit.rs:57:9
note: run with `RUST_BACKTRACE=1` environment variable to display a backtrace
error: test failed, to rerun pass '--test test_edit'

Exit: 101
Timed out: False
