Command: rustup run 1.56.1 cargo test --locked --offline --test test_edit test_format_array -- --nocapture --test-threads=1
Started: 2026-09-24T20:57:41.253406+00:00
STDOUT:

running 1 test
test test_format_array ... ok

test result: ok. 1 passed; 0 failed; 0 ignored; 0 measured; 24 filtered out; finished in 0.00s


STDERR:
   Compiling serde v1.0.130
   Compiling bstr v0.2.17
   Compiling serde_json v1.0.72
   Compiling kstring v1.0.6
   Compiling serde_cbor v0.11.2
   Compiling toml v0.5.8
   Compiling toml_edit v0.9.1 (/home/runner/work/_temp/upstream)
   Compiling globset v0.4.8
   Compiling csv v1.1.6
   Compiling tinytemplate v1.2.1
   Compiling toml-test v0.3.1
   Compiling ignore v0.4.18
   Compiling criterion v0.3.5
   Compiling toml-test-harness v0.3.0
    Finished test [optimized + debuginfo] target(s) in 45.41s
     Running tests/test_edit.rs (/home/runner/work/_temp/build-20260924T205329Z-cecf4a1e/debug/deps/test_edit-1397aae42f761af4)

Exit: 0
Timed out: False
