Command: rustup run 1.56.1 cargo fetch --locked
Started: 2026-09-24T20:54:53.835425+00:00
STDOUT:

STDERR:
 Downloading crates ...
  Downloaded itoa v0.4.8 (registry `era`)
  Downloaded ryu v1.0.5 (registry `era`)
  Downloaded fnv v1.0.7 (registry `era`)
  Downloaded diff v0.1.12 (registry `era`)
  Downloaded maybe-uninit v2.0.0 (registry `era`)
  Downloaded atty v0.2.14 (registry `era`)
  Downloaded version_check v0.9.3 (registry `era`)
  Downloaded serde v1.0.130 (registry `era`)
  Downloaded include_dir_impl v0.6.2 (registry `era`)
  Downloaded same-file v1.0.6 (registry `era`)
  Downloaded cfg-if v0.1.10 (registry `era`)
  Downloaded either v1.6.1 (registry `era`)
  Downloaded thread_local v1.1.3 (registry `era`)
  Downloaded hermit-abi v0.1.19 (registry `era`)
  Downloaded cfg-if v1.0.0 (registry `era`)
  Downloaded winapi-util v0.1.5 (registry `era`)
  Downloaded glob v0.3.0 (registry `era`)
  Downloaded serde_derive v1.0.130 (registry `era`)
  Downloaded criterion-plot v0.4.4 (registry `era`)
  Downloaded wasi v0.10.0+wasi-snapshot-preview1 (registry `era`)
  Downloaded semver v1.0.4 (registry `era`)
  Downloaded wasm-bindgen-backend v0.2.78 (registry `era`)
  Downloaded quote v1.0.10 (registry `era`)
  Downloaded output_vt100 v0.1.2 (registry `era`)
  Downloaded memoffset v0.6.4 (registry `era`)
  Downloaded oorandom v11.1.3 (registry `era`)
  Downloaded wasm-bindgen-shared v0.2.78 (registry `era`)
  Downloaded proc-macro-error-attr v1.0.4 (registry `era`)
  Downloaded ansi_term v0.12.1 (registry `era`)
  Downloaded autocfg v1.0.1 (registry `era`)
  Downloaded lazy_static v1.4.0 (registry `era`)
  Downloaded serde_json v1.0.72 (registry `era`)
  Downloaded cast v0.2.7 (registry `era`)
  Downloaded wasm-bindgen-macro v0.2.78 (registry `era`)
  Downloaded heck v0.3.3 (registry `era`)
  Downloaded scopeguard v1.1.0 (registry `era`)
  Downloaded strsim v0.8.0 (registry `era`)
  Downloaded ctor v0.1.21 (registry `era`)
  Downloaded anyhow v1.0.48 (registry `era`)
  Downloaded include_dir v0.6.2 (registry `era`)
  Downloaded proc-macro2 v1.0.32 (registry `era`)
  Downloaded tinytemplate v1.2.1 (registry `era`)
  Downloaded proc-macro-error v1.0.4 (registry `era`)
  Downloaded crossbeam-utils v0.8.5 (registry `era`)
  Downloaded crossbeam-epoch v0.9.5 (registry `era`)
  Downloaded rustc_version v0.4.0 (registry `era`)
  Downloaded bitflags v1.3.2 (registry `era`)
  Downloaded plotters-backend v0.3.2 (registry `era`)
  Downloaded vec_map v0.8.2 (registry `era`)
  Downloaded num_cpus v1.13.0 (registry `era`)
  Downloaded proc-macro-hack v0.5.19 (registry `era`)
  Downloaded textwrap v0.11.0 (registry `era`)
  Downloaded unicode-width v0.1.9 (registry `era`)
  Downloaded structopt-derive v0.4.18 (registry `era`)
  Downloaded time v0.1.44 (registry `era`)
  Downloaded once_cell v1.8.0 (registry `era`)
  Downloaded num-traits v0.2.14 (registry `era`)
  Downloaded toml-test v0.3.1 (registry `era`)
  Downloaded toml v0.5.8 (registry `era`)
  Downloaded indexmap v1.7.0 (registry `era`)
  Downloaded unicode-xid v0.2.2 (registry `era`)
  Downloaded kstring v1.0.6 (registry `era`)
  Downloaded crossbeam-deque v0.8.1 (registry `era`)
  Downloaded plotters-svg v0.3.1 (registry `era`)
  Downloaded termcolor v1.1.2 (registry `era`)
  Downloaded csv-core v0.1.10 (registry `era`)
  Downloaded walkdir v2.3.2 (registry `era`)
  Downloaded num-integer v0.1.44 (registry `era`)
  Downloaded ignore v0.4.18 (registry `era`)
  Downloaded wasm-bindgen-macro-support v0.2.78 (registry `era`)
  Downloaded ansi_term v0.11.0 (registry `era`)
  Downloaded log v0.4.14 (registry `era`)
  Downloaded globset v0.4.8 (registry `era`)
  Downloaded structopt v0.3.25 (registry `era`)
  Downloaded toml-test-harness v0.3.0 (registry `era`)
  Downloaded bytes v1.1.0 (registry `era`)
  Downloaded half v1.8.2 (registry `era`)
  Downloaded js-sys v0.3.55 (registry `era`)
  Downloaded serde_cbor v0.11.2 (registry `era`)
  Downloaded rayon-core v1.9.1 (registry `era`)
  Downloaded crossbeam-utils v0.7.2 (registry `era`)
  Downloaded memchr v2.4.1 (registry `era`)
  Downloaded crossbeam-channel v0.5.1 (registry `era`)
  Downloaded libtest-mimic v0.3.0 (registry `era`)
  Downloaded pretty_assertions v1.0.0 (registry `era`)
  Downloaded crossbeam-channel v0.4.4 (registry `era`)
  Downloaded criterion v0.3.5 (registry `era`)
  Downloaded bumpalo v3.8.0 (registry `era`)
  Downloaded regex-automata v0.1.10 (registry `era`)
  Downloaded toml-test-data v1.0.0 (registry `era`)
  Downloaded unicode-segmentation v1.8.0 (registry `era`)
  Downloaded hashbrown v0.11.2 (registry `era`)
  Downloaded itertools v0.10.1 (registry `era`)
  Downloaded aho-corasick v0.7.18 (registry `era`)
  Downloaded chrono v0.4.19 (registry `era`)
  Downloaded rayon v1.5.1 (registry `era`)
  Downloaded combine v4.6.2 (registry `era`)
  Downloaded wasm-bindgen v0.2.78 (registry `era`)
  Downloaded clap v2.33.3 (registry `era`)
  Downloaded syn v1.0.82 (registry `era`)
  Downloaded regex v1.5.4 (registry `era`)
  Downloaded regex-syntax v0.6.25 (registry `era`)
  Downloaded bstr v0.2.17 (registry `era`)
  Downloaded libc v0.2.108 (registry `era`)
  Downloaded web-sys v0.3.55 (registry `era`)
  Downloaded csv v1.1.6 (registry `era`)
  Downloaded winapi v0.3.9 (registry `era`)
  Downloaded winapi-x86_64-pc-windows-gnu v0.4.0 (registry `era`)
  Downloaded winapi-i686-pc-windows-gnu v0.4.0 (registry `era`)
  Downloaded plotters v0.3.1 (registry `era`)

Exit: 0
Timed out: False
