Command: rustup run 1.45.2 cargo test --locked --offline --lib de::test_heapless::bytes -- --exact --nocapture --test-threads=1
Started: 2026-09-24T00:52:53.522538+00:00
STDOUT:

running 1 test
test de::test_heapless::bytes ... ok

test result: ok. 1 passed; 0 failed; 0 ignored; 0 measured; 30 filtered out


STDERR:
   Compiling stable_deref_trait v1.2.0
   Compiling postcard-cobs v0.1.5-pre
   Compiling typenum v1.12.0
   Compiling byteorder v1.3.4
   Compiling serde v1.0.114
   Compiling hash32 v0.1.1
   Compiling generic-array v0.13.2
   Compiling generic-array v0.12.3
   Compiling as-slice v0.1.3
   Compiling heapless v0.5.5
   Compiling postcard v0.5.0 (/home/runner/work/_temp/upstream)
    Finished test [unoptimized + debuginfo] target(s) in 4.78s
     Running /home/runner/work/_temp/build-20260924T005156Z-3fae3fe0/debug/deps/postcard-5e08fbeec5c97913

Exit: 0
Timed out: False
