Command: rustup run 1.45.2 cargo check --locked --offline --tests
Started: 2026-09-24T00:52:42.442934+00:00
STDOUT:

STDERR:
   Compiling proc-macro2 v1.0.19
   Compiling unicode-xid v0.2.1
   Compiling typenum v1.12.0
   Compiling syn v1.0.36
   Compiling serde_derive v1.0.114
   Compiling byteorder v1.3.4
   Compiling serde v1.0.114
    Checking stable_deref_trait v1.2.0
   Compiling heapless v0.5.5
    Checking postcard-cobs v0.1.5-pre
    Checking hash32 v0.1.1
   Compiling quote v1.0.7
    Checking generic-array v0.13.2
    Checking generic-array v0.12.3
    Checking as-slice v0.1.3
    Checking postcard v0.5.0 (/home/runner/work/_temp/upstream)
    Finished dev [unoptimized + debuginfo] target(s) in 10.73s

Exit: 0
Timed out: False
