Command: rustup run 1.92.0 cargo check --locked --offline --tests
Started: 2026-09-24T01:04:00.005437+00:00
STDOUT:

STDERR:
warning: `/home/runner/work/_temp/upstream/.cargo/config` is deprecated in favor of `config.toml`
  |
  = help: if you need to support cargo 1.38 or earlier, you can symlink `config` to `config.toml`
   Compiling proc-macro2 v1.0.103
   Compiling unicode-ident v1.0.22
   Compiling autocfg v1.5.0
   Compiling quote v1.0.42
    Checking cfg-if v1.0.4
   Compiling libc v0.2.178
   Compiling num-traits v0.2.19
   Compiling zerocopy v0.8.31
   Compiling getrandom v0.3.4
   Compiling serde_core v1.0.228
   Compiling syn v2.0.111
   Compiling crossbeam-utils v0.8.21
    Checking num-integer v0.1.46
   Compiling num-bigint v0.2.6
   Compiling rustix v1.1.2
   Compiling serde v1.0.228
    Checking crossbeam-epoch v0.9.18
    Checking rand_core v0.9.3
   Compiling num-rational v0.2.4
   Compiling num-complex v0.2.4
   Compiling serde_json v1.0.145
    Checking linux-raw-sys v0.11.0
    Checking either v1.15.0
   Compiling rayon-core v1.13.0
    Checking regex-syntax v0.8.8
    Checking bitflags v2.10.0
    Checking crossbeam-deque v0.8.6
    Checking ryu v1.0.20
    Checking once_cell v1.21.3
    Checking memchr v2.7.6
    Checking clap_lex v0.7.6
    Checking itoa v1.0.15
    Checking plotters-backend v0.3.7
    Checking fastrand v2.3.0
    Checking ciborium-io v0.2.2
    Checking anstyle v1.0.13
    Checking plotters-svg v0.3.7
    Checking tempfile v3.23.0
    Checking clap_builder v4.5.53
    Checking regex-automata v0.4.13
    Checking itertools v0.13.0
    Checking num-iter v0.1.45
    Checking wait-timeout v0.2.1
    Checking bit-vec v0.8.0
    Checking fnv v1.0.7
    Checking same-file v1.0.6
    Checking quick-error v1.2.3
    Checking cast v0.3.0
    Checking bit-set v0.8.0
    Checking rusty-fork v0.3.1
    Checking walkdir v2.5.0
    Checking regex v1.12.2
    Checking num v0.2.1
    Checking clap v4.5.53
    Checking rayon v1.11.0
   Compiling zerocopy-derive v0.8.31
   Compiling serde_derive v1.0.228
   Compiling structmeta-derive v0.3.0
   Compiling structmeta v0.3.0
   Compiling derive-ex v0.1.8
    Checking criterion-plot v0.6.0
    Checking plotters v0.3.7
    Checking rand_xorshift v0.4.0
    Checking oorandom v11.1.5
    Checking anes v0.1.6
    Checking half v2.7.1
    Checking ppv-lite86 v0.2.21
    Checking ciborium-ll v0.2.2
    Checking rand_chacha v0.9.0
    Checking lazy_static v1.5.0
    Checking semver v1.0.27
    Checking unarray v0.1.4
    Checking iana-time-zone v0.1.64
    Checking chrono v0.4.42
    Checking rand v0.9.2
    Checking rustc_version v0.4.1
   Compiling test-strategy v0.4.3
    Checking ciborium v0.2.2
    Checking tinytemplate v1.2.1
    Checking proptest v1.8.0
    Checking criterion v0.7.0
    Checking permutator v0.4.3
    Checking rangemap v1.7.0 (/home/runner/work/_temp/upstream)
    Finished `dev` profile [unoptimized + debuginfo] target(s) in 12.85s

Exit: 0
Timed out: False
