Command: rustup run 1.31.0 cargo test --locked --lib atof::api::tests::atof64_base10_test -- --exact --nocapture --test-threads=1
Started: 2026-09-24T20:45:41.098603+00:00
STDOUT:

running 0 tests

test result: ok. 0 passed; 0 failed; 0 ignored; 0 measured; 2 filtered out


STDERR:
   Compiling void v1.0.2
   Compiling static_assertions v0.2.5
   Compiling cfg-if v0.1.6
   Compiling lazy_static v1.2.0
   Compiling dtoa v0.4.3
   Compiling bencher v0.1.5
   Compiling itoa v0.4.3
   Compiling unreachable v1.0.0
   Compiling ryu v0.2.7
   Compiling num-traits v0.2.6
   Compiling stackvector v1.0.1
   Compiling lexical-core v0.1.3 (/home/runner/work/_temp/upstream/lexical-core)
   Compiling approx v0.3.1
   Compiling lexical v1.8.2 (/home/runner/work/_temp/upstream)
    Finished dev [unoptimized + debuginfo] target(s) in 3.48s
     Running /home/runner/work/_temp/build-20260924T204500Z-1c46386b/debug/deps/lexical-b2f017e633fa1d92

Exit: 0
Timed out: False
