Command: rustup run 1.31.0 cargo check --locked --tests
Started: 2026-09-24T20:45:37.852866+00:00
STDOUT:

STDERR:
    Checking void v1.0.2
   Compiling ryu v0.2.7
   Compiling num-traits v0.2.6
    Checking cfg-if v0.1.6
    Checking static_assertions v0.2.5
    Checking itoa v0.4.3
    Checking lazy_static v1.2.0
    Checking bencher v0.1.5
    Checking dtoa v0.4.3
    Checking unreachable v1.0.0
    Checking stackvector v1.0.1
    Checking lexical-core v0.1.3 (/home/runner/work/_temp/upstream/lexical-core)
    Checking approx v0.3.1
    Checking lexical v1.8.2 (/home/runner/work/_temp/upstream)
    Finished dev [unoptimized + debuginfo] target(s) in 2.84s

Exit: 0
Timed out: False
