Command: rustup run 1.57.0 cargo test --locked --offline --test serde error_includes_key -- --nocapture --test-threads=1
Started: 2026-09-24T23:24:24.584269+00:00
STDOUT:

running 0 tests

test result: ok. 0 passed; 0 failed; 0 ignored; 0 measured; 0 filtered out; finished in 0.00s


STDERR:
   Compiling serde v1.0.132
   Compiling bstr v0.2.17
   Compiling serde_json v1.0.73
   Compiling kstring v1.0.6
   Compiling serde_cbor v0.11.2
   Compiling toml v0.5.8
   Compiling toml_edit v0.12.1 (/home/runner/work/_temp/upstream)
   Compiling globset v0.4.8
   Compiling csv v1.1.6
   Compiling toml-test v0.3.1
   Compiling tinytemplate v1.2.1
   Compiling ignore v0.4.18
   Compiling criterion v0.3.5
   Compiling fs_snapshot v0.1.1
   Compiling toml-test-harness v0.3.0
    Finished test [optimized + debuginfo] target(s) in 46.34s
     Running tests/serde.rs (/home/runner/work/_temp/build-20260924T232054Z-fec4248a/debug/deps/serde-52f8a2d307ab9d28)

Exit: 0
Timed out: False
