Command: rustup run 1.91.1 cargo check --locked --offline --tests
Started: 2026-09-24T20:59:10.598818+00:00
STDOUT:

STDERR:
warning: `/home/runner/work/_temp/upstream/.cargo/config` is deprecated in favor of `config.toml`
note: if you need to support cargo 1.38 or earlier, you can symlink `config` to `config.toml`
   Compiling proc-macro2 v1.0.103
   Compiling quote v1.0.42
   Compiling unicode-ident v1.0.22
   Compiling libc v0.2.177
   Compiling getrandom v0.3.4
   Compiling anyhow v1.0.100
   Compiling either v1.15.0
   Compiling rustix v1.1.2
   Compiling itertools v0.14.0
   Compiling syn v2.0.110
   Compiling prettyplease v0.2.37
   Compiling log v0.4.28
   Compiling equivalent v1.0.2
   Compiling linux-raw-sys v0.11.0
   Compiling cfg-if v1.0.4
   Compiling hashbrown v0.16.0
   Compiling foldhash v0.1.5
   Compiling bytes v1.11.0
   Compiling bitflags v2.10.0
   Compiling regex-syntax v0.8.8
   Compiling indexmap v2.12.0
   Compiling hashbrown v0.15.5
   Compiling fixedbitset v0.5.7
   Compiling once_cell v1.21.3
   Compiling fastrand v2.3.0
   Compiling regex-automata v0.4.13
   Compiling tempfile v3.23.0
   Compiling petgraph v0.8.3
   Compiling multimap v0.10.1
   Compiling regex v1.12.2
   Compiling heck v0.5.0
   Compiling prost-derive v0.14.1 (/home/runner/work/_temp/upstream/prost-derive)
   Compiling env_filter v0.1.4
   Compiling env_logger v0.11.8
    Checking memchr v2.7.6
   Compiling jobserver v0.1.34
   Compiling shlex v1.3.0
   Compiling zerocopy v0.8.27
   Compiling find-msvc-tools v0.1.5
   Compiling cc v1.2.46
   Compiling prost v0.14.1 (/home/runner/work/_temp/upstream/prost)
   Compiling prost-types v0.14.1 (/home/runner/work/_temp/upstream/prost-types)
   Compiling zerocopy-derive v0.8.27
   Compiling prost-build v0.14.1 (/home/runner/work/_temp/upstream/prost-build)
   Compiling cmake v0.1.54
   Compiling pulldown-cmark v0.13.0
   Compiling protobuf v0.0.0 (/home/runner/work/_temp/upstream/protobuf)
    Checking unicase v2.8.1
   Compiling serde_core v1.0.228
error: failed to run custom build command for `protobuf v0.0.0 (/home/runner/work/_temp/upstream/protobuf)`

Caused by:
  process didn't exit successfully: `/home/runner/work/_temp/build-20260924T205316Z-58d0c62a/debug/build/protobuf-9337ff823da80394/build-script-build` (exit status: 1)
  --- stderr
  Error: protobuf sources are not checked out; Try `git submodule update --init --recursive`
warning: build failed, waiting for other jobs to finish...

Exit: 101
Timed out: False
