Command: rustup run 1.79.0 cargo test --locked --offline --lib test_punycode_invalid_encoding -- --exact --nocapture --test-threads=1
Started: 2026-09-24T20:55:47.186514+00:00
STDOUT:

running 0 tests

test result: ok. 0 passed; 0 failed; 0 ignored; 0 measured; 0 filtered out; finished in 0.00s


running 0 tests

test result: ok. 0 passed; 0 failed; 0 ignored; 0 measured; 0 filtered out; finished in 0.00s


running 0 tests

test result: ok. 0 passed; 0 failed; 0 ignored; 0 measured; 1 filtered out; finished in 0.00s


running 0 tests

test result: ok. 0 passed; 0 failed; 0 ignored; 0 measured; 0 filtered out; finished in 0.00s


running 0 tests

test result: ok. 0 passed; 0 failed; 0 ignored; 0 measured; 1 filtered out; finished in 0.00s


STDERR:
warning: `/home/runner/work/_temp/upstream/.cargo/config` is deprecated in favor of `config.toml`
note: if you need to support cargo 1.38 or earlier, you can symlink `config` to `config.toml`
warning: /home/runner/work/_temp/upstream/url_debug_tests/Cargo.toml: no edition set: defaulting to the 2015 edition while the latest is 2021
   Compiling idna v1.0.0 (/home/runner/work/_temp/upstream/idna)
   Compiling url v2.5.1 (/home/runner/work/_temp/upstream/url)
    Finished `test` profile [unoptimized + debuginfo] target(s) in 0.68s
     Running unittests src/lib.rs (/home/runner/work/_temp/build-20260924T204912Z-d94f5dfe/debug/deps/data_url-1df18a5b1171ba24)
     Running unittests src/lib.rs (/home/runner/work/_temp/build-20260924T204912Z-d94f5dfe/debug/deps/form_urlencoded-ffc480bd3c1ace60)
     Running unittests src/lib.rs (/home/runner/work/_temp/build-20260924T204912Z-d94f5dfe/debug/deps/idna-df045f9ee1925e1a)
     Running unittests src/lib.rs (/home/runner/work/_temp/build-20260924T204912Z-d94f5dfe/debug/deps/percent_encoding-02ce9d6259810935)
     Running unittests src/lib.rs (/home/runner/work/_temp/build-20260924T204912Z-d94f5dfe/debug/deps/url-4b8993ab6e70123c)

Exit: 0
Timed out: False
