Command: rustup run 1.79.0 cargo fetch --locked
Started: 2026-09-24T20:55:28.645960+00:00
STDOUT:

STDERR:
warning: `/home/runner/work/_temp/upstream/.cargo/config` is deprecated in favor of `config.toml`
note: if you need to support cargo 1.38 or earlier, you can symlink `config` to `config.toml`
warning: /home/runner/work/_temp/upstream/url_debug_tests/Cargo.toml: no edition set: defaulting to the 2015 edition while the latest is 2021
 Downloading crates ...
  Downloaded wasm-bindgen-futures v0.4.42 (registry `era`)
  Downloaded wasm-bindgen-test-macro v0.3.42 (registry `era`)
  Downloaded icu_provider v1.5.0 (registry `era`)
  Downloaded dirs-next v2.0.0 (registry `era`)
  Downloaded quote v1.0.36 (registry `era`)
  Downloaded unicode-ident v1.0.12 (registry `era`)
  Downloaded wasi v0.11.0+wasi-snapshot-preview1 (registry `era`)
  Downloaded wasm-bindgen-test v0.3.42 (registry `era`)
  Downloaded serde v1.0.203 (registry `era`)
  Downloaded bumpalo v3.16.0 (registry `era`)
  Downloaded proc-macro2 v1.0.85 (registry `era`)
  Downloaded syn v2.0.66 (registry `era`)
  Downloaded scoped-tls v1.0.1 (registry `era`)
  Downloaded icu_locid v1.5.0 (registry `era`)
  Downloaded synstructure v0.13.1 (registry `era`)
  Downloaded anyhow v1.0.86 (registry `era`)
  Downloaded icu_normalizer_data v1.5.0 (registry `era`)
  Downloaded memchr v2.7.4 (registry `era`)
  Downloaded utf16_iter v1.0.5 (registry `era`)
  Downloaded debugger_test_parser v0.1.3 (registry `era`)
  Downloaded zerofrom v0.1.4 (registry `era`)
  Downloaded icu_normalizer v1.5.0 (registry `era`)
  Downloaded icu_locid_transform v1.5.0 (registry `era`)
  Downloaded yoke-derive v0.7.4 (registry `era`)
  Downloaded thiserror-impl v1.0.61 (registry `era`)
  Downloaded icu_properties_data v1.5.0 (registry `era`)
  Downloaded bencher v0.1.5 (registry `era`)
  Downloaded debugger_test v0.1.5 (registry `era`)
  Downloaded aho-corasick v1.1.3 (registry `era`)
  Downloaded litemap v0.7.3 (registry `era`)
  Downloaded once_cell v1.19.0 (registry `era`)
  Downloaded regex v1.10.5 (registry `era`)
  Downloaded regex-syntax v0.8.4 (registry `era`)
  Downloaded zerovec v0.10.2 (registry `era`)
  Downloaded syn v1.0.109 (registry `era`)
  Downloaded zerofrom-derive v0.1.4 (registry `era`)
  Downloaded log v0.4.21 (registry `era`)
  Downloaded getopts v0.2.21 (registry `era`)
  Downloaded hermit-abi v0.3.9 (registry `era`)
  Downloaded libredox v0.1.3 (registry `era`)
  Downloaded unicode-width v0.1.13 (registry `era`)
  Downloaded regex-automata v0.4.7 (registry `era`)
  Downloaded libc v0.2.155 (registry `era`)
  Downloaded console_error_panic_hook v0.1.7 (registry `era`)
  Downloaded wasm-bindgen-macro v0.2.92 (registry `era`)
  Downloaded stable_deref_trait v1.2.0 (registry `era`)
  Downloaded winapi v0.3.9 (registry `era`)
  Downloaded redox_users v0.4.5 (registry `era`)
  Downloaded tester v0.9.1 (registry `era`)
  Downloaded utf8_iter v1.0.4 (registry `era`)
  Downloaded cfg-if v1.0.0 (registry `era`)
  Downloaded rustversion v1.0.17 (registry `era`)
  Downloaded itoa v1.0.11 (registry `era`)
  Downloaded serde_json v1.0.117 (registry `era`)
  Downloaded wasm-bindgen-backend v0.2.92 (registry `era`)
  Downloaded winapi-i686-pc-windows-gnu v0.4.0 (registry `era`)
  Downloaded winapi-x86_64-pc-windows-gnu v0.4.0 (registry `era`)
  Downloaded smallvec v1.13.2 (registry `era`)
  Downloaded displaydoc v0.2.4 (registry `era`)
  Downloaded zerovec-derive v0.10.2 (registry `era`)
  Downloaded dirs-sys-next v0.1.2 (registry `era`)
  Downloaded term v0.7.0 (registry `era`)
  Downloaded wasm-bindgen-shared v0.2.92 (registry `era`)
  Downloaded icu_provider_macros v1.5.0 (registry `era`)
  Downloaded icu_properties v1.5.0 (registry `era`)
  Downloaded serde_derive v1.0.203 (registry `era`)
  Downloaded thiserror v1.0.61 (registry `era`)
  Downloaded ryu v1.0.18 (registry `era`)
  Downloaded assert_matches v1.5.0 (registry `era`)
  Downloaded getrandom v0.2.15 (registry `era`)
  Downloaded bitflags v2.5.0 (registry `era`)
  Downloaded wasm-bindgen-macro-support v0.2.92 (registry `era`)
  Downloaded write16 v1.0.0 (registry `era`)
  Downloaded num_cpus v1.16.0 (registry `era`)
  Downloaded writeable v0.5.5 (registry `era`)
  Downloaded yoke v0.7.4 (registry `era`)
  Downloaded js-sys v0.3.69 (registry `era`)
  Downloaded icu_collections v1.5.0 (registry `era`)
  Downloaded icu_locid_transform_data v1.5.0 (registry `era`)
  Downloaded wasm-bindgen v0.2.92 (registry `era`)
  Downloaded tinystr v0.7.6 (registry `era`)
  Downloaded web-sys v0.3.69 (registry `era`)

Exit: 0
Timed out: False
