Command: rustup run 1.79.0 cargo check --locked --offline --tests
Started: 2026-09-24T20:55:30.017862+00:00
STDOUT:

STDERR:
warning: `/home/runner/work/_temp/upstream/.cargo/config` is deprecated in favor of `config.toml`
note: if you need to support cargo 1.38 or earlier, you can symlink `config` to `config.toml`
warning: /home/runner/work/_temp/upstream/url_debug_tests/Cargo.toml: no edition set: defaulting to the 2015 edition while the latest is 2021
   Compiling proc-macro2 v1.0.85
   Compiling unicode-ident v1.0.12
    Checking stable_deref_trait v1.2.0
    Checking litemap v0.7.3
    Checking writeable v0.5.5
   Compiling libc v0.2.155
    Checking icu_locid_transform_data v1.5.0
   Compiling serde v1.0.203
    Checking icu_properties_data v1.5.0
    Checking icu_normalizer_data v1.5.0
    Checking utf16_iter v1.0.5
   Compiling serde_json v1.0.117
    Checking smallvec v1.13.2
    Checking utf8_iter v1.0.4
    Checking write16 v1.0.0
    Checking ryu v1.0.18
    Checking itoa v1.0.11
    Checking cfg-if v1.0.0
    Checking unicode-width v0.1.13
    Checking bencher v0.1.5
   Compiling quote v1.0.36
    Checking getopts v0.2.21
   Compiling syn v2.0.66
    Checking dirs-sys-next v0.1.2
    Checking num_cpus v1.16.0
    Checking dirs-next v2.0.0
    Checking term v0.7.0
    Checking percent-encoding v2.3.1 (/home/runner/work/_temp/upstream/percent_encoding)
    Checking assert_matches v1.5.0
    Checking data-url v0.3.1 (/home/runner/work/_temp/upstream/data-url)
    Checking form_urlencoded v1.2.1 (/home/runner/work/_temp/upstream/form_urlencoded)
    Checking tester v0.9.1
   Compiling synstructure v0.13.1
   Compiling zerofrom-derive v0.1.4
   Compiling yoke-derive v0.7.4
   Compiling zerovec-derive v0.10.2
   Compiling displaydoc v0.2.4
   Compiling icu_provider_macros v1.5.0
   Compiling serde_derive v1.0.203
    Checking zerofrom v0.1.4
    Checking yoke v0.7.4
    Checking zerovec v0.10.2
    Checking tinystr v0.7.6
    Checking icu_collections v1.5.0
    Checking icu_locid v1.5.0
    Checking icu_provider v1.5.0
    Checking icu_locid_transform v1.5.0
    Checking icu_properties v1.5.0
    Checking icu_normalizer v1.5.0
    Checking idna v1.0.0 (/home/runner/work/_temp/upstream/idna)
    Checking url v2.5.1 (/home/runner/work/_temp/upstream/url)
    Finished `dev` profile [unoptimized + debuginfo] target(s) in 9.71s

Exit: 0
Timed out: False
