Command: rustup run 1.93.1 cargo fetch --locked
Started: 2026-09-24T00:36:09.224227+00:00
STDOUT:

STDERR:
warning: both `/home/runner/work/_temp/upstream/.cargo/config` and `/home/runner/work/_temp/upstream/.cargo/config.toml` exist. Using `/home/runner/work/_temp/upstream/.cargo/config`
 Downloading crates ...
  Downloaded lazy_static v1.5.0 (registry `era`)
  Downloaded colorchoice v1.0.4 (registry `era`)
  Downloaded getrandom v0.3.4 (registry `era`)
  Downloaded arbitrary v1.4.2 (registry `era`)
  Downloaded erased-serde v0.4.9 (registry `era`)
  Downloaded aho-corasick v1.1.4 (registry `era`)
  Downloaded serde_json v1.0.149 (registry `era`)
  Downloaded r-efi v5.3.0 (registry `era`)
  Downloaded lexarg v0.0.2 (registry `era`)
  Downloaded serde_core v1.0.228 (registry `era`)
  Downloaded cc v1.2.55 (registry `era`)
  Downloaded autocfg v1.5.0 (registry `era`)
  Downloaded either v1.15.0 (registry `era`)
  Downloaded quick-error v1.2.3 (registry `era`)
  Downloaded rand_xorshift v0.4.0 (registry `era`)
  Downloaded bitflags v2.10.0 (registry `era`)
  Downloaded toml-test v2.0.4 (registry `era`)
  Downloaded foldhash v0.2.0 (registry `era`)
  Downloaded libtest-json v0.0.2 (registry `era`)
  Downloaded libtest2-harness v0.0.3 (registry `era`)
  Downloaded same-file v1.0.6 (registry `era`)
  Downloaded log v0.4.29 (registry `era`)
  Downloaded walkdir v2.5.0 (registry `era`)
  Downloaded bit-set v0.8.0 (registry `era`)
  Downloaded snapbox-macros v0.4.0 (registry `era`)
  Downloaded rand_chacha v0.9.0 (registry `era`)
  Downloaded unicode-ident v1.0.23 (registry `era`)
  Downloaded anstyle v1.0.13 (registry `era`)
  Downloaded memchr v2.8.0 (registry `era`)
  Downloaded typeid v1.0.3 (registry `era`)
  Downloaded lexarg-parser v0.0.2 (registry `era`)
  Downloaded crossbeam-epoch v0.9.18 (registry `era`)
  Downloaded wait-timeout v0.2.1 (registry `era`)
  Downloaded tempfile v3.25.0 (registry `era`)
  Downloaded normalize-line-endings v0.3.0 (registry `era`)
  Downloaded itoa v1.0.17 (registry `era`)
  Downloaded serde_derive v1.0.228 (registry `era`)
  Downloaded libfuzzer-sys v0.4.12 (registry `era`)
  Downloaded libtest-lexarg v0.0.3 (registry `era`)
  Downloaded globset v0.4.18 (registry `era`)
  Downloaded regex-syntax v0.8.9 (registry `era`)
  Downloaded fnv v1.0.7 (registry `era`)
  Downloaded proptest v1.8.0 (registry `era`)
  Downloaded windows_x86_64_gnu v0.53.1 (registry `era`)
  Downloaded include_dir_macros v0.7.4 (registry `era`)
  Downloaded anstyle-wincon v3.0.11 (registry `era`)
  Downloaded proc-macro2 v1.0.106 (registry `era`)
  Downloaded syn v2.0.115 (registry `era`)
  Downloaded serde-untagged v0.1.9 (registry `era`)
  Downloaded crossbeam-utils v0.8.21 (registry `era`)
  Downloaded condtype v1.3.0 (registry `era`)
  Downloaded anstyle-parse v0.2.7 (registry `era`)
  Downloaded snapbox v0.6.24 (registry `era`)
  Downloaded itertools v0.14.0 (registry `era`)
  Downloaded hashbrown v0.16.1 (registry `era`)
  Downloaded divan v0.1.16 (registry `era`)
  Downloaded chrono v0.4.43 (registry `era`)
  Downloaded clap v4.5.58 (registry `era`)
  Downloaded bstr v1.12.1 (registry `era`)
  Downloaded jobserver v0.1.34 (registry `era`)
  Downloaded windows_aarch64_gnullvm v0.53.1 (registry `era`)
  Downloaded divan-macros v0.1.16 (registry `era`)
  Downloaded find-msvc-tools v0.1.9 (registry `era`)
  Downloaded regex-automata v0.4.14 (registry `era`)
  Downloaded shlex v1.3.0 (registry `era`)
  Downloaded windows_aarch64_msvc v0.53.1 (registry `era`)
  Downloaded windows_x86_64_gnullvm v0.53.1 (registry `era`)
  Downloaded ryu v1.0.23 (registry `era`)
  Downloaded clap_lex v1.0.0 (registry `era`)
  Downloaded clap_builder v4.5.58 (registry `era`)
  Downloaded libc v0.2.181 (registry `era`)
  Downloaded zmij v1.0.21 (registry `era`)
  Downloaded terminal_size v0.4.3 (registry `era`)
  Downloaded libtest2-mimic v0.0.4 (registry `era`)
  Downloaded num-traits v0.2.19 (registry `era`)
  Downloaded ppv-lite86 v0.2.21 (registry `era`)
  Downloaded windows-sys v0.60.2 (registry `era`)
  Downloaded fastrand v2.3.0 (registry `era`)
  Downloaded once_cell v1.21.3 (registry `era`)
  Downloaded utf8parse v0.2.2 (registry `era`)
  Downloaded toml v0.5.11 (registry `era`)
  Downloaded ignore v0.4.25 (registry `era`)
  Downloaded lexarg-error v0.0.2 (registry `era`)
  Downloaded windows_x86_64_msvc v0.53.1 (registry `era`)
  Downloaded windows_i686_msvc v0.53.1 (registry `era`)
  Downloaded include_dir v0.7.4 (registry `era`)
  Downloaded cfg-if v1.0.4 (registry `era`)
  Downloaded unarray v0.1.4 (registry `era`)
  Downloaded crossbeam-deque v0.8.6 (registry `era`)
  Downloaded rand v0.9.2 (registry `era`)
  Downloaded zerocopy-derive v0.8.39 (registry `era`)
  Downloaded rand_core v0.9.5 (registry `era`)
  Downloaded wasip2 v1.0.2+wasi-0.2.9 (registry `era`)
  Downloaded is_terminal_polyfill v1.70.2 (registry `era`)
  Downloaded windows_i686_gnullvm v0.53.1 (registry `era`)
  Downloaded windows-targets v0.53.5 (registry `era`)
  Downloaded winapi-util v0.1.11 (registry `era`)
  Downloaded regex-lite v0.1.9 (registry `era`)
  Downloaded lexopt v0.3.1 (registry `era`)
  Downloaded windows-sys v0.61.2 (registry `era`)
  Downloaded json-write v0.0.2 (registry `era`)
  Downloaded equivalent v1.0.2 (registry `era`)
  Downloaded toml-test-harness v1.4.0 (registry `era`)
  Downloaded anstream v0.6.21 (registry `era`)
  Downloaded indexmap v2.11.4 (registry `era`)
  Downloaded toml-test-data v2.4.0 (registry `era`)
  Downloaded linux-raw-sys v0.11.0 (registry `era`)
  Downloaded errno v0.3.14 (registry `era`)
  Downloaded anstyle-query v1.1.5 (registry `era`)
  Downloaded once_cell_polyfill v1.70.2 (registry `era`)
  Downloaded bit-vec v0.8.0 (registry `era`)
  Downloaded zerocopy v0.8.39 (registry `era`)
  Downloaded rustix v1.1.3 (registry `era`)
  Downloaded hashbrown v0.12.3 (registry `era`)
  Downloaded windows-link v0.2.1 (registry `era`)
  Downloaded wit-bindgen v0.51.0 (registry `era`)
  Downloaded similar v2.7.0 (registry `era`)
  Downloaded indexmap v1.9.3 (registry `era`)
  Downloaded quote v1.0.44 (registry `era`)
  Downloaded serde v1.0.228 (registry `era`)
  Downloaded rusty-fork v0.3.1 (registry `era`)
  Downloaded windows_i686_gnu v0.53.1 (registry `era`)
  Downloaded winnow v0.7.14 (registry `era`)

Exit: 0
Timed out: False
