Command: rustup run 1.50.0 cargo test --locked --offline --lib map::tests::replace_at_end_of_existing_range_should_coalesce -- --exact --nocapture --test-threads=1
Started: 2026-09-24T00:25:22.421797+00:00
STDOUT:

running 1 test
test map::tests::replace_at_end_of_existing_range_should_coalesce ... FAILED

failures:

failures:
    map::tests::replace_at_end_of_existing_range_should_coalesce

test result: FAILED. 0 passed; 1 failed; 0 ignored; 0 measured; 85 filtered out; finished in 0.00s


STDERR:
   Compiling rangemap v0.1.8 (/home/runner/work/_temp/upstream)
    Finished test [unoptimized + debuginfo] target(s) in 1.50s
     Running /home/runner/work/_temp/build-20260924T002352Z-fba4b13c/debug/deps/rangemap-1ffdb05c4c1ce835
thread 'main' panicked at 'assertion failed: `(left == right)`
  left: `[(1..3, false), (3..5, false)]`,
 right: `[(1..5, false)]`', src/map.rs:607:9
note: run with `RUST_BACKTRACE=1` environment variable to display a backtrace
error: test failed, to rerun pass '--lib'

Exit: 101
Timed out: False
