Command: rustup run 1.50.0 cargo test --locked --offline --lib map::tests::replace_at_end_of_existing_range_should_coalesce -- --exact --nocapture --test-threads=1
Started: 2026-09-24T00:25:08.476718+00:00
STDOUT:

running 1 test
test map::tests::replace_at_end_of_existing_range_should_coalesce ... ok

test result: ok. 1 passed; 0 failed; 0 ignored; 0 measured; 85 filtered out; finished in 0.00s


STDERR:
   Compiling rand_core v0.4.2
   Compiling lazy_static v1.4.0
   Compiling cfg-if v1.0.0
   Compiling byteorder v1.4.2
   Compiling scopeguard v1.1.0
   Compiling itoa v0.4.7
   Compiling either v1.6.1
   Compiling unicode-width v0.1.8
   Compiling same-file v1.0.6
   Compiling rand_core v0.3.1
   Compiling rand_jitter v0.1.4
   Compiling itertools v0.8.2
   Compiling libc v0.2.86
   Compiling serde v1.0.123
   Compiling memchr v2.3.4
   Compiling ryu v1.0.5
   Compiling bitflags v1.2.1
   Compiling textwrap v0.11.0
   Compiling regex-automata v0.1.9
   Compiling walkdir v2.3.1
   Compiling rand_isaac v0.1.1
   Compiling rand_xorshift v0.1.1
   Compiling rand_xoshiro v0.1.0
   Compiling rand_hc v0.1.0
   Compiling num-traits v0.2.14
   Compiling crossbeam-utils v0.8.2
   Compiling memoffset v0.6.1
   Compiling rand_chacha v0.1.1
   Compiling rand_pcg v0.1.2
   Compiling csv-core v0.1.10
   Compiling num_cpus v1.13.0
   Compiling rand_os v0.1.3
   Compiling atty v0.2.14
   Compiling time v0.1.44
   Compiling clap v2.33.3
   Compiling crossbeam-epoch v0.9.2
   Compiling crossbeam-channel v0.5.0
   Compiling num-integer v0.1.44
   Compiling num-complex v0.2.4
   Compiling rand v0.6.5
   Compiling crossbeam-deque v0.8.0
   Compiling bstr v0.2.15
   Compiling serde_json v1.0.62
   Compiling cast v0.2.3
   Compiling num-bigint v0.2.6
   Compiling num-iter v0.1.42
   Compiling chrono v0.4.19
   Compiling rayon-core v1.9.0
   Compiling csv v1.1.5
   Compiling tinytemplate v1.2.0
   Compiling criterion-plot v0.3.1
   Compiling num-rational v0.2.4
   Compiling rayon v1.5.0
   Compiling num v0.2.1
   Compiling permutator v0.3.3
   Compiling criterion v0.2.11
   Compiling rangemap v0.1.8 (/home/runner/work/_temp/upstream)
    Finished test [unoptimized + debuginfo] target(s) in 13.89s
     Running /home/runner/work/_temp/build-20260924T002352Z-fba4b13c/debug/deps/rangemap-1ffdb05c4c1ce835

Exit: 0
Timed out: False
