Command: rustup run 1.50.0 cargo check --locked --offline --tests
Started: 2026-09-24T00:24:54.511068+00:00
STDOUT:

STDERR:
   Compiling autocfg v1.0.1
    Checking rand_core v0.4.2
   Compiling libc v0.2.86
   Compiling autocfg v0.1.7
    Checking lazy_static v1.4.0
   Compiling serde v1.0.123
   Compiling semver-parser v0.7.0
    Checking cfg-if v1.0.0
   Compiling proc-macro2 v1.0.24
   Compiling memchr v2.3.4
    Checking byteorder v1.4.2
   Compiling ryu v1.0.5
   Compiling unicode-xid v0.2.1
   Compiling rayon-core v1.9.0
    Checking scopeguard v1.1.0
    Checking either v1.6.1
   Compiling syn v1.0.60
   Compiling bitflags v1.2.1
    Checking itoa v0.4.7
   Compiling serde_json v1.0.62
   Compiling serde_derive v1.0.123
    Checking unicode-width v0.1.8
    Checking same-file v1.0.6
    Checking rand_core v0.3.1
    Checking rand_jitter v0.1.4
   Compiling rand_chacha v0.1.1
   Compiling rand_pcg v0.1.2
   Compiling rand v0.6.5
   Compiling num-traits v0.2.14
   Compiling crossbeam-utils v0.8.2
   Compiling num-integer v0.1.44
   Compiling memoffset v0.6.1
   Compiling num-bigint v0.2.6
   Compiling num-rational v0.2.4
   Compiling num-complex v0.2.4
   Compiling num-iter v0.1.42
   Compiling rayon v1.5.0
   Compiling semver v0.9.0
    Checking regex-automata v0.1.9
    Checking itertools v0.8.2
    Checking textwrap v0.11.0
    Checking walkdir v2.3.1
    Checking rand_xoshiro v0.1.0
    Checking rand_isaac v0.1.1
    Checking rand_hc v0.1.0
    Checking rand_xorshift v0.1.1
   Compiling rustc_version v0.2.3
    Checking num_cpus v1.13.0
    Checking rand_os v0.1.3
    Checking time v0.1.44
    Checking atty v0.2.14
    Checking csv-core v0.1.10
    Checking clap v2.33.3
   Compiling quote v1.0.9
   Compiling cast v0.2.3
    Checking crossbeam-epoch v0.9.2
    Checking crossbeam-channel v0.5.0
    Checking crossbeam-deque v0.8.0
    Checking bstr v0.2.15
    Checking chrono v0.4.19
    Checking csv v1.1.5
    Checking tinytemplate v1.2.0
    Checking criterion-plot v0.3.1
    Checking num v0.2.1
    Checking permutator v0.3.3
    Checking criterion v0.2.11
    Checking rangemap v0.1.8 (/home/runner/work/_temp/upstream)
    Finished dev [unoptimized + debuginfo] target(s) in 13.32s

Exit: 0
Timed out: False
