Command: rustup run 1.89.0 cargo test --locked --offline --lib algo::simple_paths::test::test_simple_path_source_target -- --exact --nocapture --test-threads=1
Started: 2026-09-24T20:50:40.451911+00:00
STDOUT:

running 1 test
test algo::simple_paths::test::test_simple_path_source_target ... FAILED

failures:

failures:
    algo::simple_paths::test::test_simple_path_source_target

test result: FAILED. 0 passed; 1 failed; 0 ignored; 0 measured; 98 filtered out; finished in 0.00s


STDERR:
warning: `/home/runner/work/_temp/upstream/.cargo/config` is deprecated in favor of `config.toml`
note: if you need to support cargo 1.38 or earlier, you can symlink `config` to `config.toml`
   Compiling petgraph v0.8.2 (/home/runner/work/_temp/upstream)
    Finished `test` profile [unoptimized + debuginfo] target(s) in 2.92s
     Running unittests src/lib.rs (/home/runner/work/_temp/build-20260924T204631Z-38958b24/debug/deps/petgraph-5f666cba43d0a240)

thread 'algo::simple_paths::test::test_simple_path_source_target' panicked at src/algo/simple_paths.rs:456:9:
assertion failed: paths.is_empty()
note: run with `RUST_BACKTRACE=1` environment variable to display a backtrace
error: test failed, to rerun pass `--lib`

Exit: 101
Timed out: False
