Command: rustup run 1.56.1 cargo test --locked --offline --lib parser::tests::documents -- --exact --nocapture --test-threads=1
Started: 2026-09-24T20:56:30.610536+00:00
STDOUT:

running 1 test
test parser::tests::documents ... ok

test result: ok. 1 passed; 0 failed; 0 ignored; 0 measured; 26 filtered out; finished in 0.00s


STDERR:
   Compiling serde v1.0.130
   Compiling bstr v0.2.17
   Compiling serde_json v1.0.72
   Compiling serde_cbor v0.11.2
   Compiling toml v0.5.8
   Compiling kstring v1.0.6
   Compiling globset v0.4.8
   Compiling csv v1.1.6
   Compiling toml-test v0.3.1
   Compiling tinytemplate v1.2.1
   Compiling ignore v0.4.18
   Compiling criterion v0.3.5
   Compiling toml-test-harness v0.3.0
   Compiling toml_edit v0.10.0 (/home/runner/work/_temp/upstream)
    Finished test [optimized + debuginfo] target(s) in 24.88s
     Running unittests (/home/runner/work/_temp/build-20260924T205350Z-5a467f28/debug/deps/toml_edit-3137099827b4a44d)
[src/parser/mod.rs:638] doc.to_string() = "\n# This is a TOML document.\n\ntitle = \"TOML Example\"\n\n    [owner]\n    name = \"Tom Preston-Werner\"\n    dob = 1979-05-27T07:32:00-08:00 # First class dates\n\n    [database]\n    server = \"192.168.1.1\"\n    ports = [ 8001, 8001, 8002 ]\n    connection_max = 5000\n    enabled = true\n\n    [servers]\n\n    # Indentation (tabs and/or spaces) is allowed but not required\n[servers.alpha]\n    ip = \"10.0.0.1\"\n    dc = \"eqdc10\"\n\n    [servers.beta]\n    ip = \"10.0.0.2\"\n    dc = \"eqdc10\"\n\n    [clients]\n    data = [ [\"gamma\", \"delta\"], [1, 2] ]\n\n    # Line breaks are OK when inside arrays\nhosts = [\n    \"alpha\",\n    \"omega\"\n]\n\n   'some.wierd .stuff'   =  \"\"\"\n                         like\n                         that\n                      #   \"\"\" # this broke my sintax highlighting\n   \" also. like \" = '''\nthat\n'''\n   double = 2e39 # this number looks familiar\n# trailing comment"
[src/parser/mod.rs:639] document = "\n# This is a TOML document.\n\ntitle = \"TOML Example\"\n\n    [owner]\n    name = \"Tom Preston-Werner\"\n    dob = 1979-05-27T07:32:00-08:00 # First class dates\n\n    [database]\n    server = \"192.168.1.1\"\n    ports = [ 8001, 8001, 8002 ]\n    connection_max = 5000\n    enabled = true\n\n    [servers]\n\n    # Indentation (tabs and/or spaces) is allowed but not required\n[servers.alpha]\n    ip = \"10.0.0.1\"\n    dc = \"eqdc10\"\n\n    [servers.beta]\n    ip = \"10.0.0.2\"\n    dc = \"eqdc10\"\n\n    [clients]\n    data = [ [\"gamma\", \"delta\"], [1, 2] ]\n\n    # Line breaks are OK when inside arrays\nhosts = [\n    \"alpha\",\n    \"omega\"\n]\n\n   'some.wierd .stuff'   =  \"\"\"\n                         like\n                         that\n                      #   \"\"\" # this broke my sintax highlighting\n   \" also. like \" = '''\nthat\n'''\n   double = 2e39 # this number looks familiar\n# trailing comment"
[src/parser/mod.rs:638] doc.to_string() = ""
[src/parser/mod.rs:639] document = ""
[src/parser/mod.rs:638] doc.to_string() = "  "
[src/parser/mod.rs:639] document = "  "
[src/parser/mod.rs:638] doc.to_string() = " hello = 'darkness' # my old friend\n"
[src/parser/mod.rs:639] document = " hello = 'darkness' # my old friend\n"
[src/parser/mod.rs:638] doc.to_string() = "[parent . child]\nkey = \"value\"\n"
[src/parser/mod.rs:639] document = "[parent . child]\nkey = \"value\"\n"
[src/parser/mod.rs:638] doc.to_string() = "hello.world = \"a\"\n"
[src/parser/mod.rs:639] document = "hello.world = \"a\"\n"
[src/parser/mod.rs:638] doc.to_string() = "foo = 1979-05-27 # Comment\n"
[src/parser/mod.rs:639] document = "foo = 1979-05-27 # Comment\n"

Exit: 0
Timed out: False
