Command: rustup run 1.24.1 cargo test --locked --lib grapheme::test_grapheme_cursor_prev_boundary_chunk_start -- --exact --nocapture --test-threads=1
Started: 2026-09-24T00:31:37.036811+00:00
STDOUT:

running 1 test
test grapheme::test_grapheme_cursor_prev_boundary_chunk_start ... ok

test result: ok. 1 passed; 0 failed; 0 ignored; 0 measured; 8 filtered out


STDERR:
   Compiling cfg-if v0.1.2
   Compiling regex-syntax v0.3.9
   Compiling libc v0.2.39
   Compiling winapi v0.2.8
   Compiling utf8-ranges v0.1.3
   Compiling log v0.4.1
   Compiling kernel32-sys v0.2.2
   Compiling thread-id v2.0.0
   Compiling memchr v0.1.11
   Compiling rand v0.4.2
   Compiling thread_local v0.2.7
   Compiling log v0.3.9
   Compiling aho-corasick v0.5.3
   Compiling regex v0.1.80
   Compiling rand v0.3.22
   Compiling env_logger v0.3.5
   Compiling quickcheck v0.4.1
   Compiling unicode-segmentation v1.2.0 (file:///home/runner/work/_temp/upstream)
    Finished dev [unoptimized + debuginfo] target(s) in 9.39 secs
     Running /home/runner/work/_temp/build-20260924T003055Z-3f422864/debug/deps/unicode_segmentation-4aa726421ec8a31b

Exit: 0
Timed out: False
