Command: rustup run 1.24.1 cargo check --locked --tests
Started: 2026-09-24T00:31:31.853543+00:00
STDOUT:

STDERR:
   Compiling winapi-build v0.1.1
   Compiling utf8-ranges v0.1.3
   Compiling libc v0.2.39
   Compiling cfg-if v0.1.2
   Compiling winapi v0.2.8
   Compiling regex-syntax v0.3.9
   Compiling log v0.4.1
   Compiling kernel32-sys v0.2.2
   Compiling log v0.3.9
   Compiling memchr v0.1.11
   Compiling rand v0.4.2
   Compiling aho-corasick v0.5.3
   Compiling thread-id v2.0.0
   Compiling thread_local v0.2.7
   Compiling regex v0.1.80
   Compiling rand v0.3.22
   Compiling env_logger v0.3.5
   Compiling quickcheck v0.4.1
   Compiling unicode-segmentation v1.2.0 (file:///home/runner/work/_temp/upstream)
    Finished dev [unoptimized + debuginfo] target(s) in 4.75 secs

Exit: 0
Timed out: False
