Command: rustup run 1.93.1 cargo check --locked --offline --tests
Started: 2026-09-24T15:45:41.852298+00:00
STDOUT:

STDERR:
warning: `/home/runner/work/_temp/upstream/.cargo/config` is deprecated in favor of `config.toml`
  |
  = help: if you need to support cargo 1.38 or earlier, you can symlink `config` to `config.toml`
   Compiling proc-macro2 v1.0.106
   Compiling quote v1.0.44
   Compiling unicode-ident v1.0.22
    Checking cfg-if v1.0.4
   Compiling autocfg v1.5.0
   Compiling serde_core v1.0.228
   Compiling libm v0.2.16
   Compiling num-traits v0.2.19
   Compiling libc v0.2.182
   Compiling syn v2.0.114
    Checking log v0.4.29
    Checking once_cell v1.21.3
   Compiling pkg-config v0.3.32
    Checking bytemuck v1.25.0
    Checking bitflags v2.11.0
    Checking smallvec v1.15.1
   Compiling rustix v1.1.4
    Checking libloading v0.8.8
    Checking linux-raw-sys v0.12.1
   Compiling wayland-sys v0.31.8
    Checking dlib v0.5.2
   Compiling shlex v1.3.0
   Compiling find-msvc-tools v0.1.9
   Compiling cc v1.2.56
   Compiling paste v1.0.15
    Checking downcast-rs v1.2.1
   Compiling crossbeam-utils v0.8.21
    Checking scoped-tls v1.0.1
   Compiling memchr v2.8.0
   Compiling quick-xml v0.38.4
   Compiling wayland-backend v0.3.12
    Checking num-integer v0.1.46
   Compiling thiserror v1.0.69
   Compiling wayland-client v0.31.12
   Compiling khronos_api v3.1.0
    Checking num-bigint v0.4.6
   Compiling wayland-scanner v0.31.8
   Compiling thiserror-impl v1.0.69
    Checking arrayvec v0.7.6
    Checking crossbeam-epoch v0.9.18
    Checking num-rational v0.4.2
    Checking safe_arch v0.7.4
   Compiling cfg_aliases v0.2.1
   Compiling xml-rs v0.8.27
   Compiling zerocopy v0.8.39
    Checking wide v0.7.33
    Checking crossbeam-deque v0.8.6
    Checking num-complex v0.4.6
   Compiling gl_generator v0.14.0
    Checking approx v0.5.1
   Compiling rustix v0.38.44
   Compiling rayon-core v1.12.1
    Checking simd-adler32 v0.3.8
   Compiling matrixmultiply v0.3.10
    Checking linux-raw-sys v0.4.15
   Compiling typenum v1.19.0
    Checking either v1.15.0
    Checking slab v0.4.12
    Checking wayland-protocols v0.32.10
    Checking polling v3.10.0
   Compiling x11-dl v2.21.0
    Checking adler2 v2.0.1
   Compiling getrandom v0.1.16
    Checking rawpointer v0.2.1
   Compiling crc32fast v1.5.0
   Compiling anyhow v1.0.102
    Checking miniz_oxide v0.8.9
    Checking byteorder v1.5.0
   Compiling version_check v0.9.5
    Checking calloop v0.13.0
   Compiling built v0.7.6
   Compiling heapless v0.8.0
    Checking minimal-lexical v0.2.1
    Checking strict-num v0.1.1
    Checking xkeysym v0.2.1
    Checking ttf-parser v0.25.1
    Checking xcursor v0.3.10
    Checking cursor-icon v1.2.0
    Checking arrayref v0.3.9
    Checking aligned-vec v0.5.0
   Compiling getrandom v0.3.4
   Compiling smithay-client-toolkit v0.19.2
    Checking ab_glyph_rasterizer v0.1.10
    Checking v_frame v0.3.8
    Checking tiny-skia-path v0.11.4
    Checking wayland-csd-frame v0.3.0
    Checking wayland-cursor v0.31.12
    Checking nom v7.1.3
   Compiling rav1e v0.7.1
    Checking calloop-wayland-source v0.3.0
   Compiling ahash v0.8.12
    Checking hash32 v0.3.1
    Checking wayland-protocols-wlr v0.3.10
    Checking owned_ttf_parser v0.25.1
    Checking rayon v1.10.0
   Compiling glutin_egl_sys v0.7.1
   Compiling glutin_glx_sys v0.6.1
   Compiling profiling-procmacros v1.0.17
   Compiling num-derive v0.4.2
    Checking memmap2 v0.9.10
    Checking stable_deref_trait v1.2.1
    Checking profiling v1.0.17
    Checking maybe-rayon v0.1.1
    Checking av1-grain v0.2.4
    Checking flate2 v1.1.9
    Checking rand_core v0.5.1
    Checking ab_glyph v0.2.32
    Checking tiny-skia v0.11.4
    Checking itertools v0.12.1
    Checking gethostname v1.0.2
   Compiling glutin v0.32.3
   Compiling winit v0.30.12
   Compiling arg_enum_proc_macro v0.3.4
   Compiling simd_helpers v0.1.0
    Checking weezl v0.1.12
    Checking as-raw-xcb-connection v1.0.1
    Checking new_debug_unreachable v1.0.6
    Checking x11rb-protocol v0.13.2
   Compiling syn v1.0.109
    Checking tracing-core v0.1.36
    Checking equivalent v1.0.2
    Checking bitstream-io v2.3.0
    Checking raw-window-handle v0.6.2
    Checking quick-error v2.0.1
   Compiling thiserror v2.0.18
   Compiling noop_proc_macro v0.3.0
    Checking foldhash v0.1.5
    Checking imgref v1.12.0
    Checking allocator-api2 v0.2.21
    Checking pin-project-lite v0.2.16
    Checking tracing v0.1.44
    Checking loop9 v0.1.5
    Checking sctk-adwaita v0.10.1
    Checking hashbrown v0.15.5
    Checking wayland-protocols-plasma v0.3.10
    Checking xkbcommon-dl v0.4.2
    Checking ppv-lite86 v0.2.21
    Checking simba v0.9.1
    Checking fdeflate v0.3.7
    Checking zune-inflate v0.2.54
   Compiling glutin-winit v0.5.0
    Checking avif-serialize v0.8.4
   Compiling nalgebra-macros v0.3.0
   Compiling thiserror-impl v2.0.18
    Checking rgb v0.8.53
    Checking color_quant v1.1.0
    Checking lebe v0.5.2
    Checking bitflags v1.3.2
   Compiling serde v1.0.228
    Checking jpeg-decoder v0.3.2
    Checking dpi v0.1.2
    Checking smol_str v0.2.2
    Checking zune-core v0.4.12
    Checking bit_field v0.10.3
   Compiling zmij v1.0.19
    Checking byteorder-lite v0.1.0
    Checking foldhash v0.2.0
    Checking percent-encoding v2.3.2
    Checking robust v1.2.0
    Checking ttf-parser v0.15.2
    Checking half v2.2.1
    Checking spade v2.15.0
    Checking exr v1.74.0
    Checking image-webp v0.2.0
    Checking owned_ttf_parser v0.15.2
    Checking hashbrown v0.16.1
    Checking zune-jpeg v0.4.21
    Checking tiff v0.9.1
    Checking nalgebra v0.34.1
    Checking x11rb v0.13.2
    Checking png v0.17.16
    Checking gif v0.13.3
    Checking ravif v0.11.5
    Checking rand_chacha v0.2.2
    Checking rstar v0.12.2 (/home/runner/work/_temp/upstream/rstar)
   Compiling serde_derive v1.0.228
    Checking qoi v0.4.1
    Checking num_cpus v1.17.0
    Checking ordered-float v5.1.0
    Checking ena v0.14.4
    Checking rustc-hash v1.1.0
    Checking linked-hash-map v0.5.6
    Checking static_assertions v1.1.0
   Compiling serde_json v1.0.149
    Checking downcast-rs v2.0.2
    Checking rusttype v0.9.3
   Compiling nalgebra-macros v0.1.0
    Checking image v0.25.4
    Checking rand v0.7.3
    Checking simba v0.8.1
    Checking simba v0.7.3
    Checking parry3d v0.25.3
   Compiling nalgebra-macros v0.2.2
   Compiling kiss3d-macro v0.36.0
    Checking instant v0.1.13
    Checking glow v0.16.0
error[E0308]: mismatched types
   --> /home/runner/.cargo/registry/src/127.0.0.1-c7c6edfa776b7429/parry3d-0.25.3/src/transformation/mesh_intersection/mesh_intersection.rs:537:38
    |
537 |     match point_set.nearest_neighbor(&point_to_insert) {
    |                     ---------------- ^^^^^^^^^^^^^^^^ expected `TreePoint`, found `&TreePoint`
    |                     |
    |                     arguments to this method are incorrect
    |
note: method defined here
   --> /home/runner/work/_temp/upstream/rstar/src/rtree.rs:940:12
    |
940 |     pub fn nearest_neighbor(&self, query_point: <T::Envelope as Envelope>::Point) -> Option<&T> {
    |            ^^^^^^^^^^^^^^^^
help: consider removing the borrow
    |
537 -     match point_set.nearest_neighbor(&point_to_insert) {
537 +     match point_set.nearest_neighbor(point_to_insert) {
    |

    Checking pollster v0.4.0
    Checking itoa v1.0.17
    Checking mint v0.5.9
For more information about this error, try `rustc --explain E0308`.
error: could not compile `parry3d` (lib) due to 1 previous error
warning: build failed, waiting for other jobs to finish...

Exit: 101
Timed out: False
