Command: rustup run 1.93.1 cargo check --locked --offline --tests
Started: 2026-09-24T15:46:18.049636+00:00
STDOUT:

STDERR:
warning: `/home/runner/work/_temp/upstream/.cargo/config` is deprecated in favor of `config.toml`
  |
  = help: if you need to support cargo 1.38 or earlier, you can symlink `config` to `config.toml`
    Checking parry3d v0.25.3
    Checking nalgebra v0.32.6
    Checking serde_json v1.0.149
    Checking nalgebra v0.30.1
    Checking rand_hc v0.2.0
    Checking approx v0.3.2
error[E0308]: mismatched types
   --> /home/runner/.cargo/registry/src/127.0.0.1-c7c6edfa776b7429/parry3d-0.25.3/src/transformation/mesh_intersection/mesh_intersection.rs:537:38
    |
537 |     match point_set.nearest_neighbor(&point_to_insert) {
    |                     ---------------- ^^^^^^^^^^^^^^^^ expected `TreePoint`, found `&TreePoint`
    |                     |
    |                     arguments to this method are incorrect
    |
note: method defined here
   --> /home/runner/work/_temp/upstream/rstar/src/rtree.rs:940:12
    |
940 |     pub fn nearest_neighbor(&self, query_point: <T::Envelope as Envelope>::Point) -> Option<&T> {
    |            ^^^^^^^^^^^^^^^^
help: consider removing the borrow
    |
537 -     match point_set.nearest_neighbor(&point_to_insert) {
537 +     match point_set.nearest_neighbor(point_to_insert) {
    |

For more information about this error, try `rustc --explain E0308`.
error: could not compile `parry3d` (lib) due to 1 previous error
warning: build failed, waiting for other jobs to finish...

Exit: 101
Timed out: False
