Command: rustup run 1.90.0 cargo generate-lockfile
Started: 2026-09-24T15:46:17.174543+00:00
STDOUT:

STDERR:
warning: `/home/runner/work/_temp/upstream/.cargo/config` is deprecated in favor of `config.toml`
note: if you need to support cargo 1.38 or earlier, you can symlink `config` to `config.toml`
    Updating `era` index
     Locking 375 packages to latest Rust 1.68 compatible versions
      Adding android-activity v0.6.0 (requires Rust 1.69.0)
      Adding approx v0.3.2 (available: v0.5.1)
      Adding av1-grain v0.2.4 (available: v0.2.5, requires Rust 1.80.1)
      Adding avif-serialize v0.8.4 (available: v0.8.8, requires Rust 1.85)
      Adding bitstream-io v2.3.0 (available: v2.6.0, requires Rust 1.79)
      Adding built v0.7.6 (available: v0.7.7, requires Rust 1.74)
      Adding bumpalo v3.14.0 (available: v3.20.2, requires Rust 1.71.1)
      Adding cfg-expr v0.15.8 (requires Rust 1.70.0)
      Adding clap v4.3.24 (available: v4.5.60, requires Rust 1.74)
      Adding clap_builder v4.3.24 (available: v4.5.60, requires Rust 1.74)
      Adding clap_lex v0.5.0 (available: v0.5.1, requires Rust 1.70.0)
      Adding criterion v0.5.1 (available: v0.8.2, requires Rust 1.86)
      Adding dispatch2 v0.3.0 (requires Rust 1.71)
      Adding dpi v0.1.2 (requires Rust 1.73)
      Adding geo-types v0.7.18 (requires Rust 1.75)
      Adding gethostname v1.0.2 (available: v1.1.0, requires Rust 1.71)
      Adding glam v0.27.0 (requires Rust 1.68.2)
      Adding glam v0.28.0 (requires Rust 1.68.2)
      Adding glam v0.29.3 (requires Rust 1.68.2)
      Adding glam v0.30.10 (requires Rust 1.68.2)
      Adding glutin v0.32.3 (requires Rust 1.71.0)
      Adding glutin-winit v0.5.0 (requires Rust 1.70.0)
      Adding glutin_egl_sys v0.7.1 (requires Rust 1.70.0)
      Adding glutin_glx_sys v0.6.1 (requires Rust 1.70.0)
      Adding glutin_wgl_sys v0.6.1 (requires Rust 1.70.0)
      Adding half v2.2.1 (available: v2.7.1, requires Rust 1.81)
      Adding heapless v0.8.0 (available: v0.9.1)
      Adding image v0.25.4 (available: v0.25.9, requires Rust 1.85.0)
      Adding image-webp v0.2.0 (available: v0.2.4, requires Rust 1.80.1)
      Adding indexmap v2.11.4 (available: v2.13.0, requires Rust 1.82)
      Adding js-sys v0.3.82 (available: v0.3.90, requires Rust 1.71)
      Adding kiss3d v0.37.2 (available: v0.40.0)
      Adding lebe v0.5.2 (available: v0.5.3, requires Rust 1.78.0)
      Adding libloading v0.8.8 (available: v0.8.9, requires Rust 1.71.0)
      Adding nalgebra v0.30.1 (available: v0.33.2)
      Adding nalgebra v0.32.6 (available: v0.33.2)
      Adding nalgebra v0.34.1 (requires Rust 1.87.0)
      Adding num_enum v0.7.2 (available: v0.7.5, requires Rust 1.70.0)
      Adding num_enum_derive v0.7.2 (available: v0.7.5, requires Rust 1.70.0)
      Adding objc2 v0.6.3 (requires Rust 1.71)
      Adding objc2-app-kit v0.3.2 (requires Rust 1.71)
      Adding objc2-core-foundation v0.3.2 (requires Rust 1.71)
      Adding objc2-encode v4.1.0 (requires Rust 1.71)
      Adding objc2-foundation v0.3.2 (requires Rust 1.71)
      Adding polling v3.10.0 (available: v3.11.0, requires Rust 1.71)
      Adding rand v0.7.3 (available: v0.9.2)
      Adding rand v0.8.5 (available: v0.9.2)
      Adding rand_hc v0.2.0 (available: v0.4.0)
      Adding rand_hc v0.3.2 (available: v0.4.0)
      Adding rav1e v0.7.1 (requires Rust 1.70.0)
      Adding ravif v0.11.5 (available: v0.11.20, requires Rust 1.70)
      Adding rayon v1.10.0 (available: v1.11.0, requires Rust 1.80)
      Adding rayon-core v1.12.1 (available: v1.13.0, requires Rust 1.80)
      Adding syn v2.0.114 (available: v2.0.117, requires Rust 1.71)
      Adding toml_datetime v0.7.1 (available: v0.7.5+spec-1.1.0, requires Rust 1.76)
      Adding toml_edit v0.23.5 (available: v0.23.10+spec-1.0.0, requires Rust 1.76)
      Adding toml_parser v1.0.2 (available: v1.0.9+spec-1.1.0, requires Rust 1.76)
      Adding unicode-ident v1.0.22 (available: v1.0.24, requires Rust 1.71)
      Adding v_frame v0.3.8 (available: v0.3.9, requires Rust 1.80.0)
      Adding wasip2 v1.0.2+wasi-0.2.9 (requires Rust 1.87.0)
      Adding wasm-bindgen v0.2.105 (available: v0.2.113, requires Rust 1.71)
      Adding wasm-bindgen-futures v0.4.55 (available: v0.4.63, requires Rust 1.71)
      Adding wasm-bindgen-macro v0.2.105 (available: v0.2.113, requires Rust 1.71)
      Adding wasm-bindgen-macro-support v0.2.105 (available: v0.2.113, requires Rust 1.71)
      Adding wasm-bindgen-shared v0.2.105 (available: v0.2.113, requires Rust 1.71)
      Adding web-sys v0.3.82 (available: v0.3.90, requires Rust 1.71)
      Adding windows-link v0.2.1 (requires Rust 1.71)
      Adding winit v0.30.12 (requires Rust 1.70.0)
      Adding wit-bindgen v0.51.0 (requires Rust 1.87.0)
      Adding xml-rs v0.8.27 (available: v0.8.28, requires Rust 1.70)
      Adding zmij v1.0.19 (available: v1.0.21, requires Rust 1.71)

Exit: 0
Timed out: False
