Command: rustup run 1.79.0 cargo test --locked --offline --lib aabb::test::test_from_points_issue_170_regression -- --exact --nocapture --test-threads=1
Started: 2026-09-24T15:46:58.476743+00:00
STDOUT:

running 1 test
test aabb::test::test_from_points_issue_170_regression ... FAILED

failures:

failures:
    aabb::test::test_from_points_issue_170_regression

test result: FAILED. 0 passed; 1 failed; 0 ignored; 0 measured; 46 filtered out; finished in 0.00s


STDERR:
warning: `/home/runner/work/_temp/upstream/.cargo/config` is deprecated in favor of `config.toml`
note: if you need to support cargo 1.38 or earlier, you can symlink `config` to `config.toml`
   Compiling rstar v0.12.0 (/home/runner/work/_temp/upstream/rstar)
warning: unused import: `Bounded`
 --> rstar/src/aabb.rs:3:18
  |
3 | use num_traits::{Bounded, One, Zero};
  |                  ^^^^^^^
  |
  = note: `#[warn(unused_imports)]` on by default

warning: `rstar` (lib test) generated 1 warning (run `cargo fix --lib -p rstar --tests` to apply 1 suggestion)
    Finished `test` profile [unoptimized + debuginfo] target(s) in 2.37s
     Running unittests src/lib.rs (/home/runner/work/_temp/build-20260924T154015Z-d17c5616/debug/deps/rstar-0cdbedefbd828cbd)
thread 'aabb::test::test_from_points_issue_170_regression' panicked at rstar/src/aabb.rs:253:9:
assertion `left == right` failed
  left: AABB { lower: (1.0, 1.0, 1.0), upper: (4.0, 4.0, 4.0) }
 right: AABB { lower: (3.0, 3.0, 3.0), upper: (4.0, 4.0, 4.0) }
note: run with `RUST_BACKTRACE=1` environment variable to display a backtrace
error: test failed, to rerun pass `-p rstar --lib`

Exit: 101
Timed out: False
