Command: rustup run 1.79.0 cargo check --locked --offline --tests
Started: 2026-09-24T15:46:13.909291+00:00
STDOUT:

STDERR:
warning: `/home/runner/work/_temp/upstream/.cargo/config` is deprecated in favor of `config.toml`
note: if you need to support cargo 1.38 or earlier, you can symlink `config` to `config.toml`
   Compiling autocfg v1.3.0
   Compiling libc v0.2.155
   Compiling proc-macro2 v1.0.86
    Checking cfg-if v1.0.0
   Compiling unicode-ident v1.0.12
   Compiling libm v0.2.8
   Compiling num-traits v0.2.19
   Compiling xml-rs v0.8.20
   Compiling quote v1.0.36
   Compiling pkg-config v0.3.30
    Checking lazy_static v1.5.0
    Checking bitflags v1.3.2
    Checking smallvec v1.13.2
    Checking cfg-if v0.1.10
   Compiling wayland-scanner v0.28.6
    Checking libloading v0.8.4
   Compiling khronos_api v3.1.0
    Checking once_cell v1.19.0
    Checking dlib v0.5.2
   Compiling crossbeam-utils v0.8.20
    Checking bytemuck v1.16.1
    Checking byteorder v1.5.0
   Compiling wayland-sys v0.28.6
    Checking nix v0.20.0
    Checking num-integer v0.1.46
   Compiling log v0.4.22
   Compiling paste v1.0.15
    Checking downcast-rs v1.2.1
   Compiling gl_generator v0.14.0
   Compiling wayland-client v0.28.6
    Checking safe_arch v0.7.2
   Compiling slab v0.4.9
    Checking scoped-tls v1.0.1
    Checking scopeguard v1.2.0
    Checking wide v0.7.24
    Checking crossbeam-epoch v0.9.18
    Checking num-complex v0.4.6
    Checking approx v0.5.1
   Compiling syn v2.0.68
   Compiling matrixmultiply v0.3.8
   Compiling rayon-core v1.12.1
   Compiling nix v0.18.0
   Compiling getrandom v0.1.16
    Checking wayland-commons v0.28.6
    Checking ttf-parser v0.15.2
   Compiling typenum v1.17.0
    Checking crossbeam-deque v0.8.5
   Compiling wayland-protocols v0.28.6
   Compiling x11-dl v2.21.0
   Compiling memoffset v0.5.6
    Checking owned_ttf_parser v0.15.2
   Compiling lock_api v0.4.12
   Compiling crossbeam-utils v0.7.2
   Compiling parking_lot_core v0.8.6
    Checking same-file v1.0.6
    Checking ab_glyph_rasterizer v0.1.8
   Compiling syn v1.0.109
   Compiling maybe-uninit v2.0.0
    Checking rawpointer v0.2.1
    Checking either v1.13.0
    Checking rusttype v0.9.3
    Checking walkdir v2.5.0
    Checking num-rational v0.4.2
    Checking net2 v0.2.39
    Checking iovec v0.1.4
   Compiling miniz_oxide v0.4.4
   Compiling crossbeam-epoch v0.8.2
    Checking instant v0.1.13
    Checking libloading v0.6.7
    Checking cty v0.2.2
   Compiling version_check v0.9.4
    Checking xdg v2.5.2
   Compiling serde v1.0.203
    Checking xcursor v0.3.5
    Checking adler32 v1.2.0
    Checking wayland-cursor v0.28.6
    Checking andrew v0.3.1
   Compiling slotmap v1.0.7
   Compiling serde_derive v1.0.203
    Checking raw-window-handle v0.4.3
    Checking calloop v0.6.5
    Checking dlib v0.4.2
    Checking mio v0.6.23
    Checking rand_core v0.5.1
    Checking rayon v1.10.0
   Compiling glutin_glx_sys v0.1.8
   Compiling glutin_egl_sys v0.1.6
    Checking memmap2 v0.1.0
   Compiling num-rational v0.3.2
    Checking lazycell v1.3.0
    Checking adler v1.0.2
    Checking weezl v0.1.8
    Checking hashbrown v0.14.5
   Compiling heapless v0.8.0
    Checking equivalent v1.0.1
    Checking indexmap v2.2.6
    Checking mio-extras v2.0.6
    Checking parking_lot v0.11.2
    Checking jpeg-decoder v0.1.22
    Checking raw-window-handle v0.3.4
    Checking deflate v0.8.6
    Checking miniz_oxide v0.3.7
    Checking simba v0.7.3
    Checking smithay-client-toolkit v0.12.3
    Checking hash32 v0.3.1
    Checking shared_library v0.1.9
    Checking approx v0.3.2
   Compiling nalgebra-macros v0.1.0
    Checking crc32fast v1.4.2
    Checking color_quant v1.1.0
    Checking percent-encoding v2.3.1
    Checking stable_deref_trait v1.2.0
    Checking ppv-lite86 v0.2.17
    Checking fixedbitset v0.4.2
    Checking petgraph v0.6.5
    Checking rand_chacha v0.2.2
    Checking winit v0.24.0
    Checking gif v0.11.4
    Checking png v0.16.8
    Checking osmesa-sys v0.1.2
    Checking tiff v0.6.1
    Checking crossbeam-deque v0.7.4
    Checking wayland-egl v0.28.6
    Checking num-iter v0.1.45
    Checking stb_truetype v0.3.1
    Checking ordered-float v1.1.1
    Checking num_cpus v1.16.0
    Checking linked-hash-map v0.5.6
    Checking rustc-hash v1.1.0
    Checking scoped_threadpool v0.1.9
   Compiling serde_json v1.0.118
    Checking image v0.23.14
    Checking rusttype v0.8.3
    Checking glutin v0.26.0
    Checking rand v0.7.3
   Compiling nalgebra-macros v0.2.2
    Checking simba v0.8.1
    Checking nalgebra v0.30.1
    Checking glow v0.11.2
    Checking ryu v1.0.18
    Checking itoa v1.0.11
    Checking mint v0.5.9
    Checking rstar v0.12.0 (/home/runner/work/_temp/upstream/rstar)
    Checking rand_hc v0.2.0
    Checking nalgebra v0.32.6
    Checking ncollide3d v0.33.0
    Checking kiss3d v0.34.0
    Checking rstar-demo v0.1.0 (/home/runner/work/_temp/upstream/rstar-demo)
    Finished `dev` profile [unoptimized + debuginfo] target(s) in 32.01s

Exit: 0
Timed out: False
