Command: rustup run 1.79.0 cargo generate-lockfile
Started: 2026-09-24T15:44:53.835518+00:00
STDOUT:

STDERR:
warning: `/home/runner/work/_temp/upstream/.cargo/config` is deprecated in favor of `config.toml`
note: if you need to support cargo 1.38 or earlier, you can symlink `config` to `config.toml`
    Updating `era` index
     Locking 268 packages to latest compatible versions
      Adding anes v0.1.6 (latest: v0.2.0)
      Adding approx v0.3.2 (latest: v0.5.1)
      Adding bitflags v1.3.2 (latest: v2.6.0)
      Adding calloop v0.6.5 (latest: v0.14.0)
      Adding cfg-if v0.1.10 (latest: v1.0.0)
      Adding clap v3.2.25 (latest: v4.5.7)
      Adding clap_lex v0.2.4 (latest: v0.7.1)
      Adding cocoa v0.23.0 (latest: v0.25.0)
      Adding cocoa v0.24.1 (latest: v0.25.0)
      Adding core-foundation v0.7.0 (latest: v0.9.4)
      Adding core-foundation-sys v0.7.0 (latest: v0.8.6)
      Adding core-graphics v0.19.2 (latest: v0.23.2)
      Adding core-graphics v0.22.3 (latest: v0.23.2)
      Adding criterion v0.4.0 (latest: v0.5.1)
      Adding crossbeam-deque v0.7.4 (latest: v0.8.5)
      Adding crossbeam-epoch v0.8.2 (latest: v0.9.18)
      Adding crossbeam-utils v0.7.2 (latest: v0.8.20)
      Adding darling v0.10.2 (latest: v0.20.9)
      Adding darling_core v0.10.2 (latest: v0.20.9)
      Adding darling_macro v0.10.2 (latest: v0.20.9)
      Adding deflate v0.8.6 (latest: v1.0.0)
      Adding dlib v0.4.2 (latest: v0.5.2)
      Adding fixedbitset v0.4.2 (latest: v0.5.7)
      Adding foreign-types v0.3.2 (latest: v0.5.0)
      Adding foreign-types-shared v0.1.1 (latest: v0.3.1)
      Adding geo v0.26.0 (latest: v0.28.0)
      Adding getrandom v0.1.16 (latest: v0.2.15)
      Adding gif v0.11.4 (latest: v0.13.1)
      Adding glow v0.11.2 (latest: v0.13.1)
      Adding glutin v0.26.0 (latest: v0.32.0)
      Adding glutin_egl_sys v0.1.6 (latest: v0.7.0)
      Adding glutin_gles2_sys v0.1.5 (latest: v0.6.0)
      Adding glutin_glx_sys v0.1.8 (latest: v0.6.0)
      Adding glutin_wgl_sys v0.1.5 (latest: v0.6.0)
      Adding hash32 v0.2.1 (latest: v0.3.1)
      Adding hashbrown v0.12.3 (latest: v0.14.5)
      Adding heapless v0.7.17 (latest: v0.8.0)
      Adding hermit-abi v0.1.19 (latest: v0.4.0)
      Adding hermit-abi v0.3.9 (latest: v0.4.0)
      Adding image v0.23.14 (latest: v0.25.1)
      Adding indexmap v1.9.3 (latest: v2.2.6)
      Adding itertools v0.10.5 (latest: v0.13.0)
      Adding itertools v0.11.0 (latest: v0.13.0)
      Adding jni-sys v0.3.0 (latest: v0.4.0)
      Adding jpeg-decoder v0.1.22 (latest: v0.3.1)
      Adding kiss3d v0.34.0 (latest: v0.35.0)
      Adding libloading v0.6.7 (latest: v0.8.4)
      Adding malloc_buf v0.0.6 (latest: v1.0.0)
      Adding memmap2 v0.1.0 (latest: v0.9.4)
      Adding memoffset v0.5.6 (latest: v0.9.1)
      Adding miniz_oxide v0.3.7 (latest: v0.7.4)
      Adding miniz_oxide v0.4.4 (latest: v0.7.4)
      Adding mio v0.6.23 (latest: v1.0.0)
      Adding miow v0.2.2 (latest: v0.6.0)
      Adding nalgebra v0.30.1 (latest: v0.33.0)
      Adding nalgebra v0.32.6 (latest: v0.33.0)
      Adding nalgebra-macros v0.1.0 (latest: v0.2.2)
      Adding ndk v0.2.1 (latest: v0.9.0)
      Adding ndk-glue v0.2.1 (latest: v0.7.0)
      Adding ndk-macro v0.2.0 (latest: v0.3.0)
      Adding ndk-sys v0.2.2 (latest: v0.6.0+11769913)
      Adding nix v0.18.0 (latest: v0.29.0)
      Adding nix v0.20.0 (latest: v0.29.0)
      Adding num-rational v0.3.2 (latest: v0.4.2)
      Adding num_enum v0.4.3 (latest: v0.7.2)
      Adding num_enum_derive v0.4.3 (latest: v0.7.2)
      Adding ordered-float v1.1.1 (latest: v4.2.0)
      Adding os_str_bytes v6.6.1 (latest: v7.0.0)
      Adding owned_ttf_parser v0.15.2 (latest: v0.21.0)
      Adding parking_lot v0.11.2 (latest: v0.12.3)
      Adding parking_lot_core v0.8.6 (latest: v0.9.10)
      Adding png v0.16.8 (latest: v0.17.13)
      Adding proc-macro-crate v0.1.5 (latest: v3.1.0)
      Adding rand v0.7.3 (latest: v0.8.5)
      Adding rand_chacha v0.2.2 (latest: v0.3.1)
      Adding rand_core v0.5.1 (latest: v0.6.4)
      Adding rand_hc v0.2.0 (latest: v0.3.2)
      Adding raw-window-handle v0.3.4 (latest: v0.6.2)
      Adding raw-window-handle v0.4.3 (latest: v0.6.2)
      Adding redox_syscall v0.2.16 (latest: v0.5.2)
      Adding rstar v0.10.0 (latest: v0.12.0)
      Adding rstar v0.11.0 (latest: v0.12.0)
      Adding rustc-hash v1.1.0 (latest: v2.0.0)
      Adding rusttype v0.8.3 (latest: v0.9.3)
      Adding simba v0.7.3 (latest: v0.9.0)
      Adding simba v0.8.1 (latest: v0.9.0)
      Adding smithay-client-toolkit v0.12.3 (latest: v0.19.1)
      Adding strsim v0.9.3 (latest: v0.11.1)
      Adding syn v1.0.109 (latest: v2.0.68)
      Adding tiff v0.6.1 (latest: v0.9.1)
      Adding toml v0.5.11 (latest: v0.8.14)
      Adding ttf-parser v0.15.2 (latest: v0.21.1)
      Adding wasi v0.9.0+wasi-snapshot-preview1 (latest: v0.13.1+wasi-0.2.0)
      Adding wasi v0.11.0+wasi-snapshot-preview1 (latest: v0.13.1+wasi-0.2.0)
      Adding wayland-client v0.28.6 (latest: v0.31.3)
      Adding wayland-commons v0.28.6 (latest: v0.29.5)
      Adding wayland-cursor v0.28.6 (latest: v0.31.3)
      Adding wayland-egl v0.28.6 (latest: v0.32.1)
      Adding wayland-protocols v0.28.6 (latest: v0.32.1)
      Adding wayland-scanner v0.28.6 (latest: v0.31.2)
      Adding wayland-sys v0.28.6 (latest: v0.31.2)
      Adding winapi v0.2.8 (latest: v0.3.9)
      Adding winit v0.24.0 (latest: v0.30.3)

Exit: 0
Timed out: False
