Command: rustup run 1.33.0 cargo check --locked --tests
Started: 2026-09-25T11:45:47.235258+00:00
STDOUT:

STDERR:
   Compiling memchr v2.2.0
   Compiling autocfg v0.1.2
   Compiling libc v0.2.51
    Checking rand_core v0.4.0
    Checking lazy_static v1.3.0
   Compiling regex v1.1.2 (/home/runner/work/_temp/upstream)
    Checking ucd-util v0.1.3
    Checking utf8-ranges v1.0.2
    Checking rand_core v0.3.1
    Checking rand_jitter v0.1.3
   Compiling rand_chacha v0.1.1
   Compiling rand_pcg v0.1.2
   Compiling rand v0.6.5
    Checking thread_local v0.3.6
    Checking regex-syntax v0.6.5 (/home/runner/work/_temp/upstream/regex-syntax)
    Checking rand_xorshift v0.1.1
    Checking rand_hc v0.1.0
    Checking rand_core v0.2.2
    Checking rand_isaac v0.1.1
    Checking aho-corasick v0.7.1
    Checking rand v0.5.6
    Checking rand_os v0.1.3
    Checking quickcheck v0.7.2
    Finished dev [unoptimized + debuginfo] target(s) in 33.62s

Exit: 0
Timed out: False
