Command: rustup run 1.76.0 cargo check --locked --offline --tests
Started: 2026-09-24T20:56:15.852630+00:00
STDOUT:

STDERR:
   Compiling libc v0.2.153
    Checking cfg-if v1.0.0
   Compiling proc-macro2 v1.0.78
   Compiling unicode-ident v1.0.12
   Compiling autocfg v1.1.0
   Compiling serde v1.0.197
   Compiling rustix v0.38.31
   Compiling libm v0.2.8
   Compiling num-traits v0.2.18
   Compiling indexmap v1.9.3
    Checking linux-raw-sys v0.4.13
    Checking bitflags v2.4.2
   Compiling quote v1.0.35
   Compiling syn v2.0.51
    Checking getrandom v0.2.12
    Checking regex-syntax v0.8.2
    Checking rand_core v0.6.4
   Compiling serde_json v1.0.114
    Checking half v2.4.0
    Checking os_str_bytes v6.6.1
   Compiling anyhow v1.0.80
    Checking either v1.10.0
    Checking itoa v1.0.10
    Checking ppv-lite86 v0.2.17
    Checking fastrand v2.0.1
    Checking ciborium-io v0.2.2
    Checking hashbrown v0.12.3
    Checking ryu v1.0.17
    Checking tempfile v3.10.1
    Checking rand_chacha v0.3.1
    Checking ciborium-ll v0.2.2
    Checking itertools v0.10.5
    Checking regex-automata v0.4.5
    Checking clap_lex v0.2.4
    Checking wait-timeout v0.2.0
    Checking bit-vec v0.6.3
    Checking same-file v1.0.6
    Checking lazy_static v1.4.0
    Checking cast v0.3.0
    Checking bitflags v1.3.2
    Checking textwrap v0.16.1
    Checking quick-error v1.2.3
    Checking fnv v1.0.7
   Compiling itertools v0.11.0
    Checking rusty-fork v0.3.0
    Checking clap v3.2.25
   Compiling serde_derive v1.0.197
    Checking criterion-plot v0.5.0
    Checking bit-set v0.5.3
    Checking walkdir v2.4.0
    Checking regex v1.10.3
    Checking rand v0.8.5
    Checking rand_xorshift v0.3.0
    Checking atty v0.2.14
    Checking log v0.4.20
    Checking anes v0.1.6
    Checking unarray v0.1.4
    Checking oorandom v11.1.3
    Checking env_logger v0.10.2
    Checking proptest v1.4.0
   Compiling prost-derive v0.12.3 (/home/runner/work/_temp/upstream/prost-derive)
    Checking bytes v1.5.0
    Checking ciborium v0.2.2
    Checking tinytemplate v1.2.1
    Checking criterion v0.4.0
    Checking prost v0.12.3 (/home/runner/work/_temp/upstream)
    Finished dev [unoptimized + debuginfo] target(s) in 12.73s

Exit: 0
Timed out: False
