Command: rustup run 1.76.0 cargo fetch --locked
Started: 2026-09-24T20:56:14.063021+00:00
STDOUT:

STDERR:
 Downloading crates ...
  Downloaded rand_chacha v0.3.1 (registry `era`)
  Downloaded which v4.4.2 (registry `era`)
  Downloaded env_logger v0.10.2 (registry `era`)
  Downloaded unicode-ident v1.0.12 (registry `era`)
  Downloaded rand_core v0.6.4 (registry `era`)
  Downloaded vcpkg v0.2.15 (registry `era`)
  Downloaded fixedbitset v0.4.2 (registry `era`)
  Downloaded equivalent v1.0.1 (registry `era`)
  Downloaded walkdir v2.4.0 (registry `era`)
  Downloaded redox_syscall v0.4.1 (registry `era`)
  Downloaded heck v0.4.1 (registry `era`)
  Downloaded serde v1.0.197 (registry `era`)
  Downloaded multimap v0.8.3 (registry `era`)
  Downloaded ciborium-ll v0.2.2 (registry `era`)
  Downloaded indexmap v2.2.3 (registry `era`)
  Downloaded getrandom v0.2.12 (registry `era`)
  Downloaded half v2.4.0 (registry `era`)
  Downloaded hashbrown v0.14.3 (registry `era`)
  Downloaded itertools v0.10.5 (registry `era`)
  Downloaded proptest v1.4.0 (registry `era`)
  Downloaded regex v1.10.3 (registry `era`)
  Downloaded syn v2.0.51 (registry `era`)
  Downloaded regex-syntax v0.8.2 (registry `era`)
  Downloaded winapi v0.3.9 (registry `era`)
  Downloaded winapi-i686-pc-windows-gnu v0.4.0 (registry `era`)
  Downloaded winapi-x86_64-pc-windows-gnu v0.4.0 (registry `era`)
  Downloaded curl-sys v0.4.72+curl-8.6.0 (registry `era`)
  Downloaded windows-sys v0.52.0 (registry `era`)
  Downloaded libc v0.2.153 (registry `era`)
  Downloaded libz-sys v1.1.6 (registry `era`)
  Downloaded windows_aarch64_msvc v0.52.4 (registry `era`)
  Downloaded windows_i686_gnu v0.52.4 (registry `era`)
  Downloaded linux-raw-sys v0.4.13 (registry `era`)
  Downloaded windows_x86_64_msvc v0.52.4 (registry `era`)
  Downloaded windows_x86_64_gnu v0.52.4 (registry `era`)
  Downloaded windows_aarch64_gnullvm v0.52.4 (registry `era`)
  Downloaded windows_x86_64_gnullvm v0.52.4 (registry `era`)
  Downloaded rustix v0.38.31 (registry `era`)
  Downloaded clap v3.2.25 (registry `era`)
  Downloaded aho-corasick v1.1.2 (registry `era`)
  Downloaded serde_json v1.0.114 (registry `era`)
  Downloaded itertools v0.11.0 (registry `era`)
  Downloaded pulldown-cmark v0.9.6 (registry `era`)
  Downloaded criterion v0.4.0 (registry `era`)
  Downloaded petgraph v0.6.4 (registry `era`)
  Downloaded rand v0.8.5 (registry `era`)
  Downloaded memchr v2.7.1 (registry `era`)
  Downloaded bytes v1.5.0 (registry `era`)
  Downloaded hashbrown v0.12.3 (registry `era`)
  Downloaded indexmap v1.9.3 (registry `era`)
  Downloaded libm v0.2.8 (registry `era`)
  Downloaded openssl-sys v0.9.101 (registry `era`)
  Downloaded cc v1.0.88 (registry `era`)
  Downloaded flate2 v1.0.28 (registry `era`)
  Downloaded curl v0.4.46 (registry `era`)
  Downloaded textwrap v0.16.1 (registry `era`)
  Downloaded tempfile v3.10.1 (registry `era`)
  Downloaded tar v0.4.40 (registry `era`)
  Downloaded prettyplease v0.2.16 (registry `era`)
  Downloaded serde_derive v1.0.197 (registry `era`)
  Downloaded once_cell v1.19.0 (registry `era`)
  Downloaded miniz_oxide v0.7.2 (registry `era`)
  Downloaded num-traits v0.2.18 (registry `era`)
  Downloaded socket2 v0.5.6 (registry `era`)
  Downloaded proc-macro2 v1.0.78 (registry `era`)
  Downloaded ciborium v0.2.2 (registry `era`)
  Downloaded bitflags v1.3.2 (registry `era`)
  Downloaded ryu v1.0.17 (registry `era`)
  Downloaded log v0.4.20 (registry `era`)
  Downloaded bit-vec v0.6.3 (registry `era`)
  Downloaded bitflags v2.4.2 (registry `era`)
  Downloaded diff v0.1.13 (registry `era`)
  Downloaded windows_i686_msvc v0.52.4 (registry `era`)
  Downloaded crc32fast v1.4.0 (registry `era`)
  Downloaded schannel v0.1.23 (registry `era`)
  Downloaded anyhow v1.0.80 (registry `era`)
  Downloaded pulldown-cmark-to-cmark v10.0.4 (registry `era`)
  Downloaded quote v1.0.35 (registry `era`)
  Downloaded os_str_bytes v6.6.1 (registry `era`)
  Downloaded wasi v0.11.0+wasi-snapshot-preview1 (registry `era`)
  Downloaded unicase v2.7.0 (registry `era`)
  Downloaded anes v0.1.6 (registry `era`)
  Downloaded criterion-plot v0.5.0 (registry `era`)
  Downloaded tinytemplate v1.2.1 (registry `era`)
  Downloaded lazy_static v1.4.0 (registry `era`)
  Downloaded either v1.10.0 (registry `era`)
  Downloaded rusty-fork v0.3.0 (registry `era`)
  Downloaded ppv-lite86 v0.2.17 (registry `era`)
  Downloaded cast v0.3.0 (registry `era`)
  Downloaded quick-error v1.2.3 (registry `era`)
  Downloaded version_check v0.9.4 (registry `era`)
  Downloaded autocfg v1.1.0 (registry `era`)
  Downloaded cfg-if v1.0.0 (registry `era`)
  Downloaded home v0.5.9 (registry `era`)
  Downloaded atty v0.2.14 (registry `era`)
  Downloaded ciborium-io v0.2.2 (registry `era`)
  Downloaded oorandom v11.1.3 (registry `era`)
  Downloaded itoa v1.0.10 (registry `era`)
  Downloaded same-file v1.0.6 (registry `era`)
  Downloaded errno v0.3.8 (registry `era`)
  Downloaded openssl-probe v0.1.5 (registry `era`)
  Downloaded filetime v0.2.23 (registry `era`)
  Downloaded windows-targets v0.52.4 (registry `era`)
  Downloaded rand_xorshift v0.3.0 (registry `era`)
  Downloaded fnv v1.0.7 (registry `era`)
  Downloaded adler v1.0.2 (registry `era`)
  Downloaded unarray v0.1.4 (registry `era`)
  Downloaded clap_lex v0.2.4 (registry `era`)
  Downloaded winapi-util v0.1.6 (registry `era`)
  Downloaded fastrand v2.0.1 (registry `era`)
  Downloaded wait-timeout v0.2.0 (registry `era`)
  Downloaded regex-automata v0.4.5 (registry `era`)
  Downloaded bit-set v0.5.3 (registry `era`)
  Downloaded hermit-abi v0.1.19 (registry `era`)
  Downloaded crunchy v0.2.2 (registry `era`)
  Downloaded pkg-config v0.3.30 (registry `era`)
  Downloaded xattr v1.3.1 (registry `era`)

Exit: 0
Timed out: False
