Command: rustup run 1.37.0 cargo check --locked --offline --tests
Started: 2026-09-24T18:12:26.797316+00:00
STDOUT:

STDERR:
   Compiling libc v0.2.62
   Compiling getrandom v0.1.10
    Checking cfg-if v0.1.9
    Checking ppv-lite86 v0.2.5
    Checking lazy_static v1.3.0
   Compiling autocfg v0.1.5
    Checking rand_core v0.4.2
   Compiling byteorder v1.3.2
    Checking remove_dir_all v0.5.2
   Compiling bitflags v1.1.0
    Checking fnv v1.0.6
    Checking bit-vec v0.5.1
    Checking quick-error v1.2.2
    Checking regex-syntax v0.6.11
    Checking smallvec v0.6.10
    Checking unicode-segmentation v1.3.0
    Checking bencher v0.1.5
    Checking rand_core v0.3.1
   Compiling num-traits v0.2.8
    Checking c2-chacha v0.2.2
    Checking bit-set v0.5.1
    Checking ropey v1.0.1 (/home/runner/work/_temp/upstream)
    Checking wait-timeout v0.2.0
    Checking rand v0.5.6
    Checking rand_core v0.5.0
    Checking rand_chacha v0.2.1
    Checking rand v0.7.0
    Checking tempfile v3.1.0
    Checking rusty-fork v0.2.2
    Checking proptest v0.8.7
    Finished dev [unoptimized + debuginfo] target(s) in 12.74s

Exit: 0
Timed out: False
