Command: rustup run 1.45.0 cargo test --locked --offline --lib ord::map::test::ranged_iter -- --exact --nocapture --test-threads=1
Started: 2026-09-24T00:19:49.547004+00:00
STDOUT:

running 1 test
test ord::map::test::ranged_iter ... ok

test result: ok. 1 passed; 0 failed; 0 ignored; 0 measured; 104 filtered out


STDERR:
   Compiling cfg-if v0.1.10
   Compiling lazy_static v1.4.0
   Compiling ppv-lite86 v0.2.8
   Compiling scopeguard v1.1.0
   Compiling remove_dir_all v0.5.3
   Compiling bit-vec v0.6.2
   Compiling fnv v1.0.7
   Compiling quick-error v1.2.3
   Compiling regex-syntax v0.6.18
   Compiling either v1.5.3
   Compiling difference v2.0.0
   Compiling ansi_term v0.11.0
   Compiling itoa v0.4.6
   Compiling metrohash v1.0.6
   Compiling im v15.0.0 (/home/runner/work/_temp/upstream)
   Compiling bit-set v0.5.2
   Compiling pretty_assertions v0.6.1
   Compiling libc v0.2.73
   Compiling maybe-uninit v2.0.0
   Compiling typenum v1.12.0
   Compiling byteorder v1.3.4
   Compiling ryu v1.0.5
   Compiling bitflags v1.2.1
   Compiling serde v1.0.114
   Compiling crossbeam-utils v0.7.2
   Compiling memoffset v0.5.5
   Compiling num-traits v0.2.12
   Compiling getrandom v0.1.14
   Compiling wait-timeout v0.2.0
   Compiling num_cpus v1.13.0
   Compiling bitmaps v2.1.0
   Compiling crossbeam-epoch v0.8.2
   Compiling crossbeam-queue v0.2.3
   Compiling rand_core v0.5.1
   Compiling crossbeam-deque v0.7.3
   Compiling rand_pcg v0.2.1
   Compiling rand_chacha v0.2.2
   Compiling rand_xorshift v0.2.0
   Compiling rand_xoshiro v0.4.0
   Compiling rayon-core v1.7.1
   Compiling rand v0.7.3
   Compiling sized-chunks v0.6.2
   Compiling rayon v1.3.1
   Compiling tempfile v3.1.0
   Compiling rusty-fork v0.3.0
   Compiling proptest v0.10.0
   Compiling serde_json v1.0.57
    Finished test [unoptimized + debuginfo] target(s) in 28.78s
     Running /home/runner/work/_temp/build-20260924T001838Z-e44ead98/debug/deps/im-b1b15875066b9b01

Exit: 0
Timed out: False
