Command: rustup run 1.45.0 cargo check --locked --offline --tests
Started: 2026-09-24T00:19:28.761013+00:00
STDOUT:

STDERR:
   Compiling autocfg v1.0.0
    Checking cfg-if v0.1.10
   Compiling libc v0.2.73
   Compiling getrandom v0.1.14
    Checking lazy_static v1.4.0
   Compiling maybe-uninit v2.0.0
    Checking ppv-lite86 v0.2.8
   Compiling proc-macro2 v0.4.30
   Compiling rayon-core v1.7.1
   Compiling typenum v1.12.0
   Compiling unicode-xid v0.1.0
    Checking scopeguard v1.1.0
   Compiling syn v0.15.44
   Compiling ryu v1.0.5
   Compiling bitflags v1.2.1
   Compiling byteorder v1.3.4
    Checking remove_dir_all v0.5.3
   Compiling serde v1.0.114
    Checking quick-error v1.2.3
    Checking fnv v1.0.7
   Compiling version_check v0.9.2
    Checking bit-vec v0.6.2
   Compiling serde_json v1.0.57
    Checking ansi_term v0.11.0
    Checking itoa v0.4.6
    Checking either v1.5.3
    Checking difference v2.0.0
    Checking regex-syntax v0.6.18
    Checking metrohash v1.0.6
   Compiling crossbeam-utils v0.7.2
   Compiling memoffset v0.5.5
   Compiling crossbeam-epoch v0.8.2
   Compiling num-traits v0.2.12
   Compiling rayon v1.3.1
    Checking bit-set v0.5.2
    Checking pretty_assertions v0.6.1
   Compiling im v15.0.0 (/home/runner/work/_temp/upstream)
    Checking wait-timeout v0.2.0
    Checking num_cpus v1.13.0
   Compiling quote v0.6.13
    Checking crossbeam-queue v0.2.3
    Checking rand_core v0.5.1
    Checking bitmaps v2.1.0
    Checking crossbeam-deque v0.7.3
    Checking rand_chacha v0.2.2
    Checking rand_pcg v0.2.1
    Checking rand_xorshift v0.2.0
    Checking rand_xoshiro v0.4.0
    Checking rand v0.7.3
    Checking sized-chunks v0.6.2
    Checking tempfile v3.1.0
    Checking rusty-fork v0.3.0
    Checking proptest v0.10.0
   Compiling proptest-derive v0.2.0
    Finished dev [unoptimized + debuginfo] target(s) in 20.69s

Exit: 0
Timed out: False
