Command: rustup run 1.33.0 cargo check --locked --tests
Started: 2026-09-23T16:44:16.324646+00:00
STDOUT:

STDERR:
warning: file found to be present in multiple build targets: /home/runner/work/_temp/upstream/tests/bench.rs
   Compiling proc-macro2 v0.4.27
   Compiling unicode-xid v0.1.0
   Compiling autocfg v0.1.2
   Compiling arrayvec v0.4.10
   Compiling libc v0.2.50
    Checking nodrop v0.1.13
    Checking cfg-if v0.1.7
   Compiling rand_core v0.4.0
    Checking scopeguard v0.3.3
   Compiling serde v1.0.89
    Checking lazy_static v1.3.0
    Checking memoffset v0.2.1
   Compiling ryu v0.2.7
   Compiling memchr v2.2.0
   Compiling byteorder v1.3.1
   Compiling rayon-core v1.4.1
   Compiling rayon v1.0.3
   Compiling num-traits v0.2.6
    Checking unicode-width v0.1.5
    Checking itoa v0.4.3
    Checking either v1.5.1
    Checking cast v0.2.2
    Checking bitflags v1.0.4
    Checking same-file v1.0.4
    Checking arrayref v0.3.5
    Checking seahash v3.0.6
    Checking fnv v1.0.6
    Checking hex v0.3.2
    Checking crossbeam-utils v0.2.2
   Compiling rand_chacha v0.1.1
   Compiling rand_pcg v0.1.2
   Compiling rand v0.6.5
   Compiling rand_core v0.3.1
   Compiling rand_jitter v0.1.3
    Checking textwrap v0.10.0
    Checking itertools v0.8.0
    Checking walkdir v2.2.7
   Compiling rand_xorshift v0.1.1
   Compiling rand_hc v0.1.0
   Compiling rand_isaac v0.1.1
    Checking clap v2.32.0
   Compiling rand_os v0.1.3
   Compiling quote v0.6.11
    Checking num_cpus v1.10.0
    Checking atty v0.2.11
    Checking crossbeam-epoch v0.3.1
    Checking rand_xoshiro v0.1.0
    Checking criterion-plot v0.3.0
    Checking fxhash v0.2.1
   Compiling syn v0.15.27
    Checking csv-core v0.1.5
    Checking crossbeam-deque v0.2.0
   Compiling proc-macro-hack v0.5.4
   Compiling serde_derive v1.0.89
    Checking serde_json v1.0.39
    Checking csv v1.0.5
   Compiling const-random-macro v0.1.3
    Checking tinytemplate v1.0.1
    Checking const-random v0.1.3
    Checking ahash v0.1.6 (/home/runner/work/_temp/upstream)
warning: constant item is never used: `PAD`
  --> src/lib.rs:36:1
   |
36 | const PAD : u128 = 0xF0E1D2C3B4A5968778695A4B3C2D1E0F;
   | ^^^^^^^^^^^^^^^^^^^^^^^^^^^^^^^^^^^^^^^^^^^^^^^^^^^^^^

    Checking criterion v0.2.10
error[E0425]: cannot find function `aeshash` in this scope
  --> src/aes_hash.rs:48:23
   |
48 |         self.buffer = aeshash(self.buffer.convert(),i).convert();
   |                       ^^^^^^^ help: a crate with a similar name exists: `seahash`

error[E0425]: cannot find function `aeshash` in this scope
  --> src/aes_hash.rs:67:27
   |
67 |             self.buffer = aeshash(self.buffer.convert(),block).convert();
   |                           ^^^^^^^ help: a crate with a similar name exists: `seahash`

error[E0425]: cannot find function `aeshash` in this scope
  --> src/aes_hash.rs:73:27
   |
73 |             self.buffer = aeshash(self.buffer.convert(),block as u128).convert();
   |                           ^^^^^^^ help: a crate with a similar name exists: `seahash`

error[E0425]: cannot find function `aeshash` in this scope
  --> src/aes_hash.rs:79:27
   |
79 |             self.buffer = aeshash(self.buffer.convert(),block as u128).convert();
   |                           ^^^^^^^ help: a crate with a similar name exists: `seahash`

error[E0425]: cannot find function `aeshash` in this scope
  --> src/aes_hash.rs:85:27
   |
85 |             self.buffer = aeshash(self.buffer.convert(), block as u128).convert();
   |                           ^^^^^^^ help: a crate with a similar name exists: `seahash`

error[E0425]: cannot find function `aeshash` in this scope
  --> src/aes_hash.rs:89:27
   |
89 |             self.buffer = aeshash(self.buffer.convert(), data[0] as u128).convert();
   |                           ^^^^^^^ help: a crate with a similar name exists: `seahash`

error[E0425]: cannot find function `aeshash` in this scope
  --> src/aes_hash.rs:91:23
   |
91 |         self.buffer = aeshash(self.buffer.convert(), [length, length].convert()).convert();
   |                       ^^^^^^^ help: a crate with a similar name exists: `seahash`

error[E0425]: cannot find function `aeshash` in this scope
  --> src/aes_hash.rs:95:32
   |
95 |         let result: [u64; 2] = aeshash(aeshash(self.buffer.convert(), PAD), PAD).convert();
   |                                ^^^^^^^ help: a crate with a similar name exists: `seahash`

error[E0425]: cannot find function `aeshash` in this scope
  --> src/aes_hash.rs:95:40
   |
95 |         let result: [u64; 2] = aeshash(aeshash(self.buffer.convert(), PAD), PAD).convert();
   |                                        ^^^^^^^ help: a crate with a similar name exists: `seahash`

error[E0425]: cannot find function `aeshash` in this scope
   --> src/aes_hash.rs:143:18
    |
143 |         result = aeshash(value.convert(), result.convert()).convert();
    |                  ^^^^^^^ help: a crate with a similar name exists: `seahash`

error[E0425]: cannot find function `aeshash` in this scope
   --> src/aes_hash.rs:144:18
    |
144 |         result = aeshash(result.convert(), result.convert()).convert();
    |                  ^^^^^^^ help: a crate with a similar name exists: `seahash`

error[E0425]: cannot find function `aeshash` in this scope
   --> src/aes_hash.rs:147:19
    |
147 |         result2 = aeshash(value2.convert(), result2.convert()).convert();
    |                   ^^^^^^^ help: a crate with a similar name exists: `seahash`

error[E0425]: cannot find function `aeshash` in this scope
   --> src/aes_hash.rs:148:19
    |
148 |         result2 = aeshash(result2.convert(), result.convert()).convert();
    |                   ^^^^^^^ help: a crate with a similar name exists: `seahash`

warning: unused import: `std::mem::transmute`
 --> src/aes_hash.rs:4:5
  |
4 | use std::mem::transmute;
  |     ^^^^^^^^^^^^^^^^^^^
  |
  = note: #[warn(unused_imports)] on by default

warning: unused imports: `Hash`, `Hasher`
   --> src/hash_quality_test.rs:141:21
    |
141 |     use std::hash::{Hash, Hasher};
    |                     ^^^^  ^^^^^^

error: aborting due to 13 previous errors

For more information about this error, try `rustc --explain E0425`.
error: Could not compile `ahash`.

To learn more, run the command again with --verbose.

Exit: 101
Timed out: False
