Command: rustup run 1.69.0 cargo check --locked --offline --tests
Started: 2026-09-24T00:08:51.055199+00:00
STDOUT:

STDERR:
   Compiling autocfg v1.1.0
   Compiling proc-macro2 v1.0.56
   Compiling serde v1.0.162
   Compiling libc v0.2.143
   Compiling num-traits v0.2.15
   Compiling num-integer v0.1.45
   Compiling unicode-ident v1.0.8
   Compiling quote v1.0.26
   Compiling num-iter v0.1.43
   Compiling doc-comment v0.3.3
   Compiling serde_json v1.0.96
   Compiling serde_derive v1.0.162
   Compiling syn v2.0.15
    Checking time v0.1.45
    Checking iana-time-zone v0.1.56
    Checking itoa v1.0.6
    Checking ryu v1.0.13
    Checking chrono v0.4.24 (/home/runner/work/_temp/upstream)
    Checking bincode v1.3.3
    Finished dev [unoptimized + debuginfo] target(s) in 7.11s

Exit: 0
Timed out: False
