Command: rustup run 1.79.0 cargo check --locked --offline --tests
Started: 2026-09-23T15:22:10.740080+00:00
STDOUT:

STDERR:
   Compiling autocfg v1.5.1
   Compiling proc-macro2 v1.0.101
   Compiling unicode-ident v1.0.22
   Compiling libc v0.2.163
    Checking cfg-if v1.0.5
   Compiling semver v1.0.26
   Compiling crossbeam-utils v0.8.16
   Compiling version_check v0.9.5
   Compiling memoffset v0.9.1
   Compiling serde_core v1.0.229
   Compiling quote v1.0.40
   Compiling syn v1.0.109
   Compiling rustc_version v0.4.1
   Compiling syn v3.0.6
   Compiling crossbeam-epoch v0.9.15
   Compiling serde v1.0.229
   Compiling proc-macro-error-attr v1.0.4
    Checking scopeguard v1.2.0
   Compiling proc-macro-error v1.0.4
   Compiling indexmap v1.9.3
   Compiling num-traits v0.2.18
   Compiling rayon-core v1.10.2
    Checking either v1.13.0
   Compiling serde_json v1.0.143
    Checking bitflags v1.3.2
    Checking crossbeam-deque v0.8.3
    Checking crossbeam-channel v0.5.8
    Checking getrandom v0.2.17
    Checking atty v0.2.14
    Checking num_cpus v1.17.0
    Checking ciborium-io v0.2.1
    Checking unicode-width v0.1.14
    Checking itoa v1.0.15
   Compiling unicode-segmentation v1.12.0
    Checking ryu v1.0.20
    Checking os_str_bytes v6.5.1
   Compiling serde_derive v1.0.229
    Checking half v1.8.3
    Checking plotters-backend v0.3.7
    Checking hashbrown v0.12.3
    Checking memchr v2.6.0
    Checking plotters-svg v0.3.7
    Checking ciborium-ll v0.2.1
   Compiling heck v0.3.3
    Checking clap_lex v0.2.4
    Checking textwrap v0.11.0
    Checking rand_core v0.6.4
    Checking itertools v0.10.5
   Compiling rstest_reuse v0.3.0
   Compiling rstest v0.12.0
    Checking ppv-lite86 v0.2.17
    Checking strsim v0.8.0
    Checking textwrap v0.16.1
    Checking ansi_term v0.12.1
    Checking lazy_static v1.5.0
    Checking regex-syntax v0.6.29
    Checking same-file v1.0.6
    Checking cast v0.3.0
    Checking vec_map v0.8.2
    Checking clap v2.34.0
   Compiling structopt-derive v0.4.18
    Checking regex v1.7.3
    Checking criterion-plot v0.5.0
    Checking ciborium v0.2.1
    Checking walkdir v2.5.0
    Checking clap v3.2.25
    Checking rand_chacha v0.3.1
    Checking plotters v0.3.7
    Checking rayon v1.6.1
    Checking tinytemplate v1.2.1
    Checking anes v0.1.6
    Checking oorandom v11.1.5
    Checking rand v0.8.8
    Checking structopt v0.3.26
    Checking base64 v0.21.0 (/home/runner/work/_temp/upstream)
    Checking criterion v0.4.0
    Finished `dev` profile [unoptimized + debuginfo] target(s) in 12.51s

Exit: 0
Timed out: False
