Command: rustup run 1.62.0 cargo test --locked --offline --lib test::signed_int128 -- --exact --nocapture --test-threads=1
Started: 2026-09-24T00:23:41.629910+00:00
STDOUT:

running 1 test
test test::signed_int128 ... FAILED

failures:

failures:
    test::signed_int128

test result: FAILED. 0 passed; 1 failed; 0 ignored; 0 measured; 38 filtered out; finished in 0.00s


STDERR:
   Compiling postcard v1.0.0 (/home/runner/work/_temp/upstream)
warning: function is never used: `de_zig_zag_i128`
   --> src/de/deserializer.rs:594:4
    |
594 | fn de_zig_zag_i128(n: u128) -> i128 {
    |    ^^^^^^^^^^^^^^^
    |
    = note: `#[warn(dead_code)]` on by default

warning: `postcard` (lib test) generated 1 warning
    Finished test [unoptimized + debuginfo] target(s) in 1.29s
     Running unittests src/lib.rs (/home/runner/work/_temp/build-20260924T002204Z-de8f3668/debug/deps/postcard-d5669c06773d9ae1)
thread 'main' panicked at 'called `Result::unwrap()` on an `Err` value: DeserializeUnexpectedEnd', src/lib.rs:110:51
note: run with `RUST_BACKTRACE=1` environment variable to display a backtrace
error: test failed, to rerun pass '--lib'

Exit: 101
Timed out: False
