Command: rustup run 1.62.0 cargo fetch --locked
Started: 2026-09-24T00:23:28.307716+00:00
STDOUT:

STDERR:
 Downloading crates ...
  Downloaded semver-parser v0.7.0 (registry `era`)
  Downloaded semver v0.9.0 (registry `era`)
  Downloaded cfg-if v1.0.0 (registry `era`)
  Downloaded defmt v0.3.2 (registry `era`)
  Downloaded rustc_version v0.2.3 (registry `era`)
  Downloaded vcell v0.1.3 (registry `era`)
  Downloaded serde v1.0.138 (registry `era`)
  Downloaded defmt-macros v0.3.2 (registry `era`)
  Downloaded nb v0.1.3 (registry `era`)
  Downloaded rustc_version v0.4.0 (registry `era`)
  Downloaded lazy_static v1.4.0 (registry `era`)
  Downloaded volatile-register v0.2.1 (registry `era`)
  Downloaded nb v1.0.0 (registry `era`)
  Downloaded cobs v0.2.3 (registry `era`)
  Downloaded memchr v2.5.0 (registry `era`)
  Downloaded defmt-parser v0.3.1 (registry `era`)
  Downloaded void v1.0.2 (registry `era`)
  Downloaded bare-metal v1.0.0 (registry `era`)
  Downloaded unicode-xid v0.2.3 (registry `era`)
  Downloaded bit_field v0.10.1 (registry `era`)
  Downloaded version_check v0.9.4 (registry `era`)
  Downloaded atomic-polyfill v0.1.8 (registry `era`)
  Downloaded semver v1.0.12 (registry `era`)
  Downloaded lock_api v0.4.7 (registry `era`)
  Downloaded byteorder v1.4.3 (registry `era`)
  Downloaded critical-section v0.2.7 (registry `era`)
  Downloaded autocfg v1.1.0 (registry `era`)
  Downloaded hash32 v0.2.1 (registry `era`)
  Downloaded bare-metal v0.2.5 (registry `era`)
  Downloaded bitfield v0.13.2 (registry `era`)
  Downloaded proc-macro-error-attr v1.0.4 (registry `era`)
  Downloaded spin v0.9.3 (registry `era`)
  Downloaded proc-macro-error v1.0.4 (registry `era`)
  Downloaded embedded-hal v0.2.7 (registry `era`)
  Downloaded stable_deref_trait v1.2.0 (registry `era`)
  Downloaded bitflags v1.3.2 (registry `era`)
  Downloaded quote v1.0.20 (registry `era`)
  Downloaded const_format_proc_macros v0.2.22 (registry `era`)
  Downloaded scopeguard v1.1.0 (registry `era`)
  Downloaded regex-syntax v0.6.26 (registry `era`)
  Downloaded proc-macro2 v1.0.40 (registry `era`)
  Downloaded riscv-target v0.1.2 (registry `era`)
  Downloaded unicode-ident v1.0.1 (registry `era`)
  Downloaded serde_derive v1.0.138 (registry `era`)
  Downloaded const_format v0.2.26 (registry `era`)
  Downloaded heapless v0.7.14 (registry `era`)
  Downloaded aho-corasick v0.7.18 (registry `era`)
  Downloaded cortex-m v0.7.5 (registry `era`)
  Downloaded riscv v0.7.0 (registry `era`)
  Downloaded regex v1.5.6 (registry `era`)
  Downloaded syn v1.0.98 (registry `era`)

Exit: 0
Timed out: False
