Command: rustup run 1.49.0 cargo test --locked --offline --lib vec::tests::misc -- --exact --nocapture --test-threads=1
Started: 2026-09-23T22:43:49.264902+00:00
STDOUT:

running 1 test
test vec::tests::misc ... ok

test result: ok. 1 passed; 0 failed; 0 ignored; 0 measured; 123 filtered out


STDERR:
   Compiling lazy_static v1.4.0
   Compiling cfg-if v1.0.0
   Compiling byteorder v1.4.2
   Compiling either v1.6.1
   Compiling scopeguard v1.1.0
   Compiling itoa v0.4.7
   Compiling plotters-backend v0.3.0
   Compiling unicode-width v0.1.8
   Compiling half v1.7.1
   Compiling regex-syntax v0.6.22
   Compiling same-file v1.0.6
   Compiling oorandom v11.1.3
   Compiling tap v1.0.0
   Compiling funty v1.1.0
   Compiling wyz v0.2.0
   Compiling static_assertions v1.1.0
   Compiling itertools v0.9.0
   Compiling itertools v0.10.0
   Compiling textwrap v0.11.0
   Compiling regex-automata v0.1.9
   Compiling plotters-svg v0.3.0
   Compiling walkdir v2.3.1
   Compiling serde v1.0.123
   Compiling libc v0.2.84
   Compiling memchr v2.3.4
   Compiling ryu v1.0.5
   Compiling bitflags v1.2.1
   Compiling regex v1.4.3
   Compiling radium v0.6.2
   Compiling crossbeam-utils v0.8.1
   Compiling memoffset v0.6.1
   Compiling num-traits v0.2.14
   Compiling csv-core v0.1.10
   Compiling num_cpus v1.13.0
   Compiling atty v0.2.14
   Compiling clap v2.33.3
   Compiling crossbeam-channel v0.5.0
   Compiling crossbeam-epoch v0.9.1
   Compiling plotters v0.3.0
   Compiling crossbeam-deque v0.8.0
   Compiling cast v0.2.3
   Compiling bstr v0.2.14
   Compiling serde_json v1.0.61
   Compiling serde_cbor v0.11.1
   Compiling bincode v1.3.1
   Compiling serde_test v1.0.123
   Compiling rayon-core v1.9.0
   Compiling criterion-plot v0.4.3
   Compiling csv v1.1.5
   Compiling tinytemplate v1.2.0
   Compiling rayon v1.5.0
   Compiling criterion v0.3.4
   Compiling bitvec v0.20.1 (/home/runner/work/_temp/upstream)
    Finished test [unoptimized + debuginfo] target(s) in 33.09s
     Running /home/runner/work/_temp/build-20260923T224212Z-d610c7b4/debug/deps/bitvec-f38ad9a458e51444

Exit: 0
Timed out: False
