Command: rustup run 1.49.0 cargo check --locked --offline --tests
Started: 2026-09-23T22:43:20.230300+00:00
STDOUT:

STDERR:
   Compiling autocfg v1.0.1
   Compiling serde v1.0.123
    Checking lazy_static v1.4.0
   Compiling libc v0.2.84
   Compiling const_fn v0.4.5
   Compiling semver-parser v0.7.0
    Checking cfg-if v1.0.0
   Compiling proc-macro2 v1.0.24
   Compiling memchr v2.3.4
   Compiling ryu v1.0.5
   Compiling rayon-core v1.9.0
    Checking byteorder v1.4.2
    Checking scopeguard v1.1.0
    Checking either v1.6.1
   Compiling unicode-xid v0.2.1
   Compiling syn v1.0.60
   Compiling serde_json v1.0.61
    Checking itoa v0.4.7
   Compiling bitflags v1.2.1
   Compiling serde_derive v1.0.123
   Compiling radium v0.6.2
    Checking plotters-backend v0.3.0
    Checking unicode-width v0.1.8
    Checking regex-syntax v0.6.22
    Checking half v1.7.1
    Checking same-file v1.0.6
    Checking tap v1.0.0
    Checking oorandom v11.1.3
    Checking wyz v0.2.0
    Checking funty v1.1.0
    Checking static_assertions v1.1.0
   Compiling semver v0.9.0
   Compiling crossbeam-utils v0.8.1
   Compiling memoffset v0.6.1
   Compiling num-traits v0.2.14
   Compiling rayon v1.5.0
    Checking itertools v0.9.0
    Checking itertools v0.10.0
    Checking regex-automata v0.1.9
    Checking textwrap v0.11.0
    Checking plotters-svg v0.3.0
    Checking walkdir v2.3.1
   Compiling rustc_version v0.2.3
    Checking regex v1.4.3
    Checking num_cpus v1.13.0
    Checking atty v0.2.14
   Compiling cast v0.2.3
    Checking csv-core v0.1.10
    Checking clap v2.33.3
    Checking bitvec v0.20.1 (/home/runner/work/_temp/upstream)
   Compiling quote v1.0.8
    Checking crossbeam-channel v0.5.0
    Checking crossbeam-epoch v0.9.1
    Checking plotters v0.3.0
    Checking bstr v0.2.14
    Checking serde_cbor v0.11.1
    Checking bincode v1.3.1
    Checking serde_test v1.0.123
    Checking crossbeam-deque v0.8.0
    Checking csv v1.1.5
    Checking tinytemplate v1.2.0
    Checking criterion-plot v0.4.3
    Checking criterion v0.3.4
    Finished dev [unoptimized + debuginfo] target(s) in 28.92s

Exit: 0
Timed out: False
