Command: rustup run 1.98.1 cargo fetch --locked
Started: 2026-09-24T20:58:23.201797+00:00
STDOUT:

STDERR:
warning: `/home/runner/work/_temp/upstream/.cargo/config` is deprecated in favor of `config.toml`
  |
  = help: if you need to support cargo 1.38 or earlier, you can symlink `config` to `config.toml`
 Downloading crates ...
  Downloaded serde_test v1.0.177 (registry `era`)
  Downloaded encase_derive_impl v0.12.1 (registry `era`)
  Downloaded thiserror-impl v2.0.20 (registry `era`)
  Downloaded unicode-ident v1.0.24 (registry `era`)
  Downloaded equivalent v1.0.2 (registry `era`)
  Downloaded serde v1.0.229 (registry `era`)
  Downloaded allocator-api2 v0.4.0 (registry `era`)
  Downloaded serde_derive v1.0.229 (registry `era`)
  Downloaded either v1.18.0 (registry `era`)
  Downloaded encase_derive v0.12.1 (registry `era`)
  Downloaded syn v3.0.5 (registry `era`)
  Downloaded crossbeam-utils v0.8.23 (registry `era`)
  Downloaded thiserror v2.0.20 (registry `era`)
  Downloaded typewit v1.15.2 (registry `era`)
  Downloaded proc-macro2 v1.0.107 (registry `era`)
  Downloaded serde_core v1.0.229 (registry `era`)
  Downloaded rayon v1.12.0 (registry `era`)
  Downloaded defmt-macros v1.1.1 (registry `era`)
  Downloaded malloc_size_of v0.1.1 (registry `era`)
  Downloaded defmt-parser v1.0.0 (registry `era`)
  Downloaded cast v0.3.0 (registry `era`)
  Downloaded shlex v2.0.1 (registry `era`)
  Downloaded proc-macro-crate v3.5.0 (registry `era`)
  Downloaded toml_edit v0.25.15+spec-1.1.0 (registry `era`)
  Downloaded quote v1.0.47 (registry `era`)
  Downloaded crossbeam-epoch v0.9.21 (registry `era`)
  Downloaded encase v0.12.1 (registry `era`)
  Downloaded bitflags v1.3.2 (registry `era`)
  Downloaded winapi-util v0.1.11 (registry `era`)
  Downloaded zmij v1.0.23 (registry `era`)
  Downloaded find-msvc-tools v0.1.12 (registry `era`)
  Downloaded page_size v0.6.0 (registry `era`)
  Downloaded same-file v1.0.6 (registry `era`)
  Downloaded futures-task v0.3.34 (registry `era`)
  Downloaded oorandom v11.1.5 (registry `era`)
  Downloaded const_panic v0.2.17 (registry `era`)
  Downloaded rayon-core v1.13.0 (registry `era`)
  Downloaded wasm-bindgen-shared v0.2.128 (registry `era`)
  Downloaded plotters-backend v0.3.7 (registry `era`)
  Downloaded num-traits v0.2.19 (registry `era`)
  Downloaded crossbeam-deque v0.8.8 (registry `era`)
  Downloaded pin-project-lite v0.2.17 (registry `era`)
  Downloaded criterion-plot v0.8.2 (registry `era`)
  Downloaded anstyle v1.0.14 (registry `era`)
  Downloaded defmt v1.1.1 (registry `era`)
  Downloaded windows-link v0.2.1 (registry `era`)
  Downloaded clap_lex v1.1.0 (registry `era`)
  Downloaded cfg_aliases v0.2.2 (registry `era`)
  Downloaded itoa v1.0.18 (registry `era`)
  Downloaded walkdir v2.5.0 (registry `era`)
  Downloaded ciborium-io v0.2.2 (registry `era`)
  Downloaded alloca v0.4.0 (registry `era`)
  Downloaded autocfg v1.5.1 (registry `era`)
  Downloaded crunchy v0.2.4 (registry `era`)
  Downloaded anes v0.1.6 (registry `era`)
  Downloaded wasm-bindgen-macro v0.2.128 (registry `era`)
  Downloaded once_cell v1.21.4 (registry `era`)
  Downloaded cfg-if v1.0.4 (registry `era`)
  Downloaded ciborium v0.2.2 (registry `era`)
  Downloaded winnow v1.0.4 (registry `era`)
  Downloaded borsh-derive v1.8.1 (registry `era`)
  Downloaded arbitrary v1.4.2 (registry `era`)
  Downloaded bytes v1.12.1 (registry `era`)
  Downloaded futures-core v0.3.34 (registry `era`)
  Downloaded criterion v0.8.2 (registry `era`)
  Downloaded clap v4.6.6 (registry `era`)
  Downloaded zerocopy-derive v0.8.57 (registry `era`)
  Downloaded toml_parser v1.1.3+spec-1.1.0 (registry `era`)
  Downloaded toml_datetime v1.1.1+spec-1.1.0 (registry `era`)
  Downloaded memchr v2.8.3 (registry `era`)
  Downloaded bumpalo v3.20.3 (registry `era`)
  Downloaded js-sys v0.3.105 (registry `era`)
  Downloaded syn v2.0.119 (registry `era`)
  Downloaded ciborium-ll v0.2.2 (registry `era`)
  Downloaded borsh v1.8.1 (registry `era`)
  Downloaded wasm-bindgen-macro-support v0.2.128 (registry `era`)
  Downloaded aho-corasick v1.1.5 (registry `era`)
  Downloaded hashbrown v0.17.1 (registry `era`)
  Downloaded clap_builder v4.6.6 (registry `era`)
  Downloaded regex v1.13.1 (registry `era`)
  Downloaded plotters v0.3.7 (registry `era`)
  Downloaded regex-syntax v0.8.11 (registry `era`)
  Downloaded regex-automata v0.4.18 (registry `era`)
  Downloaded libc v0.2.189 (registry `era`)
  Downloaded futures-util v0.3.34 (registry `era`)
  Downloaded web-sys v0.3.105 (registry `era`)
  Downloaded winapi v0.3.9 (registry `era`)
  Downloaded windows-sys v0.61.2 (registry `era`)
  Downloaded winapi-x86_64-pc-windows-gnu v0.4.0 (registry `era`)
  Downloaded winapi-i686-pc-windows-gnu v0.4.0 (registry `era`)
  Downloaded cc v1.4.5 (registry `era`)
  Downloaded wasm-bindgen v0.2.128 (registry `era`)
  Downloaded half v2.7.1 (registry `era`)
  Downloaded tinytemplate v1.2.1 (registry `era`)
  Downloaded slab v0.4.12 (registry `era`)
  Downloaded zerocopy v0.8.57 (registry `era`)
  Downloaded itertools v0.13.0 (registry `era`)
  Downloaded rustversion v1.0.23 (registry `era`)
  Downloaded serde_json v1.0.151 (registry `era`)
  Downloaded plotters-svg v0.3.7 (registry `era`)
  Downloaded indexmap v2.14.2 (registry `era`)

Exit: 0
Timed out: False
