Command: rustup run 1.98.1 cargo check --locked --offline --tests
Started: 2026-09-24T20:58:24.326611+00:00
STDOUT:

STDERR:
warning: `/home/runner/work/_temp/upstream/.cargo/config` is deprecated in favor of `config.toml`
  |
  = help: if you need to support cargo 1.38 or earlier, you can symlink `config` to `config.toml`
   Compiling proc-macro2 v1.0.107
   Compiling unicode-ident v1.0.24
   Compiling quote v1.0.47
   Compiling serde_core v1.0.229
   Compiling crossbeam-utils v0.8.23
   Compiling zerocopy v0.8.57
   Compiling serde v1.0.229
   Compiling crossbeam-epoch v0.9.21
   Compiling shlex v2.0.1
   Compiling zmij v1.0.23
   Compiling find-msvc-tools v0.1.12
   Compiling autocfg v1.5.1
   Compiling syn v3.0.5
   Compiling syn v2.0.119
   Compiling crossbeam-deque v0.8.8
   Compiling num-traits v0.2.19
   Compiling cc v1.4.5
   Compiling serde_json v1.0.151
    Checking either v1.18.0
    Checking cfg-if v1.0.4
   Compiling rayon-core v1.13.0
   Compiling libc v0.2.189
   Compiling alloca v0.4.0
    Checking regex-syntax v0.8.11
    Checking itoa v1.0.18
    Checking clap_lex v1.1.0
   Compiling serde_derive v1.0.229
    Checking ciborium-io v0.2.2
    Checking anstyle v1.0.14
    Checking memchr v2.8.3
    Checking plotters-backend v0.3.7
    Checking plotters-svg v0.3.7
    Checking regex-automata v0.4.18
    Checking clap_builder v4.6.6
   Compiling zerocopy-derive v0.8.57
    Checking itertools v0.13.0
    Checking same-file v1.0.6
    Checking cast v0.3.0
    Checking walkdir v2.5.0
    Checking page_size v0.6.0
    Checking tinytemplate v1.2.1
    Checking rayon v1.12.0
    Checking criterion-plot v0.8.2
    Checking plotters v0.3.7
    Checking clap v4.6.6
    Checking regex v1.13.1
    Checking half v2.7.1
    Checking anes v0.1.6
    Checking oorandom v11.1.5
    Checking allocator-api2 v0.4.0
    Checking ciborium-ll v0.2.2
    Checking serde_test v1.0.177
    Checking ciborium v0.2.2
    Checking smallvec v2.0.0-alpha.13 (/home/runner/work/_temp/upstream)
    Checking criterion v0.8.2
    Finished `dev` profile [unoptimized + debuginfo] target(s) in 16.06s

Exit: 0
Timed out: False
