Command: rustup run 1.60.0 cargo test --locked --offline --lib rtree::test::test_remove_capacity -- --exact --nocapture --test-threads=1
Started: 2026-09-24T00:28:06.548370+00:00
STDOUT:

running 1 test
test rtree::test::test_remove_capacity ... ok

test result: ok. 1 passed; 0 failed; 0 ignored; 0 measured; 38 filtered out; finished in 0.00s


STDERR:
   Compiling scopeguard v1.1.0
   Compiling ppv-lite86 v0.2.16
   Compiling byteorder v1.4.3
   Compiling stable_deref_trait v1.2.0
   Compiling itoa v1.0.1
   Compiling ryu v1.0.9
   Compiling smallvec v1.8.0
   Compiling hash32 v0.2.1
   Compiling libc v0.2.125
   Compiling libm v0.2.2
   Compiling lock_api v0.4.7
   Compiling serde v1.0.137
   Compiling spin v0.9.3
   Compiling heapless v0.7.10
   Compiling num-traits v0.2.14
   Compiling getrandom v0.1.16
   Compiling rand_core v0.5.1
   Compiling rand_chacha v0.2.2
   Compiling rand_hc v0.2.0
   Compiling approx v0.3.2
   Compiling rand v0.7.3
   Compiling serde_json v1.0.80
   Compiling rstar v0.9.3 (/home/runner/work/_temp/upstream/rstar)
    Finished test [unoptimized + debuginfo] target(s) in 7.12s
     Running unittests (/home/runner/work/_temp/build-20260924T002551Z-ab5f538e/debug/deps/rstar-e2127d8bef203a2d)

Exit: 0
Timed out: False
