Command: rustup run 1.60.0 cargo check --locked --offline --tests
Started: 2026-09-24T00:27:25.376882+00:00
STDOUT:

STDERR:
   Compiling autocfg v1.1.0
   Compiling libc v0.2.125
    Checking cfg-if v1.0.0
    Checking lazy_static v1.4.0
   Compiling proc-macro2 v1.0.37
   Compiling unicode-xid v0.2.2
   Compiling xml-rs v0.8.4
    Checking scopeguard v1.1.0
   Compiling libm v0.2.2
   Compiling log v0.4.16
    Checking bitflags v1.3.2
   Compiling pkg-config v0.3.25
    Checking smallvec v1.8.0
    Checking cfg-if v0.1.10
   Compiling khronos_api v3.1.0
   Compiling crossbeam-utils v0.8.8
    Checking byteorder v1.4.3
   Compiling memchr v2.5.0
    Checking once_cell v1.10.0
   Compiling version_check v0.9.4
   Compiling syn v1.0.92
    Checking downcast-rs v1.2.0
    Checking scoped-tls v1.0.0
   Compiling serde_derive v1.0.137
   Compiling rayon-core v1.9.2
   Compiling serde v1.0.137
    Checking ttf-parser v0.6.2
   Compiling nix v0.18.0
   Compiling getrandom v0.1.16
    Checking minimal-lexical v0.2.1
   Compiling typenum v1.15.0
    Checking either v1.6.1
    Checking same-file v1.0.6
    Checking slab v0.4.6
   Compiling maybe-uninit v2.0.0
   Compiling parking_lot_core v0.8.5
    Checking ab_glyph_rasterizer v0.1.5
    Checking adler32 v1.2.0
    Checking cty v0.2.2
   Compiling crc32fast v1.3.2
   Compiling paste v1.0.7
    Checking hashbrown v0.11.2
    Checking rawpointer v0.2.1
    Checking weezl v0.1.6
    Checking lazycell v1.3.0
    Checking adler v1.0.2
   Compiling heapless v0.7.10
    Checking fixedbitset v0.2.0
    Checking ppv-lite86 v0.2.16
    Checking stable_deref_trait v1.2.0
    Checking percent-encoding v2.1.0
    Checking color_quant v1.1.0
    Checking bytemuck v1.9.1
    Checking scoped_threadpool v0.1.9
    Checking rustc-hash v1.1.0
    Checking linked-hash-map v0.5.4
   Compiling serde_json v1.0.80
    Checking itoa v1.0.1
    Checking ryu v1.0.9
    Checking glow v0.7.2
    Checking libloading v0.7.3
    Checking libloading v0.6.7
    Checking instant v0.1.12
   Compiling num-traits v0.2.14
   Compiling memoffset v0.6.5
   Compiling lock_api v0.4.7
   Compiling crossbeam-epoch v0.9.8
   Compiling num-integer v0.1.45
   Compiling crossbeam-utils v0.7.2
   Compiling memoffset v0.5.6
   Compiling num-rational v0.3.2
   Compiling rayon v1.5.2
   Compiling crossbeam-epoch v0.8.2
   Compiling miniz_oxide v0.4.4
   Compiling indexmap v1.8.1
   Compiling num-iter v0.1.43
    Checking hash32 v0.2.1
    Checking stb_truetype v0.3.1
   Compiling wayland-sys v0.28.6
   Compiling x11-dl v2.19.1
   Compiling generic-array v0.14.5
   Compiling slotmap v1.0.6
    Checking walkdir v2.3.2
    Checking owned_ttf_parser v0.6.0
    Checking miniz_oxide v0.3.7
    Checking deflate v0.8.6
    Checking raw-window-handle v0.4.3
    Checking matrixmultiply v0.3.2
    Checking gif v0.11.3
    Checking dlib v0.5.0
    Checking dlib v0.4.2
    Checking rusttype v0.9.2
   Compiling quote v1.0.18
   Compiling gl_generator v0.14.0
    Checking crossbeam-channel v0.5.4
    Checking nix v0.20.0
    Checking dirs-sys v0.3.7
    Checking num_cpus v1.13.1
    Checking iovec v0.1.4
    Checking net2 v0.2.37
    Checking memmap2 v0.1.0
    Checking shared_library v0.1.9
    Checking raw-window-handle v0.3.4
    Checking nom v7.1.1
    Checking png v0.16.8
    Checking spin v0.9.3
   Compiling wayland-scanner v0.28.6
    Checking petgraph v0.5.1
    Checking approx v0.4.0
    Checking num-complex v0.3.1
    Checking approx v0.3.2
    Checking ordered-float v1.1.1
    Checking dirs v4.0.0
    Checking rand_core v0.5.1
    Checking mio v0.6.23
    Checking parking_lot v0.11.2
   Compiling glutin_egl_sys v0.1.5
   Compiling glutin_glx_sys v0.1.7
    Checking osmesa-sys v0.1.2
    Checking crossbeam-deque v0.8.1
    Checking wayland-commons v0.28.6
    Checking calloop v0.6.5
    Checking crossbeam-deque v0.7.4
    Checking xcursor v0.3.4
    Checking simba v0.4.0
    Checking xdg v2.4.1
    Checking rand_chacha v0.2.2
    Checking rand_hc v0.2.0
   Compiling wayland-client v0.28.6
   Compiling wayland-protocols v0.28.6
    Checking mio-extras v2.0.6
    Checking rstar v0.9.3 (/home/runner/work/_temp/upstream/rstar)
    Checking rusttype v0.8.3
    Checking andrew v0.3.1
    Checking rand v0.7.3
    Checking jpeg-decoder v0.1.22
    Checking wayland-cursor v0.28.6
    Checking wayland-egl v0.28.6
    Checking tiff v0.6.1
    Checking image v0.23.14
    Checking nalgebra v0.25.4
    Checking smithay-client-toolkit v0.12.3
    Checking winit v0.24.0
    Checking glutin v0.26.0
    Checking ncollide3d v0.28.0
    Checking kiss3d v0.30.0
    Checking rstar-demo v0.1.0 (/home/runner/work/_temp/upstream/rstar-demo)
    Finished dev [unoptimized + debuginfo] target(s) in 41.04s

Exit: 0
Timed out: False
