Command: rustup run 1.60.0 cargo fetch --locked
Started: 2026-09-24T00:27:23.499066+00:00
STDOUT:

STDERR:
 Downloading crates ...
  Downloaded nb v1.0.0 (registry `era`)
  Downloaded vcell v0.1.3 (registry `era`)
  Downloaded num-traits v0.2.14 (registry `era`)
  Downloaded fnv v1.0.7 (registry `era`)
  Downloaded ident_case v1.0.1 (registry `era`)
  Downloaded fixedbitset v0.2.0 (registry `era`)
  Downloaded memoffset v0.6.5 (registry `era`)
  Downloaded atomic-polyfill v0.1.8 (registry `era`)
  Downloaded glutin_glx_sys v0.1.7 (registry `era`)
  Downloaded rustc_version v0.2.3 (registry `era`)
  Downloaded jni-sys v0.3.0 (registry `era`)
  Downloaded miow v0.2.2 (registry `era`)
  Downloaded smallvec v1.8.0 (registry `era`)
  Downloaded derivative v2.2.0 (registry `era`)
  Downloaded textwrap v0.11.0 (registry `era`)
  Downloaded cc v1.0.73 (registry `era`)
  Downloaded bitflags v1.3.2 (registry `era`)
  Downloaded clap v2.34.0 (registry `era`)
  Downloaded glutin v0.26.0 (registry `era`)
  Downloaded indexmap v1.8.1 (registry `era`)
  Downloaded unicode-xid v0.2.2 (registry `era`)
  Downloaded wasi v0.9.0+wasi-snapshot-preview1 (registry `era`)
  Downloaded mio v0.6.23 (registry `era`)
  Downloaded adler32 v1.2.0 (registry `era`)
  Downloaded serde_derive v1.0.137 (registry `era`)
  Downloaded serde v1.0.137 (registry `era`)
  Downloaded num_enum_derive v0.4.3 (registry `era`)
  Downloaded num-iter v0.1.43 (registry `era`)
  Downloaded iovec v0.1.4 (registry `era`)
  Downloaded criterion v0.3.5 (registry `era`)
  Downloaded semver-parser v0.7.0 (registry `era`)
  Downloaded mio-extras v2.0.6 (registry `era`)
  Downloaded winapi-build v0.1.1 (registry `era`)
  Downloaded cfg-if v1.0.0 (registry `era`)
  Downloaded memmap2 v0.1.0 (registry `era`)
  Downloaded stb_truetype v0.3.1 (registry `era`)
  Downloaded typenum v1.15.0 (registry `era`)
  Downloaded serde_json v1.0.80 (registry `era`)
  Downloaded cgl v0.3.2 (registry `era`)
  Downloaded nb v0.1.3 (registry `era`)
  Downloaded memoffset v0.5.6 (registry `era`)
  Downloaded wasm-bindgen-shared v0.2.80 (registry `era`)
  Downloaded syn v1.0.92 (registry `era`)
  Downloaded scoped-tls v1.0.0 (registry `era`)
  Downloaded wasm-bindgen-macro v0.2.80 (registry `era`)
  Downloaded riscv-target v0.1.2 (registry `era`)
  Downloaded lazy_static v1.4.0 (registry `era`)
  Downloaded hermit-abi v0.1.19 (registry `era`)
  Downloaded critical-section v0.2.7 (registry `era`)
  Downloaded xcursor v0.3.4 (registry `era`)
  Downloaded autocfg v1.1.0 (registry `era`)
  Downloaded glutin_egl_sys v0.1.5 (registry `era`)
  Downloaded itoa v1.0.1 (registry `era`)
  Downloaded itoa v0.4.8 (registry `era`)
  Downloaded rustc-hash v1.1.0 (registry `era`)
  Downloaded version_check v0.9.4 (registry `era`)
  Downloaded ws2_32-sys v0.2.1 (registry `era`)
  Downloaded scoped_threadpool v0.1.9 (registry `era`)
  Downloaded approx v0.4.0 (registry `era`)
  Downloaded darling_macro v0.10.2 (registry `era`)
  Downloaded plotters-svg v0.3.1 (registry `era`)
  Downloaded downcast-rs v1.2.0 (registry `era`)
  Downloaded ndk-glue v0.2.1 (registry `era`)
  Downloaded instant v0.1.12 (registry `era`)
  Downloaded glutin_wgl_sys v0.1.5 (registry `era`)
  Downloaded ndk-macro v0.2.0 (registry `era`)
  Downloaded malloc_buf v0.0.6 (registry `era`)
  Downloaded fuchsia-zircon-sys v0.3.3 (registry `era`)
  Downloaded proc-macro-crate v0.1.5 (registry `era`)
  Downloaded hash32 v0.2.1 (registry `era`)
  Downloaded osmesa-sys v0.1.2 (registry `era`)
  Downloaded core-video-sys v0.1.4 (registry `era`)
  Downloaded core-graphics-types v0.1.1 (registry `era`)
  Downloaded color_quant v1.1.0 (registry `era`)
  Downloaded wayland-egl v0.28.6 (registry `era`)
  Downloaded ppv-lite86 v0.2.16 (registry `era`)
  Downloaded semver v1.0.7 (registry `era`)
  Downloaded shared_library v0.1.9 (registry `era`)
  Downloaded bare-metal v1.0.0 (registry `era`)
  Downloaded ab_glyph_rasterizer v0.1.5 (registry `era`)
  Downloaded maybe-uninit v2.0.0 (registry `era`)
  Downloaded approx v0.3.2 (registry `era`)
  Downloaded num_cpus v1.13.1 (registry `era`)
  Downloaded xdg v2.4.1 (registry `era`)
  Downloaded same-file v1.0.6 (registry `era`)
  Downloaded cast v0.2.7 (registry `era`)
  Downloaded wayland-sys v0.28.6 (registry `era`)
  Downloaded ordered-float v1.1.1 (registry `era`)
  Downloaded redox_users v0.4.3 (registry `era`)
  Downloaded num-rational v0.3.2 (registry `era`)
  Downloaded glutin_gles2_sys v0.1.5 (registry `era`)
  Downloaded dirs-sys v0.3.7 (registry `era`)
  Downloaded dlib v0.4.2 (registry `era`)
  Downloaded semver v0.9.0 (registry `era`)
  Downloaded linked-hash-map v0.5.4 (registry `era`)
  Downloaded glutin_emscripten_sys v0.1.1 (registry `era`)
  Downloaded block v0.1.6 (registry `era`)
  Downloaded foreign-types-shared v0.1.1 (registry `era`)
  Downloaded strsim v0.9.3 (registry `era`)
  Downloaded getrandom v0.1.16 (registry `era`)
  Downloaded raw-window-handle v0.4.3 (registry `era`)
  Downloaded wayland-cursor v0.28.6 (registry `era`)
  Downloaded embedded-hal v0.2.7 (registry `era`)
  Downloaded core-foundation-sys v0.7.0 (registry `era`)
  Downloaded objc v0.2.7 (registry `era`)
  Downloaded rand_core v0.5.1 (registry `era`)
  Downloaded foreign-types v0.3.2 (registry `era`)
  Downloaded net2 v0.2.37 (registry `era`)
  Downloaded kernel32-sys v0.2.2 (registry `era`)
  Downloaded wayland-scanner v0.28.6 (registry `era`)
  Downloaded core-graphics v0.22.3 (registry `era`)
  Downloaded crossbeam-deque v0.7.4 (registry `era`)
  Downloaded wayland-commons v0.28.6 (registry `era`)
  Downloaded gl_generator v0.14.0 (registry `era`)
  Downloaded redox_syscall v0.2.13 (registry `era`)
  Downloaded lock_api v0.4.7 (registry `era`)
  Downloaded quote v1.0.18 (registry `era`)
  Downloaded android_glue v0.2.3 (registry `era`)
  Downloaded cocoa-foundation v0.1.0 (registry `era`)
  Downloaded percent-encoding v2.1.0 (registry `era`)
  Downloaded thiserror-impl v1.0.31 (registry `era`)
  Downloaded rusttype v0.9.2 (registry `era`)
  Downloaded wasm-bindgen-macro-support v0.2.80 (registry `era`)
  Downloaded andrew v0.3.1 (registry `era`)
  Downloaded core-foundation v0.7.0 (registry `era`)
  Downloaded lazycell v1.3.0 (registry `era`)
  Downloaded libloading v0.7.3 (registry `era`)
  Downloaded cty v0.2.2 (registry `era`)
  Downloaded thiserror v1.0.31 (registry `era`)
  Downloaded fuchsia-zircon v0.3.3 (registry `era`)
  Downloaded owned_ttf_parser v0.6.0 (registry `era`)
  Downloaded core-foundation-sys v0.8.3 (registry `era`)
  Downloaded core-graphics v0.19.2 (registry `era`)
  Downloaded gif v0.11.3 (registry `era`)
  Downloaded once_cell v1.10.0 (registry `era`)
  Downloaded crossbeam-deque v0.8.1 (registry `era`)
  Downloaded rusttype v0.8.3 (registry `era`)
  Downloaded ryu v1.0.9 (registry `era`)
  Downloaded libloading v0.6.7 (registry `era`)
  Downloaded parking_lot v0.11.2 (registry `era`)
  Downloaded weezl v0.1.6 (registry `era`)
  Downloaded crossbeam-epoch v0.8.2 (registry `era`)
  Downloaded half v1.8.2 (registry `era`)
  Downloaded crc32fast v1.3.2 (registry `era`)
  Downloaded calloop v0.6.5 (registry `era`)
  Downloaded crossbeam-epoch v0.9.8 (registry `era`)
  Downloaded core-foundation v0.9.3 (registry `era`)
  Downloaded toml v0.5.9 (registry `era`)
  Downloaded darling_core v0.10.2 (registry `era`)
  Downloaded bytemuck v1.9.1 (registry `era`)
  Downloaded miniz_oxide v0.3.7 (registry `era`)
  Downloaded getrandom v0.2.6 (registry `era`)
  Downloaded parking_lot_core v0.8.5 (registry `era`)
  Downloaded miniz_oxide v0.4.4 (registry `era`)
  Downloaded xml-rs v0.8.4 (registry `era`)
  Downloaded slotmap v1.0.6 (registry `era`)
  Downloaded regex-syntax v0.6.25 (registry `era`)
  Downloaded cocoa v0.23.0 (registry `era`)
  Downloaded crossbeam-utils v0.7.2 (registry `era`)
  Downloaded cocoa v0.24.0 (registry `era`)
  Downloaded png v0.16.8 (registry `era`)
  Downloaded bumpalo v3.9.1 (registry `era`)
  Downloaded memchr v2.5.0 (registry `era`)
  Downloaded simba v0.4.0 (registry `era`)
  Downloaded slotmap v0.4.3 (registry `era`)
  Downloaded heapless v0.7.10 (registry `era`)
  Downloaded ndk v0.2.1 (registry `era`)
  Downloaded crossbeam-utils v0.8.8 (registry `era`)
  Downloaded wayland-client v0.28.6 (registry `era`)
  Downloaded matrixmultiply v0.3.2 (registry `era`)
  Downloaded x11-dl v2.19.1 (registry `era`)
  Downloaded deflate v0.8.6 (registry `era`)
  Downloaded js-sys v0.3.57 (registry `era`)
  Downloaded paste v1.0.7 (registry `era`)
  Downloaded rayon-core v1.9.2 (registry `era`)
  Downloaded serde_cbor v0.11.2 (registry `era`)
  Downloaded proc-macro2 v1.0.37 (registry `era`)
  Downloaded crossbeam-channel v0.5.4 (registry `era`)
  Downloaded log v0.4.16 (registry `era`)
  Downloaded wasi v0.10.2+wasi-snapshot-preview1 (registry `era`)
  Downloaded either v1.6.1 (registry `era`)
  Downloaded hashbrown v0.11.2 (registry `era`)
  Downloaded byteorder v1.4.3 (registry `era`)
  Downloaded itertools v0.10.3 (registry `era`)
  Downloaded cfg-if v0.1.10 (registry `era`)
  Downloaded csv-core v0.1.10 (registry `era`)
  Downloaded regex-automata v0.1.10 (registry `era`)
  Downloaded pkg-config v0.3.25 (registry `era`)
  Downloaded libm v0.2.2 (registry `era`)
  Downloaded walkdir v2.3.2 (registry `era`)
  Downloaded ttf-parser v0.6.2 (registry `era`)
  Downloaded smithay-client-toolkit v0.12.3 (registry `era`)
  Downloaded bitfield v0.13.2 (registry `era`)
  Downloaded generic-array v0.14.5 (registry `era`)
  Downloaded tinytemplate v1.2.1 (registry `era`)
  Downloaded minimal-lexical v0.2.1 (registry `era`)
  Downloaded rand v0.7.3 (registry `era`)
  Downloaded nom v7.1.1 (registry `era`)
  Downloaded aho-corasick v0.7.18 (registry `era`)
  Downloaded spin v0.9.3 (registry `era`)
  Downloaded rand_chacha v0.2.2 (registry `era`)
  Downloaded num-integer v0.1.45 (registry `era`)
  Downloaded darling v0.10.2 (registry `era`)
  Downloaded num-complex v0.3.1 (registry `era`)
  Downloaded rayon v1.5.2 (registry `era`)
  Downloaded unicode-width v0.1.9 (registry `era`)
  Downloaded riscv v0.7.0 (registry `era`)
  Downloaded criterion-plot v0.4.4 (registry `era`)
  Downloaded wasm-bindgen v0.2.80 (registry `era`)
  Downloaded web-sys v0.3.57 (registry `era`)
  Downloaded dirs v4.0.0 (registry `era`)
  Downloaded raw-window-handle v0.3.4 (registry `era`)
  Downloaded dispatch v0.2.0 (registry `era`)
  Downloaded num_enum v0.4.3 (registry `era`)
  Downloaded wayland-protocols v0.28.6 (registry `era`)
  Downloaded wasm-bindgen-backend v0.2.80 (registry `era`)
  Downloaded petgraph v0.5.1 (registry `era`)
  Downloaded cortex-m v0.7.4 (registry `era`)
  Downloaded ncollide3d v0.28.0 (registry `era`)
  Downloaded dlib v0.5.0 (registry `era`)
  Downloaded bit_field v0.10.1 (registry `era`)
  Downloaded slab v0.4.6 (registry `era`)
  Downloaded adler v1.0.2 (registry `era`)
  Downloaded glow v0.7.2 (registry `era`)
  Downloaded plotters-backend v0.3.2 (registry `era`)
  Downloaded volatile-register v0.2.1 (registry `era`)
  Downloaded rand_hc v0.2.0 (registry `era`)
  Downloaded winapi-util v0.1.5 (registry `era`)
  Downloaded bare-metal v0.2.5 (registry `era`)
  Downloaded rustc_version v0.4.0 (registry `era`)
  Downloaded oorandom v11.1.3 (registry `era`)
  Downloaded stable_deref_trait v1.2.0 (registry `era`)
  Downloaded rawpointer v0.2.1 (registry `era`)
  Downloaded atty v0.2.14 (registry `era`)
  Downloaded scopeguard v1.1.0 (registry `era`)
  Downloaded void v1.0.2 (registry `era`)
  Downloaded regex v1.5.5 (registry `era`)
  Downloaded ndk-sys v0.2.2 (registry `era`)
  Downloaded bstr v0.2.17 (registry `era`)
  Downloaded nix v0.18.0 (registry `era`)
  Downloaded jpeg-decoder v0.1.22 (registry `era`)
  Downloaded libc v0.2.125 (registry `era`)
  Downloaded nix v0.20.0 (registry `era`)
  Downloaded image v0.23.14 (registry `era`)
  Downloaded csv v1.1.6 (registry `era`)
  Downloaded nalgebra v0.25.4 (registry `era`)
  Downloaded winit v0.24.0 (registry `era`)
  Downloaded winapi v0.2.8 (registry `era`)
  Downloaded khronos_api v3.1.0 (registry `era`)
  Downloaded winapi-i686-pc-windows-gnu v0.4.0 (registry `era`)
  Downloaded winapi v0.3.9 (registry `era`)
  Downloaded plotters v0.3.1 (registry `era`)
  Downloaded kiss3d v0.30.0 (registry `era`)
  Downloaded tiff v0.6.1 (registry `era`)
  Downloaded winapi-x86_64-pc-windows-gnu v0.4.0 (registry `era`)

Exit: 0
Timed out: False
