Command: rustup run 1.97.0 cargo fetch --locked
Started: 2026-09-24T20:56:52.335522+00:00
STDOUT:

STDERR:
warning: `/home/runner/work/_temp/upstream/.cargo/config` is deprecated in favor of `config.toml`
  |
  = help: if you need to support cargo 1.38 or earlier, you can symlink `config` to `config.toml`
 Downloading crates ...
  Downloaded toml_datetime v0.6.8 (registry `era`)
  Downloaded tabwriter v1.4.1 (registry `era`)
  Downloaded winapi-util v0.1.11 (registry `era`)
  Downloaded doc-comment v0.3.4 (registry `era`)
  Downloaded windows-targets v0.53.5 (registry `era`)
  Downloaded atty v0.2.14 (registry `era`)
  Downloaded serde_spanned v0.6.8 (registry `era`)
  Downloaded hermit-abi v0.1.19 (registry `era`)
  Downloaded derive_arbitrary v1.4.2 (registry `era`)
  Downloaded cfg-if v1.0.4 (registry `era`)
  Downloaded windows-link v0.2.1 (registry `era`)
  Downloaded equivalent v1.0.2 (registry `era`)
  Downloaded wasi v0.11.1+wasi-snapshot-preview1 (registry `era`)
  Downloaded humantime v2.4.0 (registry `era`)
  Downloaded lexopt v0.3.2 (registry `era`)
  Downloaded termcolor v1.4.1 (registry `era`)
  Downloaded quickcheck v1.0.3 (registry `era`)
  Downloaded rand_core v0.6.4 (registry `era`)
  Downloaded quote v1.0.41 (registry `era`)
  Downloaded arbitrary v1.4.2 (registry `era`)
  Downloaded env_logger v0.9.3 (registry `era`)
  Downloaded getrandom v0.2.17 (registry `era`)
  Downloaded log v0.4.28 (registry `era`)
  Downloaded proc-macro2 v1.0.103 (registry `era`)
  Downloaded toml v0.8.20 (registry `era`)
  Downloaded textwrap v0.16.1 (registry `era`)
  Downloaded serde_derive v1.0.228 (registry `era`)
  Downloaded anyhow v1.0.100 (registry `era`)
  Downloaded unicode-ident v1.0.22 (registry `era`)
  Downloaded memmap2 v0.9.11 (registry `era`)
  Downloaded serde_core v1.0.228 (registry `era`)
  Downloaded rand v0.8.7 (registry `era`)
  Downloaded memchr v2.8.3 (registry `era`)
  Downloaded winnow v0.7.15 (registry `era`)
  Downloaded serde v1.0.228 (registry `era`)
  Downloaded indexmap v2.11.4 (registry `era`)
  Downloaded toml_edit v0.22.24 (registry `era`)
  Downloaded hashbrown v0.16.1 (registry `era`)
  Downloaded aho-corasick v1.1.4 (registry `era`)
  Downloaded unicode-width v0.2.0 (registry `era`)
  Downloaded syn v2.0.106 (registry `era`)
  Downloaded bstr v1.13.0 (registry `era`)
  Downloaded windows_aarch64_gnullvm v0.53.1 (registry `era`)
  Downloaded windows_aarch64_msvc v0.53.1 (registry `era`)
  Downloaded windows_x86_64_gnullvm v0.53.1 (registry `era`)
  Downloaded windows_i686_gnullvm v0.53.1 (registry `era`)
  Downloaded libc v0.2.186 (registry `era`)
  Downloaded windows_x86_64_msvc v0.53.1 (registry `era`)
  Downloaded windows_i686_msvc v0.53.1 (registry `era`)
  Downloaded windows_x86_64_gnu v0.53.1 (registry `era`)
  Downloaded windows_i686_gnu v0.53.1 (registry `era`)
  Downloaded winapi v0.3.9 (registry `era`)
  Downloaded windows-sys v0.60.2 (registry `era`)
  Downloaded winapi-x86_64-pc-windows-gnu v0.4.0 (registry `era`)
  Downloaded winapi-i686-pc-windows-gnu v0.4.0 (registry `era`)

Exit: 0
Timed out: False
