Command: rustup run 1.72.0 cargo test --locked --offline --lib issue_864 -- --exact --nocapture --test-threads=1
Started: 2026-09-24T00:35:06.977278+00:00
STDOUT:

running 0 tests

test result: ok. 0 passed; 0 failed; 0 ignored; 0 measured; 0 filtered out; finished in 0.00s


running 0 tests

test result: ok. 0 passed; 0 failed; 0 ignored; 0 measured; 0 filtered out; finished in 0.00s


running 0 tests

test result: ok. 0 passed; 0 failed; 0 ignored; 0 measured; 1 filtered out; finished in 0.00s


running 0 tests

test result: ok. 0 passed; 0 failed; 0 ignored; 0 measured; 0 filtered out; finished in 0.00s


running 0 tests

test result: ok. 0 passed; 0 failed; 0 ignored; 0 measured; 1 filtered out; finished in 0.00s


STDERR:
   Compiling url v2.4.1 (/home/runner/work/_temp/upstream/url)
    Finished test [unoptimized + debuginfo] target(s) in 0.52s
     Running unittests src/lib.rs (/home/runner/work/_temp/build-20260924T003106Z-bb51c365/debug/deps/data_url-5febba0318072eae)
     Running unittests src/lib.rs (/home/runner/work/_temp/build-20260924T003106Z-bb51c365/debug/deps/form_urlencoded-332d39f7121def76)
     Running unittests src/lib.rs (/home/runner/work/_temp/build-20260924T003106Z-bb51c365/debug/deps/idna-b2294fb4b4bd847b)
     Running unittests src/lib.rs (/home/runner/work/_temp/build-20260924T003106Z-bb51c365/debug/deps/percent_encoding-33e009e6376b6a16)
     Running unittests src/lib.rs (/home/runner/work/_temp/build-20260924T003106Z-bb51c365/debug/deps/url-45c571d35530a71d)

Exit: 0
Timed out: False
