Command: rustup run 1.72.0 cargo fetch --locked
Started: 2026-09-24T00:34:53.904950+00:00
STDOUT:

STDERR:
 Downloading crates ...
  Downloaded redox_users v0.4.3 (registry `era`)
  Downloaded hermit-abi v0.3.2 (registry `era`)
  Downloaded rustversion v1.0.14 (registry `era`)
  Downloaded serde v1.0.188 (registry `era`)
  Downloaded thiserror-impl v1.0.47 (registry `era`)
  Downloaded dirs-sys-next v0.1.2 (registry `era`)
  Downloaded getrandom v0.2.10 (registry `era`)
  Downloaded bitflags v1.3.2 (registry `era`)
  Downloaded tinyvec_macros v0.1.1 (registry `era`)
  Downloaded cfg-if v1.0.0 (registry `era`)
  Downloaded quote v1.0.33 (registry `era`)
  Downloaded unicode-ident v1.0.11 (registry `era`)
  Downloaded term v0.7.0 (registry `era`)
  Downloaded syn v2.0.29 (registry `era`)
  Downloaded winapi v0.3.9 (registry `era`)
  Downloaded winapi-i686-pc-windows-gnu v0.4.0 (registry `era`)
  Downloaded winapi-x86_64-pc-windows-gnu v0.4.0 (registry `era`)
  Downloaded libc v0.2.147 (registry `era`)
  Downloaded regex-automata v0.3.7 (registry `era`)
  Downloaded syn v1.0.109 (registry `era`)
  Downloaded aho-corasick v1.0.4 (registry `era`)
  Downloaded regex-syntax v0.7.5 (registry `era`)
  Downloaded ryu v1.0.15 (registry `era`)
  Downloaded proc-macro2 v1.0.66 (registry `era`)
  Downloaded serde_derive v1.0.188 (registry `era`)
  Downloaded wasi v0.11.0+wasi-snapshot-preview1 (registry `era`)
  Downloaded tester v0.9.1 (registry `era`)
  Downloaded unicode-bidi v0.3.13 (registry `era`)
  Downloaded tinyvec v1.6.0 (registry `era`)
  Downloaded unicode-normalization v0.1.22 (registry `era`)
  Downloaded debugger_test v0.1.5 (registry `era`)
  Downloaded anyhow v1.0.75 (registry `era`)
  Downloaded log v0.4.20 (registry `era`)
  Downloaded memchr v2.5.0 (registry `era`)
  Downloaded regex v1.9.4 (registry `era`)
  Downloaded debugger_test_parser v0.1.3 (registry `era`)
  Downloaded assert_matches v1.5.0 (registry `era`)
  Downloaded getopts v0.2.21 (registry `era`)
  Downloaded redox_syscall v0.2.16 (registry `era`)
  Downloaded thiserror v1.0.47 (registry `era`)
  Downloaded serde_json v1.0.105 (registry `era`)
  Downloaded itoa v1.0.9 (registry `era`)
  Downloaded bencher v0.1.5 (registry `era`)
  Downloaded unicode-width v0.1.10 (registry `era`)
  Downloaded num_cpus v1.16.0 (registry `era`)
  Downloaded dirs-next v2.0.0 (registry `era`)

Exit: 0
Timed out: False
