Command: rustup run 1.98.0 cargo generate-lockfile
Started: 2026-09-25T17:37:53.296478+00:00
STDOUT:

STDERR:
warning: both `/home/runner/work/_temp/upstream/.cargo/config` and `/home/runner/work/_temp/upstream/.cargo/config.toml` exist. Using `/home/runner/work/_temp/upstream/.cargo/config`
    Updating `era` index
     Locking 783 packages to latest Rust 1.98.0 compatible versions
      Adding aes v0.8.4 (available: v0.9.3)
      Adding aes-gcm v0.10.3 (available: v0.11.1)
      Adding aristo v0.4.1 (available: v0.6.1)
      Adding base64 v0.22.1 (available: v0.23.1)
      Adding bindgen v0.69.5 (available: v0.72.1)
      Adding branches v0.4.6 (available: v0.5.0)
      Adding cfg_block v0.1.1 (available: v0.2.0)
      Adding chumsky v0.12.0 (available: v0.13.0)
      Adding clap_complete v4.5.47 (available: v4.6.9)
      Adding codspeed-criterion-compat v4.7.0 (available: v5.0.1)
      Adding codspeed-divan-compat v4.7.0 (available: v5.0.1)
      Adding comfy-table v7.2.2 (available: v8.0.0)
      Adding criterion v0.5.1 (available: v0.8.2)
      Adding ctor v0.4.3 (available: v1.0.13)
      Adding ctor v0.5.0 (available: v1.0.13)
      Adding dirs v5.0.1 (available: v6.0.0)
      Adding divan-macros v0.1.17 (available: v0.1.21)
      Adding fake v4.4.0 (available: v5.1.0)
      Adding fastbloom v0.14.1 (available: v0.17.0)
      Adding garde v0.22.1 (available: v0.23.0)
      Adding generic-array v0.14.7 (available: v0.14.9)
      Adding getrandom v0.2.17 (available: v0.4.3)
      Adding getrandom v0.3.4 (available: v0.4.3)
      Adding hegeltest v0.28.8 (available: v0.32.5)
      Adding indicatif v0.17.11 (available: v0.18.6)
      Adding intrusive-collections v0.9.7 (available: v0.10.3)
      Adding itertools v0.14.0 (available: v0.15.0)
      Adding jni v0.21.1 (available: v0.22.4)
      Adding json5 v0.4.1 (available: v1.3.1)
      Adding libloading v0.8.9 (available: v0.9.0)
      Adding md5 v0.7.0 (available: v0.8.1)
      Adding num-bigint v0.4.8 (available: v0.5.1)
      Adding pgwire v0.36.3 (available: v0.40.7)
      Adding pprof v0.14.1 (available: v0.15.0)
      Adding rand v0.8.8 (available: v0.10.2)
      Adding rand v0.9.5 (available: v0.10.2)
      Adding rand_chacha v0.9.0 (available: v0.10.0)
      Adding rstest v0.18.2 (available: v0.26.1)
      Adding rusqlite v0.37.0 (available: v0.40.2)
      Adding rustyline v15.0.0 (available: v18.0.1)
      Adding schemars v0.8.22 (available: v1.2.2)
      Adding serial_test v3.5.0 (available: v4.0.1)
      Adding sha1 v0.10.7 (available: v0.11.0)
      Adding shuttle v0.8.1 (available: v0.9.3)
      Adding similar v2.7.0 (available: v3.2.0)
      Adding similar-asserts v1.7.0 (available: v2.0.0)
      Adding strum v0.26.3 (available: v0.28.0)
      Adding strum_macros v0.26.4 (available: v0.28.0)
      Adding syn v2.0.119 (available: v3.0.4)
      Adding termimad v0.30.1 (available: v0.35.2)
      Adding toml v0.8.23 (available: v1.1.4+spec-1.1.0)
      Adding toml_edit v0.22.27 (available: v0.25.13+spec-1.1.0)
      Adding validator v0.20.0 (available: v0.21.0)

Exit: 0
Timed out: False
