Command: rustup run 1.77.1 cargo test --locked --offline --lib algorithm::iterators::test::test_locate_within_distance_on_empty_tree -- --exact --nocapture --test-threads=1
Started: 2026-09-24T15:44:41.936537+00:00
STDOUT:

running 1 test
test algorithm::iterators::test::test_locate_within_distance_on_empty_tree ... ok

test result: ok. 1 passed; 0 failed; 0 ignored; 0 measured; 45 filtered out; finished in 0.00s


STDERR:
   Compiling libm v0.2.8
   Compiling libc v0.2.153
   Compiling cfg-if v1.0.0
   Compiling bytemuck v1.15.0
   Compiling rawpointer v0.2.1
   Compiling byteorder v1.5.0
   Compiling safe_arch v0.7.1
   Compiling ppv-lite86 v0.2.17
   Compiling num-traits v0.2.18
   Compiling wide v0.7.15
   Compiling hash32 v0.3.1
   Compiling matrixmultiply v0.3.8
   Compiling getrandom v0.1.16
   Compiling rand_core v0.5.1
   Compiling approx v0.5.1
   Compiling num-complex v0.4.5
   Compiling num-integer v0.1.46
   Compiling rand_chacha v0.2.2
   Compiling simba v0.8.1
   Compiling num-rational v0.4.1
   Compiling serde v1.0.197
   Compiling typenum v1.17.0
   Compiling itoa v1.0.11
   Compiling stable_deref_trait v1.2.0
   Compiling mint v0.5.9
   Compiling ryu v1.0.17
   Compiling heapless v0.8.0
   Compiling rand v0.7.3
   Compiling rand_hc v0.2.0
   Compiling approx v0.3.2
   Compiling smallvec v1.13.2
   Compiling serde_json v1.0.115
   Compiling nalgebra v0.32.5
   Compiling rstar v0.12.0 (/home/runner/work/_temp/upstream/rstar)
    Finished test [unoptimized + debuginfo] target(s) in 8.90s
     Running unittests src/lib.rs (/home/runner/work/_temp/build-20260924T154034Z-17b50215/debug/deps/rstar-a5687e473e0c761e)

Exit: 0
Timed out: False
