Command: rustup run 1.65.0 cargo test --locked --offline --lib se::simple_type::tests::escape_item::full::text -- --exact --nocapture --test-threads=1
Started: 2026-09-24T00:25:42.447611+00:00
STDOUT:

running 0 tests

test result: ok. 0 passed; 0 failed; 0 ignored; 0 measured; 196 filtered out; finished in 0.00s


STDERR:
   Compiling cfg-if v1.0.0
   Compiling memoffset v0.7.1
   Compiling serde v1.0.148
   Compiling libc v0.2.138
   Compiling crossbeam-utils v0.8.14
   Compiling scopeguard v1.1.0
   Compiling num-traits v0.2.15
   Compiling crossbeam-epoch v0.9.13
   Compiling either v1.8.0
   Compiling num_cpus v1.14.0
   Compiling crossbeam-deque v0.8.2
   Compiling crossbeam-channel v0.5.6
   Compiling futures-core v0.3.25
   Compiling memchr v2.5.0
   Compiling ciborium-io v0.2.0
   Compiling itoa v1.0.4
   Compiling pin-project-lite v0.2.9
   Compiling hashbrown v0.12.3
   Compiling half v1.8.2
   Compiling ryu v1.0.11
   Compiling plotters-backend v0.3.4
   Compiling os_str_bytes v6.4.1
   Compiling indexmap v1.9.2
   Compiling plotters-svg v0.3.3
   Compiling clap_lex v0.2.4
   Compiling ciborium-ll v0.2.0
   Compiling aho-corasick v0.7.20
   Compiling rayon-core v1.10.1
   Compiling tokio v1.22.0
   Compiling serde_json v1.0.89
   Compiling itertools v0.10.5
   Compiling regex-syntax v0.6.28
   Compiling cast v0.3.0
   Compiling same-file v1.0.6
   Compiling bitflags v1.3.2
   Compiling textwrap v0.16.0
   Compiling criterion-plot v0.5.0
   Compiling clap v3.2.23
   Compiling walkdir v2.3.2
   Compiling async-stream v0.3.3
   Compiling regex v1.7.0
   Compiling tokio-stream v0.1.11
   Compiling tinytemplate v1.2.1
   Compiling rayon v1.6.0
   Compiling ciborium v0.2.0
   Compiling plotters v0.3.4
   Compiling ordered-float v2.10.0
   Compiling atty v0.2.14
   Compiling bytes v1.3.0
   Compiling anes v0.1.6
   Compiling oorandom v11.1.3
   Compiling lazy_static v1.4.0
   Compiling diff v0.1.13
   Compiling yansi v0.5.1
   Compiling tokio-test v0.4.2
   Compiling pretty_assertions v1.3.0
   Compiling criterion v0.4.0
   Compiling serde-value v0.7.0
   Compiling quick-xml v0.26.0 (/home/runner/work/_temp/upstream)
    Finished test [unoptimized + debuginfo] target(s) in 14.14s
     Running unittests src/lib.rs (/home/runner/work/_temp/build-20260924T002336Z-7f04fd18/debug/deps/quick_xml-634d45492e91ad9b)

Exit: 0
Timed out: False
