Command: rustup run 1.65.0 cargo check --locked --offline --tests
Started: 2026-09-24T00:25:27.504624+00:00
STDOUT:

STDERR:
   Compiling autocfg v1.1.0
   Compiling proc-macro2 v1.0.47
   Compiling quote v1.0.21
   Compiling unicode-ident v1.0.5
   Compiling syn v1.0.105
   Compiling serde_derive v1.0.148
   Compiling crossbeam-utils v0.8.14
   Compiling memoffset v0.7.1
   Compiling libc v0.2.138
   Compiling serde v1.0.148
    Checking cfg-if v1.0.0
   Compiling crossbeam-epoch v0.9.13
   Compiling num-traits v0.2.15
   Compiling memchr v2.5.0
    Checking scopeguard v1.1.0
   Compiling futures-core v0.3.25
   Compiling indexmap v1.9.2
   Compiling tokio v1.22.0
   Compiling rayon-core v1.10.1
   Compiling serde_json v1.0.89
    Checking either v1.8.0
    Checking num_cpus v1.14.0
    Checking crossbeam-deque v0.8.2
    Checking crossbeam-channel v0.5.6
    Checking pin-project-lite v0.2.9
    Checking ciborium-io v0.2.0
    Checking itoa v1.0.4
    Checking ryu v1.0.11
    Checking half v1.8.2
    Checking os_str_bytes v6.4.1
    Checking plotters-backend v0.3.4
    Checking hashbrown v0.12.3
    Checking plotters-svg v0.3.3
    Checking ciborium-ll v0.2.0
    Checking clap_lex v0.2.4
    Checking itertools v0.10.5
    Checking aho-corasick v0.7.20
    Checking same-file v1.0.6
    Checking cast v0.3.0
    Checking regex-syntax v0.6.28
    Checking bitflags v1.3.2
    Checking textwrap v0.16.0
    Checking clap v3.2.23
    Checking criterion-plot v0.5.0
    Checking walkdir v2.3.2
    Checking rayon v1.6.0
    Checking regex v1.7.0
    Checking plotters v0.3.4
    Checking ordered-float v2.10.0
    Checking atty v0.2.14
    Checking bytes v1.3.0
    Checking anes v0.1.6
    Checking diff v0.1.13
    Checking lazy_static v1.4.0
    Checking yansi v0.5.1
    Checking oorandom v11.1.3
    Checking quick-xml v0.26.0 (/home/runner/work/_temp/upstream)
    Checking pretty_assertions v1.3.0
   Compiling tokio-macros v1.8.2
   Compiling async-stream-impl v0.3.3
    Checking async-stream v0.3.3
    Checking tokio-stream v0.1.11
    Checking tokio-test v0.4.2
    Checking ciborium v0.2.0
    Checking serde-value v0.7.0
    Checking tinytemplate v1.2.1
    Checking criterion v0.4.0
    Finished dev [unoptimized + debuginfo] target(s) in 14.74s

Exit: 0
Timed out: False
