Command: rustup run 1.65.0 cargo fetch --locked
Started: 2026-09-24T00:25:26.362532+00:00
STDOUT:

STDERR:
 Downloading crates ...
  Downloaded async-stream v0.3.3 (registry `era`)
  Downloaded num_cpus v1.14.0 (registry `era`)
  Downloaded itoa v1.0.4 (registry `era`)
  Downloaded either v1.8.0 (registry `era`)
  Downloaded plotters-svg v0.3.3 (registry `era`)
  Downloaded hermit-abi v0.1.19 (registry `era`)
  Downloaded ciborium-ll v0.2.0 (registry `era`)
  Downloaded cfg-if v1.0.0 (registry `era`)
  Downloaded wasm-bindgen-shared v0.2.83 (registry `era`)
  Downloaded scopeguard v1.1.0 (registry `era`)
  Downloaded output_vt100 v0.1.3 (registry `era`)
  Downloaded atty v0.2.14 (registry `era`)
  Downloaded winapi-util v0.1.5 (registry `era`)
  Downloaded wasm-bindgen-macro v0.2.83 (registry `era`)
  Downloaded memoffset v0.7.1 (registry `era`)
  Downloaded lazy_static v1.4.0 (registry `era`)
  Downloaded serde-value v0.7.0 (registry `era`)
  Downloaded oorandom v11.1.3 (registry `era`)
  Downloaded async-stream-impl v0.3.3 (registry `era`)
  Downloaded plotters-backend v0.3.4 (registry `era`)
  Downloaded cast v0.3.0 (registry `era`)
  Downloaded tokio-macros v1.8.2 (registry `era`)
  Downloaded clap_lex v0.2.4 (registry `era`)
  Downloaded ctor v0.1.26 (registry `era`)
  Downloaded wasm-bindgen-macro-support v0.2.83 (registry `era`)
  Downloaded ciborium-io v0.2.0 (registry `era`)
  Downloaded wasm-bindgen-backend v0.2.83 (registry `era`)
  Downloaded crossbeam-deque v0.8.2 (registry `era`)
  Downloaded same-file v1.0.6 (registry `era`)
  Downloaded ordered-float v2.10.0 (registry `era`)
  Downloaded pin-project-lite v0.2.9 (registry `era`)
  Downloaded bitflags v1.3.2 (registry `era`)
  Downloaded tinytemplate v1.2.1 (registry `era`)
  Downloaded quote v1.0.21 (registry `era`)
  Downloaded os_str_bytes v6.4.1 (registry `era`)
  Downloaded walkdir v2.3.2 (registry `era`)
  Downloaded crossbeam-utils v0.8.14 (registry `era`)
  Downloaded yansi v0.5.1 (registry `era`)
  Downloaded anes v0.1.6 (registry `era`)
  Downloaded criterion-plot v0.5.0 (registry `era`)
  Downloaded crossbeam-epoch v0.9.13 (registry `era`)
  Downloaded autocfg v1.1.0 (registry `era`)
  Downloaded ciborium v0.2.0 (registry `era`)
  Downloaded log v0.4.17 (registry `era`)
  Downloaded once_cell v1.16.0 (registry `era`)
  Downloaded unicode-ident v1.0.5 (registry `era`)
  Downloaded half v1.8.2 (registry `era`)
  Downloaded proc-macro2 v1.0.47 (registry `era`)
  Downloaded ryu v1.0.11 (registry `era`)
  Downloaded textwrap v0.16.0 (registry `era`)
  Downloaded diff v0.1.13 (registry `era`)
  Downloaded serde_derive v1.0.148 (registry `era`)
  Downloaded bumpalo v3.11.1 (registry `era`)
  Downloaded memchr v2.5.0 (registry `era`)
  Downloaded serde v1.0.148 (registry `era`)
  Downloaded indexmap v1.9.2 (registry `era`)
  Downloaded crossbeam-channel v0.5.6 (registry `era`)
  Downloaded aho-corasick v0.7.20 (registry `era`)
  Downloaded hashbrown v0.12.3 (registry `era`)
  Downloaded criterion v0.4.0 (registry `era`)
  Downloaded itertools v0.10.5 (registry `era`)
  Downloaded plotters v0.3.4 (registry `era`)
  Downloaded serde_json v1.0.89 (registry `era`)
  Downloaded wasm-bindgen v0.2.83 (registry `era`)
  Downloaded regex v1.7.0 (registry `era`)
  Downloaded syn v1.0.105 (registry `era`)
  Downloaded regex-syntax v0.6.28 (registry `era`)
  Downloaded pretty_assertions v1.3.0 (registry `era`)
  Downloaded tokio-test v0.4.2 (registry `era`)
  Downloaded js-sys v0.3.60 (registry `era`)
  Downloaded litrs v0.2.3 (registry `era`)
  Downloaded futures-core v0.3.25 (registry `era`)
  Downloaded document-features v0.2.6 (registry `era`)
  Downloaded num-traits v0.2.15 (registry `era`)
  Downloaded bytes v1.3.0 (registry `era`)
  Downloaded tokio-stream v0.1.11 (registry `era`)
  Downloaded libc v0.2.138 (registry `era`)
  Downloaded rayon v1.6.0 (registry `era`)
  Downloaded clap v3.2.23 (registry `era`)
  Downloaded web-sys v0.3.60 (registry `era`)
  Downloaded rayon-core v1.10.1 (registry `era`)
  Downloaded tokio v1.22.0 (registry `era`)
  Downloaded winapi v0.3.9 (registry `era`)
  Downloaded encoding_rs v0.8.31 (registry `era`)
  Downloaded winapi-i686-pc-windows-gnu v0.4.0 (registry `era`)
  Downloaded winapi-x86_64-pc-windows-gnu v0.4.0 (registry `era`)

Exit: 0
Timed out: False
