Command: rustup run 1.39.0 cargo test --locked --offline --test test_bytes truncate -- --nocapture --test-threads=1
Started: 2026-09-24T20:52:21.840564+00:00
STDOUT:

running 1 test
test truncate ... FAILED

failures:

failures:
    truncate

test result: FAILED. 0 passed; 1 failed; 0 ignored; 0 measured; 55 filtered out


STDERR:
   Compiling bytes v0.5.2 (/home/runner/work/_temp/upstream)
    Finished dev [unoptimized + debuginfo] target(s) in 0.64s
     Running /home/runner/work/_temp/build-20260924T205116Z-d2597275/debug/deps/test_bytes-64e5022b76f79658
thread 'main' panicked at 'assertion failed: `(left == right)`
  left: `b""`,
 right: `[104, 101, 108, 108, 111, 119, 111, 114, 108, 100]`', tests/test_bytes.rs:320:5
note: run with `RUST_BACKTRACE=1` environment variable to display a backtrace.
error: test failed, to rerun pass '--test test_bytes'

Exit: 101
Timed out: False
