Command: rustup run 1.39.0 cargo test --locked --offline --test test_bytes truncate -- --nocapture --test-threads=1
Started: 2026-09-24T20:52:13.187807+00:00
STDOUT:

running 1 test
test truncate ... ok

test result: ok. 1 passed; 0 failed; 0 ignored; 0 measured; 55 filtered out


STDERR:
   Compiling cfg-if v0.1.10
   Compiling scoped-tls v0.1.2
   Compiling bytes v0.5.2 (/home/runner/work/_temp/upstream)
   Compiling libc v0.2.66
   Compiling serde v1.0.103
   Compiling log v0.4.8
   Compiling generator v0.6.19
   Compiling loom v0.2.14
   Compiling serde_test v1.0.103
    Finished dev [unoptimized + debuginfo] target(s) in 8.60s
     Running /home/runner/work/_temp/build-20260924T205116Z-d2597275/debug/deps/test_bytes-64e5022b76f79658

Exit: 0
Timed out: False
