Command: rustup run 1.39.0 cargo check --locked --offline --tests
Started: 2026-09-24T20:52:01.680814+00:00
STDOUT:

STDERR:
   Compiling semver-parser v0.7.0
   Compiling log v0.4.8
   Compiling cc v1.0.47
   Compiling libc v0.2.66
    Checking cfg-if v0.1.10
   Compiling serde v1.0.103
    Checking scoped-tls v0.1.2
    Checking bytes v0.5.2 (/home/runner/work/_temp/upstream)
   Compiling semver v0.9.0
   Compiling rustc_version v0.2.3
   Compiling generator v0.6.19
    Checking serde_test v1.0.103
    Checking loom v0.2.14
    Finished dev [unoptimized + debuginfo] target(s) in 11.42s

Exit: 0
Timed out: False
