Command: rustup run 1.12.1 cargo build
Started: 2026-09-24T00:07:04.286284+00:00
STDOUT:

STDERR:
   Compiling bitflags v0.3.3
   Compiling winapi v0.2.8
   Compiling libc v0.2.17
   Compiling vec_map v0.4.0
   Compiling winapi-build v0.1.1
   Compiling strsim v0.4.1
   Compiling log v0.3.6
   Compiling unicode-xid v0.0.3
   Compiling kernel32-sys v0.2.2
   Compiling rustc-serialize v0.3.19
   Compiling ansi_term v0.7.5
   Compiling term v0.2.14
   Compiling clap v1.5.5
   Compiling syntex_syntax v0.24.0
   Compiling toml v0.1.30
   Compiling rusty-cheddar v0.3.3
   Compiling encoding_rs v0.2.4 (file:///home/runner/work/_temp/upstream)
    Finished debug [unoptimized + debuginfo] target(s) in 57.36 secs

Exit: 0
Timed out: False
