Command: rustup run 1.83.0 cargo test --locked --offline --test adjacency_matrix test_adjacency_matrix_for_adj_list -- --nocapture --test-threads=1
Started: 2026-09-24T23:24:26.026781+00:00
STDOUT:

running 1 test
test test_adjacency_matrix_for_adj_list ... ok

test result: ok. 1 passed; 0 failed; 0 ignored; 0 measured; 10 filtered out; finished in 0.00s


STDERR:
warning: `/home/runner/work/_temp/upstream/.cargo/config` is deprecated in favor of `config.toml`
note: if you need to support cargo 1.38 or earlier, you can symlink `config` to `config.toml`
warning: ignoring `resolver` config table without `-Zmsrv-policy`
warning: /home/runner/work/_temp/upstream/serialization-tests/Cargo.toml: no edition set: defaulting to the 2015 edition while the latest is 2021
   Compiling libc v0.2.169
   Compiling rand_core v0.4.2
   Compiling equivalent v1.0.1
   Compiling hashbrown v0.14.5
   Compiling rawpointer v0.2.1
   Compiling cfg-if v1.0.0
   Compiling rawslice v0.1.1
   Compiling rand_core v0.3.1
   Compiling serde v1.0.217
   Compiling either v1.13.0
   Compiling unchecked-index v0.2.2
   Compiling fixedbitset v0.5.7
   Compiling getrandom v0.2.15
   Compiling indexmap v2.5.0
   Compiling once_cell v1.20.2
   Compiling byteorder v1.5.0
   Compiling ahash v0.7.8
   Compiling fxhash v0.2.1
   Compiling rand v0.5.6
   Compiling odds v0.4.0
   Compiling petgraph v0.6.5 (/home/runner/work/_temp/upstream)
   Compiling itertools v0.12.1
   Compiling defmac v0.2.1
   Compiling bincode v1.3.3
    Finished `test` profile [unoptimized + debuginfo] target(s) in 3.59s
     Running tests/adjacency_matrix.rs (/home/runner/work/_temp/build-20260924T231947Z-0159b8e3/debug/deps/adjacency_matrix-70a3742a6928eb5d)

Exit: 0
Timed out: False
