Command: rustup run 1.83.0 cargo fetch --locked
Started: 2026-09-24T23:24:20.776022+00:00
STDOUT:

STDERR:
warning: `/home/runner/work/_temp/upstream/.cargo/config` is deprecated in favor of `config.toml`
note: if you need to support cargo 1.38 or earlier, you can symlink `config` to `config.toml`
warning: ignoring `resolver` config table without `-Zmsrv-policy`
warning: /home/runner/work/_temp/upstream/serialization-tests/Cargo.toml: no edition set: defaulting to the 2015 edition while the latest is 2021
 Downloading crates ...
  Downloaded rayon-core v1.12.1 (registry `era`)
  Downloaded crossbeam-deque v0.8.6 (registry `era`)
  Downloaded quote v1.0.38 (registry `era`)
  Downloaded crossbeam-utils v0.8.21 (registry `era`)
  Downloaded cfg-if v1.0.0 (registry `era`)
  Downloaded fuchsia-cprng v0.1.1 (registry `era`)
  Downloaded itoa v1.0.14 (registry `era`)
  Downloaded unchecked-index v0.2.2 (registry `era`)
  Downloaded autocfg v0.1.8 (registry `era`)
  Downloaded version_check v0.9.5 (registry `era`)
  Downloaded rand_pcg v0.1.2 (registry `era`)
  Downloaded rand_xorshift v0.1.1 (registry `era`)
  Downloaded fxhash v0.2.1 (registry `era`)
  Downloaded equivalent v1.0.1 (registry `era`)
  Downloaded rand_core v0.3.1 (registry `era`)
  Downloaded rand_isaac v0.1.1 (registry `era`)
  Downloaded rand_chacha v0.1.1 (registry `era`)
  Downloaded rdrand v0.4.0 (registry `era`)
  Downloaded bincode v1.3.3 (registry `era`)
  Downloaded fixedbitset v0.5.7 (registry `era`)
  Downloaded rand_hc v0.1.0 (registry `era`)
  Downloaded autocfg v1.4.0 (registry `era`)
  Downloaded either v1.13.0 (registry `era`)
  Downloaded cloudabi v0.0.3 (registry `era`)
  Downloaded rawpointer v0.2.1 (registry `era`)
  Downloaded rawslice v0.1.1 (registry `era`)
  Downloaded odds v0.4.0 (registry `era`)
  Downloaded wasi v0.11.0+wasi-snapshot-preview1 (registry `era`)
  Downloaded crossbeam-epoch v0.9.18 (registry `era`)
  Downloaded unicode-ident v1.0.14 (registry `era`)
  Downloaded once_cell v1.20.2 (registry `era`)
  Downloaded bitflags v1.3.2 (registry `era`)
  Downloaded ryu v1.0.18 (registry `era`)
  Downloaded getrandom v0.2.15 (registry `era`)
  Downloaded memchr v2.7.4 (registry `era`)
  Downloaded indexmap v2.5.0 (registry `era`)
  Downloaded ahash v0.7.8 (registry `era`)
  Downloaded itertools v0.10.5 (registry `era`)
  Downloaded serde v1.0.217 (registry `era`)
  Downloaded serde_json v1.0.134 (registry `era`)
  Downloaded hashbrown v0.14.5 (registry `era`)
  Downloaded rand v0.5.6 (registry `era`)
  Downloaded rayon v1.10.0 (registry `era`)
  Downloaded itertools v0.12.1 (registry `era`)
  Downloaded rand v0.6.5 (registry `era`)
  Downloaded proc-macro2 v1.0.92 (registry `era`)
  Downloaded defmac v0.2.1 (registry `era`)
  Downloaded byteorder v1.5.0 (registry `era`)
  Downloaded syn v2.0.93 (registry `era`)
  Downloaded rand_jitter v0.1.4 (registry `era`)
  Downloaded rand_os v0.1.3 (registry `era`)
  Downloaded quickcheck v0.8.5 (registry `era`)
  Downloaded rand_core v0.4.2 (registry `era`)
  Downloaded serde_derive v1.0.217 (registry `era`)
  Downloaded libc v0.2.169 (registry `era`)
  Downloaded winapi v0.3.9 (registry `era`)
  Downloaded winapi-i686-pc-windows-gnu v0.4.0 (registry `era`)
  Downloaded winapi-x86_64-pc-windows-gnu v0.4.0 (registry `era`)

Exit: 0
Timed out: False
