Command: rustup run 1.33.0 cargo test --locked --lib tests::test_that_pop_actually_detaches_node -- --exact --nocapture --test-threads=1
Started: 2026-09-24T00:20:13.505814+00:00
STDOUT:

running 1 test
test tests::test_that_pop_actually_detaches_node ... FAILED

failures:

failures:
    tests::test_that_pop_actually_detaches_node

test result: FAILED. 0 passed; 1 failed; 0 ignored; 0 measured; 22 filtered out


STDERR:
   Compiling lru v0.1.12 (/home/runner/work/_temp/upstream)
    Finished dev [unoptimized + debuginfo] target(s) in 0.93s
     Running /home/runner/work/_temp/build-20260924T001929Z-97dda581/debug/deps/lru-31e66df9afb761f5
thread 'main' panicked at 'assertion failed: `(left == right)`
  left: `"f"`,
 right: `"b"`', src/lib.rs:764:9
note: Run with `RUST_BACKTRACE=1` environment variable to display a backtrace.
error: test failed, to rerun pass '--lib'

Exit: 101
Timed out: False
