Command: rustup run 1.83.0 cargo test --locked --offline --lib tests::test_retain -- --exact --nocapture --test-threads=1
Started: 2026-09-24T17:51:30.818814+00:00
STDOUT:

running 0 tests

test result: ok. 0 passed; 0 failed; 0 ignored; 0 measured; 0 filtered out; finished in 0.00s


running 0 tests

test result: ok. 0 passed; 0 failed; 0 ignored; 0 measured; 2 filtered out; finished in 0.00s


running 0 tests

test result: ok. 0 passed; 0 failed; 0 ignored; 0 measured; 1 filtered out; finished in 0.00s


running 0 tests

test result: ok. 0 passed; 0 failed; 0 ignored; 0 measured; 3 filtered out; finished in 0.00s


STDERR:
warning: `/home/runner/work/_temp/upstream/.cargo/config` is deprecated in favor of `config.toml`
note: if you need to support cargo 1.38 or earlier, you can symlink `config` to `config.toml`
warning: ignoring `resolver` config table without `-Zmsrv-policy`
   Compiling cfg-if v1.0.0
   Compiling libc v0.2.169
   Compiling zerofrom v0.1.5
   Compiling stable_deref_trait v1.2.0
   Compiling serde v1.0.217
   Compiling const-oid v0.9.6
   Compiling yoke v0.7.5
   Compiling typenum v1.17.0
   Compiling zerovec v0.10.4
   Compiling byteorder v1.5.0
   Compiling generic-array v0.14.7
   Compiling zerocopy v0.7.35
   Compiling tinystr v0.7.6
   Compiling scopeguard v1.2.0
   Compiling writeable v0.5.5
   Compiling litemap v0.7.4
   Compiling lock_api v0.4.12
   Compiling icu_locid v1.5.0
   Compiling libm v0.2.11
   Compiling block-buffer v0.10.4
   Compiling crypto-common v0.1.6
   Compiling subtle v2.6.1
   Compiling icu_locid_transform_data v1.5.0
   Compiling digest v0.10.7
   Compiling num-traits v0.2.19
   Compiling icu_provider v1.5.0
   Compiling icu_locid_transform v1.5.0
   Compiling icu_collections v1.5.0
   Compiling icu_properties_data v1.5.0
   Compiling utf8_iter v1.0.4
   Compiling utf16_iter v1.0.5
   Compiling icu_normalizer_data v1.5.0
   Compiling futures-core v0.3.31
   Compiling once_cell v1.20.2
   Compiling write16 v1.0.0
   Compiling pin-project-lite v0.2.15
   Compiling memchr v2.7.4
   Compiling ryu v1.0.18
   Compiling itoa v1.0.14
   Compiling icu_properties v1.5.1
   Compiling getrandom v0.2.15
   Compiling rand_core v0.6.4
   Compiling percent-encoding v2.3.1
   Compiling form_urlencoded v1.2.1
   Compiling ppv-lite86 v0.2.20
   Compiling mio v1.0.3
   Compiling socket2 v0.5.8
   Compiling futures-sink v0.3.31
   Compiling bytes v1.9.0
   Compiling rand_chacha v0.3.1
   Compiling crossbeam-utils v0.8.21
   Compiling smallvec v1.13.2
   Compiling cpufeatures v0.2.16
   Compiling ahash v0.8.11
   Compiling slab v0.4.9
   Compiling spin v0.9.8
   Compiling futures-task v0.3.31
   Compiling pin-utils v0.1.0
   Compiling zeroize v1.8.1
   Compiling futures-io v0.3.31
   Compiling minimal-lexical v0.2.1
   Compiling allocator-api2 v0.2.21
   Compiling futures-util v0.3.31
   Compiling nom v7.1.3
   Compiling hashbrown v0.14.5
   Compiling concurrent-queue v2.5.0
   Compiling tracing-core v0.1.33
   Compiling unicode_categories v0.1.1
   Compiling parking v2.2.1
   Compiling base64ct v1.6.0
   Compiling equivalent v1.0.1
   Compiling log v0.4.22
   Compiling hashbrown v0.15.2
   Compiling crc-catalog v2.4.0
   Compiling crc v3.2.1
   Compiling tracing v0.1.41
   Compiling indexmap v2.7.0
   Compiling sqlformat v0.2.6
   Compiling pem-rfc7468 v0.7.0
   Compiling event-listener v5.3.1
   Compiling thiserror v1.0.69
   Compiling hashlink v0.9.1
   Compiling crossbeam-queue v0.3.12
   Compiling futures-channel v0.3.31
   Compiling atoi v2.0.0
   Compiling hex v0.4.3
   Compiling der v0.7.9
   Compiling icu_normalizer v1.5.0
   Compiling num-integer v0.1.46
   Compiling either v1.13.0
   Compiling tinyvec_macros v0.1.1
   Compiling tinyvec v1.8.1
   Compiling spki v0.7.3
   Compiling idna_adapter v1.2.0
   Compiling num-iter v0.1.45
   Compiling lazy_static v1.5.0
   Compiling parking_lot_core v0.9.10
   Compiling parking_lot v0.12.3
   Compiling unicode-normalization v0.1.24
   Compiling idna v1.0.3
   Compiling pkcs8 v0.10.2
   Compiling tokio v1.42.0
   Compiling hmac v0.12.1
   Compiling unicode-bidi v0.3.18
   Compiling unicode-properties v0.1.3
   Compiling stringprep v0.1.5
   Compiling hkdf v0.12.4
   Compiling pkcs1 v0.7.5
   Compiling url v2.5.4
   Compiling futures-intrusive v0.5.0
   Compiling sha2 v0.10.8
   Compiling rand v0.8.5
   Compiling serde_json v1.0.134
   Compiling signature v2.2.0
   Compiling md-5 v0.10.6
   Compiling bitflags v2.6.0
   Compiling dotenvy v0.15.7
   Compiling whoami v1.5.2
   Compiling tokio-stream v0.1.17
   Compiling linux-raw-sys v0.4.14
   Compiling base64 v0.22.1
   Compiling sqlx-core v0.8.2
   Compiling num-bigint-dig v0.8.4
   Compiling futures-executor v0.3.31
   Compiling flume v0.11.1
   Compiling sha1 v0.10.6
   Compiling home v0.5.11
   Compiling fastrand v2.3.0
   Compiling rsa v0.9.7
   Compiling rustix v0.38.42
   Compiling serde_urlencoded v0.7.1
   Compiling sqlx-sqlite v0.8.2
   Compiling tempfile v3.14.0
   Compiling sqlx-mysql v0.8.2
   Compiling libsqlite3-sys v0.30.1
   Compiling sqlx-postgres v0.8.2
   Compiling dsl_auto_type v0.1.2
   Compiling diesel_derives v2.2.3
   Compiling sqlx-macros-core v0.8.2
   Compiling castaway v0.2.3
   Compiling static_assertions v1.1.0
   Compiling half v2.4.1
   Compiling diesel v2.2.6
   Compiling clap_lex v0.7.4
   Compiling anstyle v1.0.10
   Compiling sqlx-macros v0.8.2
   Compiling ciborium-io v0.2.2
   Compiling regex-syntax v0.8.5
   Compiling sqlx v0.8.2
   Compiling regex-automata v0.4.9
   Compiling ciborium-ll v0.2.2
   Compiling clap_builder v4.5.23
   Compiling itertools v0.10.5
   Compiling same-file v1.0.6
   Compiling cast v0.3.0
   Compiling walkdir v2.5.0
   Compiling criterion-plot v0.5.0
   Compiling clap v4.5.23
   Compiling regex v1.11.1
   Compiling ciborium v0.2.2
   Compiling tinytemplate v1.2.1
   Compiling is-terminal v0.4.13
   Compiling oorandom v11.1.4
   Compiling anes v0.1.6
   Compiling criterion v0.5.1
   Compiling arbitrary v1.4.1
   Compiling smartstring v1.0.1
   Compiling compact_str v0.6.1
   Compiling rand_distr v0.4.3
   Compiling smol_str v0.2.2
   Compiling iai v0.1.1
   Compiling compact_str v0.8.0 (/home/runner/work/_temp/upstream/compact_str)
   Compiling compact_str-fuzz v0.0.0 (/home/runner/work/_temp/upstream/fuzz)
   Compiling example-sqlx v0.1.0 (/home/runner/work/_temp/upstream/examples/sqlx)
   Compiling example-diesel v0.1.0 (/home/runner/work/_temp/upstream/examples/diesel)
   Compiling benches v0.1.0 (/home/runner/work/_temp/upstream/bench)
    Finished `test` profile [unoptimized + debuginfo] target(s) in 41.99s
     Running unittests src/lib.rs (/home/runner/work/_temp/build-20260924T174544Z-ac717105/debug/deps/benches-92e9e4409a1d29f2)
     Running unittests src/lib.rs (/home/runner/work/_temp/build-20260924T174544Z-ac717105/debug/deps/compact_str_fuzz-9023ae695080329f)
     Running unittests src/lib.rs (/home/runner/work/_temp/build-20260924T174544Z-ac717105/debug/deps/example_diesel-3d2c167d8b4cedd3)
     Running unittests src/lib.rs (/home/runner/work/_temp/build-20260924T174544Z-ac717105/debug/deps/example_sqlx-fb2ec1f7b0a01d28)

Exit: 0
Timed out: False
