Command: rustup run 1.83.0 cargo check --locked --offline --tests
Started: 2026-09-24T17:50:39.341581+00:00
STDOUT:

STDERR:
warning: `/home/runner/work/_temp/upstream/.cargo/config` is deprecated in favor of `config.toml`
note: if you need to support cargo 1.38 or earlier, you can symlink `config` to `config.toml`
warning: ignoring `resolver` config table without `-Zmsrv-policy`
   Compiling proc-macro2 v1.0.92
   Compiling unicode-ident v1.0.14
   Compiling autocfg v1.4.0
   Compiling version_check v0.9.5
   Compiling libc v0.2.169
   Compiling typenum v1.17.0
   Compiling generic-array v0.14.7
   Compiling serde v1.0.217
    Checking cfg-if v1.0.0
   Compiling lock_api v0.4.12
   Compiling quote v1.0.38
   Compiling syn v2.0.93
   Compiling libm v0.2.11
   Compiling num-traits v0.2.19
   Compiling crossbeam-utils v0.8.21
   Compiling stable_deref_trait v1.2.0
   Compiling const-oid v0.9.6
   Compiling slab v0.4.9
   Compiling ahash v0.8.11
   Compiling parking_lot_core v0.9.10
   Compiling serde_json v1.0.134
   Compiling byteorder v1.5.0
   Compiling litemap v0.7.4
    Checking ryu v1.0.18
   Compiling block-buffer v0.10.4
   Compiling crypto-common v0.1.6
   Compiling scopeguard v1.2.0
   Compiling writeable v0.5.5
    Checking itoa v1.0.14
   Compiling subtle v2.6.1
   Compiling digest v0.10.7
   Compiling thiserror v1.0.69
   Compiling pin-project-lite v0.2.15
   Compiling futures-core v0.3.31
    Checking memchr v2.7.4
   Compiling icu_locid_transform_data v1.5.0
   Compiling once_cell v1.20.2
   Compiling paste v1.0.15
   Compiling shlex v1.3.0
   Compiling cc v1.2.6
   Compiling synstructure v0.13.1
    Checking bytes v1.9.0
   Compiling pkg-config v0.3.31
   Compiling icu_properties_data v1.5.0
   Compiling vcpkg v0.2.15
   Compiling getrandom v0.2.15
   Compiling futures-sink v0.3.31
   Compiling write16 v1.0.0
   Compiling utf16_iter v1.0.5
   Compiling icu_normalizer_data v1.5.0
   Compiling utf8_iter v1.0.4
   Compiling rand_core v0.6.4
   Compiling base64ct v1.6.0
   Compiling num-bigint-dig v0.8.4
   Compiling serde_derive v1.0.217
   Compiling zerofrom-derive v0.1.5
   Compiling yoke-derive v0.7.5
   Compiling zerovec-derive v0.10.3
   Compiling displaydoc v0.2.5
   Compiling zerocopy-derive v0.7.35
   Compiling icu_provider_macros v1.5.0
   Compiling zerofrom v0.1.5
   Compiling yoke v0.7.5
   Compiling zerovec v0.10.4
   Compiling zerocopy v0.7.35
    Checking tinystr v0.7.6
   Compiling thiserror-impl v1.0.69
   Compiling icu_locid v1.5.0
   Compiling icu_provider v1.5.0
   Compiling tracing-attributes v0.1.28
   Compiling icu_locid_transform v1.5.0
    Checking smallvec v1.13.2
   Compiling icu_collections v1.5.0
   Compiling icu_properties v1.5.1
   Compiling either v1.13.0
   Compiling zeroize v1.8.1
   Compiling percent-encoding v2.3.1
   Compiling form_urlencoded v1.2.1
   Compiling ppv-lite86 v0.2.20
   Compiling pem-rfc7468 v0.7.0
   Compiling spin v0.9.8
   Compiling socket2 v0.5.8
   Compiling mio v1.0.3
   Compiling cpufeatures v0.2.16
   Compiling allocator-api2 v0.2.21
   Compiling icu_normalizer v1.5.0
   Compiling futures-task v0.3.31
   Compiling futures-io v0.3.31
   Compiling minimal-lexical v0.2.1
   Compiling pin-utils v0.1.0
   Compiling idna_adapter v1.2.0
   Compiling rustversion v1.0.19
   Compiling nom v7.1.3
   Compiling idna v1.0.3
   Compiling tokio v1.42.0
   Compiling futures-util v0.3.31
   Compiling hashbrown v0.14.5
   Compiling rand_chacha v0.3.1
   Compiling der v0.7.9
   Compiling parking_lot v0.12.3
   Compiling concurrent-queue v2.5.0
   Compiling tracing-core v0.1.33
   Compiling hashbrown v0.15.2
   Compiling equivalent v1.0.1
   Compiling unicode_categories v0.1.1
   Compiling parking v2.2.1
   Compiling crc-catalog v2.4.0
   Compiling tinyvec_macros v0.1.1
   Compiling log v0.4.22
   Compiling rustix v0.38.42
   Compiling tokio-stream v0.1.17
   Compiling indexmap v2.7.0
   Compiling tracing v0.1.41
   Compiling tinyvec v1.8.1
   Compiling crc v3.2.1
   Compiling sqlformat v0.2.6
   Compiling event-listener v5.3.1
   Compiling spki v0.7.3
   Compiling futures-intrusive v0.5.0
   Compiling rand v0.8.5
   Compiling hashlink v0.9.1
   Compiling url v2.5.4
   Compiling sha2 v0.10.8
   Compiling bitflags v2.6.0
   Compiling crossbeam-queue v0.3.12
   Compiling tokio-macros v2.4.0
   Compiling futures-channel v0.3.31
   Compiling atoi v2.0.0
   Compiling num-integer v0.1.46
   Compiling hex v0.4.3
   Compiling sqlx-core v0.8.2
   Compiling num-iter v0.1.45
    Checking castaway v0.2.3
   Compiling pkcs8 v0.10.2
   Compiling unicode-normalization v0.1.24
   Compiling lazy_static v1.5.0
   Compiling libsqlite3-sys v0.30.1
   Compiling hmac v0.12.1
    Checking static_assertions v1.1.0
   Compiling unicode-properties v0.1.3
   Compiling unicode-bidi v0.3.18
   Compiling fnv v1.0.7
   Compiling strsim v0.11.1
   Compiling ident_case v1.0.1
   Compiling heck v0.5.0
   Compiling stringprep v0.1.5
   Compiling darling_core v0.20.10
   Compiling hkdf v0.12.4
   Compiling pkcs1 v0.7.5
   Compiling signature v2.2.0
   Compiling md-5 v0.10.6
   Compiling base64 v0.22.1
   Compiling whoami v1.5.2
   Compiling linux-raw-sys v0.4.14
   Compiling dotenvy v0.15.7
   Compiling rsa v0.9.7
   Compiling darling_macro v0.20.10
   Compiling futures-executor v0.3.31
   Compiling serde_urlencoded v0.7.1
   Compiling sha1 v0.10.6
   Compiling flume v0.11.1
   Compiling home v0.5.11
   Compiling fastrand v2.3.0
   Compiling tempfile v3.14.0
   Compiling sqlx-postgres v0.8.2
   Compiling sqlx-mysql v0.8.2
   Compiling sqlx-sqlite v0.8.2
   Compiling darling v0.20.10
   Compiling sqlx-macros-core v0.8.2
   Compiling dsl_auto_type v0.1.2
   Compiling diesel_table_macro_syntax v0.2.0
   Compiling diesel_derives v2.2.3
   Compiling sqlx-macros v0.8.2
    Checking compact_str v0.8.0
    Checking half v2.4.1
    Checking clap_lex v0.7.4
    Checking anstyle v1.0.10
    Checking regex-syntax v0.8.5
    Checking ciborium-io v0.2.2
    Checking ciborium-ll v0.2.2
    Checking regex-automata v0.4.9
    Checking sqlx v0.8.2
    Checking clap_builder v4.5.23
    Checking itertools v0.10.5
   Compiling smartstring v1.0.1
    Checking same-file v1.0.6
    Checking cast v0.3.0
    Checking clap v4.5.23
    Checking walkdir v2.5.0
    Checking regex v1.11.1
    Checking criterion-plot v0.5.0
    Checking ciborium v0.2.2
    Checking diesel v2.2.6
    Checking tinytemplate v1.2.1
   Compiling derive_arbitrary v1.4.1
    Checking is-terminal v0.4.13
    Checking anes v0.1.6
    Checking oorandom v11.1.4
    Checking criterion v0.5.1
    Checking rand_distr v0.4.3
    Checking compact_str v0.6.1
    Checking arbitrary v1.4.1
    Checking iai v0.1.1
    Checking smol_str v0.2.2
    Checking example-traits v0.1.0 (/home/runner/work/_temp/upstream/examples/traits)
    Checking example-serde v0.1.0 (/home/runner/work/_temp/upstream/examples/serde)
    Checking example-bytes v0.1.0 (/home/runner/work/_temp/upstream/examples/bytes)
    Checking example-macros v0.1.0 (/home/runner/work/_temp/upstream/examples/macros)
    Checking compact_str v0.8.0 (/home/runner/work/_temp/upstream/compact_str)
    Checking benches v0.1.0 (/home/runner/work/_temp/upstream/bench)
    Checking example-diesel v0.1.0 (/home/runner/work/_temp/upstream/examples/diesel)
    Checking example-sqlx v0.1.0 (/home/runner/work/_temp/upstream/examples/sqlx)
    Checking compact_str-fuzz v0.0.0 (/home/runner/work/_temp/upstream/fuzz)
    Finished `dev` profile [unoptimized + debuginfo] target(s) in 51.23s

Exit: 0
Timed out: False
