Command: rustup run 1.83.0 cargo fetch --locked
Started: 2026-09-24T17:50:37.405408+00:00
STDOUT:

STDERR:
warning: `/home/runner/work/_temp/upstream/.cargo/config` is deprecated in favor of `config.toml`
note: if you need to support cargo 1.38 or earlier, you can symlink `config` to `config.toml`
warning: ignoring `resolver` config table without `-Zmsrv-policy`
 Downloading crates ...
  Downloaded idna_adapter v1.2.0 (registry `era`)
  Downloaded cfg-if v1.0.0 (registry `era`)
  Downloaded windows-targets v0.52.6 (registry `era`)
  Downloaded rand_core v0.6.4 (registry `era`)
  Downloaded num-conv v0.1.0 (registry `era`)
  Downloaded wasi v0.11.0+wasi-snapshot-preview1 (registry `era`)
  Downloaded displaydoc v0.2.5 (registry `era`)
  Downloaded powerfmt v0.2.0 (registry `era`)
  Downloaded allocator-api2 v0.2.21 (registry `era`)
  Downloaded bitflags v2.6.0 (registry `era`)
  Downloaded deranged v0.3.11 (registry `era`)
  Downloaded slab v0.4.9 (registry `era`)
  Downloaded time v0.3.37 (registry `era`)
  Downloaded digest v0.10.7 (registry `era`)
  Downloaded lazy_static v1.5.0 (registry `era`)
  Downloaded generic-array v0.14.7 (registry `era`)
  Downloaded const-oid v0.9.6 (registry `era`)
  Downloaded itoa v1.0.14 (registry `era`)
  Downloaded pin-utils v0.1.0 (registry `era`)
  Downloaded block-buffer v0.10.4 (registry `era`)
  Downloaded hashlink v0.9.1 (registry `era`)
  Downloaded futures-core v0.3.31 (registry `era`)
  Downloaded futures-io v0.3.31 (registry `era`)
  Downloaded futures-task v0.3.31 (registry `era`)
  Downloaded ahash v0.8.11 (registry `era`)
  Downloaded atoi v2.0.0 (registry `era`)
  Downloaded crossbeam-queue v0.3.12 (registry `era`)
  Downloaded serde_urlencoded v0.7.1 (registry `era`)
  Downloaded crc v3.2.1 (registry `era`)
  Downloaded fastrand v2.3.0 (registry `era`)
  Downloaded either v1.13.0 (registry `era`)
  Downloaded tinyvec_macros v0.1.1 (registry `era`)
  Downloaded home v0.5.11 (registry `era`)
  Downloaded static_assertions v1.1.0 (registry `era`)
  Downloaded sha1 v0.10.6 (registry `era`)
  Downloaded num-iter v0.1.45 (registry `era`)
  Downloaded errno v0.3.10 (registry `era`)
  Downloaded pkcs8 v0.10.2 (registry `era`)
  Downloaded event-listener v5.3.1 (registry `era`)
  Downloaded heck v0.5.0 (registry `era`)
  Downloaded wasite v0.1.0 (registry `era`)
  Downloaded sqlx-macros v0.8.2 (registry `era`)
  Downloaded stringprep v0.1.5 (registry `era`)
  Downloaded pkcs1 v0.7.5 (registry `era`)
  Downloaded pkg-config v0.3.31 (registry `era`)
  Downloaded futures-executor v0.3.31 (registry `era`)
  Downloaded der v0.7.9 (registry `era`)
  Downloaded flume v0.11.1 (registry `era`)
  Downloaded num-bigint-dig v0.8.4 (registry `era`)
  Downloaded unicode-normalization v0.1.24 (registry `era`)
  Downloaded sqlx-postgres v0.8.2 (registry `era`)
  Downloaded zerocopy v0.7.35 (registry `era`)
  Downloaded hkdf v0.12.4 (registry `era`)
  Downloaded icu_properties_data v1.5.0 (registry `era`)
  Downloaded idna v1.0.3 (registry `era`)
  Downloaded vcpkg v0.2.15 (registry `era`)
  Downloaded regex v1.11.1 (registry `era`)
  Downloaded gimli v0.31.1 (registry `era`)
  Downloaded libfuzzer-sys v0.4.8 (registry `era`)
  Downloaded regex-syntax v0.8.5 (registry `era`)
  Downloaded syn v2.0.93 (registry `era`)
  Downloaded object v0.36.7 (registry `era`)
  Downloaded rustix v0.38.42 (registry `era`)
  Downloaded serde_json v1.0.134 (registry `era`)
  Downloaded windows_aarch64_gnullvm v0.48.5 (registry `era`)
  Downloaded windows_x86_64_gnullvm v0.48.5 (registry `era`)
  Downloaded windows_aarch64_gnullvm v0.52.6 (registry `era`)
  Downloaded clap_builder v4.5.23 (registry `era`)
  Downloaded windows_x86_64_gnullvm v0.52.6 (registry `era`)
  Downloaded windows_i686_gnullvm v0.52.6 (registry `era`)
  Downloaded aho-corasick v1.1.3 (registry `era`)
  Downloaded sqlx-core v0.8.2 (registry `era`)
  Downloaded regex-automata v0.4.9 (registry `era`)
  Downloaded zerovec v0.10.4 (registry `era`)
  Downloaded cc v1.2.6 (registry `era`)
  Downloaded futures-util v0.3.31 (registry `era`)
  Downloaded hashbrown v0.14.5 (registry `era`)
  Downloaded memchr v2.7.4 (registry `era`)
  Downloaded backtrace v0.3.74 (registry `era`)
  Downloaded bytes v1.9.0 (registry `era`)
  Downloaded libc v0.2.169 (registry `era`)
  Downloaded tracing v0.1.41 (registry `era`)
  Downloaded windows_aarch64_msvc v0.48.5 (registry `era`)
  Downloaded tokio v1.42.0 (registry `era`)
  Downloaded windows_x86_64_msvc v0.48.5 (registry `era`)
  Downloaded serde v1.0.217 (registry `era`)
  Downloaded sqlx v0.8.2 (registry `era`)
  Downloaded windows_i686_msvc v0.48.5 (registry `era`)
  Downloaded windows_aarch64_msvc v0.52.6 (registry `era`)
  Downloaded windows_i686_gnu v0.52.6 (registry `era`)
  Downloaded windows_i686_gnu v0.48.5 (registry `era`)
  Downloaded windows_i686_msvc v0.52.6 (registry `era`)
  Downloaded windows_x86_64_gnu v0.52.6 (registry `era`)
  Downloaded windows_x86_64_gnu v0.48.5 (registry `era`)
  Downloaded windows_x86_64_msvc v0.52.6 (registry `era`)
  Downloaded unicode-bidi v0.3.18 (registry `era`)
  Downloaded unicode_categories v0.1.1 (registry `era`)
  Downloaded itertools v0.10.5 (registry `era`)
  Downloaded criterion v0.5.1 (registry `era`)
  Downloaded miniz_oxide v0.8.2 (registry `era`)
  Downloaded log v0.4.22 (registry `era`)
  Downloaded tracing-core v0.1.33 (registry `era`)
  Downloaded icu_properties v1.5.1 (registry `era`)
  Downloaded serde_derive v1.0.217 (registry `era`)
  Downloaded sqlx-sqlite v0.8.2 (registry `era`)
  Downloaded num-traits v0.2.19 (registry `era`)
  Downloaded proc-macro2 v1.0.92 (registry `era`)
  Downloaded hmac v0.12.1 (registry `era`)
  Downloaded tinyvec v1.8.1 (registry `era`)
  Downloaded futures-intrusive v0.5.0 (registry `era`)
  Downloaded nom v7.1.3 (registry `era`)
  Downloaded socket2 v0.5.8 (registry `era`)
  Downloaded tracing-attributes v0.1.28 (registry `era`)
  Downloaded icu_normalizer_data v1.5.0 (registry `era`)
  Downloaded afl v0.14.5 (registry `era`)
  Downloaded icu_provider v1.5.0 (registry `era`)
  Downloaded url v2.5.4 (registry `era`)
  Downloaded ppv-lite86 v0.2.20 (registry `era`)
  Downloaded rsa v0.9.7 (registry `era`)
  Downloaded sqlx-mysql v0.8.2 (registry `era`)
  Downloaded base64 v0.22.1 (registry `era`)
  Downloaded unicode-properties v0.1.3 (registry `era`)
  Downloaded hashbrown v0.15.2 (registry `era`)
  Downloaded clap v4.5.23 (registry `era`)
  Downloaded compact_str v0.8.0 (registry `era`)
  Downloaded diesel_derives v2.2.3 (registry `era`)
  Downloaded addr2line v0.24.2 (registry `era`)
  Downloaded tokio-stream v0.1.17 (registry `era`)
  Downloaded icu_locid v1.5.0 (registry `era`)
  Downloaded unicode-ident v1.0.14 (registry `era`)
  Downloaded etcetera v0.8.0 (registry `era`)
  Downloaded dotenvy v0.15.7 (registry `era`)
  Downloaded spki v0.7.3 (registry `era`)
  Downloaded indexmap v2.7.0 (registry `era`)
  Downloaded compact_str v0.6.1 (registry `era`)
  Downloaded darling_core v0.20.10 (registry `era`)
  Downloaded base64ct v1.6.0 (registry `era`)
  Downloaded pem-rfc7468 v0.7.0 (registry `era`)
  Downloaded half v2.4.1 (registry `era`)
  Downloaded litemap v0.7.4 (registry `era`)
  Downloaded yoke v0.7.5 (registry `era`)
  Downloaded linux-raw-sys v0.4.14 (registry `era`)
  Downloaded byteorder v1.5.0 (registry `era`)
  Downloaded num-integer v0.1.46 (registry `era`)
  Downloaded zeroize v1.8.1 (registry `era`)
  Downloaded tempfile v3.14.0 (registry `era`)
  Downloaded redox_syscall v0.5.8 (registry `era`)
  Downloaded zerocopy-derive v0.7.35 (registry `era`)
  Downloaded whoami v1.5.2 (registry `era`)
  Downloaded minimal-lexical v0.2.1 (registry `era`)
  Downloaded anes v0.1.6 (registry `era`)
  Downloaded ciborium v0.2.2 (registry `era`)
  Downloaded rustc-demangle v0.1.24 (registry `era`)
  Downloaded pin-project-lite v0.2.15 (registry `era`)
  Downloaded icu_locid_transform_data v1.5.0 (registry `era`)
  Downloaded jobserver v0.1.32 (registry `era`)
  Downloaded shlex v1.3.0 (registry `era`)
  Downloaded parking_lot v0.12.3 (registry `era`)
  Downloaded smartstring v1.0.1 (registry `era`)
  Downloaded sqlx-macros-core v0.8.2 (registry `era`)
  Downloaded windows-targets v0.48.5 (registry `era`)
  Downloaded crossbeam-utils v0.8.21 (registry `era`)
  Downloaded icu_locid_transform v1.5.0 (registry `era`)
  Downloaded autocfg v1.4.0 (registry `era`)
  Downloaded signature v2.2.0 (registry `era`)
  Downloaded md-5 v0.10.6 (registry `era`)
  Downloaded concurrent-queue v2.5.0 (registry `era`)
  Downloaded sqlformat v0.2.6 (registry `era`)
  Downloaded writeable v0.5.5 (registry `era`)
  Downloaded windows-sys v0.59.0 (registry `era`)
  Downloaded tinystr v0.7.6 (registry `era`)
  Downloaded futures-channel v0.3.31 (registry `era`)
  Downloaded parking_lot_core v0.9.10 (registry `era`)
  Downloaded thiserror-impl v1.0.69 (registry `era`)
  Downloaded criterion-plot v0.5.0 (registry `era`)
  Downloaded tinytemplate v1.2.1 (registry `era`)
  Downloaded walkdir v2.5.0 (registry `era`)
  Downloaded xdg v2.5.2 (registry `era`)
  Downloaded adler2 v2.0.0 (registry `era`)
  Downloaded crc-catalog v2.4.0 (registry `era`)
  Downloaded windows-sys v0.52.0 (registry `era`)
  Downloaded anstyle v1.0.10 (registry `era`)
  Downloaded smol_str v0.2.2 (registry `era`)
  Downloaded strsim v0.11.1 (registry `era`)
  Downloaded parking v2.2.1 (registry `era`)
  Downloaded futures-sink v0.3.31 (registry `era`)
  Downloaded semver v1.0.24 (registry `era`)
  Downloaded windows-sys v0.48.0 (registry `era`)
  Downloaded quote v1.0.38 (registry `era`)
  Downloaded typenum v1.17.0 (registry `era`)
  Downloaded percent-encoding v2.3.1 (registry `era`)
  Downloaded winapi-util v0.1.9 (registry `era`)
  Downloaded diesel_table_macro_syntax v0.2.0 (registry `era`)
  Downloaded synstructure v0.13.1 (registry `era`)
  Downloaded lock_api v0.4.12 (registry `era`)
  Downloaded ciborium-ll v0.2.2 (registry `era`)
  Downloaded is-terminal v0.4.13 (registry `era`)
  Downloaded oorandom v11.1.4 (registry `era`)
  Downloaded iai v0.1.1 (registry `era`)
  Downloaded castaway v0.2.3 (registry `era`)
  Downloaded tokio-macros v2.4.0 (registry `era`)
  Downloaded form_urlencoded v1.2.1 (registry `era`)
  Downloaded utf16_iter v1.0.5 (registry `era`)
  Downloaded paste v1.0.15 (registry `era`)
  Downloaded ryu v1.0.18 (registry `era`)
  Downloaded cast v0.3.0 (registry `era`)
  Downloaded same-file v1.0.6 (registry `era`)
  Downloaded fnv v1.0.7 (registry `era`)
  Downloaded stable_deref_trait v1.2.0 (registry `era`)
  Downloaded zerovec-derive v0.10.3 (registry `era`)
  Downloaded ciborium-io v0.2.2 (registry `era`)
  Downloaded clap_lex v0.7.4 (registry `era`)
  Downloaded ident_case v1.0.1 (registry `era`)
  Downloaded darling_macro v0.20.10 (registry `era`)
  Downloaded darling v0.20.10 (registry `era`)
  Downloaded dsl_auto_type v0.1.2 (registry `era`)
  Downloaded yoke-derive v0.7.5 (registry `era`)
  Downloaded derive_arbitrary v1.4.1 (registry `era`)
  Downloaded mio v1.0.3 (registry `era`)
  Downloaded icu_provider_macros v1.5.0 (registry `era`)
  Downloaded smallvec v1.13.2 (registry `era`)
  Downloaded memmap2 v0.5.10 (registry `era`)
  Downloaded hex v0.4.3 (registry `era`)
  Downloaded equivalent v1.0.1 (registry `era`)
  Downloaded cpufeatures v0.2.16 (registry `era`)
  Downloaded write16 v1.0.0 (registry `era`)
  Downloaded utf8_iter v1.0.4 (registry `era`)
  Downloaded rustc_version v0.4.1 (registry `era`)
  Downloaded version_check v0.9.5 (registry `era`)
  Downloaded zerofrom v0.1.5 (registry `era`)
  Downloaded hermit-abi v0.4.0 (registry `era`)
  Downloaded diesel v2.2.6 (registry `era`)
  Downloaded scopeguard v1.2.0 (registry `era`)
  Downloaded crypto-common v0.1.6 (registry `era`)
  Downloaded subtle v2.6.1 (registry `era`)
  Downloaded spin v0.9.8 (registry `era`)
  Downloaded libm v0.2.11 (registry `era`)
  Downloaded sha2 v0.10.8 (registry `era`)
  Downloaded crunchy v0.2.2 (registry `era`)
  Downloaded icu_collections v1.5.0 (registry `era`)
  Downloaded rand v0.8.5 (registry `era`)
  Downloaded rustversion v1.0.19 (registry `era`)
  Downloaded rand_distr v0.4.3 (registry `era`)
  Downloaded thiserror v1.0.69 (registry `era`)
  Downloaded once_cell v1.20.2 (registry `era`)
  Downloaded icu_normalizer v1.5.0 (registry `era`)
  Downloaded getrandom v0.2.15 (registry `era`)
  Downloaded time-core v0.1.2 (registry `era`)
  Downloaded time-macros v0.2.19 (registry `era`)
  Downloaded arbitrary v1.4.1 (registry `era`)
  Downloaded zerofrom-derive v0.1.5 (registry `era`)
  Downloaded rand_chacha v0.3.1 (registry `era`)
  Downloaded libsqlite3-sys v0.30.1 (registry `era`)

Exit: 0
Timed out: False
